Archive member included because of file (symbol)

.\CortexM0\ARM_GCC_493\Debug\CYPD4225-40LQXI_notebook01_2.a(cyfitter_cfg_2.o)
                              .\CortexM0\ARM_GCC_493\Debug\Cm0Start.o (symbol from plugin) (cyfitter_cfg)
.\CortexM0\ARM_GCC_493\Debug\CYPD4225-40LQXI_notebook01_2.a(VBUS_DISCHARGE_P1.o)
                              .\CortexM0\ARM_GCC_493\Debug\psource.o (symbol from plugin) (VBUS_DISCHARGE_P1_Write)
.\CortexM0\ARM_GCC_493\Debug\CYPD4225-40LQXI_notebook01_2.a(VBUS_P_CTRL_P2.o)
                              .\CortexM0\ARM_GCC_493\Debug\psource.o (symbol from plugin) (VBUS_P_CTRL_P2_Write)
.\CortexM0\ARM_GCC_493\Debug\CYPD4225-40LQXI_notebook01_2.a(VBUS_C_CTRL_P2.o)
                              .\CortexM0\ARM_GCC_493\Debug\psink.o (symbol from plugin) (VBUS_C_CTRL_P2_Write)
.\CortexM0\ARM_GCC_493\Debug\CYPD4225-40LQXI_notebook01_2.a(VBUS_DISCHARGE_P2.o)
                              .\CortexM0\ARM_GCC_493\Debug\psource.o (symbol from plugin) (VBUS_DISCHARGE_P2_Write)
.\CortexM0\ARM_GCC_493\Debug\CYPD4225-40LQXI_notebook01_2.a(VSEL2_P2.o)
                              .\CortexM0\ARM_GCC_493\Debug\psource.o (symbol from plugin) (VSEL2_P2_Write)
.\CortexM0\ARM_GCC_493\Debug\CYPD4225-40LQXI_notebook01_2.a(VSEL1_P2.o)
                              .\CortexM0\ARM_GCC_493\Debug\psource.o (symbol from plugin) (VSEL1_P2_Write)
.\CortexM0\ARM_GCC_493\Debug\CYPD4225-40LQXI_notebook01_2.a(CyBootAsmGnu.o)
                              .\CortexM0\ARM_GCC_493\Debug\app.o (symbol from plugin) (CyEnterCriticalSection)
.\CortexM0\ARM_GCC_493\Debug\CYPD4225-40LQXI_notebook01_2.a(CyFlash.o)
                              .\CortexM0\ARM_GCC_493\Debug\flash.o (symbol from plugin) (CySysFlashWriteRow)
.\CortexM0\ARM_GCC_493\Debug\CYPD4225-40LQXI_notebook01_2.a(CyLib.o)
                              cyfitter_cfg_2.o (symbol from plugin) (CySysClkWriteImoFreq)
.\CortexM0\ARM_GCC_493\Debug\CYPD4225-40LQXI_notebook01_2.a(cyPm.o)
                              .\CortexM0\ARM_GCC_493\Debug\app.o (symbol from plugin) (CySysPmDeepSleep)
.\CortexM0\ARM_GCC_493\Debug\CYPD4225-40LQXI_notebook01_2.a(CyLFClk.o)
                              .\CortexM0\ARM_GCC_493\Debug\Cm0Start.o (symbol from plugin) (CySysWdtDisable)
.\CortexM0\ARM_GCC_493\Debug\CYPD4225-40LQXI_notebook01_2.a(UART.o)
                              .\CortexM0\ARM_GCC_493\Debug\main.o (symbol from plugin) (UART_Start)
.\CortexM0\ARM_GCC_493\Debug\CYPD4225-40LQXI_notebook01_2.a(UART_AsmGnu.o)
                              .\CortexM0\ARM_GCC_493\Debug\main.o (symbol from plugin) (UART_PutChar)
.\lib\ccg4_dualport\libccgx_hpi.a(hpi.o)
                              .\CortexM0\ARM_GCC_493\Debug\main.o (symbol from plugin) (hpi_is_ec_ready)
.\lib\ccg4_dualport\libccgx_hpi.a(i2c.o)
                              .\lib\ccg4_dualport\libccgx_hpi.a(hpi.o) (i2c_slave_ack_ctrl)
.\lib\ccg4_dualport\libccgx_pd.a(pd_policy_engine.o)
                              .\CortexM0\ARM_GCC_493\Debug\main.o (symbol from plugin) (pe_init)
.\lib\ccg4_dualport\libccgx_pd.a(pd_protocol.o)
                              .\lib\ccg4_dualport\libccgx_pd.a(pd_policy_engine.o) (pd_prot_init)
.\lib\ccg4_dualport\libccgx_pd.a(typec_manager.o)
                              .\lib\ccg4_dualport\libccgx_pd.a(pd_policy_engine.o) (typec_change_rp)
.\lib\ccg4_dualport\libccgx_pd.a(dpm.o)
                              .\CortexM0\ARM_GCC_493\Debug\main.o (symbol from plugin) (dpm_init)
.\CortexM0\ARM_GCC_493\Debug\CYPD4225-40LQXI_notebook01_2.a(EC_INT.o)
                              .\lib\ccg4_dualport\libccgx_hpi.a(hpi.o) (EC_INT_Write)
.\CortexM0\ARM_GCC_493\Debug\CYPD4225-40LQXI_notebook01_2.a(I2C_CFG.o)
                              .\lib\ccg4_dualport\libccgx_hpi.a(hpi.o) (I2C_CFG_SetDriveMode)
c:/program files (x86)/cypress/psoc creator/3.3/psoc creator/import/gnu/arm/4.9.3/bin/../lib/gcc/arm-none-eabi/4.9.3/armv6-m\libgcc.a(_thumb1_case_uqi.o)
                              .\lib\ccg4_dualport\libccgx_hpi.a(hpi.o) (__gnu_thumb1_case_uqi)
c:/program files (x86)/cypress/psoc creator/3.3/psoc creator/import/gnu/arm/4.9.3/bin/../lib/gcc/arm-none-eabi/4.9.3/armv6-m\libgcc.a(_thumb1_case_uhi.o)
                              .\lib\ccg4_dualport\libccgx_hpi.a(hpi.o) (__gnu_thumb1_case_uhi)
c:/program files (x86)/cypress/psoc creator/3.3/psoc creator/import/gnu/arm/4.9.3/bin/../lib/gcc/arm-none-eabi/4.9.3/armv6-m\libgcc.a(_udivsi3.o)
                              .\CortexM0\ARM_GCC_493\Debug\CYPD4225-40LQXI_notebook01_2.a(UART_AsmGnu.o) (__aeabi_uidiv)
c:/program files (x86)/cypress/psoc creator/3.3/psoc creator/import/gnu/arm/4.9.3/bin/../lib/gcc/arm-none-eabi/4.9.3/armv6-m\libgcc.a(_divsi3.o)
                              .\lib\ccg4_dualport\libccgx_pd.a(dpm.o) (__aeabi_idiv)
c:/program files (x86)/cypress/psoc creator/3.3/psoc creator/import/gnu/arm/4.9.3/bin/../lib/gcc/arm-none-eabi/4.9.3/armv6-m\libgcc.a(_dvmd_tls.o)
[...]
Memory Configuration

Name             Origin             Length             Attributes
rom              0x00000000         0x00020000         xr
ram              0x20000000         0x00002000         xrw
*default*        0x00000000         0xffffffff

Linker script and memory map

LOAD c:/program files (x86)/cypress/psoc creator/3.3/psoc creator/import/gnu/arm/4.9.3/bin/../lib/gcc/arm-none-eabi/4.9.3/armv6-m/crti.o
LOAD c:/program files (x86)/cypress/psoc creator/3.3/psoc creator/import/gnu/arm/4.9.3/bin/../lib/gcc/arm-none-eabi/4.9.3/armv6-m/crtbegin.o
LOAD c:/program files (x86)/cypress/psoc creator/3.3/psoc creator/import/gnu/arm/4.9.3/bin/../lib/gcc/arm-none-eabi/4.9.3/../../../../arm-none-eabi/lib/armv6-m/crt0.o
START GROUP
LOAD .\CortexM0\ARM_GCC_493\Debug\alt_mode_hw.o
LOAD C:\Users\victo\AppData\Local\Temp\ccxXKIYr.ltrans0.ltrans.o
LOAD C:\Users\victo\AppData\Local\Temp\ccxXKIYr.ltrans1.ltrans.o
LOAD C:\Users\victo\AppData\Local\Temp\ccxXKIYr.ltrans2.ltrans.o
LOAD C:\Users\victo\AppData\Local\Temp\ccxXKIYr.ltrans3.ltrans.o
LOAD C:\Users\victo\AppData\Local\Temp\ccxXKIYr.ltrans4.ltrans.o
LOAD C:\Users\victo\AppData\Local\Temp\ccxXKIYr.ltrans5.ltrans.o
LOAD C:\Users\victo\AppData\Local\Temp\ccxXKIYr.ltrans6.ltrans.o
LOAD C:\Users\victo\AppData\Local\Temp\ccxXKIYr.ltrans7.ltrans.o
LOAD c:/program files (x86)/cypress/psoc creator/3.3/psoc creator/import/gnu/arm/4.9.3/bin/../lib/gcc/arm-none-eabi/4.9.3/armv6-m\libgcc.a
LOAD c:/program files (x86)/cypress/psoc creator/3.3/psoc creator/import/gnu/arm/4.9.3/bin/../lib/gcc/arm-none-eabi/4.9.3/../../../../arm-none-eabi/lib/armv6-m\libg_nano.a
LOAD c:/program files (x86)/cypress/psoc creator/3.3/psoc creator/import/gnu/arm/4.9.3/bin/../lib/gcc/arm-none-eabi/4.9.3/../../../../arm-none-eabi/lib/armv6-m\libc_nano.a
LOAD c:/program files (x86)/cypress/psoc creator/3.3/psoc creator/import/gnu/arm/4.9.3/bin/../lib/gcc/arm-none-eabi/4.9.3/armv6-m\libgcc.a
LOAD c:/program files (x86)/cypress/psoc creator/3.3/psoc creator/import/gnu/arm/4.9.3/bin/../lib/gcc/arm-none-eabi/4.9.3/../../../../arm-none-eabi/lib/armv6-m\libc_nano.a
LOAD .\CortexM0\ARM_GCC_493\Debug\alt_modes_mngr.o
LOAD .\CortexM0\ARM_GCC_493\Debug\dp_sid.o
LOAD .\CortexM0\ARM_GCC_493\Debug\vdm_task_mngr.o
LOAD .\CortexM0\ARM_GCC_493\Debug\app.o
LOAD .\CortexM0\ARM_GCC_493\Debug\pdo.o
LOAD .\CortexM0\ARM_GCC_493\Debug\psink.o
LOAD .\CortexM0\ARM_GCC_493\Debug\psource.o
LOAD .\CortexM0\ARM_GCC_493\Debug\swap.o
LOAD .\CortexM0\ARM_GCC_493\Debug\vdm.o
LOAD .\CortexM0\ARM_GCC_493\Debug\boot.o
LOAD .\CortexM0\ARM_GCC_493\Debug\flash.o
LOAD .\CortexM0\ARM_GCC_493\Debug\gpio.o
LOAD .\CortexM0\ARM_GCC_493\Debug\system.o
LOAD .\CortexM0\ARM_GCC_493\Debug\timer.o
LOAD .\CortexM0\ARM_GCC_493\Debug\utils.o
LOAD .\CortexM0\ARM_GCC_493\Debug\config.o
LOAD .\CortexM0\ARM_GCC_493\Debug\datamux_ctrl.o
LOAD .\CortexM0\ARM_GCC_493\Debug\main.o
LOAD .\CortexM0\ARM_GCC_493\Debug\hal_ccgx.o
LOAD .\CortexM0\ARM_GCC_493\Debug\pdss_hal.o
LOAD .\CortexM0\ARM_GCC_493\Debug\cybootloader.o
LOAD .\CortexM0\ARM_GCC_493\Debug\cymetadata.o
LOAD .\CortexM0\ARM_GCC_493\Debug\Cm0Start.o
LOAD .\CortexM0\ARM_GCC_493\Debug\CYPD4225-40LQXI_notebook01_2.a
LOAD C:\Program Files (x86)\Cypress\PSoC Creator\3.3\PSoC Creator\psoc\content\cycomponentlibrary\CyComponentLibrary.cylib\CortexM0\ARM_GCC_493\Debug\CyComponentLibrary.a
LOAD .\lib\ccg4_dualport\libccgx_hpi.a
LOAD .\lib\ccg4_dualport\libccgx_pd.a
END GROUP
START GROUP
LOAD c:/program files (x86)/cypress/psoc creator/3.3/psoc creator/import/gnu/arm/4.9.3/bin/../lib/gcc/arm-none-eabi/4.9.3/armv6-m\libgcc.a
LOAD c:/program files (x86)/cypress/psoc creator/3.3/psoc creator/import/gnu/arm/4.9.3/bin/../lib/gcc/arm-none-eabi/4.9.3/../../../../arm-none-eabi/lib/armv6-m\libg_nano.a
LOAD c:/program files (x86)/cypress/psoc creator/3.3/psoc creator/import/gnu/arm/4.9.3/bin/../lib/gcc/arm-none-eabi/4.9.3/../../../../arm-none-eabi/lib/armv6-m\libc_nano.a
END GROUP
START GROUP
LOAD c:/program files (x86)/cypress/psoc creator/3.3/psoc creator/import/gnu/arm/4.9.3/bin/../lib/gcc/arm-none-eabi/4.9.3/armv6-m\libgcc.a
LOAD c:/program files (x86)/cypress/psoc creator/3.3/psoc creator/import/gnu/arm/4.9.3/bin/../lib/gcc/arm-none-eabi/4.9.3/../../../../arm-none-eabi/lib/armv6-m\libc_nano.a
END GROUP
LOAD c:/program files (x86)/cypress/psoc creator/3.3/psoc creator/import/gnu/arm/4.9.3/bin/../lib/gcc/arm-none-eabi/4.9.3/armv6-m/crtend.o
LOAD c:/program files (x86)/cypress/psoc creator/3.3/psoc creator/import/gnu/arm/4.9.3/bin/../lib/gcc/arm-none-eabi/4.9.3/armv6-m/crtn.o
START GROUP
LOAD c:/program files (x86)/cypress/psoc creator/3.3/psoc creator/import/gnu/arm/4.9.3/bin/../lib/gcc/arm-none-eabi/4.9.3/armv6-m\libgcc.a
LOAD c:/program files (x86)/cypress/psoc creator/3.3/psoc creator/import/gnu/arm/4.9.3/bin/../lib/gcc/arm-none-eabi/4.9.3/../../../../arm-none-eabi/lib/armv6-m\libc.a
LOAD c:/program files (x86)/cypress/psoc creator/3.3/psoc creator/import/gnu/arm/4.9.3/bin/../lib/gcc/arm-none-eabi/4.9.3/../../../../arm-none-eabi/lib/armv6-m\libnosys.a
END GROUP
                0x00001400                CY_APPL_ORIGIN = 0x1400
                0x00000100                CY_FLASH_ROW_SIZE = 0x100
                0x00020000                CY_FLASH_SIZE = 0x20000
                0x00000002                CY_APPL_NUM = 0x2
                0x00000002                CY_APPL_MAX = 0x2
                0x00000040                CY_METADATA_SIZE = 0x40
                0x00000001                CY_APPL_LOADABLE = 0x1
                0x00000000                CY_CHECKSUM_EXCLUDE_SIZE = ALIGN (0x0, CY_FLASH_ROW_SIZE)
                0x00000000                CY_APP_FOR_STACK_AND_COPIER = 0x0
                0x20001c88                PROVIDE (__cy_heap_start, _end)
                0x00000001                PROVIDE (__cy_region_num, ((__cy_regions_end - __cy_regions) / 0x10))
                0x20002000                PROVIDE (__cy_stack, (ORIGIN (ram) + 0x2000))
                0x20001e00                PROVIDE (__cy_heap_end, (__cy_stack - 0x200))

.cybootloader   0x00000000     0x1400
 *(.cybootloader)
 .cybootloader  0x00000000     0x1400 C:\Users\victo\AppData\Local\Temp\ccxXKIYr.ltrans0.ltrans.o
                0x00000000                cy_bootloader
                0x00001400                appl1_start = CY_APPL_ORIGIN?CY_APPL_ORIGIN:ALIGN (CY_FLASH_ROW_SIZE)
                0x00010000                appl2_start = (CY_FLASH_SIZE / 0x2)
                0x00010000                appl_start = (CY_APPL_NUM == 0x1)?appl1_start:appl2_start
                0x00000000                cy_project_type_bootloader = (appl_start == 0x0)?0x1:0x0
                0x00000000                cy_project_type_app_for_stack_and_copier = (CY_APP_FOR_STACK_AND_COPIER == 0x1)?0x1:0x0

.text           0x00010000     0xd142
 CREATE_OBJECT_SYMBOLS
                0x00000000                PROVIDE (__cy_interrupt_vector, RomVectors)
 *(.romvectors)
 .romvectors    0x00010000       0x10 C:\Users\victo\AppData\Local\Temp\ccxXKIYr.ltrans7.ltrans.o
                0x00000001                ASSERT ((. != __cy_interrupt_vector), No interrupt vector)
                0x00000001                ASSERT (CY_APPL_ORIGIN?(SIZEOF (.cybootloader) <= CY_APPL_ORIGIN):0x1, Wrong image location)
                0x000000c0                . = 0xc0
 *fill*         0x00010010       0xb0 
 *(.customer_region)
 .customer_region
                0x000100c0       0x20 C:\Users\victo\AppData\Local\Temp\ccxXKIYr.ltrans0.ltrans.o
                0x000100c0                customer_info
 *(.base_version)
 .base_version  0x000100e0        0x4 C:\Users\victo\AppData\Local\Temp\ccxXKIYr.ltrans1.ltrans.o
                0x000100e0                base_version
 *(.app_version)
 .app_version   0x000100e4        0x4 C:\Users\victo\AppData\Local\Temp\ccxXKIYr.ltrans0.ltrans.o
                0x000100e4                app_version
 *(.dev_siliconid)
 .dev_siliconid
                0x000100e8        0x4 C:\Users\victo\AppData\Local\Temp\ccxXKIYr.ltrans0.ltrans.o
                0x000100e8                ccg_silicon_id
 *(.fw_reserved)
 .fw_reserved   0x000100ec       0x14 C:\Users\victo\AppData\Local\Temp\ccxXKIYr.ltrans0.ltrans.o
                0x000100ec                reserved_buf
 *(.configSection)
 .configSection
                0x00010100      0x400 C:\Users\victo\AppData\Local\Temp\ccxXKIYr.ltrans7.ltrans.o
                0x00010100                gl_config_table
                0x00010500                PROVIDE (__cy_reset, Reset)
 *(.text.Reset)
 .text.Reset    0x00010500       0x20 C:\Users\victo\AppData\Local\Temp\ccxXKIYr.ltrans7.ltrans.o
                0x00010500                Reset
                0x00000001                ASSERT ((. != __cy_reset), No reset code)
 *(.psocinit)
 *(.text .text.* .gnu.linkonce.t.*)
 .text          0x00010520       0x60 c:/program files (x86)/cypress/psoc creator/3.3/psoc creator/import/gnu/arm/4.9.3/bin/../lib/gcc/arm-none-eabi/4.9.3/armv6-m/crtbegin.o
 .text.form_alt_mode_event
                0x00010580       0x38 C:\Users\victo\AppData\Local\Temp\ccxXKIYr.ltrans0.ltrans.o
 .text.get_next_alt_mode
                0x000105b8       0x50 C:\Users\victo\AppData\Local\Temp\ccxXKIYr.ltrans0.ltrans.o
 .text.wait_ec_trigger.lto_priv.31
                0x00010608        0x4 C:\Users\victo\AppData\Local\Temp\ccxXKIYr.ltrans0.ltrans.o
                0x00010608                wait_ec_trigger.lto_priv.31
 .text.set_disc_mode_params
                0x0001060c       0x30 C:\Users\victo\AppData\Local\Temp\ccxXKIYr.ltrans0.ltrans.o
 .text.dp_dfp_enqueue_hpd
                0x0001063c       0x74 C:\Users\victo\AppData\Local\Temp\ccxXKIYr.ltrans0.ltrans.o
 .text.send_sln_app_evt.part.0
                0x000106b0       0x30 C:\Users\victo\AppData\Local\Temp\ccxXKIYr.ltrans0.ltrans.o
 .text.fail_alt_modes.lto_priv.34
                0x000106e0       0x80 C:\Users\victo\AppData\Local\Temp\ccxXKIYr.ltrans0.ltrans.o
                0x000106e0                fail_alt_modes.lto_priv.34
 .text.run_disc_mode.lto_priv.27
                0x00010760       0xb0 C:\Users\victo\AppData\Local\Temp\ccxXKIYr.ltrans0.ltrans.o
                0x00010760                run_disc_mode.lto_priv.27
 .text.dp_src_hpd_cbk.lto_priv.62
                0x00010810       0x40 C:\Users\victo\AppData\Local\Temp\ccxXKIYr.ltrans0.ltrans.o
                0x00010810                dp_src_hpd_cbk.lto_priv.62
 .text.alt_mode_mngr_deinit.lto_priv.30
                0x00010850       0x7c C:\Users\victo\AppData\Local\Temp\ccxXKIYr.ltrans0.ltrans.o
                0x00010850                alt_mode_mngr_deinit.lto_priv.30
 .text.move_to_vdm_info
                0x000108cc       0x6c C:\Users\victo\AppData\Local\Temp\ccxXKIYr.ltrans0.ltrans.o
 .text.eval_alt_modes.lto_priv.33
                0x00010938      0x178 C:\Users\victo\AppData\Local\Temp\ccxXKIYr.ltrans0.ltrans.o
                0x00010938                eval_alt_modes.lto_priv.33
 .text.handle_cbl_disc_mode
                0x00010ab0       0xec C:\Users\victo\AppData\Local\Temp\ccxXKIYr.ltrans0.ltrans.o
 .text.disc_mode_fail.lto_priv.29
                0x00010b9c       0x34 C:\Users\victo\AppData\Local\Temp\ccxXKIYr.ltrans0.ltrans.o
                0x00010b9c                disc_mode_fail.lto_priv.29
 .text.eval_disc_mode.lto_priv.28
                0x00010bd0      0x178 C:\Users\victo\AppData\Local\Temp\ccxXKIYr.ltrans0.ltrans.o
                0x00010bd0                eval_disc_mode.lto_priv.28
 .text.analyse_dp_sink_vdo.lto_priv.64
                0x00010d48       0xa4 C:\Users\victo\AppData\Local\Temp\ccxXKIYr.ltrans0.ltrans.o
                0x00010d48                analyse_dp_sink_vdo.lto_priv.64
 .text.eval_app_alt_mode_cmd
                0x00010dec      0x158 C:\Users\victo\AppData\Local\Temp\ccxXKIYr.ltrans0.ltrans.o
                0x00010dec                eval_app_alt_mode_cmd
 .text.set_mux.part.1.lto_priv.63
                0x00010f44       0x70 C:\Users\victo\AppData\Local\Temp\ccxXKIYr.ltrans0.ltrans.o
                0x00010f44                set_mux.part.1.lto_priv.63
 .text.analyse_status_update_vdo
                0x00010fb4      0x114 C:\Users\victo\AppData\Local\Temp\ccxXKIYr.ltrans0.ltrans.o
 .text.monitor_alt_modes.lto_priv.32
                0x000110c8      0x11c C:\Users\victo\AppData\Local\Temp\ccxXKIYr.ltrans0.ltrans.o
                0x000110c8                monitor_alt_modes.lto_priv.32
 .text.eval_hpd_cmd
                0x000111e4      0x144 C:\Users\victo\AppData\Local\Temp\ccxXKIYr.ltrans0.ltrans.o
                0x000111e4                eval_hpd_cmd
 .text.dp_dfp_run.lto_priv.65
                0x00011328      0x21c C:\Users\victo\AppData\Local\Temp\ccxXKIYr.ltrans0.ltrans.o
                0x00011328                dp_dfp_run.lto_priv.65
 .text.eval_app_alt_hw_cmd
                0x00011544       0x50 C:\Users\victo\AppData\Local\Temp\ccxXKIYr.ltrans0.ltrans.o
                0x00011544                eval_app_alt_hw_cmd
 .text.startup.main
                0x00011594      0xa28 C:\Users\victo\AppData\Local\Temp\ccxXKIYr.ltrans1.ltrans.o
                0x00011594                main
 .text.mux_xfer_timer_cb.lto_priv.21
                0x00011fbc        0xc C:\Users\victo\AppData\Local\Temp\ccxXKIYr.ltrans2.ltrans.o
                0x00011fbc                mux_xfer_timer_cb.lto_priv.21
 .text.timer_stop_internal
                0x00011fc8       0x54 C:\Users\victo\AppData\Local\Temp\ccxXKIYr.ltrans2.ltrans.o
 .text.eval_vdm
                0x0001201c      0x2e0 C:\Users\victo\AppData\Local\Temp\ccxXKIYr.ltrans2.ltrans.o
                0x0001201c                eval_vdm
 .text.eval_vconn_swap
                0x000122fc       0x38 C:\Users\victo\AppData\Local\Temp\ccxXKIYr.ltrans2.ltrans.o
                0x000122fc                eval_vconn_swap
 .text.eval_pr_swap
                0x00012334       0x64 C:\Users\victo\AppData\Local\Temp\ccxXKIYr.ltrans2.ltrans.o
                0x00012334                eval_pr_swap
 .text.eval_dr_swap
                0x00012398       0x48 C:\Users\victo\AppData\Local\Temp\ccxXKIYr.ltrans2.ltrans.o
                0x00012398                eval_dr_swap
 .text.get_pd_port_config
                0x000123e0       0x10 C:\Users\victo\AppData\Local\Temp\ccxXKIYr.ltrans2.ltrans.o
                0x000123e0                get_pd_port_config
 .text.get_pd_config
                0x000123f0        0x8 C:\Users\victo\AppData\Local\Temp\ccxXKIYr.ltrans2.ltrans.o
                0x000123f0                get_pd_config
 .text.mem_copy_word
                0x000123f8       0x14 C:\Users\victo\AppData\Local\Temp\ccxXKIYr.ltrans2.ltrans.o
                0x000123f8                mem_copy_word
 .text.timer_stop_range.part.3.lto_priv.54
                0x0001240c       0x4c C:\Users\victo\AppData\Local\Temp\ccxXKIYr.ltrans2.ltrans.o
                0x0001240c                timer_stop_range.part.3.lto_priv.54
 .text.timer_is_running
                0x00012458       0x38 C:\Users\victo\AppData\Local\Temp\ccxXKIYr.ltrans2.ltrans.o
                0x00012458                timer_is_running
 .text.timer_stop_range
                0x00012490       0x10 C:\Users\victo\AppData\Local\Temp\ccxXKIYr.ltrans2.ltrans.o
                0x00012490                timer_stop_range
 .text.timer_stop
                0x000124a0       0x48 C:\Users\victo\AppData\Local\Temp\ccxXKIYr.ltrans2.ltrans.o
                0x000124a0                timer_stop
 .text.sys_get_custom_info_addr
                0x000124e8       0x48 C:\Users\victo\AppData\Local\Temp\ccxXKIYr.ltrans2.ltrans.o
                0x000124e8                sys_get_custom_info_addr
 .text.sys_get_silicon_id
                0x00012530       0x10 C:\Users\victo\AppData\Local\Temp\ccxXKIYr.ltrans2.ltrans.o
                0x00012530                sys_get_silicon_id
 .text.sys_get_device_mode
                0x00012540        0xc C:\Users\victo\AppData\Local\Temp\ccxXKIYr.ltrans2.ltrans.o
                0x00012540                sys_get_device_mode
 .text.gpio_set_lvttl_mode
                0x0001254c       0x18 C:\Users\victo\AppData\Local\Temp\ccxXKIYr.ltrans2.ltrans.o
                0x0001254c                gpio_set_lvttl_mode
 .text.hsiom_set_config
                0x00012564       0x24 C:\Users\victo\AppData\Local\Temp\ccxXKIYr.ltrans2.ltrans.o
                0x00012564                hsiom_set_config
 .text.gpio_int_set_config
                0x00012588       0x2c C:\Users\victo\AppData\Local\Temp\ccxXKIYr.ltrans2.ltrans.o
                0x00012588                gpio_int_set_config
 .text.gpio_set_value
                0x000125b4       0x30 C:\Users\victo\AppData\Local\Temp\ccxXKIYr.ltrans2.ltrans.o
                0x000125b4                gpio_set_value
 .text.flash_set_app_priority
                0x000125e4       0x32 C:\Users\victo\AppData\Local\Temp\ccxXKIYr.ltrans2.ltrans.o
                0x000125e4                flash_set_app_priority
 *fill*         0x00012616        0x2 
 .text.flash_row_read
                0x00012618       0x40 C:\Users\victo\AppData\Local\Temp\ccxXKIYr.ltrans2.ltrans.o
                0x00012618                flash_row_read
 .text.flash_row_clear
                0x00012658       0x28 C:\Users\victo\AppData\Local\Temp\ccxXKIYr.ltrans2.ltrans.o
                0x00012658                flash_row_clear
 .text.flash_access_get_status
                0x00012680       0x14 C:\Users\victo\AppData\Local\Temp\ccxXKIYr.ltrans2.ltrans.o
                0x00012680                flash_access_get_status
 .text.flash_enter_mode
                0x00012694       0x18 C:\Users\victo\AppData\Local\Temp\ccxXKIYr.ltrans2.ltrans.o
                0x00012694                flash_enter_mode
 .text.boot_validate_configtable
                0x000126ac       0x60 C:\Users\victo\AppData\Local\Temp\ccxXKIYr.ltrans2.ltrans.o
                0x000126ac                boot_validate_configtable
 .text.boot_validate_fw
                0x0001270c       0xbc C:\Users\victo\AppData\Local\Temp\ccxXKIYr.ltrans2.ltrans.o
                0x0001270c                boot_validate_fw
 .text.flash_row_write
                0x000127c8       0xac C:\Users\victo\AppData\Local\Temp\ccxXKIYr.ltrans2.ltrans.o
                0x000127c8                flash_row_write
 .text.boot_handle_validate_fw_cmd
                0x00012874       0x38 C:\Users\victo\AppData\Local\Temp\ccxXKIYr.ltrans2.ltrans.o
                0x00012874                boot_handle_validate_fw_cmd
 .text.hw_timer_load_period
                0x000128ac       0x28 C:\Users\victo\AppData\Local\Temp\ccxXKIYr.ltrans2.ltrans.o
 .text.wdt_interrupt_handler.lto_priv.26
                0x000128d4      0x15c C:\Users\victo\AppData\Local\Temp\ccxXKIYr.ltrans2.ltrans.o
                0x000128d4                wdt_interrupt_handler.lto_priv.26
 .text.timer_start
                0x00012a30      0x174 C:\Users\victo\AppData\Local\Temp\ccxXKIYr.ltrans2.ltrans.o
                0x00012a30                timer_start
 .text.led_timer_cb
                0x00012ba4       0x2c C:\Users\victo\AppData\Local\Temp\ccxXKIYr.ltrans2.ltrans.o
                0x00012ba4                led_timer_cb
 .text.psrc_set_current
                0x00012bd0        0x2 C:\Users\victo\AppData\Local\Temp\ccxXKIYr.ltrans3.ltrans.o
                0x00012bd0                psrc_set_current
 *fill*         0x00012bd2        0x2 
 .text.vbus_discharge_off
                0x00012bd4       0x24 C:\Users\victo\AppData\Local\Temp\ccxXKIYr.ltrans3.ltrans.o
                0x00012bd4                vbus_discharge_off
 .text.vbus_discharge_on
                0x00012bf8       0x28 C:\Users\victo\AppData\Local\Temp\ccxXKIYr.ltrans3.ltrans.o
                0x00012bf8                vbus_discharge_on
 .text.psnk_set_current
                0x00012c20        0x2 C:\Users\victo\AppData\Local\Temp\ccxXKIYr.ltrans3.ltrans.o
                0x00012c20                psnk_set_current
 *fill*         0x00012c22        0x2 
 .text.snk_vbus_ovp
                0x00012c24       0x2c C:\Users\victo\AppData\Local\Temp\ccxXKIYr.ltrans3.ltrans.o
 .text.app_snk_db_fet_off_delay_expire
                0x00012c50        0x8 C:\Users\victo\AppData\Local\Temp\ccxXKIYr.ltrans3.ltrans.o
 .text.psrc_en_ovp
                0x00012c58       0x34 C:\Users\victo\AppData\Local\Temp\ccxXKIYr.ltrans3.ltrans.o
 .text.psnk_set_voltage
                0x00012c8c       0x24 C:\Users\victo\AppData\Local\Temp\ccxXKIYr.ltrans3.ltrans.o
                0x00012c8c                psnk_set_voltage
 .text.psrc_shutdown
                0x00012cb0       0x68 C:\Users\victo\AppData\Local\Temp\ccxXKIYr.ltrans3.ltrans.o
 .text.app_psrc_vbus_ovp_cbk
                0x00012d18       0x1c C:\Users\victo\AppData\Local\Temp\ccxXKIYr.ltrans3.ltrans.o
 .text.app_psrc_vbus_ocp_cbk
                0x00012d34       0x1c C:\Users\victo\AppData\Local\Temp\ccxXKIYr.ltrans3.ltrans.o
 .text.psrc_set_voltage
                0x00012d50       0xb8 C:\Users\victo\AppData\Local\Temp\ccxXKIYr.ltrans3.ltrans.o
                0x00012d50                psrc_set_voltage
 .text.psnk_enable
                0x00012e08       0x34 C:\Users\victo\AppData\Local\Temp\ccxXKIYr.ltrans3.ltrans.o
                0x00012e08                psnk_enable
 .text.eval_rdo
                0x00012e3c       0x30 C:\Users\victo\AppData\Local\Temp\ccxXKIYr.ltrans3.ltrans.o
                0x00012e3c                eval_rdo
 .text.eval_src_cap
                0x00012e6c      0x40c C:\Users\victo\AppData\Local\Temp\ccxXKIYr.ltrans3.ltrans.o
                0x00012e6c                eval_src_cap
 .text.psrc_disable
                0x00013278       0x7c C:\Users\victo\AppData\Local\Temp\ccxXKIYr.ltrans3.ltrans.o
                0x00013278                psrc_disable
 .text.psnk_disable
                0x000132f4       0x84 C:\Users\victo\AppData\Local\Temp\ccxXKIYr.ltrans3.ltrans.o
                0x000132f4                psnk_disable
 .text.app_psnk_vbus_ovp_cbk
                0x00013378       0x38 C:\Users\victo\AppData\Local\Temp\ccxXKIYr.ltrans3.ltrans.o
 .text.app_psrc_tmr_cbk
                0x000133b0      0x138 C:\Users\victo\AppData\Local\Temp\ccxXKIYr.ltrans3.ltrans.o
 .text.app_psnk_tmr_cbk
                0x000134e8       0x60 C:\Users\victo\AppData\Local\Temp\ccxXKIYr.ltrans3.ltrans.o
 .text.psrc_enable
                0x00013548       0xf0 C:\Users\victo\AppData\Local\Temp\ccxXKIYr.ltrans3.ltrans.o
                0x00013548                psrc_enable
 .text.vconn_disable
                0x00013638       0x24 C:\Users\victo\AppData\Local\Temp\ccxXKIYr.ltrans4.ltrans.o
                0x00013638                vconn_disable
 .text.set_vdm_failed
                0x0001365c       0x34 C:\Users\victo\AppData\Local\Temp\ccxXKIYr.ltrans4.ltrans.o
 .text.reset_dp_var
                0x00013690       0x40 C:\Users\victo\AppData\Local\Temp\ccxXKIYr.ltrans4.ltrans.o
 .text.vconn_is_present
                0x000136d0       0x30 C:\Users\victo\AppData\Local\Temp\ccxXKIYr.ltrans4.ltrans.o
                0x000136d0                vconn_is_present
 .text.vconn_enable
                0x00013700       0x38 C:\Users\victo\AppData\Local\Temp\ccxXKIYr.ltrans4.ltrans.o
                0x00013700                vconn_enable
 .text.form_rdo.lto_priv.55
                0x00013738       0x84 C:\Users\victo\AppData\Local\Temp\ccxXKIYr.ltrans4.ltrans.o
                0x00013738                form_rdo.lto_priv.55
 .text.app_ovp_enable.part.2.lto_priv.53
                0x000137bc       0x44 C:\Users\victo\AppData\Local\Temp\ccxXKIYr.ltrans4.ltrans.o
                0x000137bc                app_ovp_enable.part.2.lto_priv.53
 .text.reset_vdm_mngr.lto_priv.35
                0x00013800       0x30 C:\Users\victo\AppData\Local\Temp\ccxXKIYr.ltrans4.ltrans.o
                0x00013800                reset_vdm_mngr.lto_priv.35
 .text.vdm_task_mngr_deinit
                0x00013830       0x84 C:\Users\victo\AppData\Local\Temp\ccxXKIYr.ltrans4.ltrans.o
                0x00013830                vdm_task_mngr_deinit
 .text.app_event_handler
                0x000138b4      0x1d8 C:\Users\victo\AppData\Local\Temp\ccxXKIYr.ltrans4.ltrans.o
                0x000138b4                app_event_handler
 .text.reg_dp_modes.part.2.lto_priv.75
                0x00013a8c       0xd4 C:\Users\victo\AppData\Local\Temp\ccxXKIYr.ltrans4.ltrans.o
                0x00013a8c                reg_dp_modes.part.2.lto_priv.75
 .text.dp_exit.lto_priv.74
                0x00013b60       0x38 C:\Users\victo\AppData\Local\Temp\ccxXKIYr.ltrans4.ltrans.o
                0x00013b60                dp_exit.lto_priv.74
 .text.is_prtnr_ccg_consistent.lto_priv.72
                0x00013b98       0x28 C:\Users\victo\AppData\Local\Temp\ccxXKIYr.ltrans4.ltrans.o
                0x00013b98                is_prtnr_ccg_consistent.lto_priv.72
 .text.send_cmd.lto_priv.73
                0x00013bc0       0x44 C:\Users\victo\AppData\Local\Temp\ccxXKIYr.ltrans4.ltrans.o
                0x00013bc0                send_cmd.lto_priv.73
 .text.dp_eval_app_cmd.lto_priv.67
                0x00013c04       0xb8 C:\Users\victo\AppData\Local\Temp\ccxXKIYr.ltrans4.ltrans.o
                0x00013c04                dp_eval_app_cmd.lto_priv.67
 .text.dp_dfp_dequeue_hpd.lto_priv.71
                0x00013cbc       0x2c C:\Users\victo\AppData\Local\Temp\ccxXKIYr.ltrans4.ltrans.o
                0x00013cbc                dp_dfp_dequeue_hpd.lto_priv.71
 .text.dp_src_hpd_resp_cbk.lto_priv.66
                0x00013ce8       0x30 C:\Users\victo\AppData\Local\Temp\ccxXKIYr.ltrans4.ltrans.o
                0x00013ce8                dp_src_hpd_resp_cbk.lto_priv.66
 .text.vbus_is_present
                0x00013d18       0x90 C:\Users\victo\AppData\Local\Temp\ccxXKIYr.ltrans4.ltrans.o
                0x00013d18                vbus_is_present
 .text.vdm_rec_cbk.lto_priv.25
                0x00013da8      0x13c C:\Users\victo\AppData\Local\Temp\ccxXKIYr.ltrans4.ltrans.o
                0x00013da8                vdm_rec_cbk.lto_priv.25
 .text.pd_get_vbus_adc_level
                0x00013ee4       0x58 C:\Users\victo\AppData\Local\Temp\ccxXKIYr.ltrans5.ltrans.o
                0x00013ee4                pd_get_vbus_adc_level
 .text.hpd_deinit
                0x00013f3c       0x98 C:\Users\victo\AppData\Local\Temp\ccxXKIYr.ltrans5.ltrans.o
                0x00013f3c                hpd_deinit
 .text.pd_typec_set_polarity
                0x00013fd4       0x24 C:\Users\victo\AppData\Local\Temp\ccxXKIYr.ltrans5.ltrans.o
                0x00013fd4                pd_typec_set_polarity
 .text.pd_typec_dis_rd
                0x00013ff8       0x3c C:\Users\victo\AppData\Local\Temp\ccxXKIYr.ltrans5.ltrans.o
                0x00013ff8                pd_typec_dis_rd
 .text.pd_typec_en_rd
                0x00014034       0x2c C:\Users\victo\AppData\Local\Temp\ccxXKIYr.ltrans5.ltrans.o
                0x00014034                pd_typec_en_rd
 .text.pd_typec_dis_rp
                0x00014060       0x28 C:\Users\victo\AppData\Local\Temp\ccxXKIYr.ltrans5.ltrans.o
                0x00014060                pd_typec_dis_rp
 .text.pd_typec_en_rp
                0x00014088       0x4c C:\Users\victo\AppData\Local\Temp\ccxXKIYr.ltrans5.ltrans.o
                0x00014088                pd_typec_en_rp
 .text.pd_typec_snk_update_trim
                0x000140d4       0x38 C:\Users\victo\AppData\Local\Temp\ccxXKIYr.ltrans5.ltrans.o
                0x000140d4                pd_typec_snk_update_trim
 .text.pd_typec_stop
                0x0001410c        0x4 C:\Users\victo\AppData\Local\Temp\ccxXKIYr.ltrans5.ltrans.o
                0x0001410c                pd_typec_stop
 .text.pd_typec_start
                0x00014110       0x1c C:\Users\victo\AppData\Local\Temp\ccxXKIYr.ltrans5.ltrans.o
                0x00014110                pd_typec_start
 .text.pd_typec_init
                0x0001412c       0x50 C:\Users\victo\AppData\Local\Temp\ccxXKIYr.ltrans5.ltrans.o
                0x0001412c                pd_typec_init
 .text.pd_phy_is_busy
                0x0001417c       0x28 C:\Users\victo\AppData\Local\Temp\ccxXKIYr.ltrans5.ltrans.o
                0x0001417c                pd_phy_is_busy
 .text.pd_phy_get_rx_packet
                0x000141a4       0x14 C:\Users\victo\AppData\Local\Temp\ccxXKIYr.ltrans5.ltrans.o
                0x000141a4                pd_phy_get_rx_packet
 .text.pd_phy_send_reset
                0x000141b8       0x3c C:\Users\victo\AppData\Local\Temp\ccxXKIYr.ltrans5.ltrans.o
                0x000141b8                pd_phy_send_reset
 .text.pd_phy_abort_tx_msg
                0x000141f4       0x3c C:\Users\victo\AppData\Local\Temp\ccxXKIYr.ltrans5.ltrans.o
                0x000141f4                pd_phy_abort_tx_msg
 .text.pd_phy_abort_bist_cm2
                0x00014230       0x28 C:\Users\victo\AppData\Local\Temp\ccxXKIYr.ltrans5.ltrans.o
                0x00014230                pd_phy_abort_bist_cm2
 .text.pd_prot_rx_dis
                0x00014258       0x5c C:\Users\victo\AppData\Local\Temp\ccxXKIYr.ltrans5.ltrans.o
                0x00014258                pd_prot_rx_dis
 .text.pd_prot_rx_en
                0x000142b4       0x3c C:\Users\victo\AppData\Local\Temp\ccxXKIYr.ltrans5.ltrans.o
                0x000142b4                pd_prot_rx_en
 .text.pd_adc_comparator_ctrl
                0x000142f0      0x148 C:\Users\victo\AppData\Local\Temp\ccxXKIYr.ltrans5.ltrans.o
                0x000142f0                pd_adc_comparator_ctrl
 .text.pd_typec_get_rp_rd_status
                0x00014438       0xf8 C:\Users\victo\AppData\Local\Temp\ccxXKIYr.ltrans5.ltrans.o
 .text.pd_typec_get_cc_status
                0x00014530       0xc4 C:\Users\victo\AppData\Local\Temp\ccxXKIYr.ltrans5.ltrans.o
                0x00014530                pd_typec_get_cc_status
 .text.pdss_intr0_handler
                0x000145f4      0x34c C:\Users\victo\AppData\Local\Temp\ccxXKIYr.ltrans5.ltrans.o
                0x000145f4                pdss_intr0_handler
 .text.pd_phy_send_bist_cm2
                0x00014940       0x2c C:\Users\victo\AppData\Local\Temp\ccxXKIYr.ltrans5.ltrans.o
                0x00014940                pd_phy_send_bist_cm2
 .text.pd_phy_vbus_detach_cbk
                0x0001496c        0x2 C:\Users\victo\AppData\Local\Temp\ccxXKIYr.ltrans6.ltrans.o
 *fill*         0x0001496e        0x2 
 .text.vbus_ocp_handler
                0x00014970       0x38 C:\Users\victo\AppData\Local\Temp\ccxXKIYr.ltrans6.ltrans.o
 .text.vbus_ocp_port1_handler
                0x000149a8        0xa C:\Users\victo\AppData\Local\Temp\ccxXKIYr.ltrans6.ltrans.o
                0x000149a8                vbus_ocp_port1_handler
 .text.vbus_ocp_port0_handler
                0x000149b2        0xa C:\Users\victo\AppData\Local\Temp\ccxXKIYr.ltrans6.ltrans.o
                0x000149b2                vbus_ocp_port0_handler
 .text.pdss_port0_intr0_handler
                0x000149bc        0xa C:\Users\victo\AppData\Local\Temp\ccxXKIYr.ltrans6.ltrans.o
 .text.pdss_port1_intr0_handler
                0x000149c6        0xa C:\Users\victo\AppData\Local\Temp\ccxXKIYr.ltrans6.ltrans.o
 .text.pdss_port0_intr1_handler
                0x000149d0        0xa C:\Users\victo\AppData\Local\Temp\ccxXKIYr.ltrans6.ltrans.o
 .text.pdss_port1_intr1_handler
                0x000149da        0xa C:\Users\victo\AppData\Local\Temp\ccxXKIYr.ltrans6.ltrans.o
 .text.pd_phy_load_msg
                0x000149e4       0x64 C:\Users\victo\AppData\Local\Temp\ccxXKIYr.ltrans6.ltrans.o
                0x000149e4                pd_phy_load_msg
 .text.pd_phy_load_data_in_mem
                0x00014a48       0x8c C:\Users\victo\AppData\Local\Temp\ccxXKIYr.ltrans6.ltrans.o
                0x00014a48                pd_phy_load_data_in_mem
 .text.pd_phy_send_msg
                0x00014ad4      0x10c C:\Users\victo\AppData\Local\Temp\ccxXKIYr.ltrans6.ltrans.o
                0x00014ad4                pd_phy_send_msg
 .text.pd_phy_dis_unchunked_tx
                0x00014be0       0x14 C:\Users\victo\AppData\Local\Temp\ccxXKIYr.ltrans6.ltrans.o
                0x00014be0                pd_phy_dis_unchunked_tx
 .text.pd_phy_refresh_roles
                0x00014bf4       0x68 C:\Users\victo\AppData\Local\Temp\ccxXKIYr.ltrans6.ltrans.o
                0x00014bf4                pd_phy_refresh_roles
 .text.pd_phy_init
                0x00014c5c       0x90 C:\Users\victo\AppData\Local\Temp\ccxXKIYr.ltrans6.ltrans.o
                0x00014c5c                pd_phy_init
 .text.pd_phy_wakeup
                0x00014cec       0x58 C:\Users\victo\AppData\Local\Temp\ccxXKIYr.ltrans6.ltrans.o
                0x00014cec                pd_phy_wakeup
 .text.pd_prot_stop
                0x00014d44       0x30 C:\Users\victo\AppData\Local\Temp\ccxXKIYr.ltrans6.ltrans.o
                0x00014d44                pd_prot_stop
 .text.pd_phy_deepsleep
                0x00014d74      0x2b8 C:\Users\victo\AppData\Local\Temp\ccxXKIYr.ltrans6.ltrans.o
                0x00014d74                pd_phy_deepsleep
 .text.pd_hal_init
                0x0001502c      0x114 C:\Users\victo\AppData\Local\Temp\ccxXKIYr.ltrans6.ltrans.o
                0x0001502c                pd_hal_init
 .text.IntDefaultHandler
                0x00015140        0x2 C:\Users\victo\AppData\Local\Temp\ccxXKIYr.ltrans7.ltrans.o
 *fill*         0x00015142        0x2 
 .text.save_svids.constprop.13
                0x00015144       0xc0 C:\Users\victo\AppData\Local\Temp\ccxXKIYr.ltrans7.ltrans.o
                0x00015144                save_svids.constprop.13
 .text.app_ovp_disable.constprop.11
                0x00015204       0x28 C:\Users\victo\AppData\Local\Temp\ccxXKIYr.ltrans7.ltrans.o
                0x00015204                app_ovp_disable.constprop.11
 .text.I2C_CFG_Read
                0x0001522c       0x10 C:\Users\victo\AppData\Local\Temp\ccxXKIYr.ltrans7.ltrans.o
                0x0001522c                I2C_CFG_Read
 .text.I2C_CFG_Write
                0x0001523c       0x18 C:\Users\victo\AppData\Local\Temp\ccxXKIYr.ltrans7.ltrans.o
                0x0001523c                I2C_CFG_Write
 .text.I2C_CFG_SetDriveMode
                0x00015254       0x18 C:\Users\victo\AppData\Local\Temp\ccxXKIYr.ltrans7.ltrans.o
                0x00015254                I2C_CFG_SetDriveMode
 .text.EC_INT_Write
                0x0001526c       0x18 C:\Users\victo\AppData\Local\Temp\ccxXKIYr.ltrans7.ltrans.o
                0x0001526c                EC_INT_Write
 .text.UART_PutString
                0x00015284       0x1a C:\Users\victo\AppData\Local\Temp\ccxXKIYr.ltrans7.ltrans.o
                0x00015284                UART_PutString
 .text.CyDelayUs
                0x0001529e        0xc C:\Users\victo\AppData\Local\Temp\ccxXKIYr.ltrans7.ltrans.o
                0x0001529e                CyDelayUs
 *fill*         0x000152aa        0x2 
 .text.CySoftwareReset
                0x000152ac       0x18 C:\Users\victo\AppData\Local\Temp\ccxXKIYr.ltrans7.ltrans.o
                0x000152ac                CySoftwareReset
 .text.CyIntEnable
                0x000152c4       0x14 C:\Users\victo\AppData\Local\Temp\ccxXKIYr.ltrans7.ltrans.o
                0x000152c4                CyIntEnable
 .text.CyIntSetVector
                0x000152d8       0x18 C:\Users\victo\AppData\Local\Temp\ccxXKIYr.ltrans7.ltrans.o
                0x000152d8                CyIntSetVector
 .text.CySysFlashWriteRow
                0x000152f0      0x170 C:\Users\victo\AppData\Local\Temp\ccxXKIYr.ltrans7.ltrans.o
                0x000152f0                CySysFlashWriteRow
 .text.startup.initialize_psoc
                0x00015460      0x248 C:\Users\victo\AppData\Local\Temp\ccxXKIYr.ltrans7.ltrans.o
 .text.pdss_intr1_handler
                0x000156a8       0xd8 C:\Users\victo\AppData\Local\Temp\ccxXKIYr.ltrans7.ltrans.o
                0x000156a8                pdss_intr1_handler
 .text.pd_adc_calibrate
                0x00015780       0xfc C:\Users\victo\AppData\Local\Temp\ccxXKIYr.ltrans7.ltrans.o
                0x00015780                pd_adc_calibrate
 .text.PS8740_I2C_Write.constprop.20
                0x0001587c       0xe4 C:\Users\victo\AppData\Local\Temp\ccxXKIYr.ltrans7.ltrans.o
                0x0001587c                PS8740_I2C_Write.constprop.20
 .text.Start_c  0x00015960       0x48 C:\Users\victo\AppData\Local\Temp\ccxXKIYr.ltrans7.ltrans.o
 .text          0x000159a8       0x28 .\CortexM0\ARM_GCC_493\Debug\CYPD4225-40LQXI_notebook01_2.a(CyBootAsmGnu.o)
                0x000159a8                CyDelayCycles
                0x000159bc                CyEnterCriticalSection
                0x000159c4                CyExitCriticalSection
 *fill*         0x000159d0       0x10 
 .text          0x000159e0       0xe0 .\CortexM0\ARM_GCC_493\Debug\CYPD4225-40LQXI_notebook01_2.a(UART_AsmGnu.o)
                0x000159e0                UART_PutChar
 .text.hpi_reg_handle_queue
                0x00015ac0       0x8c .\lib\ccg4_dualport\libccgx_hpi.a(hpi.o)
 .text.hpi_reg_handle_intr_write
                0x00015b4c       0x7c .\lib\ccg4_dualport\libccgx_hpi.a(hpi.o)
 .text.hpi_initiate_dpm_command
                0x00015bc8       0x94 .\lib\ccg4_dualport\libccgx_hpi.a(hpi.o)
 .text.hpi_reset_dev
                0x00015c5c       0x54 .\lib\ccg4_dualport\libccgx_hpi.a(hpi.o)
 .text.hpi_i2c_cmd_callback
                0x00015cb0      0x368 .\lib\ccg4_dualport\libccgx_hpi.a(hpi.o)
 .text.hpi_queue_pd_msg.constprop.5
                0x00016018       0xcc .\lib\ccg4_dualport\libccgx_hpi.a(hpi.o)
 .text.hpi_is_ec_ready
                0x000160e4        0xc .\lib\ccg4_dualport\libccgx_hpi.a(hpi.o)
                0x000160e4                hpi_is_ec_ready
 .text.hpi_is_vdm_ec_ctrl_enabled
                0x000160f0       0x18 .\lib\ccg4_dualport\libccgx_hpi.a(hpi.o)
                0x000160f0                hpi_is_vdm_ec_ctrl_enabled
 .text.hpi_set_mode_regs
                0x00016108       0x10 .\lib\ccg4_dualport\libccgx_hpi.a(hpi.o)
                0x00016108                hpi_set_mode_regs
 .text.hpi_update_versions
                0x00016118       0x38 .\lib\ccg4_dualport\libccgx_hpi.a(hpi.o)
                0x00016118                hpi_update_versions
 .text.hpi_update_fw_locations
                0x00016150       0x14 .\lib\ccg4_dualport\libccgx_hpi.a(hpi.o)
                0x00016150                hpi_update_fw_locations
 .text.hpi_reg_enqueue_event
                0x00016164       0xb4 .\lib\ccg4_dualport\libccgx_hpi.a(hpi.o)
                0x00016164                hpi_reg_enqueue_event
 .text.hpi_abort_pd_retry
                0x00016218       0x2c .\lib\ccg4_dualport\libccgx_hpi.a(hpi.o)
 .text.hpi_pd_event_handler
                0x00016244      0x320 .\lib\ccg4_dualport\libccgx_hpi.a(hpi.o)
                0x00016244                hpi_pd_event_handler
 .text.hpi_dpm_cb
                0x00016564       0x2c .\lib\ccg4_dualport\libccgx_hpi.a(hpi.o)
 .text.hpi_pd_port_disable_cb
                0x00016590       0x3c .\lib\ccg4_dualport\libccgx_hpi.a(hpi.o)
 .text.hpi_typec_cmd_cb
                0x000165cc       0x30 .\lib\ccg4_dualport\libccgx_hpi.a(hpi.o)
 .text.hpi_get_port_enable
                0x000165fc        0xc .\lib\ccg4_dualport\libccgx_hpi.a(hpi.o)
                0x000165fc                hpi_get_port_enable
 .text.hpi_task
                0x00016608      0xa20 .\lib\ccg4_dualport\libccgx_hpi.a(hpi.o)
                0x00016608                hpi_task
 .text.hpi_send_fw_ready_event
                0x00017028       0x10 .\lib\ccg4_dualport\libccgx_hpi.a(hpi.o)
                0x00017028                hpi_send_fw_ready_event
 .text.hpi_init
                0x00017038      0x184 .\lib\ccg4_dualport\libccgx_hpi.a(hpi.o)
                0x00017038                hpi_init
 .text.hpi_sleep_allowed
                0x000171bc       0x48 .\lib\ccg4_dualport\libccgx_hpi.a(hpi.o)
                0x000171bc                hpi_sleep_allowed
 .text.hpi_sleep
                0x00017204       0x30 .\lib\ccg4_dualport\libccgx_hpi.a(hpi.o)
                0x00017204                hpi_sleep
 .text.i2c_scb_read.constprop.0
                0x00017234       0x70 .\lib\ccg4_dualport\libccgx_hpi.a(i2c.o)
 .text.i2c_slave_ack_ctrl
                0x000172a4       0x2c .\lib\ccg4_dualport\libccgx_hpi.a(i2c.o)
                0x000172a4                i2c_slave_ack_ctrl
 .text.i2c_reset
                0x000172d0       0x60 .\lib\ccg4_dualport\libccgx_hpi.a(i2c.o)
                0x000172d0                i2c_reset
 .text.i2c_scb_intr_handler
                0x00017330      0x260 .\lib\ccg4_dualport\libccgx_hpi.a(i2c.o)
 .text.i2c_scb_3_intr_handler
                0x00017590        0xa .\lib\ccg4_dualport\libccgx_hpi.a(i2c.o)
 .text.i2c_scb_2_intr_handler
                0x0001759a        0xa .\lib\ccg4_dualport\libccgx_hpi.a(i2c.o)
 .text.i2c_scb_1_intr_handler
                0x000175a4        0xa .\lib\ccg4_dualport\libccgx_hpi.a(i2c.o)
 .text.i2c_scb_0_intr_handler
                0x000175ae        0xa .\lib\ccg4_dualport\libccgx_hpi.a(i2c.o)
 .text.i2c_timer_cb
                0x000175b8       0x28 .\lib\ccg4_dualport\libccgx_hpi.a(i2c.o)
 .text.i2c_scb_is_idle
                0x000175e0       0x2c .\lib\ccg4_dualport\libccgx_hpi.a(i2c.o)
                0x000175e0                i2c_scb_is_idle
 .text.i2c_scb_enable_wakeup
                0x0001760c       0x1c .\lib\ccg4_dualport\libccgx_hpi.a(i2c.o)
                0x0001760c                i2c_scb_enable_wakeup
 .text.i2c_scb_init
                0x00017628      0x148 .\lib\ccg4_dualport\libccgx_hpi.a(i2c.o)
                0x00017628                i2c_scb_init
 .text.i2c_scb_write
                0x00017770       0x4c .\lib\ccg4_dualport\libccgx_hpi.a(i2c.o)
                0x00017770                i2c_scb_write
 .text.do_nothing
                0x000177bc        0x2 .\lib\ccg4_dualport\libccgx_pd.a(pd_policy_engine.o)
 .text.gn_ams_ready__entry
                0x000177be        0x2 .\lib\ccg4_dualport\libccgx_pd.a(pd_policy_engine.o)
 .text.gn_ams_ready__timeout
                0x000177c0        0x2 .\lib\ccg4_dualport\libccgx_pd.a(pd_policy_engine.o)
 .text.gn_ams_ready__fr_signal_rcvd
                0x000177c2        0x2 .\lib\ccg4_dualport\libccgx_pd.a(pd_policy_engine.o)
 .text.gn_ams_reject__fr_signal_rcvd
                0x000177c4        0x2 .\lib\ccg4_dualport\libccgx_pd.a(pd_policy_engine.o)
 .text.gn_ams_send_sr_sp_dp__fr_signal_rcvd
                0x000177c6        0x2 .\lib\ccg4_dualport\libccgx_pd.a(pd_policy_engine.o)
 .text.gn_ams_send_cbl_reset__fr_signal_rcvd
                0x000177c8        0x2 .\lib\ccg4_dualport\libccgx_pd.a(pd_policy_engine.o)
 .text.gn_ams_eval_vdm__fr_signal_rcvd
                0x000177ca        0x2 .\lib\ccg4_dualport\libccgx_pd.a(pd_policy_engine.o)
 .text.gn_ams_send_vdm__fr_signal_rcvd
                0x000177cc        0x2 .\lib\ccg4_dualport\libccgx_pd.a(pd_policy_engine.o)
 .text.pe_dpm_cmd_clear
                0x000177ce       0x14 .\lib\ccg4_dualport\libccgx_pd.a(pd_policy_engine.o)
 *fill*         0x000177e2        0x2 
 .text.vs_ams_eval_vconn_swap__entry
                0x000177e4       0x1c .\lib\ccg4_dualport\libccgx_pd.a(pd_policy_engine.o)
 .text.check_vconn_swap_required
                0x00017800       0x94 .\lib\ccg4_dualport\libccgx_pd.a(pd_policy_engine.o)
 .text.dr_ams_eval_dr_swap__entry
                0x00017894       0x1c .\lib\ccg4_dualport\libccgx_pd.a(pd_policy_engine.o)
 .text.pr_ams_eval_pr_swap__entry
                0x000178b0       0x1c .\lib\ccg4_dualport\libccgx_pd.a(pd_policy_engine.o)
 .text.src_ams_neg_cap__entry
                0x000178cc       0x30 .\lib\ccg4_dualport\libccgx_pd.a(pd_policy_engine.o)
 .text.pe_dpm_cmd_response
                0x000178fc       0x68 .\lib\ccg4_dualport\libccgx_pd.a(pd_policy_engine.o)
 .text.pe_ams__dpm_cmd_unexpected
                0x00017964        0xc .\lib\ccg4_dualport\libccgx_pd.a(pd_policy_engine.o)
 .text.src_ams_pd_connected
                0x00017970       0x40 .\lib\ccg4_dualport\libccgx_pd.a(pd_policy_engine.o)
 .text.pe_ams_send_hr
                0x000179b0       0x4a .\lib\ccg4_dualport\libccgx_pd.a(pd_policy_engine.o)
 *fill*         0x000179fa        0x2 
 .text.snk_ams_snk_trans_snk__timeout
                0x000179fc       0x48 .\lib\ccg4_dualport\libccgx_pd.a(pd_policy_engine.o)
 .text.snk_ams_snk_sel_cap__timeout
                0x00017a44       0x1e .\lib\ccg4_dualport\libccgx_pd.a(pd_policy_engine.o)
 .text.src_ams_src_send_cap__timeout
                0x00017a62       0x1e .\lib\ccg4_dualport\libccgx_pd.a(pd_policy_engine.o)
 .text.sr_ams_send_sr__timeout
                0x00017a80       0x28 .\lib\ccg4_dualport\libccgx_pd.a(pd_policy_engine.o)
 .text.sr_ams_send_sr__tx_fail
                0x00017aa8       0x14 .\lib\ccg4_dualport\libccgx_pd.a(pd_policy_engine.o)
 .text.sr_ams_send_sr__tx_discarded
                0x00017abc       0x14 .\lib\ccg4_dualport\libccgx_pd.a(pd_policy_engine.o)
 .text.pe_ams__hr_rcvd
                0x00017ad0       0x5a .\lib\ccg4_dualport\libccgx_pd.a(pd_policy_engine.o)
 *fill*         0x00017b2a        0x2 
 .text.gn_ams_eval_vdm__entry
                0x00017b2c       0x54 .\lib\ccg4_dualport\libccgx_pd.a(pd_policy_engine.o)
 .text.gn_ams_send_sr_sp_dp__tx_success
                0x00017b80       0x34 .\lib\ccg4_dualport\libccgx_pd.a(pd_policy_engine.o)
 .text.gn_ams_get_resp__tx_success
                0x00017bb4       0x20 .\lib\ccg4_dualport\libccgx_pd.a(pd_policy_engine.o)
 .text.vs_ams_turn_off_vconn__entry
                0x00017bd4       0x14 .\lib\ccg4_dualport\libccgx_pd.a(pd_policy_engine.o)
 .text.vs_ams_turn_on_vconn__entry
                0x00017be8       0x2c .\lib\ccg4_dualport\libccgx_pd.a(pd_policy_engine.o)
 .text.vs_ams_send_vconn_swap__tx_success
                0x00017c14       0x20 .\lib\ccg4_dualport\libccgx_pd.a(pd_policy_engine.o)
 .text.dr_ams_send_dr_swap__tx_success
                0x00017c34       0x20 .\lib\ccg4_dualport\libccgx_pd.a(pd_policy_engine.o)
 .text.pr_ams_snk_src_wait_ps_rdy__entry
                0x00017c54       0x34 .\lib\ccg4_dualport\libccgx_pd.a(pd_policy_engine.o)
 .text.pr_ams_src_snk_wait_ps_rdy__entry
                0x00017c88       0x14 .\lib\ccg4_dualport\libccgx_pd.a(pd_policy_engine.o)
 .text.pr_ams_src_snk_remove_vbus__entry
                0x00017c9c       0x30 .\lib\ccg4_dualport\libccgx_pd.a(pd_policy_engine.o)
 .text.pr_ams_src_snk_trans__entry
                0x00017ccc       0x14 .\lib\ccg4_dualport\libccgx_pd.a(pd_policy_engine.o)
 .text.pr_ams_send_pr_swap__tx_success
                0x00017ce0       0x20 .\lib\ccg4_dualport\libccgx_pd.a(pd_policy_engine.o)
 .text.snk_ams_snk_trans_snk__entry
                0x00017d00      0x174 .\lib\ccg4_dualport\libccgx_pd.a(pd_policy_engine.o)
 .text.snk_ams_snk_sel_cap__entry
                0x00017e74       0x14 .\lib\ccg4_dualport\libccgx_pd.a(pd_policy_engine.o)
 .text.snk_ams_snk_wait_for_cap__entry
                0x00017e88       0x14 .\lib\ccg4_dualport\libccgx_pd.a(pd_policy_engine.o)
 .text.src_ams_send_ps_rdy__entry
                0x00017e9c      0x124 .\lib\ccg4_dualport\libccgx_pd.a(pd_policy_engine.o)
 .text.src_ams_trans_supply__tx_success
                0x00017fc0       0x24 .\lib\ccg4_dualport\libccgx_pd.a(pd_policy_engine.o)
 .text.src_ams_src_send_cap__tx_success
                0x00017fe4       0x1c .\lib\ccg4_dualport\libccgx_pd.a(pd_policy_engine.o)
 .text.src_ams_src_snd_cbl_dscid__tx_success
                0x00018000       0x14 .\lib\ccg4_dualport\libccgx_pd.a(pd_policy_engine.o)
 .text.src_ams_src_send_cbl_sr__tx_success
                0x00018014       0x14 .\lib\ccg4_dualport\libccgx_pd.a(pd_policy_engine.o)
 .text.sr_ams_send_sr__tx_success
                0x00018028       0x50 .\lib\ccg4_dualport\libccgx_pd.a(pd_policy_engine.o)
 .text.hr_ams_src_apply_vbus__entry
                0x00018078       0x50 .\lib\ccg4_dualport\libccgx_pd.a(pd_policy_engine.o)
 .text.hr_ams_src_recover__entry
                0x000180c8       0x18 .\lib\ccg4_dualport\libccgx_pd.a(pd_policy_engine.o)
 .text.vs_cbk   0x000180e0       0x7c .\lib\ccg4_dualport\libccgx_pd.a(pd_policy_engine.o)
 .text.pe_tmr_cbk
                0x0001815c       0x24 .\lib\ccg4_dualport\libccgx_pd.a(pd_policy_engine.o)
 .text.pe_vdm_resp_cbk
                0x00018180       0x28 .\lib\ccg4_dualport\libccgx_pd.a(pd_policy_engine.o)
 .text.gn_ams_send_sr_sp_dp__timeout
                0x000181a8       0x34 .\lib\ccg4_dualport\libccgx_pd.a(pd_policy_engine.o)
 .text.gn_ams_jump_to_ready
                0x000181dc       0x18 .\lib\ccg4_dualport\libccgx_pd.a(pd_policy_engine.o)
 .text.gn_ams_send_vdm__timeout
                0x000181f4       0x28 .\lib\ccg4_dualport\libccgx_pd.a(pd_policy_engine.o)
 .text.gn_ams_send_vdm__tx_discarded
                0x0001821c       0x14 .\lib\ccg4_dualport\libccgx_pd.a(pd_policy_engine.o)
 .text.gn_ams_send_cbl_reset__tx_fail
                0x00018230       0x14 .\lib\ccg4_dualport\libccgx_pd.a(pd_policy_engine.o)
 .text.gn_ams_send_cbl_reset__tx_discarded
                0x00018244       0x14 .\lib\ccg4_dualport\libccgx_pd.a(pd_policy_engine.o)
 .text.gn_ams_send_cbl_reset__tx_success
                0x00018258       0x2e .\lib\ccg4_dualport\libccgx_pd.a(pd_policy_engine.o)
 .text.gn_ams_send_sr_sp_dp__tx_fail
                0x00018286       0x14 .\lib\ccg4_dualport\libccgx_pd.a(pd_policy_engine.o)
 .text.gn_ams_send_sr_sp_dp__tx_discarded
                0x0001829a       0x14 .\lib\ccg4_dualport\libccgx_pd.a(pd_policy_engine.o)
 .text.gn_ams_get_resp__timeout
                0x000182ae       0x28 .\lib\ccg4_dualport\libccgx_pd.a(pd_policy_engine.o)
 .text.gn_ams_get_resp__tx_discarded
                0x000182d6       0x14 .\lib\ccg4_dualport\libccgx_pd.a(pd_policy_engine.o)
 .text.jump_to_generic_ams
                0x000182ea       0x20 .\lib\ccg4_dualport\libccgx_pd.a(pd_policy_engine.o)
 .text.vs_ams_vs_swap_fail
                0x0001830a       0x14 .\lib\ccg4_dualport\libccgx_pd.a(pd_policy_engine.o)
 *fill*         0x0001831e        0x2 
 .text.vs_ams_turn_on_vconn__tx_success
                0x00018320       0x50 .\lib\ccg4_dualport\libccgx_pd.a(pd_policy_engine.o)
 .text.vs_ams_send_vconn_swap__timeout
                0x00018370       0x28 .\lib\ccg4_dualport\libccgx_pd.a(pd_policy_engine.o)
 .text.vs_ams_send_vconn_swap__tx_discarded
                0x00018398       0x14 .\lib\ccg4_dualport\libccgx_pd.a(pd_policy_engine.o)
 .text.dr_ams_send_dr_swap__timeout
                0x000183ac       0x28 .\lib\ccg4_dualport\libccgx_pd.a(pd_policy_engine.o)
 .text.dr_ams_send_dr_swap__tx_discarded
                0x000183d4       0x14 .\lib\ccg4_dualport\libccgx_pd.a(pd_policy_engine.o)
 .text.pr_ams_send_pr_swap__timeout
                0x000183e8       0x28 .\lib\ccg4_dualport\libccgx_pd.a(pd_policy_engine.o)
 .text.pr_ams_send_pr_swap__tx_discarded
                0x00018410       0x14 .\lib\ccg4_dualport\libccgx_pd.a(pd_policy_engine.o)
 .text.vs_ams_vs_swap_accepted
                0x00018424       0x26 .\lib\ccg4_dualport\libccgx_pd.a(pd_policy_engine.o)
 *fill*         0x0001844a        0x2 
 .text.vs_ams_eval_vconn_swap__tx_success
                0x0001844c       0x48 .\lib\ccg4_dualport\libccgx_pd.a(pd_policy_engine.o)
 .text.pe_app_resp_cbk
                0x00018494       0x28 .\lib\ccg4_dualport\libccgx_pd.a(pd_policy_engine.o)
 .text.dr_ams_eval_dr_swap__tx_success
                0x000184bc       0x50 .\lib\ccg4_dualport\libccgx_pd.a(pd_policy_engine.o)
 .text.pr_ams_snk_src_apply_vbus__tx_success
                0x0001850c       0x58 .\lib\ccg4_dualport\libccgx_pd.a(pd_policy_engine.o)
 .text.pe_pwr_ready_cbk
                0x00018564        0xa .\lib\ccg4_dualport\libccgx_pd.a(pd_policy_engine.o)
 .text.pr_ams_src_snk_remove_vbus__tx_success
                0x0001856e       0x16 .\lib\ccg4_dualport\libccgx_pd.a(pd_policy_engine.o)
 .text.pr_ams_src_snk_trans__timeout
                0x00018584       0x18 .\lib\ccg4_dualport\libccgx_pd.a(pd_policy_engine.o)
 .text.pr_ams_pr_swap_accepted
                0x0001859c       0x2c .\lib\ccg4_dualport\libccgx_pd.a(pd_policy_engine.o)
 .text.pr_ams_eval_pr_swap__tx_success
                0x000185c8       0x48 .\lib\ccg4_dualport\libccgx_pd.a(pd_policy_engine.o)
 .text.snk_ams_snk_eval_cap__tx_success
                0x00018610       0x18 .\lib\ccg4_dualport\libccgx_pd.a(pd_policy_engine.o)
 .text.src_ams_wait_new_cap__dpm_cmd_rcvd
                0x00018628       0x22 .\lib\ccg4_dualport\libccgx_pd.a(pd_policy_engine.o)
 .text.src_ams_trans_supply__timeout
                0x0001864a       0x18 .\lib\ccg4_dualport\libccgx_pd.a(pd_policy_engine.o)
 *fill*         0x00018662        0x2 
 .text.src_ams_discovery__entry
                0x00018664       0x54 .\lib\ccg4_dualport\libccgx_pd.a(pd_policy_engine.o)
 .text.src_ams_src_send_cbl_sr_cbl_fail
                0x000186b8       0x2c .\lib\ccg4_dualport\libccgx_pd.a(pd_policy_engine.o)
 .text.src_ams_src_send_cbl_sr__timeout
                0x000186e4       0x1e .\lib\ccg4_dualport\libccgx_pd.a(pd_policy_engine.o)
 *fill*         0x00018702        0x2 
 .text.src_ams_src_startup__timeout
                0x00018704       0x4c .\lib\ccg4_dualport\libccgx_pd.a(pd_policy_engine.o)
 .text.pe_ams_send_sr
                0x00018750       0x60 .\lib\ccg4_dualport\libccgx_pd.a(pd_policy_engine.o)
 .text.gn_ams_send_vdm__tx_fail
                0x000187b0       0x2c .\lib\ccg4_dualport\libccgx_pd.a(pd_policy_engine.o)
 .text.gn_ams_get_resp__tx_fail
                0x000187dc       0x14 .\lib\ccg4_dualport\libccgx_pd.a(pd_policy_engine.o)
 .text.vs_ams_send_vconn_swap__tx_fail
                0x000187f0       0x14 .\lib\ccg4_dualport\libccgx_pd.a(pd_policy_engine.o)
 .text.vs_ams_eval_vconn_swap__tx_discarded
                0x00018804        0x8 .\lib\ccg4_dualport\libccgx_pd.a(pd_policy_engine.o)
 .text.dr_ams_send_dr_swap__tx_fail
                0x0001880c       0x14 .\lib\ccg4_dualport\libccgx_pd.a(pd_policy_engine.o)
 .text.pr_ams_send_pr_swap__tx_fail
                0x00018820       0x14 .\lib\ccg4_dualport\libccgx_pd.a(pd_policy_engine.o)
 .text.snk_ams_snk_eval_cap__tx_discarded
                0x00018834       0x22 .\lib\ccg4_dualport\libccgx_pd.a(pd_policy_engine.o)
 .text.src_ams_trans_supply__tx_fail
                0x00018856       0x14 .\lib\ccg4_dualport\libccgx_pd.a(pd_policy_engine.o)
 .text.src_ams_trans_supply__tx_discarded
                0x0001886a       0x14 .\lib\ccg4_dualport\libccgx_pd.a(pd_policy_engine.o)
 *fill*         0x0001887e        0x2 
 .text.gn_ams_ready__dpm_cmd_rcvd
                0x00018880       0xec .\lib\ccg4_dualport\libccgx_pd.a(pd_policy_engine.o)
 .text.src_ams_src_send_cap__tx_failed
                0x0001896c       0x58 .\lib\ccg4_dualport\libccgx_pd.a(pd_policy_engine.o)
 .text.src_ams_src_send_cap__tx_discarded
                0x000189c4       0x48 .\lib\ccg4_dualport\libccgx_pd.a(pd_policy_engine.o)
 .text.sr_ams_exit
                0x00018a0c       0x3e .\lib\ccg4_dualport\libccgx_pd.a(pd_policy_engine.o)
 .text.sr_ams_rcvd_sr__tx_success
                0x00018a4a        0x8 .\lib\ccg4_dualport\libccgx_pd.a(pd_policy_engine.o)
 *fill*         0x00018a52        0x2 
 .text.pe_ams__sr_rcvd
                0x00018a54       0x54 .\lib\ccg4_dualport\libccgx_pd.a(pd_policy_engine.o)
 .text.hr_ams_hr_reset_complete
                0x00018aa8       0x8c .\lib\ccg4_dualport\libccgx_pd.a(pd_policy_engine.o)
 .text.hr_ams_snk_wait_vbus_on__timeout
                0x00018b34        0x8 .\lib\ccg4_dualport\libccgx_pd.a(pd_policy_engine.o)
 .text.hr_ams_src_apply_vbus__pwr_rdy
                0x00018b3c       0x30 .\lib\ccg4_dualport\libccgx_pd.a(pd_policy_engine.o)
 .text.hr_ams_jump_to_snk_wait_vbus_on
                0x00018b6c       0x40 .\lib\ccg4_dualport\libccgx_pd.a(pd_policy_engine.o)
 .text.hr_ams_src_recover__timeout
                0x00018bac       0x18 .\lib\ccg4_dualport\libccgx_pd.a(pd_policy_engine.o)
 .text.hr_ams_src_tran_to_dflt__pwr_rdy
                0x00018bc4       0x2c .\lib\ccg4_dualport\libccgx_pd.a(pd_policy_engine.o)
 .text.hr_ams_send_hr__tx_over
                0x00018bf0       0x44 .\lib\ccg4_dualport\libccgx_pd.a(pd_policy_engine.o)
 .text.pd_cbk   0x00018c34        0x8 .\lib\ccg4_dualport\libccgx_pd.a(pd_policy_engine.o)
 .text.gn_ams_send_vdm__entry
                0x00018c3c       0x1e .\lib\ccg4_dualport\libccgx_pd.a(pd_policy_engine.o)
 *fill*         0x00018c5a        0x2 
 .text.gn_ams_eval_vdm__vdm_resp_rcvd
                0x00018c5c       0x4c .\lib\ccg4_dualport\libccgx_pd.a(pd_policy_engine.o)
 .text.snk_ams_snk_eval_cap__app_resp_rcvd
                0x00018ca8       0x4c .\lib\ccg4_dualport\libccgx_pd.a(pd_policy_engine.o)
 .text.src_ams_src_snd_cbl_dscid__entry
                0x00018cf4       0x40 .\lib\ccg4_dualport\libccgx_pd.a(pd_policy_engine.o)
 .text.gn_ams_send_cbl_reset__entry
                0x00018d34       0x1a .\lib\ccg4_dualport\libccgx_pd.a(pd_policy_engine.o)
 .text.gn_ams_send_sr_sp_dp__entry
                0x00018d4e       0x24 .\lib\ccg4_dualport\libccgx_pd.a(pd_policy_engine.o)
 *fill*         0x00018d72        0x2 
 .text.gn_ams_get_resp__entry
                0x00018d74       0x2c .\lib\ccg4_dualport\libccgx_pd.a(pd_policy_engine.o)
 .text.gn_ams_reject__entry
                0x00018da0        0xc .\lib\ccg4_dualport\libccgx_pd.a(pd_policy_engine.o)
 .text.vs_ams_send_vconn_swap__entry
                0x00018dac        0xc .\lib\ccg4_dualport\libccgx_pd.a(pd_policy_engine.o)
 .text.vs_ams_eval_vconn__app_resp_rcvd
                0x00018db8       0x3c .\lib\ccg4_dualport\libccgx_pd.a(pd_policy_engine.o)
 .text.dr_ams_send_dr_swap__entry
                0x00018df4        0xc .\lib\ccg4_dualport\libccgx_pd.a(pd_policy_engine.o)
 .text.dr_ams_eval_dr_swap__app_resp_rcvd
                0x00018e00       0x4c .\lib\ccg4_dualport\libccgx_pd.a(pd_policy_engine.o)
 .text.pr_ams_snk_src_apply_vbus__pwr_rdy
                0x00018e4c       0x20 .\lib\ccg4_dualport\libccgx_pd.a(pd_policy_engine.o)
 .text.pr_ams_send_pr_swap__entry
                0x00018e6c        0xc .\lib\ccg4_dualport\libccgx_pd.a(pd_policy_engine.o)
 .text.pr_ams_eval_pr_swap__app_resp_rcvd
                0x00018e78       0xe0 .\lib\ccg4_dualport\libccgx_pd.a(pd_policy_engine.o)
 .text.src_ams_send_ps_rdy__pwr_rdy
                0x00018f58       0x20 .\lib\ccg4_dualport\libccgx_pd.a(pd_policy_engine.o)
 .text.src_ams_trans_supply__entry
                0x00018f78       0x38 .\lib\ccg4_dualport\libccgx_pd.a(pd_policy_engine.o)
 .text.src_ams_neg_cap__app_resp_rcvd
                0x00018fb0       0x3c .\lib\ccg4_dualport\libccgx_pd.a(pd_policy_engine.o)
 .text.src_ams_src_send_cbl_sr__entry
                0x00018fec       0x16 .\lib\ccg4_dualport\libccgx_pd.a(pd_policy_engine.o)
 .text.sr_ams_rcvd_sr__entry
                0x00019002       0x16 .\lib\ccg4_dualport\libccgx_pd.a(pd_policy_engine.o)
 .text.sr_ams_send_sr__entry
                0x00019018       0x1e .\lib\ccg4_dualport\libccgx_pd.a(pd_policy_engine.o)
 .text.gn_ams_give_snk_cap__entry
                0x00019036       0x28 .\lib\ccg4_dualport\libccgx_pd.a(pd_policy_engine.o)
 *fill*         0x0001905e        0x2 
 .text.snk_ams_snk_eval_cap__entry
                0x00019060       0x40 .\lib\ccg4_dualport\libccgx_pd.a(pd_policy_engine.o)
 .text.gn_ams_give_src_cap__entry
                0x000190a0       0x28 .\lib\ccg4_dualport\libccgx_pd.a(pd_policy_engine.o)
 .text.src_ams_src_send_cap__entry
                0x000190c8       0x28 .\lib\ccg4_dualport\libccgx_pd.a(pd_policy_engine.o)
 .text.src_ams_src_snd_cbl_dscid__exit
                0x000190f0       0x40 .\lib\ccg4_dualport\libccgx_pd.a(pd_policy_engine.o)
 .text.dr_ams_chng_data_role__entry
                0x00019130       0x88 .\lib\ccg4_dualport\libccgx_pd.a(pd_policy_engine.o)
 .text.pr_ams_snk_src_apply_vbus__entry
                0x000191b8       0x78 .\lib\ccg4_dualport\libccgx_pd.a(pd_policy_engine.o)
 .text.pr_ams_src_snk_remove_vbus__pwr_rdy
                0x00019230       0x68 .\lib\ccg4_dualport\libccgx_pd.a(pd_policy_engine.o)
 .text.pe_ams_pe_disabled
                0x00019298       0x46 .\lib\ccg4_dualport\libccgx_pd.a(pd_policy_engine.o)
 *fill*         0x000192de        0x2 
 .text.src_ams_discovery__timeout
                0x000192e0       0x3c .\lib\ccg4_dualport\libccgx_pd.a(pd_policy_engine.o)
 .text.snk_ams_snk_startup__entry
                0x0001931c       0x54 .\lib\ccg4_dualport\libccgx_pd.a(pd_policy_engine.o)
 .text.src_ams_send_ps_rdy__tx_success
                0x00019370       0xa4 .\lib\ccg4_dualport\libccgx_pd.a(pd_policy_engine.o)
 .text.src_ams_neg_cap__tx_success
                0x00019414       0x98 .\lib\ccg4_dualport\libccgx_pd.a(pd_policy_engine.o)
 .text.bcm2_ams_enabled__timeout
                0x000194ac       0x10 .\lib\ccg4_dualport\libccgx_pd.a(pd_policy_engine.o)
 .text.bcm2_ams_enabled__entry
                0x000194bc       0x24 .\lib\ccg4_dualport\libccgx_pd.a(pd_policy_engine.o)
 .text.btd_ams_enabled__entry
                0x000194e0        0x8 .\lib\ccg4_dualport\libccgx_pd.a(pd_policy_engine.o)
 .text.pe_ams_reset_flags_on_hr
                0x000194e8       0x54 .\lib\ccg4_dualport\libccgx_pd.a(pd_policy_engine.o)
 .text.pe_ams_reset_on_hr
                0x0001953c       0x44 .\lib\ccg4_dualport\libccgx_pd.a(pd_policy_engine.o)
 .text.hr_ams_snk_tran_to_dflt__entry
                0x00019580       0x68 .\lib\ccg4_dualport\libccgx_pd.a(pd_policy_engine.o)
 .text.hr_ams_src_tran_to_dflt__entry
                0x000195e8       0x34 .\lib\ccg4_dualport\libccgx_pd.a(pd_policy_engine.o)
 .text.pe_reset_flags
                0x0001961c       0x74 .\lib\ccg4_dualport\libccgx_pd.a(pd_policy_engine.o)
 .text.gn_ams_send_vdm__tx_success
                0x00019690       0x40 .\lib\ccg4_dualport\libccgx_pd.a(pd_policy_engine.o)
 .text.vs_ams_turn_on_vconn__timeout
                0x000196d0       0x2a .\lib\ccg4_dualport\libccgx_pd.a(pd_policy_engine.o)
 .text.hr_ams_snk_wait_vbus_on__entry
                0x000196fa       0x4e .\lib\ccg4_dualport\libccgx_pd.a(pd_policy_engine.o)
 .text.src_ams_src_startup__entry
                0x00019748       0x90 .\lib\ccg4_dualport\libccgx_pd.a(pd_policy_engine.o)
 .text.pe_init  0x000197d8       0x20 .\lib\ccg4_dualport\libccgx_pd.a(pd_policy_engine.o)
                0x000197d8                pe_init
 .text.pe_start
                0x000197f8       0x40 .\lib\ccg4_dualport\libccgx_pd.a(pd_policy_engine.o)
                0x000197f8                pe_start
 .text.pe_stop  0x00019838       0x14 .\lib\ccg4_dualport\libccgx_pd.a(pd_policy_engine.o)
                0x00019838                pe_stop
 .text.pe_ams_err_recovery
                0x0001984c       0x38 .\lib\ccg4_dualport\libccgx_pd.a(pd_policy_engine.o)
 .text.gn_ams_get_resp__fr_signal_rcvd
                0x00019884        0x8 .\lib\ccg4_dualport\libccgx_pd.a(pd_policy_engine.o)
 .text.gn_ams_give_snk_cap__fr_signal_rcvd
                0x0001988c        0x8 .\lib\ccg4_dualport\libccgx_pd.a(pd_policy_engine.o)
 .text.gn_ams_give_src_cap__fr_signal_rcvd
                0x00019894        0x8 .\lib\ccg4_dualport\libccgx_pd.a(pd_policy_engine.o)
 .text.pr_ams_snk_src_apply_vbus__timeout
                0x0001989c        0x8 .\lib\ccg4_dualport\libccgx_pd.a(pd_policy_engine.o)
 .text.pr_ams_src_snk_remove_vbus__timeout
                0x000198a4        0x8 .\lib\ccg4_dualport\libccgx_pd.a(pd_policy_engine.o)
 .text.src_ams_send_ps_rdy__timeout
                0x000198ac       0x44 .\lib\ccg4_dualport\libccgx_pd.a(pd_policy_engine.o)
 .text.hr_ams_snk_wait_vbus_off__timeout
                0x000198f0       0x42 .\lib\ccg4_dualport\libccgx_pd.a(pd_policy_engine.o)
 .text.hr_ams_snk_wait_vbus_off__entry
                0x00019932       0x40 .\lib\ccg4_dualport\libccgx_pd.a(pd_policy_engine.o)
 .text.hr_ams_src_apply_vbus__timeout
                0x00019972        0x8 .\lib\ccg4_dualport\libccgx_pd.a(pd_policy_engine.o)
 *fill*         0x0001997a        0x2 
 .text.hr_ams_src_tran_to_dflt__timeout
                0x0001997c       0x54 .\lib\ccg4_dualport\libccgx_pd.a(pd_policy_engine.o)
 .text.hr_ams_send_hr__entry
                0x000199d0       0x78 .\lib\ccg4_dualport\libccgx_pd.a(pd_policy_engine.o)
 .text.pe_is_busy
                0x00019a48       0x4e .\lib\ccg4_dualport\libccgx_pd.a(pd_policy_engine.o)
                0x00019a48                pe_is_busy
 *fill*         0x00019a96        0x2 
 .text.pd_is_msg
                0x00019a98       0x74 .\lib\ccg4_dualport\libccgx_pd.a(pd_policy_engine.o)
                0x00019a98                pd_is_msg
 .text.gn_ams_get_resp__pkt_rcvd
                0x00019b0c      0x114 .\lib\ccg4_dualport\libccgx_pd.a(pd_policy_engine.o)
 .text.gn_ams_pkt_rcvd
                0x00019c20      0x250 .\lib\ccg4_dualport\libccgx_pd.a(pd_policy_engine.o)
 .text.gn_ams_send_cbl_reset__pkt_rcvd
                0x00019e70       0x14 .\lib\ccg4_dualport\libccgx_pd.a(pd_policy_engine.o)
 .text.gn_ams_ready__pkt_rcvd
                0x00019e84        0x8 .\lib\ccg4_dualport\libccgx_pd.a(pd_policy_engine.o)
 .text.gn_ams_send_vdm__pkt_rcvd
                0x00019e8c       0x6c .\lib\ccg4_dualport\libccgx_pd.a(pd_policy_engine.o)
 .text.gn_ams_send_sr_sp_dp__pkt_rcvd
                0x00019ef8       0x64 .\lib\ccg4_dualport\libccgx_pd.a(pd_policy_engine.o)
 .text.vs_ams_turn_off_vconn__pkt_rcvd
                0x00019f5c       0x98 .\lib\ccg4_dualport\libccgx_pd.a(pd_policy_engine.o)
 .text.vs_ams_send_vconn_swap__pkt_rcvd
                0x00019ff4       0x80 .\lib\ccg4_dualport\libccgx_pd.a(pd_policy_engine.o)
 .text.dr_ams_send_dr_swap__pkt_rcvd
                0x0001a074       0x8c .\lib\ccg4_dualport\libccgx_pd.a(pd_policy_engine.o)
 .text.pr_ams_snk_src_wait_ps_rdy__pkt_rcvd
                0x0001a100       0x68 .\lib\ccg4_dualport\libccgx_pd.a(pd_policy_engine.o)
 .text.pr_ams_send_pr_swap__pkt_rcvd
                0x0001a168       0x88 .\lib\ccg4_dualport\libccgx_pd.a(pd_policy_engine.o)
 .text.snk_ams_snk_trans_snk__pkt_rcvd
                0x0001a1f0      0x104 .\lib\ccg4_dualport\libccgx_pd.a(pd_policy_engine.o)
 .text.snk_ams_snk_sel_cap__pkt_rcvd
                0x0001a2f4       0xc8 .\lib\ccg4_dualport\libccgx_pd.a(pd_policy_engine.o)
 .text.snk_ams_snk_wait_for_cap__pkt_rcvd
                0x0001a3bc       0x78 .\lib\ccg4_dualport\libccgx_pd.a(pd_policy_engine.o)
 .text.src_ams_discovery__pkt_rcvd
                0x0001a434       0x50 .\lib\ccg4_dualport\libccgx_pd.a(pd_policy_engine.o)
 .text.src_ams_src_send_cap__pkt_rcvd
                0x0001a484       0x54 .\lib\ccg4_dualport\libccgx_pd.a(pd_policy_engine.o)
 .text.validate_n_store_cbl_vdo
                0x0001a4d8       0x8a .\lib\ccg4_dualport\libccgx_pd.a(pd_policy_engine.o)
 *fill*         0x0001a562        0x2 
 .text.src_ams_src_snd_cbl_dscid__pkt_rcvd
                0x0001a564       0x20 .\lib\ccg4_dualport\libccgx_pd.a(pd_policy_engine.o)
 .text.cbl_cbk  0x0001a584      0x10c .\lib\ccg4_dualport\libccgx_pd.a(pd_policy_engine.o)
 .text.src_ams_src_send_cbl_sr__pkt_rcvd
                0x0001a690       0x54 .\lib\ccg4_dualport\libccgx_pd.a(pd_policy_engine.o)
 .text.sr_ams_send_sr__pkt_rcvd
                0x0001a6e4       0x44 .\lib\ccg4_dualport\libccgx_pd.a(pd_policy_engine.o)
 .text.pr_ams_src_snk_wait_ps_rdy__pkt_rcvd
                0x0001a728       0x88 .\lib\ccg4_dualport\libccgx_pd.a(pd_policy_engine.o)
 .text.pe_fsm   0x0001a7b0      0x3a8 .\lib\ccg4_dualport\libccgx_pd.a(pd_policy_engine.o)
                0x0001a7b0                pe_fsm
 .text.analyze_rx
                0x0001ab58      0x160 .\lib\ccg4_dualport\libccgx_pd.a(pd_protocol.o)
 .text.pd_prot_init
                0x0001acb8       0x2c .\lib\ccg4_dualport\libccgx_pd.a(pd_protocol.o)
                0x0001acb8                pd_prot_init
 .text.pd_prot_start
                0x0001ace4       0x20 .\lib\ccg4_dualport\libccgx_pd.a(pd_protocol.o)
                0x0001ace4                pd_prot_start
 .text.pd_prot_refresh_roles
                0x0001ad04       0x12 .\lib\ccg4_dualport\libccgx_pd.a(pd_protocol.o)
                0x0001ad04                pd_prot_refresh_roles
 *fill*         0x0001ad16        0x2 
 .text.pd_prot_reset
                0x0001ad18       0x2c .\lib\ccg4_dualport\libccgx_pd.a(pd_protocol.o)
                0x0001ad18                pd_prot_reset
 .text.pd_prot_reset_all
                0x0001ad44       0x4c .\lib\ccg4_dualport\libccgx_pd.a(pd_protocol.o)
                0x0001ad44                pd_prot_reset_all
 .text.pd_prot_reset_rx
                0x0001ad90       0x24 .\lib\ccg4_dualport\libccgx_pd.a(pd_protocol.o)
                0x0001ad90                pd_prot_reset_rx
 .text.pd_prot_is_busy
                0x0001adb4       0x48 .\lib\ccg4_dualport\libccgx_pd.a(pd_protocol.o)
                0x0001adb4                pd_prot_is_busy
 .text.tx_msg_over
                0x0001adfc       0x68 .\lib\ccg4_dualport\libccgx_pd.a(pd_protocol.o)
                0x0001adfc                tx_msg_over
 .text.check_collision
                0x0001ae64       0x3c .\lib\ccg4_dualport\libccgx_pd.a(pd_protocol.o)
                0x0001ae64                check_collision
 .text.phy_cbk  0x0001aea0      0x1cc .\lib\ccg4_dualport\libccgx_pd.a(pd_protocol.o)
 .text.prl_tmr_cbk
                0x0001b06c       0x74 .\lib\ccg4_dualport\libccgx_pd.a(pd_protocol.o)
 .text.pd_send_msg
                0x0001b0e0      0x128 .\lib\ccg4_dualport\libccgx_pd.a(pd_protocol.o)
                0x0001b0e0                pd_send_msg
 .text.pd_register_msg
                0x0001b208       0x58 .\lib\ccg4_dualport\libccgx_pd.a(pd_protocol.o)
                0x0001b208                pd_register_msg
 .text.pd_prot_send_ctrl_msg
                0x0001b260       0x14 .\lib\ccg4_dualport\libccgx_pd.a(pd_protocol.o)
                0x0001b260                pd_prot_send_ctrl_msg
 .text.pd_prot_send_data_msg
                0x0001b274       0x1a .\lib\ccg4_dualport\libccgx_pd.a(pd_protocol.o)
                0x0001b274                pd_prot_send_data_msg
 *fill*         0x0001b28e        0x2 
 .text.pd_prot_send_hard_reset
                0x0001b290       0x80 .\lib\ccg4_dualport\libccgx_pd.a(pd_protocol.o)
                0x0001b290                pd_prot_send_hard_reset
 .text.pd_prot_send_cable_reset
                0x0001b310       0x58 .\lib\ccg4_dualport\libccgx_pd.a(pd_protocol.o)
                0x0001b310                pd_prot_send_cable_reset
 .text.pd_prot_en_bist_cm2
                0x0001b368        0x8 .\lib\ccg4_dualport\libccgx_pd.a(pd_protocol.o)
                0x0001b368                pd_prot_en_bist_cm2
 .text.pd_prot_dis_bist_cm2
                0x0001b370        0x8 .\lib\ccg4_dualport\libccgx_pd.a(pd_protocol.o)
                0x0001b370                pd_prot_dis_bist_cm2
 .text.pd_prot_en_bist_test_data
                0x0001b378       0x24 .\lib\ccg4_dualport\libccgx_pd.a(pd_protocol.o)
                0x0001b378                pd_prot_en_bist_test_data
 .text.pd_prot_dis_bist_test_data
                0x0001b39c       0x20 .\lib\ccg4_dualport\libccgx_pd.a(pd_protocol.o)
                0x0001b39c                pd_prot_dis_bist_test_data
 .text.pd_prot_get_rx_packet
                0x0001b3bc       0x14 .\lib\ccg4_dualport\libccgx_pd.a(pd_protocol.o)
                0x0001b3bc                pd_prot_get_rx_packet
 .text.typec_do_nothing
                0x0001b3d0        0x2 .\lib\ccg4_dualport\libccgx_pd.a(typec_manager.o)
 *fill*         0x0001b3d2        0x2 
 .text.typec_debounce_reset
                0x0001b3d4       0x68 .\lib\ccg4_dualport\libccgx_pd.a(typec_manager.o)
 .text.typec_is_connection_detected
                0x0001b43c       0x76 .\lib\ccg4_dualport\libccgx_pd.a(typec_manager.o)
 .text.typec_gn_fsm_dpm_resp
                0x0001b4b2       0x2c .\lib\ccg4_dualport\libccgx_pd.a(typec_manager.o)
 .text.typec_gn_fsm_attached_snk_detach_transition
                0x0001b4de       0x2a .\lib\ccg4_dualport\libccgx_pd.a(typec_manager.o)
 .text.typec_gn_fsm_attached_snk__pwr_rdy
                0x0001b508       0x1a .\lib\ccg4_dualport\libccgx_pd.a(typec_manager.o)
 .text.typec_gn_fsm_attached_snk__timeout
                0x0001b522        0x8 .\lib\ccg4_dualport\libccgx_pd.a(typec_manager.o)
 .text.typec_pwr_ready_cbk
                0x0001b52a        0xa .\lib\ccg4_dualport\libccgx_pd.a(typec_manager.o)
 .text.typec_tmr_cbk
                0x0001b534       0x20 .\lib\ccg4_dualport\libccgx_pd.a(typec_manager.o)
 .text.typec_gn_fsm_src_detach
                0x0001b554       0x38 .\lib\ccg4_dualport\libccgx_pd.a(typec_manager.o)
 .text.typec_gn_fsm_attached_src__timeout
                0x0001b58c       0x3c .\lib\ccg4_dualport\libccgx_pd.a(typec_manager.o)
 .text.typec_gn_fsm_acc_detach
                0x0001b5c8       0x46 .\lib\ccg4_dualport\libccgx_pd.a(typec_manager.o)
 .text.typec_gn_fsm_unattached_snk__timeout
                0x0001b60e       0x22 .\lib\ccg4_dualport\libccgx_pd.a(typec_manager.o)
 .text.typec_gn_fsm_unattached_src__timeout
                0x0001b630       0x22 .\lib\ccg4_dualport\libccgx_pd.a(typec_manager.o)
 .text.typec_gn_fsm_try_src__timeout
                0x0001b652       0x32 .\lib\ccg4_dualport\libccgx_pd.a(typec_manager.o)
 .text.typec_gn_fsm_err_recov_trans
                0x0001b684       0x2a .\lib\ccg4_dualport\libccgx_pd.a(typec_manager.o)
 .text.typec_gn_fsm_attach_evt
                0x0001b6ae      0x11a .\lib\ccg4_dualport\libccgx_pd.a(typec_manager.o)
 .text.typec_gn_fsm_err_recov
                0x0001b7c8       0x22 .\lib\ccg4_dualport\libccgx_pd.a(typec_manager.o)
 .text.typec_gn_fsm_detach
                0x0001b7ea       0x2e .\lib\ccg4_dualport\libccgx_pd.a(typec_manager.o)
 .text.typec_gn_fsm_attached_snk__detach
                0x0001b818       0x50 .\lib\ccg4_dualport\libccgx_pd.a(typec_manager.o)
 .text.typec_gn_fsm_attach
                0x0001b868       0x4a .\lib\ccg4_dualport\libccgx_pd.a(typec_manager.o)
 .text.typec_gn_fsm_attached_snk__entry
                0x0001b8b2       0x34 .\lib\ccg4_dualport\libccgx_pd.a(typec_manager.o)
 *fill*         0x0001b8e6        0x2 
 .text.typec_gn_fsm_attached_src__pwr_rdy
                0x0001b8e8       0x34 .\lib\ccg4_dualport\libccgx_pd.a(typec_manager.o)
 .text.typec_gn_fsm_attached_src__detach
                0x0001b91c       0x88 .\lib\ccg4_dualport\libccgx_pd.a(typec_manager.o)
 .text.typec_gn_fsm_attached_src__entry
                0x0001b9a4       0x70 .\lib\ccg4_dualport\libccgx_pd.a(typec_manager.o)
 .text.debounce
                0x0001ba14       0xb8 .\lib\ccg4_dualport\libccgx_pd.a(typec_manager.o)
 .text.typec_init
                0x0001bacc       0x10 .\lib\ccg4_dualport\libccgx_pd.a(typec_manager.o)
                0x0001bacc                typec_init
 .text.typec_start
                0x0001badc       0x96 .\lib\ccg4_dualport\libccgx_pd.a(typec_manager.o)
                0x0001badc                typec_start
 .text.typec_gn_fsm_err_recov_cmplt__timeout
                0x0001bb72        0x8 .\lib\ccg4_dualport\libccgx_pd.a(typec_manager.o)
 *fill*         0x0001bb7a        0x2 
 .text.typec_is_busy
                0x0001bb7c       0x78 .\lib\ccg4_dualport\libccgx_pd.a(typec_manager.o)
                0x0001bb7c                typec_is_busy
 .text.typec_sync_toggle
                0x0001bbf4       0x94 .\lib\ccg4_dualport\libccgx_pd.a(typec_manager.o)
                0x0001bbf4                typec_sync_toggle
 .text.typec_deepsleep
                0x0001bc88        0x8 .\lib\ccg4_dualport\libccgx_pd.a(typec_manager.o)
                0x0001bc88                typec_deepsleep
 .text.typec_wakeup
                0x0001bc90        0x8 .\lib\ccg4_dualport\libccgx_pd.a(typec_manager.o)
                0x0001bc90                typec_wakeup
 .text.typec_change_rp
                0x0001bc98       0x44 .\lib\ccg4_dualport\libccgx_pd.a(typec_manager.o)
                0x0001bc98                typec_change_rp
 .text.typec_gn_fsm_acc_attach
                0x0001bcdc       0x58 .\lib\ccg4_dualport\libccgx_pd.a(typec_manager.o)
 .text.typec_gn_fsm_dbg_acc__entry
                0x0001bd34        0x8 .\lib\ccg4_dualport\libccgx_pd.a(typec_manager.o)
 .text.typec_gn_fsm_aud_acc__entry
                0x0001bd3c        0x8 .\lib\ccg4_dualport\libccgx_pd.a(typec_manager.o)
 .text.typec_gn_fsm_dpm_cmd
                0x0001bd44       0x58 .\lib\ccg4_dualport\libccgx_pd.a(typec_manager.o)
 .text.typec_assert_rp
                0x0001bd9c       0x30 .\lib\ccg4_dualport\libccgx_pd.a(typec_manager.o)
                0x0001bd9c                typec_assert_rp
 .text.typec_assert_rd
                0x0001bdcc       0x28 .\lib\ccg4_dualport\libccgx_pd.a(typec_manager.o)
                0x0001bdcc                typec_assert_rd
 .text.typec_reset
                0x0001bdf4       0x84 .\lib\ccg4_dualport\libccgx_pd.a(typec_manager.o)
 .text.typec_gn_unattached
                0x0001be78       0xac .\lib\ccg4_dualport\libccgx_pd.a(typec_manager.o)
 .text.typec_gn_fsm_unattached_snk__entry
                0x0001bf24        0xa .\lib\ccg4_dualport\libccgx_pd.a(typec_manager.o)
 .text.typec_gn_fsm_unattached_src__entry
                0x0001bf2e        0xa .\lib\ccg4_dualport\libccgx_pd.a(typec_manager.o)
 .text.typec_gn_fsm_try_wait_snk__entry
                0x0001bf38       0x1c .\lib\ccg4_dualport\libccgx_pd.a(typec_manager.o)
 .text.typec_gn_fsm_try_src__entry
                0x0001bf54       0x30 .\lib\ccg4_dualport\libccgx_pd.a(typec_manager.o)
 .text.dpm_typec_deassert_rp_rd
                0x0001bf84       0x1e .\lib\ccg4_dualport\libccgx_pd.a(typec_manager.o)
                0x0001bf84                dpm_typec_deassert_rp_rd
 .text.typec_disable
                0x0001bfa2       0x3a .\lib\ccg4_dualport\libccgx_pd.a(typec_manager.o)
 .text.typec_gn_fsm_err_recov_cmplt__entry
                0x0001bfdc       0x58 .\lib\ccg4_dualport\libccgx_pd.a(typec_manager.o)
 .text.typec_stop
                0x0001c034       0x4a .\lib\ccg4_dualport\libccgx_pd.a(typec_manager.o)
                0x0001c034                typec_stop
 *fill*         0x0001c07e        0x2 
 .text.typec_gn_fsm_err_recov__entry
                0x0001c080       0xa0 .\lib\ccg4_dualport\libccgx_pd.a(typec_manager.o)
 .text.typec_fsm
                0x0001c120      0x3cc .\lib\ccg4_dualport\libccgx_pd.a(typec_manager.o)
                0x0001c120                typec_fsm
 .text.dpm_init
                0x0001c4ec       0x64 .\lib\ccg4_dualport\libccgx_pd.a(dpm.o)
                0x0001c4ec                dpm_init
 .text.dpm_start
                0x0001c550       0x3c .\lib\ccg4_dualport\libccgx_pd.a(dpm.o)
                0x0001c550                dpm_start
 .text.dpm_stop
                0x0001c58c       0x38 .\lib\ccg4_dualport\libccgx_pd.a(dpm.o)
                0x0001c58c                dpm_stop
 .text.dpm_deepsleep
                0x0001c5c4       0x68 .\lib\ccg4_dualport\libccgx_pd.a(dpm.o)
                0x0001c5c4                dpm_deepsleep
 .text.dpm_wakeup
                0x0001c62c        0xa .\lib\ccg4_dualport\libccgx_pd.a(dpm.o)
                0x0001c62c                dpm_wakeup
 *fill*         0x0001c636        0x2 
 .text.dpm_task
                0x0001c638       0x44 .\lib\ccg4_dualport\libccgx_pd.a(dpm.o)
                0x0001c638                dpm_task
 .text.dpm_get_info
                0x0001c67c       0x10 .\lib\ccg4_dualport\libccgx_pd.a(dpm.o)
                0x0001c67c                dpm_get_info
 .text.dpm_update_swap_response
                0x0001c68c       0x1c .\lib\ccg4_dualport\libccgx_pd.a(dpm.o)
                0x0001c68c                dpm_update_swap_response
 .text.dpm_update_src_cap
                0x0001c6a8       0x40 .\lib\ccg4_dualport\libccgx_pd.a(dpm.o)
                0x0001c6a8                dpm_update_src_cap
 .text.dpm_update_src_cap_mask
                0x0001c6e8       0x1c .\lib\ccg4_dualport\libccgx_pd.a(dpm.o)
                0x0001c6e8                dpm_update_src_cap_mask
 .text.dpm_update_snk_cap
                0x0001c704       0x40 .\lib\ccg4_dualport\libccgx_pd.a(dpm.o)
                0x0001c704                dpm_update_snk_cap
 .text.dpm_update_snk_cap_mask
                0x0001c744       0x1c .\lib\ccg4_dualport\libccgx_pd.a(dpm.o)
                0x0001c744                dpm_update_snk_cap_mask
 .text.dpm_update_snk_max_min
                0x0001c760       0x34 .\lib\ccg4_dualport\libccgx_pd.a(dpm.o)
                0x0001c760                dpm_update_snk_max_min
 .text.dpm_update_port_config
                0x0001c794       0x4c .\lib\ccg4_dualport\libccgx_pd.a(dpm.o)
                0x0001c794                dpm_update_port_config
 .text.dpm_is_rdo_valid
                0x0001c7e0       0x5c .\lib\ccg4_dualport\libccgx_pd.a(dpm.o)
                0x0001c7e0                dpm_is_rdo_valid
 .text.dpm_get_polarity
                0x0001c83c       0x14 .\lib\ccg4_dualport\libccgx_pd.a(dpm.o)
                0x0001c83c                dpm_get_polarity
 .text.dpm_get_status
                0x0001c850       0x10 .\lib\ccg4_dualport\libccgx_pd.a(dpm.o)
                0x0001c850                dpm_get_status
 .text.dpm_refresh_src_cap
                0x0001c860      0x1a0 .\lib\ccg4_dualport\libccgx_pd.a(dpm.o)
                0x0001c860                dpm_refresh_src_cap
 .text.dpm_refresh_snk_cap
                0x0001ca00       0x7c .\lib\ccg4_dualport\libccgx_pd.a(dpm.o)
                0x0001ca00                dpm_refresh_snk_cap
 .text.dpm_is_prev_contract_valid
                0x0001ca7c       0x1c .\lib\ccg4_dualport\libccgx_pd.a(dpm.o)
                0x0001ca7c                dpm_is_prev_contract_valid
 .text.dpm_get_evtno_n_clear
                0x0001ca98       0x34 .\lib\ccg4_dualport\libccgx_pd.a(dpm.o)
                0x0001ca98                dpm_get_evtno_n_clear
 .text.dpm_get_sink_detach_voltage
                0x0001cacc       0x30 .\lib\ccg4_dualport\libccgx_pd.a(dpm.o)
                0x0001cacc                dpm_get_sink_detach_voltage
 .text.dpm_get_sink_detach_margin
                0x0001cafc       0x12 .\lib\ccg4_dualport\libccgx_pd.a(dpm.o)
                0x0001cafc                dpm_get_sink_detach_margin
 *fill*         0x0001cb0e        0x2 
 .text.dpm_set_pe_evt
                0x0001cb10       0x28 .\lib\ccg4_dualport\libccgx_pd.a(dpm.o)
                0x0001cb10                dpm_set_pe_evt
 .text.dpm_pd_command_ec
                0x0001cb38       0x98 .\lib\ccg4_dualport\libccgx_pd.a(dpm.o)
                0x0001cb38                dpm_pd_command_ec
 .text.dpm_pd_command
                0x0001cbd0       0x2c .\lib\ccg4_dualport\libccgx_pd.a(dpm.o)
                0x0001cbd0                dpm_pd_command
 .text.dpm_clear_pe_evt
                0x0001cbfc       0x28 .\lib\ccg4_dualport\libccgx_pd.a(dpm.o)
                0x0001cbfc                dpm_clear_pe_evt
 .text.dpm_set_typec_evt
                0x0001cc24       0x28 .\lib\ccg4_dualport\libccgx_pd.a(dpm.o)
                0x0001cc24                dpm_set_typec_evt
 .text.dpm_typec_command
                0x0001cc4c       0x44 .\lib\ccg4_dualport\libccgx_pd.a(dpm.o)
                0x0001cc4c                dpm_typec_command
 .text.dpm_clear_typec_evt
                0x0001cc90       0x28 .\lib\ccg4_dualport\libccgx_pd.a(dpm.o)
                0x0001cc90                dpm_clear_typec_evt
 .text.dpm_update_port_status
                0x0001ccb8       0x1c .\lib\ccg4_dualport\libccgx_pd.a(dpm.o)
                0x0001ccb8                dpm_update_port_status
 .text.dpm_get_pd_port_status
                0x0001ccd4       0xc8 .\lib\ccg4_dualport\libccgx_pd.a(dpm.o)
                0x0001ccd4                dpm_get_pd_port_status
 .text.dpm_update_frs_enable
                0x0001cd9c        0x2 .\lib\ccg4_dualport\libccgx_pd.a(dpm.o)
                0x0001cd9c                dpm_update_frs_enable
 .text.dpm_update_ext_src_cap
                0x0001cd9e        0x2 .\lib\ccg4_dualport\libccgx_pd.a(dpm.o)
                0x0001cd9e                dpm_update_ext_src_cap
 .text.dpm_prot_reset_rx
                0x0001cda0        0x8 .\lib\ccg4_dualport\libccgx_pd.a(dpm.o)
                0x0001cda0                dpm_prot_reset_rx
 .text          0x0001cda8       0x14 c:/program files (x86)/cypress/psoc creator/3.3/psoc creator/import/gnu/arm/4.9.3/bin/../lib/gcc/arm-none-eabi/4.9.3/armv6-m\libgcc.a(_thumb1_case_uqi.o)
                0x0001cda8                __gnu_thumb1_case_uqi
 .text          0x0001cdbc       0x14 c:/program files (x86)/cypress/psoc creator/3.3/psoc creator/import/gnu/arm/4.9.3/bin/../lib/gcc/arm-none-eabi/4.9.3/armv6-m\libgcc.a(_thumb1_case_uhi.o)
                0x0001cdbc                __gnu_thumb1_case_uhi
 .text          0x0001cdd0      0x120 c:/program files (x86)/cypress/psoc creator/3.3/psoc creator/import/gnu/arm/4.9.3/bin/../lib/gcc/arm-none-eabi/4.9.3/armv6-m\libgcc.a(_udivsi3.o)
                0x0001cdd0                __aeabi_uidiv
                0x0001cdd0                __udivsi3
                0x0001cedc                __aeabi_uidivmod
 .text          0x0001cef0      0x1e0 c:/program files (x86)/cypress/psoc creator/3.3/psoc creator/import/gnu/arm/4.9.3/bin/../lib/gcc/arm-none-eabi/4.9.3/armv6-m\libgcc.a(_divsi3.o)
                0x0001cef0                __divsi3
                0x0001cef0                __aeabi_idiv
                0x0001d0bc                __aeabi_idivmod
 .text          0x0001d0d0        0x4 c:/program files (x86)/cypress/psoc creator/3.3/psoc creator/import/gnu/arm/4.9.3/bin/../lib/gcc/arm-none-eabi/4.9.3/armv6-m\libgcc.a(_dvmd_tls.o)
                0x0001d0d0                __aeabi_idiv0
                0x0001d0d0                __aeabi_ldiv0
 .text.__libc_init_array
                0x0001d0d4       0x4c c:/program files (x86)/cypress/psoc creator/3.3/psoc creator/import/gnu/arm/4.9.3/bin/../lib/gcc/arm-none-eabi/4.9.3/../../../../arm-none-eabi/lib/armv6-m\libg_nano.a(lib_a-init.o)
                0x0001d0d4                __libc_init_array
 .text.memcpy   0x0001d120       0x12 c:/program files (x86)/cypress/psoc creator/3.3/psoc creator/import/gnu/arm/4.9.3/bin/../lib/gcc/arm-none-eabi/4.9.3/../../../../arm-none-eabi/lib/armv6-m\libg_nano.a(lib_a-memcpy.o)
                0x0001d120                memcpy
 .text.memset   0x0001d132       0x10 c:/program files (x86)/cypress/psoc creator/3.3/psoc creator/import/gnu/arm/4.9.3/bin/../lib/gcc/arm-none-eabi/4.9.3/../../../../arm-none-eabi/lib/armv6-m\libg_nano.a(lib_a-memset.o)
                0x0001d132                memset
 *(.plt)
 *(.gnu.warning)
 *(.glue_7t)
 .glue_7t       0x00000000        0x0 linker stubs
 *(.glue_7)
 .glue_7        0x00000000        0x0 linker stubs
 *(.vfp11_veneer)
 .vfp11_veneer  0x00000000        0x0 linker stubs
 *(.bootloader)
 *(.ARM.extab* .gnu.linkonce.armextab.*)
 *(.gcc_except_table)

.v4_bx          0x0001d144        0x0
 .v4_bx         0x00000000        0x0 linker stubs

.iplt           0x0001d144        0x0
 .iplt          0x00000000        0x0 c:/program files (x86)/cypress/psoc creator/3.3/psoc creator/import/gnu/arm/4.9.3/bin/../lib/gcc/arm-none-eabi/4.9.3/armv6-m/crtbegin.o

.eh_frame_hdr
 *(.eh_frame_hdr)

.eh_frame       0x0001d144        0x4
 *(.eh_frame)
 .eh_frame      0x0001d144        0x0 c:/program files (x86)/cypress/psoc creator/3.3/psoc creator/import/gnu/arm/4.9.3/bin/../lib/gcc/arm-none-eabi/4.9.3/armv6-m/crtbegin.o
 .eh_frame      0x0001d144        0x4 c:/program files (x86)/cypress/psoc creator/3.3/psoc creator/import/gnu/arm/4.9.3/bin/../lib/gcc/arm-none-eabi/4.9.3/armv6-m/crtend.o
                0x0001d148                PROVIDE (__exidx_start, .)

.ARM.exidx
 *(.ARM.exidx* .gnu.linkonce.armexidx.*)
                0x0001d148                __exidx_end = .

.rodata         0x0001d148      0x858
 *(.rodata .rodata.* .gnu.linkonce.r.*)
 .rodata        0x0001d148       0x9c C:\Users\victo\AppData\Local\Temp\ccxXKIYr.ltrans1.ltrans.o
                0x0001d1a0                alt_mode_ams_table.lto_priv.58
                0x0001d1e0                gl_img2_fw_metadata
 .rodata.str1.1
                0x0001d1e4       0x13 C:\Users\victo\AppData\Local\Temp\ccxXKIYr.ltrans1.ltrans.o
 *fill*         0x0001d1f7        0x1 
 .rodata        0x0001d1f8       0x14 C:\Users\victo\AppData\Local\Temp\ccxXKIYr.ltrans2.ltrans.o
 .rodata        0x0001d20c        0xe C:\Users\victo\AppData\Local\Temp\ccxXKIYr.ltrans4.ltrans.o
                0x0001d20c                mux_ps8740_address.lto_priv.69
 *fill*         0x0001d21a        0x2 
 .rodata        0x0001d21c       0x2c C:\Users\victo\AppData\Local\Temp\ccxXKIYr.ltrans5.ltrans.o
                0x0001d21c                os_table
                0x0001d238                thresholds
 .rodata        0x0001d248       0x18 C:\Users\victo\AppData\Local\Temp\ccxXKIYr.ltrans6.ltrans.o
                0x0001d248                hal_ocp_fault_pin.lto_priv.52
                0x0001d24c                GPIO
 .rodata        0x0001d260        0xc C:\Users\victo\AppData\Local\Temp\ccxXKIYr.ltrans7.ltrans.o
                0x0001d260                gl_pdss.lto_priv.22
                0x0001d268                dfp_compatibility_mode_table
 .rodata        0x0001d26c      0x100 .\lib\ccg4_dualport\libccgx_hpi.a(hpi.o)
                0x0001d324                hpi_pdcmd_rp_map
                0x0001d327                hpi_to_dpm_pkt_map
                0x0001d347                hpi_to_dpm_cmd_map
                0x0001d367                gl_hpi_scb_port_map
 .rodata        0x0001d36c       0x10 .\lib\ccg4_dualport\libccgx_hpi.a(i2c.o)
                0x0001d36c                SCB_PRT
 .rodata        0x0001d37c      0x514 .\lib\ccg4_dualport\libccgx_pd.a(pd_policy_engine.o)
                0x0001d37c                CUR_TABLE
                0x0001d3a2                hr_ams_table
                0x0001d3e8                btd_ams_table
                0x0001d3f2                bcm2_ams_table
                0x0001d3fc                sr_ams_table
                0x0001d410                src_ams_table
                0x0001d48e                snk_ams_table
                0x0001d4c5                pr_ams_table
                0x0001d512                dr_ams_table
                0x0001d533                vs_ams_table
                0x0001d55f                gn_ams_table
                0x0001d5e8                pe_ams_funcs
 .rodata        0x0001d890       0xd8 .\lib\ccg4_dualport\libccgx_pd.a(typec_manager.o)
                0x0001d890                typec_dpmcmd_rp_map
                0x0001d894                typec_gn_fsm_funcs
                0x0001d968                . = ALIGN (0x4)
 *(.init)
 .init          0x0001d968        0x4 c:/program files (x86)/cypress/psoc creator/3.3/psoc creator/import/gnu/arm/4.9.3/bin/../lib/gcc/arm-none-eabi/4.9.3/armv6-m/crti.o
                0x0001d968                _init
 .init          0x0001d96c        0x8 c:/program files (x86)/cypress/psoc creator/3.3/psoc creator/import/gnu/arm/4.9.3/bin/../lib/gcc/arm-none-eabi/4.9.3/armv6-m/crtn.o
                0x0001d974                . = ALIGN (0x4)
                0x0001d974                __preinit_array_start = .
 *(.preinit_array)
                0x0001d974                __preinit_array_end = .
                0x0001d974                . = ALIGN (0x4)
                0x0001d974                __init_array_start = .
 *(SORT(.init_array.*))
 *(.init_array)
 .init_array    0x0001d974        0x4 c:/program files (x86)/cypress/psoc creator/3.3/psoc creator/import/gnu/arm/4.9.3/bin/../lib/gcc/arm-none-eabi/4.9.3/armv6-m/crtbegin.o
 .init_array    0x0001d978        0x4 C:\Users\victo\AppData\Local\Temp\ccxXKIYr.ltrans7.ltrans.o
                0x0001d97c                __init_array_end = .
                0x0001d97c                . = ALIGN (0x4)
 *(.fini)
 .fini          0x0001d97c        0x4 c:/program files (x86)/cypress/psoc creator/3.3/psoc creator/import/gnu/arm/4.9.3/bin/../lib/gcc/arm-none-eabi/4.9.3/armv6-m/crti.o
                0x0001d97c                _fini
 .fini          0x0001d980        0x8 c:/program files (x86)/cypress/psoc creator/3.3/psoc creator/import/gnu/arm/4.9.3/bin/../lib/gcc/arm-none-eabi/4.9.3/armv6-m/crtn.o
                0x0001d988                . = ALIGN (0x4)
                0x0001d988                __fini_array_start = .
 *(.fini_array)
 .fini_array    0x0001d988        0x4 c:/program files (x86)/cypress/psoc creator/3.3/psoc creator/import/gnu/arm/4.9.3/bin/../lib/gcc/arm-none-eabi/4.9.3/armv6-m/crtbegin.o
 *(SORT(.fini_array.*))
                0x0001d98c                __fini_array_end = .
                0x0001d98c                . = ALIGN (0x4)
 *crtbegin.o(.ctors)
 *(EXCLUDE_FILE(*crtend.o) .ctors)
 *(SORT(.ctors.*))
 *crtend.o(.ctors)
                0x0001d98c                . = ALIGN (0x4)
 *crtbegin.o(.dtors)
 *(EXCLUDE_FILE(*crtend.o) .dtors)
 *(SORT(.dtors.*))
 *crtend.o(.dtors)
                0x0001d98c                . = ALIGN (0x4)
                0x0001d98c                __cy_regions = .
                0x0001d98c        0x4 LONG 0x1d9a0 __cy_region_init_ram
                0x0001d990        0x4 LONG 0x200000a0 __cy_region_start_data
                0x0001d994        0x4 LONG 0x40 __cy_region_init_size_ram
                0x0001d998        0x4 LONG 0x1ba8 __cy_region_zero_size_ram
                0x0001d99c                __cy_regions_end = .
                0x0001d9a0                . = ALIGN (0x8)
 *fill*         0x0001d99c        0x4 
                0x0001d9a0                _etext = .

.ramvectors     0x20000000       0x90
                0x20000000                __cy_region_start_ram = .
 *(.ramvectors)
 .ramvectors    0x20000000       0x90 C:\Users\victo\AppData\Local\Temp\ccxXKIYr.ltrans7.ltrans.o

.btldr_run      0x20000090        0x4
 *(.bootloaderruntype)
 .bootloaderruntype
                0x20000090        0x4 C:\Users\victo\AppData\Local\Temp\ccxXKIYr.ltrans7.ltrans.o
                0x20000090                cyBtldrRunType

.noinit         0x20000098        0x4
 *(.noinit)
 .noinit        0x20000098        0x4 C:\Users\victo\AppData\Local\Temp\ccxXKIYr.ltrans7.ltrans.o

.data           0x200000a0       0x40 load address 0x0001d9a0
                0x200000a0                __cy_region_start_data = .
 *(.jcr)
 .jcr           0x200000a0        0x0 c:/program files (x86)/cypress/psoc creator/3.3/psoc creator/import/gnu/arm/4.9.3/bin/../lib/gcc/arm-none-eabi/4.9.3/armv6-m/crtbegin.o
 .jcr           0x200000a0        0x4 c:/program files (x86)/cypress/psoc creator/3.3/psoc creator/import/gnu/arm/4.9.3/bin/../lib/gcc/arm-none-eabi/4.9.3/armv6-m/crtend.o
 *(.got.plt)
 *(.got)
 *(.shdata)
 *(.data .data.* .gnu.linkonce.d.*)
 .data          0x200000a4       0x14 C:\Users\victo\AppData\Local\Temp\ccxXKIYr.ltrans0.ltrans.o