Archive member included because of file (symbol)

.\CortexM0\ARM_GCC_493\Debug\CYPD4225-40LQXI_notebook01_1.a(cyfitter_cfg_1.o)
                              .\CortexM0\ARM_GCC_493\Debug\Cm0Start.o (symbol from plugin) (cyfitter_cfg)
.\CortexM0\ARM_GCC_493\Debug\CYPD4225-40LQXI_notebook01_1.a(VBUS_DISCHARGE_P1.o)
                              .\CortexM0\ARM_GCC_493\Debug\psource.o (symbol from plugin) (VBUS_DISCHARGE_P1_Write)
.\CortexM0\ARM_GCC_493\Debug\CYPD4225-40LQXI_notebook01_1.a(VBUS_P_CTRL_P2.o)
                              .\CortexM0\ARM_GCC_493\Debug\psource.o (symbol from plugin) (VBUS_P_CTRL_P2_Write)
.\CortexM0\ARM_GCC_493\Debug\CYPD4225-40LQXI_notebook01_1.a(VBUS_C_CTRL_P2.o)
                              .\CortexM0\ARM_GCC_493\Debug\psink.o (symbol from plugin) (VBUS_C_CTRL_P2_Write)
.\CortexM0\ARM_GCC_493\Debug\CYPD4225-40LQXI_notebook01_1.a(VBUS_DISCHARGE_P2.o)
                              .\CortexM0\ARM_GCC_493\Debug\psource.o (symbol from plugin) (VBUS_DISCHARGE_P2_Write)
.\CortexM0\ARM_GCC_493\Debug\CYPD4225-40LQXI_notebook01_1.a(VSEL2_P2.o)
                              .\CortexM0\ARM_GCC_493\Debug\psource.o (symbol from plugin) (VSEL2_P2_Write)
.\CortexM0\ARM_GCC_493\Debug\CYPD4225-40LQXI_notebook01_1.a(VSEL1_P2.o)
                              .\CortexM0\ARM_GCC_493\Debug\psource.o (symbol from plugin) (VSEL1_P2_Write)
.\CortexM0\ARM_GCC_493\Debug\CYPD4225-40LQXI_notebook01_1.a(CyBootAsmGnu.o)
                              .\CortexM0\ARM_GCC_493\Debug\app.o (symbol from plugin) (CyEnterCriticalSection)
.\CortexM0\ARM_GCC_493\Debug\CYPD4225-40LQXI_notebook01_1.a(CyFlash.o)
                              .\CortexM0\ARM_GCC_493\Debug\flash.o (symbol from plugin) (CySysFlashWriteRow)
.\CortexM0\ARM_GCC_493\Debug\CYPD4225-40LQXI_notebook01_1.a(CyLib.o)
                              cyfitter_cfg_1.o (symbol from plugin) (CySysClkWriteImoFreq)
.\CortexM0\ARM_GCC_493\Debug\CYPD4225-40LQXI_notebook01_1.a(cyPm.o)
                              .\CortexM0\ARM_GCC_493\Debug\app.o (symbol from plugin) (CySysPmDeepSleep)
.\CortexM0\ARM_GCC_493\Debug\CYPD4225-40LQXI_notebook01_1.a(CyLFClk.o)
                              .\CortexM0\ARM_GCC_493\Debug\Cm0Start.o (symbol from plugin) (CySysWdtDisable)
.\CortexM0\ARM_GCC_493\Debug\CYPD4225-40LQXI_notebook01_1.a(UART.o)
                              .\CortexM0\ARM_GCC_493\Debug\main.o (symbol from plugin) (UART_Start)
.\CortexM0\ARM_GCC_493\Debug\CYPD4225-40LQXI_notebook01_1.a(UART_AsmGnu.o)
                              .\CortexM0\ARM_GCC_493\Debug\main.o (symbol from plugin) (UART_PutChar)
.\lib\ccg4_dualport\libccgx_hpi.a(hpi.o)
                              .\CortexM0\ARM_GCC_493\Debug\main.o (symbol from plugin) (hpi_is_ec_ready)
.\lib\ccg4_dualport\libccgx_hpi.a(i2c.o)
                              .\lib\ccg4_dualport\libccgx_hpi.a(hpi.o) (i2c_slave_ack_ctrl)
.\lib\ccg4_dualport\libccgx_pd.a(pd_policy_engine.o)
                              .\CortexM0\ARM_GCC_493\Debug\main.o (symbol from plugin) (pe_init)
.\lib\ccg4_dualport\libccgx_pd.a(pd_protocol.o)
                              .\lib\ccg4_dualport\libccgx_pd.a(pd_policy_engine.o) (pd_prot_init)
.\lib\ccg4_dualport\libccgx_pd.a(typec_manager.o)
                              .\lib\ccg4_dualport\libccgx_pd.a(pd_policy_engine.o) (typec_change_rp)
.\lib\ccg4_dualport\libccgx_pd.a(dpm.o)
                              .\CortexM0\ARM_GCC_493\Debug\main.o (symbol from plugin) (dpm_init)
.\CortexM0\ARM_GCC_493\Debug\CYPD4225-40LQXI_notebook01_1.a(EC_INT.o)
                              .\lib\ccg4_dualport\libccgx_hpi.a(hpi.o) (EC_INT_Write)
.\CortexM0\ARM_GCC_493\Debug\CYPD4225-40LQXI_notebook01_1.a(I2C_CFG.o)
                              .\lib\ccg4_dualport\libccgx_hpi.a(hpi.o) (I2C_CFG_SetDriveMode)
c:/program files (x86)/cypress/psoc creator/3.3/psoc creator/import/gnu/arm/4.9.3/bin/../lib/gcc/arm-none-eabi/4.9.3/armv6-m\libgcc.a(_thumb1_case_uqi.o)
                              .\lib\ccg4_dualport\libccgx_hpi.a(hpi.o) (__gnu_thumb1_case_uqi)
c:/program files (x86)/cypress/psoc creator/3.3/psoc creator/import/gnu/arm/4.9.3/bin/../lib/gcc/arm-none-eabi/4.9.3/armv6-m\libgcc.a(_thumb1_case_uhi.o)
                              .\lib\ccg4_dualport\libccgx_hpi.a(hpi.o) (__gnu_thumb1_case_uhi)
c:/program files (x86)/cypress/psoc creator/3.3/psoc creator/import/gnu/arm/4.9.3/bin/../lib/gcc/arm-none-eabi/4.9.3/armv6-m\libgcc.a(_udivsi3.o)
                              .\CortexM0\ARM_GCC_493\Debug\CYPD4225-40LQXI_notebook01_1.a(UART_AsmGnu.o) (__aeabi_uidiv)
c:/program files (x86)/cypress/psoc creator/3.3/psoc creator/import/gnu/arm/4.9.3/bin/../lib/gcc/arm-none-eabi/4.9.3/armv6-m\libgcc.a(_divsi3.o)
                              .\lib\ccg4_dualport\libccgx_pd.a(dpm.o) (__aeabi_idiv)
c:/program files (x86)/cypress/psoc creator/3.3/psoc creator/import/gnu/arm/4.9.3/bin/../lib/gcc/arm-none-eabi/4.9.3/armv6-m\libgcc.a(_dvmd_tls.o)
[...]
Memory Configuration

Name             Origin             Length             Attributes
rom              0x00000000         0x00020000         xr
ram              0x20000000         0x00002000         xrw
*default*        0x00000000         0xffffffff

Linker script and memory map

LOAD c:/program files (x86)/cypress/psoc creator/3.3/psoc creator/import/gnu/arm/4.9.3/bin/../lib/gcc/arm-none-eabi/4.9.3/armv6-m/crti.o
LOAD c:/program files (x86)/cypress/psoc creator/3.3/psoc creator/import/gnu/arm/4.9.3/bin/../lib/gcc/arm-none-eabi/4.9.3/armv6-m/crtbegin.o
LOAD c:/program files (x86)/cypress/psoc creator/3.3/psoc creator/import/gnu/arm/4.9.3/bin/../lib/gcc/arm-none-eabi/4.9.3/../../../../arm-none-eabi/lib/armv6-m/crt0.o
START GROUP
LOAD .\CortexM0\ARM_GCC_493\Debug\alt_mode_hw.o
LOAD C:\Users\victo\AppData\Local\Temp\ccrAuKoG.ltrans0.ltrans.o
LOAD C:\Users\victo\AppData\Local\Temp\ccrAuKoG.ltrans1.ltrans.o
LOAD C:\Users\victo\AppData\Local\Temp\ccrAuKoG.ltrans2.ltrans.o
LOAD C:\Users\victo\AppData\Local\Temp\ccrAuKoG.ltrans3.ltrans.o
LOAD C:\Users\victo\AppData\Local\Temp\ccrAuKoG.ltrans4.ltrans.o
LOAD C:\Users\victo\AppData\Local\Temp\ccrAuKoG.ltrans5.ltrans.o
LOAD C:\Users\victo\AppData\Local\Temp\ccrAuKoG.ltrans6.ltrans.o
LOAD C:\Users\victo\AppData\Local\Temp\ccrAuKoG.ltrans7.ltrans.o
LOAD c:/program files (x86)/cypress/psoc creator/3.3/psoc creator/import/gnu/arm/4.9.3/bin/../lib/gcc/arm-none-eabi/4.9.3/armv6-m\libgcc.a
LOAD c:/program files (x86)/cypress/psoc creator/3.3/psoc creator/import/gnu/arm/4.9.3/bin/../lib/gcc/arm-none-eabi/4.9.3/../../../../arm-none-eabi/lib/armv6-m\libg_nano.a
LOAD c:/program files (x86)/cypress/psoc creator/3.3/psoc creator/import/gnu/arm/4.9.3/bin/../lib/gcc/arm-none-eabi/4.9.3/../../../../arm-none-eabi/lib/armv6-m\libc_nano.a
LOAD c:/program files (x86)/cypress/psoc creator/3.3/psoc creator/import/gnu/arm/4.9.3/bin/../lib/gcc/arm-none-eabi/4.9.3/armv6-m\libgcc.a
LOAD c:/program files (x86)/cypress/psoc creator/3.3/psoc creator/import/gnu/arm/4.9.3/bin/../lib/gcc/arm-none-eabi/4.9.3/../../../../arm-none-eabi/lib/armv6-m\libc_nano.a
LOAD .\CortexM0\ARM_GCC_493\Debug\alt_modes_mngr.o
LOAD .\CortexM0\ARM_GCC_493\Debug\dp_sid.o
LOAD .\CortexM0\ARM_GCC_493\Debug\vdm_task_mngr.o
LOAD .\CortexM0\ARM_GCC_493\Debug\app.o
LOAD .\CortexM0\ARM_GCC_493\Debug\pdo.o
LOAD .\CortexM0\ARM_GCC_493\Debug\psink.o
LOAD .\CortexM0\ARM_GCC_493\Debug\psource.o
LOAD .\CortexM0\ARM_GCC_493\Debug\swap.o
LOAD .\CortexM0\ARM_GCC_493\Debug\vdm.o
LOAD .\CortexM0\ARM_GCC_493\Debug\boot.o
LOAD .\CortexM0\ARM_GCC_493\Debug\flash.o
LOAD .\CortexM0\ARM_GCC_493\Debug\gpio.o
LOAD .\CortexM0\ARM_GCC_493\Debug\system.o
LOAD .\CortexM0\ARM_GCC_493\Debug\timer.o
LOAD .\CortexM0\ARM_GCC_493\Debug\utils.o
LOAD .\CortexM0\ARM_GCC_493\Debug\config.o
LOAD .\CortexM0\ARM_GCC_493\Debug\datamux_ctrl.o
LOAD .\CortexM0\ARM_GCC_493\Debug\main.o
LOAD .\CortexM0\ARM_GCC_493\Debug\hal_ccgx.o
LOAD .\CortexM0\ARM_GCC_493\Debug\pdss_hal.o
LOAD .\CortexM0\ARM_GCC_493\Debug\cybootloader.o
LOAD .\CortexM0\ARM_GCC_493\Debug\cymetadata.o
LOAD .\CortexM0\ARM_GCC_493\Debug\Cm0Start.o
LOAD .\CortexM0\ARM_GCC_493\Debug\CYPD4225-40LQXI_notebook01_1.a
LOAD C:\Program Files (x86)\Cypress\PSoC Creator\3.3\PSoC Creator\psoc\content\cycomponentlibrary\CyComponentLibrary.cylib\CortexM0\ARM_GCC_493\Debug\CyComponentLibrary.a
LOAD .\lib\ccg4_dualport\libccgx_hpi.a
LOAD .\lib\ccg4_dualport\libccgx_pd.a
END GROUP
START GROUP
LOAD c:/program files (x86)/cypress/psoc creator/3.3/psoc creator/import/gnu/arm/4.9.3/bin/../lib/gcc/arm-none-eabi/4.9.3/armv6-m\libgcc.a
LOAD c:/program files (x86)/cypress/psoc creator/3.3/psoc creator/import/gnu/arm/4.9.3/bin/../lib/gcc/arm-none-eabi/4.9.3/../../../../arm-none-eabi/lib/armv6-m\libg_nano.a
LOAD c:/program files (x86)/cypress/psoc creator/3.3/psoc creator/import/gnu/arm/4.9.3/bin/../lib/gcc/arm-none-eabi/4.9.3/../../../../arm-none-eabi/lib/armv6-m\libc_nano.a
END GROUP
START GROUP
LOAD c:/program files (x86)/cypress/psoc creator/3.3/psoc creator/import/gnu/arm/4.9.3/bin/../lib/gcc/arm-none-eabi/4.9.3/armv6-m\libgcc.a
LOAD c:/program files (x86)/cypress/psoc creator/3.3/psoc creator/import/gnu/arm/4.9.3/bin/../lib/gcc/arm-none-eabi/4.9.3/../../../../arm-none-eabi/lib/armv6-m\libc_nano.a
END GROUP
LOAD c:/program files (x86)/cypress/psoc creator/3.3/psoc creator/import/gnu/arm/4.9.3/bin/../lib/gcc/arm-none-eabi/4.9.3/armv6-m/crtend.o
LOAD c:/program files (x86)/cypress/psoc creator/3.3/psoc creator/import/gnu/arm/4.9.3/bin/../lib/gcc/arm-none-eabi/4.9.3/armv6-m/crtn.o
START GROUP
LOAD c:/program files (x86)/cypress/psoc creator/3.3/psoc creator/import/gnu/arm/4.9.3/bin/../lib/gcc/arm-none-eabi/4.9.3/armv6-m\libgcc.a
LOAD c:/program files (x86)/cypress/psoc creator/3.3/psoc creator/import/gnu/arm/4.9.3/bin/../lib/gcc/arm-none-eabi/4.9.3/../../../../arm-none-eabi/lib/armv6-m\libc.a
LOAD c:/program files (x86)/cypress/psoc creator/3.3/psoc creator/import/gnu/arm/4.9.3/bin/../lib/gcc/arm-none-eabi/4.9.3/../../../../arm-none-eabi/lib/armv6-m\libnosys.a
END GROUP
                0x00001400                CY_APPL_ORIGIN = 0x1400
                0x00000100                CY_FLASH_ROW_SIZE = 0x100
                0x00020000                CY_FLASH_SIZE = 0x20000
                0x00000001                CY_APPL_NUM = 0x1
                0x00000002                CY_APPL_MAX = 0x2
                0x00000040                CY_METADATA_SIZE = 0x40
                0x00000001                CY_APPL_LOADABLE = 0x1
                0x00000000                CY_CHECKSUM_EXCLUDE_SIZE = ALIGN (0x0, CY_FLASH_ROW_SIZE)
                0x00000000                CY_APP_FOR_STACK_AND_COPIER = 0x0
                0x20001c88                PROVIDE (__cy_heap_start, _end)
                0x00000001                PROVIDE (__cy_region_num, ((__cy_regions_end - __cy_regions) / 0x10))
                0x20002000                PROVIDE (__cy_stack, (ORIGIN (ram) + 0x2000))
                0x20001e00                PROVIDE (__cy_heap_end, (__cy_stack - 0x200))

.cybootloader   0x00000000     0x1400
 *(.cybootloader)
 .cybootloader  0x00000000     0x1400 C:\Users\victo\AppData\Local\Temp\ccrAuKoG.ltrans0.ltrans.o
                0x00000000                cy_bootloader
                0x00001400                appl1_start = CY_APPL_ORIGIN?CY_APPL_ORIGIN:ALIGN (CY_FLASH_ROW_SIZE)
                0x00010000                appl2_start = (CY_FLASH_SIZE / 0x2)
                0x00001400                appl_start = (CY_APPL_NUM == 0x1)?appl1_start:appl2_start
                0x00000000                cy_project_type_bootloader = (appl_start == 0x0)?0x1:0x0
                0x00000000                cy_project_type_app_for_stack_and_copier = (CY_APP_FOR_STACK_AND_COPIER == 0x1)?0x1:0x0

.text           0x00001400     0xd302
 CREATE_OBJECT_SYMBOLS
                0x00000000                PROVIDE (__cy_interrupt_vector, RomVectors)
 *(.romvectors)
 .romvectors    0x00001400       0x10 C:\Users\victo\AppData\Local\Temp\ccrAuKoG.ltrans7.ltrans.o
                0x00000001                ASSERT ((. != __cy_interrupt_vector), No interrupt vector)
                0x00000001                ASSERT (CY_APPL_ORIGIN?(SIZEOF (.cybootloader) <= CY_APPL_ORIGIN):0x1, Wrong image location)
                0x000000c0                . = 0xc0
 *fill*         0x00001410       0xb0 
 *(.customer_region)
 .customer_region
                0x000014c0       0x20 C:\Users\victo\AppData\Local\Temp\ccrAuKoG.ltrans0.ltrans.o
                0x000014c0                customer_info
 *(.base_version)
 .base_version  0x000014e0        0x4 C:\Users\victo\AppData\Local\Temp\ccrAuKoG.ltrans1.ltrans.o
                0x000014e0                base_version
 *(.app_version)
 .app_version   0x000014e4        0x4 C:\Users\victo\AppData\Local\Temp\ccrAuKoG.ltrans0.ltrans.o
                0x000014e4                app_version
 *(.dev_siliconid)
 .dev_siliconid
                0x000014e8        0x4 C:\Users\victo\AppData\Local\Temp\ccrAuKoG.ltrans0.ltrans.o
                0x000014e8                ccg_silicon_id
 *(.fw_reserved)
 .fw_reserved   0x000014ec       0x14 C:\Users\victo\AppData\Local\Temp\ccrAuKoG.ltrans0.ltrans.o
                0x000014ec                reserved_buf
 *(.configSection)
 .configSection
                0x00001500      0x400 C:\Users\victo\AppData\Local\Temp\ccrAuKoG.ltrans7.ltrans.o
                0x00001500                gl_config_table
                0x00001900                PROVIDE (__cy_reset, Reset)
 *(.text.Reset)
 .text.Reset    0x00001900       0x20 C:\Users\victo\AppData\Local\Temp\ccrAuKoG.ltrans7.ltrans.o
                0x00001900                Reset
                0x00000001                ASSERT ((. != __cy_reset), No reset code)
 *(.psocinit)
 *(.text .text.* .gnu.linkonce.t.*)
 .text          0x00001920       0x60 c:/program files (x86)/cypress/psoc creator/3.3/psoc creator/import/gnu/arm/4.9.3/bin/../lib/gcc/arm-none-eabi/4.9.3/armv6-m/crtbegin.o
 .text.form_alt_mode_event
                0x00001980       0x38 C:\Users\victo\AppData\Local\Temp\ccrAuKoG.ltrans0.ltrans.o
 .text.get_next_alt_mode
                0x000019b8       0x50 C:\Users\victo\AppData\Local\Temp\ccrAuKoG.ltrans0.ltrans.o
 .text.wait_ec_trigger.lto_priv.31
                0x00001a08        0x4 C:\Users\victo\AppData\Local\Temp\ccrAuKoG.ltrans0.ltrans.o
                0x00001a08                wait_ec_trigger.lto_priv.31
 .text.set_disc_mode_params
                0x00001a0c       0x30 C:\Users\victo\AppData\Local\Temp\ccrAuKoG.ltrans0.ltrans.o
 .text.send_sln_app_evt.part.0
                0x00001a3c       0x30 C:\Users\victo\AppData\Local\Temp\ccrAuKoG.ltrans0.ltrans.o
 .text.fail_alt_modes.lto_priv.34
                0x00001a6c       0x80 C:\Users\victo\AppData\Local\Temp\ccrAuKoG.ltrans0.ltrans.o
                0x00001a6c                fail_alt_modes.lto_priv.34
 .text.run_disc_mode.lto_priv.27
                0x00001aec       0xb0 C:\Users\victo\AppData\Local\Temp\ccrAuKoG.ltrans0.ltrans.o
                0x00001aec                run_disc_mode.lto_priv.27
 .text.dp_src_hpd_cbk
                0x00001b9c       0x40 C:\Users\victo\AppData\Local\Temp\ccrAuKoG.ltrans0.ltrans.o
 .text.alt_mode_mngr_deinit.lto_priv.30
                0x00001bdc       0x7c C:\Users\victo\AppData\Local\Temp\ccrAuKoG.ltrans0.ltrans.o
                0x00001bdc                alt_mode_mngr_deinit.lto_priv.30
 .text.move_to_vdm_info
                0x00001c58       0x6c C:\Users\victo\AppData\Local\Temp\ccrAuKoG.ltrans0.ltrans.o
 .text.eval_alt_modes.lto_priv.33
                0x00001cc4      0x178 C:\Users\victo\AppData\Local\Temp\ccrAuKoG.ltrans0.ltrans.o
                0x00001cc4                eval_alt_modes.lto_priv.33
 .text.handle_cbl_disc_mode
                0x00001e3c       0xec C:\Users\victo\AppData\Local\Temp\ccrAuKoG.ltrans0.ltrans.o
 .text.disc_mode_fail.lto_priv.29
                0x00001f28       0x34 C:\Users\victo\AppData\Local\Temp\ccrAuKoG.ltrans0.ltrans.o
                0x00001f28                disc_mode_fail.lto_priv.29
 .text.eval_disc_mode.lto_priv.28
                0x00001f5c      0x178 C:\Users\victo\AppData\Local\Temp\ccrAuKoG.ltrans0.ltrans.o
                0x00001f5c                eval_disc_mode.lto_priv.28
 .text.reset_dp_var.lto_priv.60
                0x000020d4       0x40 C:\Users\victo\AppData\Local\Temp\ccrAuKoG.ltrans0.ltrans.o
                0x000020d4                reset_dp_var.lto_priv.60
 .text.dp_exit  0x00002114       0x38 C:\Users\victo\AppData\Local\Temp\ccrAuKoG.ltrans0.ltrans.o
 .text.is_prtnr_ccg_consistent.lto_priv.64
                0x0000214c       0x28 C:\Users\victo\AppData\Local\Temp\ccrAuKoG.ltrans0.ltrans.o
                0x0000214c                is_prtnr_ccg_consistent.lto_priv.64
 .text.send_cmd.lto_priv.63
                0x00002174       0x44 C:\Users\victo\AppData\Local\Temp\ccrAuKoG.ltrans0.ltrans.o
                0x00002174                send_cmd.lto_priv.63
 .text.analyse_dp_sink_vdo.lto_priv.61
                0x000021b8       0xa4 C:\Users\victo\AppData\Local\Temp\ccrAuKoG.ltrans0.ltrans.o
                0x000021b8                analyse_dp_sink_vdo.lto_priv.61
 .text.eval_app_alt_mode_cmd
                0x0000225c      0x158 C:\Users\victo\AppData\Local\Temp\ccrAuKoG.ltrans0.ltrans.o
                0x0000225c                eval_app_alt_mode_cmd
 .text.set_mux.part.1.lto_priv.59
                0x000023b4       0x70 C:\Users\victo\AppData\Local\Temp\ccrAuKoG.ltrans0.ltrans.o
                0x000023b4                set_mux.part.1.lto_priv.59
 .text.analyse_status_update_vdo
                0x00002424      0x114 C:\Users\victo\AppData\Local\Temp\ccrAuKoG.ltrans0.ltrans.o
 .text.monitor_alt_modes.lto_priv.32
                0x00002538      0x11c C:\Users\victo\AppData\Local\Temp\ccrAuKoG.ltrans0.ltrans.o
                0x00002538                monitor_alt_modes.lto_priv.32
 .text.eval_hpd_cmd
                0x00002654      0x144 C:\Users\victo\AppData\Local\Temp\ccrAuKoG.ltrans0.ltrans.o
 .text.dp_dfp_dequeue_hpd
                0x00002798       0x2c C:\Users\victo\AppData\Local\Temp\ccrAuKoG.ltrans0.ltrans.o
 .text.dp_src_hpd_resp_cbk
                0x000027c4       0x30 C:\Users\victo\AppData\Local\Temp\ccrAuKoG.ltrans0.ltrans.o
 .text.dp_dfp_enqueue_hpd
                0x000027f4       0x74 C:\Users\victo\AppData\Local\Temp\ccrAuKoG.ltrans0.ltrans.o
 .text.dp_dfp_run.lto_priv.62
                0x00002868      0x21c C:\Users\victo\AppData\Local\Temp\ccrAuKoG.ltrans0.ltrans.o
                0x00002868                dp_dfp_run.lto_priv.62
 .text.eval_app_alt_hw_cmd
                0x00002a84       0x50 C:\Users\victo\AppData\Local\Temp\ccrAuKoG.ltrans0.ltrans.o
                0x00002a84                eval_app_alt_hw_cmd
 .text.startup.main
                0x00002ad4      0xa7c C:\Users\victo\AppData\Local\Temp\ccrAuKoG.ltrans1.ltrans.o
                0x00002ad4                main
 .text.vconn_disable
                0x00003550       0x24 C:\Users\victo\AppData\Local\Temp\ccrAuKoG.ltrans2.ltrans.o
                0x00003550                vconn_disable
 .text.set_vdm_failed
                0x00003574       0x34 C:\Users\victo\AppData\Local\Temp\ccrAuKoG.ltrans2.ltrans.o
 .text.eval_rdo
                0x000035a8       0x30 C:\Users\victo\AppData\Local\Temp\ccrAuKoG.ltrans2.ltrans.o
                0x000035a8                eval_rdo
 .text.form_rdo
                0x000035d8       0x80 C:\Users\victo\AppData\Local\Temp\ccrAuKoG.ltrans2.ltrans.o
 .text.eval_src_cap
                0x00003658      0x40c C:\Users\victo\AppData\Local\Temp\ccrAuKoG.ltrans2.ltrans.o
                0x00003658                eval_src_cap
 .text.vconn_is_present
                0x00003a64       0x30 C:\Users\victo\AppData\Local\Temp\ccrAuKoG.ltrans2.ltrans.o
                0x00003a64                vconn_is_present
 .text.vconn_enable
                0x00003a94       0x38 C:\Users\victo\AppData\Local\Temp\ccrAuKoG.ltrans2.ltrans.o
                0x00003a94                vconn_enable
 .text.dp_eval_app_cmd.lto_priv.65
                0x00003acc       0xe0 C:\Users\victo\AppData\Local\Temp\ccrAuKoG.ltrans2.ltrans.o
                0x00003acc                dp_eval_app_cmd.lto_priv.65
 .text.app_ovp_enable.part.2.lto_priv.53
                0x00003bac       0x44 C:\Users\victo\AppData\Local\Temp\ccrAuKoG.ltrans2.ltrans.o
                0x00003bac                app_ovp_enable.part.2.lto_priv.53
 .text.reset_vdm_mngr.lto_priv.35
                0x00003bf0       0x30 C:\Users\victo\AppData\Local\Temp\ccrAuKoG.ltrans2.ltrans.o
                0x00003bf0                reset_vdm_mngr.lto_priv.35
 .text.vdm_task_mngr_deinit
                0x00003c20       0x84 C:\Users\victo\AppData\Local\Temp\ccrAuKoG.ltrans2.ltrans.o
                0x00003c20                vdm_task_mngr_deinit
 .text.app_event_handler
                0x00003ca4      0x1d4 C:\Users\victo\AppData\Local\Temp\ccrAuKoG.ltrans2.ltrans.o
                0x00003ca4                app_event_handler
 .text.snk_vbus_ovp
                0x00003e78       0x2c C:\Users\victo\AppData\Local\Temp\ccrAuKoG.ltrans2.ltrans.o
                0x00003e78                snk_vbus_ovp
 .text.reg_dp_modes.part.2.lto_priv.69
                0x00003ea4       0xd8 C:\Users\victo\AppData\Local\Temp\ccrAuKoG.ltrans2.ltrans.o
                0x00003ea4                reg_dp_modes.part.2.lto_priv.69
 .text.vbus_is_present
                0x00003f7c       0x90 C:\Users\victo\AppData\Local\Temp\ccrAuKoG.ltrans2.ltrans.o
                0x00003f7c                vbus_is_present
 .text.vdm_rec_cbk.lto_priv.25
                0x0000400c      0x13c C:\Users\victo\AppData\Local\Temp\ccrAuKoG.ltrans2.ltrans.o
                0x0000400c                vdm_rec_cbk.lto_priv.25
 .text.mux_xfer_timer_cb.lto_priv.21
                0x00004148        0xc C:\Users\victo\AppData\Local\Temp\ccrAuKoG.ltrans3.ltrans.o
                0x00004148                mux_xfer_timer_cb.lto_priv.21
 .text.timer_stop_internal
                0x00004154       0x54 C:\Users\victo\AppData\Local\Temp\ccrAuKoG.ltrans3.ltrans.o
 .text.my_pd_callback
                0x000041a8       0x38 C:\Users\victo\AppData\Local\Temp\ccrAuKoG.ltrans3.ltrans.o
                0x000041a8                my_pd_callback
 .text.my_pd_phy_callback
                0x000041e0       0x4c C:\Users\victo\AppData\Local\Temp\ccrAuKoG.ltrans3.ltrans.o
                0x000041e0                my_pd_phy_callback
 .text.eval_vdm
                0x0000422c      0x2e0 C:\Users\victo\AppData\Local\Temp\ccrAuKoG.ltrans3.ltrans.o
                0x0000422c                eval_vdm
 .text.eval_vconn_swap
                0x0000450c       0x38 C:\Users\victo\AppData\Local\Temp\ccrAuKoG.ltrans3.ltrans.o
                0x0000450c                eval_vconn_swap
 .text.choose_status
                0x00004544       0xbc C:\Users\victo\AppData\Local\Temp\ccrAuKoG.ltrans3.ltrans.o
                0x00004544                choose_status
 .text.get_pd_port_config
                0x00004600       0x10 C:\Users\victo\AppData\Local\Temp\ccrAuKoG.ltrans3.ltrans.o
                0x00004600                get_pd_port_config
 .text.get_pd_config
                0x00004610        0x8 C:\Users\victo\AppData\Local\Temp\ccrAuKoG.ltrans3.ltrans.o
                0x00004610                get_pd_config
 .text.mem_copy_word
                0x00004618       0x14 C:\Users\victo\AppData\Local\Temp\ccrAuKoG.ltrans3.ltrans.o
                0x00004618                mem_copy_word
 .text.timer_stop_range.part.3.lto_priv.54
                0x0000462c       0x4c C:\Users\victo\AppData\Local\Temp\ccrAuKoG.ltrans3.ltrans.o
                0x0000462c                timer_stop_range.part.3.lto_priv.54
 .text.timer_is_running
                0x00004678       0x38 C:\Users\victo\AppData\Local\Temp\ccrAuKoG.ltrans3.ltrans.o
                0x00004678                timer_is_running
 .text.timer_stop_range
                0x000046b0       0x10 C:\Users\victo\AppData\Local\Temp\ccrAuKoG.ltrans3.ltrans.o
                0x000046b0                timer_stop_range
 .text.timer_stop
                0x000046c0       0x48 C:\Users\victo\AppData\Local\Temp\ccrAuKoG.ltrans3.ltrans.o
                0x000046c0                timer_stop
 .text.sys_get_custom_info_addr
                0x00004708       0x48 C:\Users\victo\AppData\Local\Temp\ccrAuKoG.ltrans3.ltrans.o
                0x00004708                sys_get_custom_info_addr
 .text.sys_get_silicon_id
                0x00004750       0x10 C:\Users\victo\AppData\Local\Temp\ccrAuKoG.ltrans3.ltrans.o
                0x00004750                sys_get_silicon_id
 .text.sys_get_device_mode
                0x00004760        0xc C:\Users\victo\AppData\Local\Temp\ccrAuKoG.ltrans3.ltrans.o
                0x00004760                sys_get_device_mode
 .text.gpio_set_lvttl_mode
                0x0000476c       0x18 C:\Users\victo\AppData\Local\Temp\ccrAuKoG.ltrans3.ltrans.o
                0x0000476c                gpio_set_lvttl_mode
 .text.hsiom_set_config
                0x00004784       0x24 C:\Users\victo\AppData\Local\Temp\ccrAuKoG.ltrans3.ltrans.o
                0x00004784                hsiom_set_config
 .text.gpio_int_set_config
                0x000047a8       0x2c C:\Users\victo\AppData\Local\Temp\ccrAuKoG.ltrans3.ltrans.o
                0x000047a8                gpio_int_set_config
 .text.gpio_set_value
                0x000047d4       0x30 C:\Users\victo\AppData\Local\Temp\ccrAuKoG.ltrans3.ltrans.o
                0x000047d4                gpio_set_value
 .text.flash_set_app_priority
                0x00004804       0x32 C:\Users\victo\AppData\Local\Temp\ccrAuKoG.ltrans3.ltrans.o
                0x00004804                flash_set_app_priority
 *fill*         0x00004836        0x2 
 .text.flash_row_read
                0x00004838       0x40 C:\Users\victo\AppData\Local\Temp\ccrAuKoG.ltrans3.ltrans.o
                0x00004838                flash_row_read
 .text.flash_row_clear
                0x00004878       0x28 C:\Users\victo\AppData\Local\Temp\ccrAuKoG.ltrans3.ltrans.o
                0x00004878                flash_row_clear
 .text.flash_access_get_status
                0x000048a0       0x14 C:\Users\victo\AppData\Local\Temp\ccrAuKoG.ltrans3.ltrans.o
                0x000048a0                flash_access_get_status
 .text.flash_enter_mode
                0x000048b4       0x18 C:\Users\victo\AppData\Local\Temp\ccrAuKoG.ltrans3.ltrans.o
                0x000048b4                flash_enter_mode
 .text.boot_validate_configtable
                0x000048cc       0x60 C:\Users\victo\AppData\Local\Temp\ccrAuKoG.ltrans3.ltrans.o
                0x000048cc                boot_validate_configtable
 .text.boot_validate_fw
                0x0000492c       0xbc C:\Users\victo\AppData\Local\Temp\ccrAuKoG.ltrans3.ltrans.o
                0x0000492c                boot_validate_fw
 .text.flash_row_write
                0x000049e8       0xac C:\Users\victo\AppData\Local\Temp\ccrAuKoG.ltrans3.ltrans.o
                0x000049e8                flash_row_write
 .text.boot_handle_validate_fw_cmd
                0x00004a94       0x38 C:\Users\victo\AppData\Local\Temp\ccrAuKoG.ltrans3.ltrans.o
                0x00004a94                boot_handle_validate_fw_cmd
 .text.hw_timer_load_period
                0x00004acc       0x28 C:\Users\victo\AppData\Local\Temp\ccrAuKoG.ltrans3.ltrans.o
 .text.wdt_interrupt_handler.lto_priv.26
                0x00004af4      0x15c C:\Users\victo\AppData\Local\Temp\ccrAuKoG.ltrans3.ltrans.o
                0x00004af4                wdt_interrupt_handler.lto_priv.26
 .text.timer_start
                0x00004c50      0x174 C:\Users\victo\AppData\Local\Temp\ccrAuKoG.ltrans3.ltrans.o
                0x00004c50                timer_start
 .text.led_timer_cb
                0x00004dc4       0x2c C:\Users\victo\AppData\Local\Temp\ccrAuKoG.ltrans3.ltrans.o
                0x00004dc4                led_timer_cb
 .text.psrc_set_current
                0x00004df0        0x2 C:\Users\victo\AppData\Local\Temp\ccrAuKoG.ltrans4.ltrans.o
                0x00004df0                psrc_set_current
 *fill*         0x00004df2        0x2 
 .text.vbus_discharge_off
                0x00004df4       0x24 C:\Users\victo\AppData\Local\Temp\ccrAuKoG.ltrans4.ltrans.o
                0x00004df4                vbus_discharge_off
 .text.vbus_discharge_on
                0x00004e18       0x28 C:\Users\victo\AppData\Local\Temp\ccrAuKoG.ltrans4.ltrans.o
                0x00004e18                vbus_discharge_on
 .text.psnk_set_current
                0x00004e40        0x2 C:\Users\victo\AppData\Local\Temp\ccrAuKoG.ltrans4.ltrans.o
                0x00004e40                psnk_set_current
 *fill*         0x00004e42        0x2 
 .text.eval_pr_swap
                0x00004e44       0x64 C:\Users\victo\AppData\Local\Temp\ccrAuKoG.ltrans4.ltrans.o
                0x00004e44                eval_pr_swap
 .text.eval_dr_swap
                0x00004ea8       0x48 C:\Users\victo\AppData\Local\Temp\ccrAuKoG.ltrans4.ltrans.o
                0x00004ea8                eval_dr_swap
 .text.psrc_en_ovp
                0x00004ef0       0x34 C:\Users\victo\AppData\Local\Temp\ccrAuKoG.ltrans4.ltrans.o
 .text.psnk_set_voltage
                0x00004f24       0x24 C:\Users\victo\AppData\Local\Temp\ccrAuKoG.ltrans4.ltrans.o
                0x00004f24                psnk_set_voltage
 .text.psrc_shutdown
                0x00004f48       0x68 C:\Users\victo\AppData\Local\Temp\ccrAuKoG.ltrans4.ltrans.o
 .text.app_psrc_vbus_ovp_cbk
                0x00004fb0       0x1c C:\Users\victo\AppData\Local\Temp\ccrAuKoG.ltrans4.ltrans.o
 .text.app_psrc_vbus_ocp_cbk
                0x00004fcc       0x1c C:\Users\victo\AppData\Local\Temp\ccrAuKoG.ltrans4.ltrans.o
 .text.psrc_set_voltage
                0x00004fe8       0xb8 C:\Users\victo\AppData\Local\Temp\ccrAuKoG.ltrans4.ltrans.o
                0x00004fe8                psrc_set_voltage
 .text.psnk_enable
                0x000050a0       0x34 C:\Users\victo\AppData\Local\Temp\ccrAuKoG.ltrans4.ltrans.o
                0x000050a0                psnk_enable
 .text.app_snk_db_fet_off_delay_expire
                0x000050d4        0x8 C:\Users\victo\AppData\Local\Temp\ccrAuKoG.ltrans4.ltrans.o
 .text.psrc_disable
                0x000050dc       0x7c C:\Users\victo\AppData\Local\Temp\ccrAuKoG.ltrans4.ltrans.o
                0x000050dc                psrc_disable
 .text.psnk_disable
                0x00005158       0x84 C:\Users\victo\AppData\Local\Temp\ccrAuKoG.ltrans4.ltrans.o
                0x00005158                psnk_disable
 .text.app_psnk_vbus_ovp_cbk
                0x000051dc       0x38 C:\Users\victo\AppData\Local\Temp\ccrAuKoG.ltrans4.ltrans.o
 .text.app_psrc_tmr_cbk
                0x00005214      0x138 C:\Users\victo\AppData\Local\Temp\ccrAuKoG.ltrans4.ltrans.o
 .text.app_psnk_tmr_cbk
                0x0000534c       0x60 C:\Users\victo\AppData\Local\Temp\ccrAuKoG.ltrans4.ltrans.o
 .text.psrc_enable
                0x000053ac       0xf0 C:\Users\victo\AppData\Local\Temp\ccrAuKoG.ltrans4.ltrans.o
                0x000053ac                psrc_enable
 .text.pd_get_vbus_adc_level
                0x0000549c       0x58 C:\Users\victo\AppData\Local\Temp\ccrAuKoG.ltrans5.ltrans.o
                0x0000549c                pd_get_vbus_adc_level
 .text.hpd_deinit
                0x000054f4       0x98 C:\Users\victo\AppData\Local\Temp\ccrAuKoG.ltrans5.ltrans.o
                0x000054f4                hpd_deinit
 .text.pd_typec_set_polarity
                0x0000558c       0x24 C:\Users\victo\AppData\Local\Temp\ccrAuKoG.ltrans5.ltrans.o
                0x0000558c                pd_typec_set_polarity
 .text.pd_typec_dis_rd
                0x000055b0       0x3c C:\Users\victo\AppData\Local\Temp\ccrAuKoG.ltrans5.ltrans.o
                0x000055b0                pd_typec_dis_rd
 .text.pd_typec_en_rd
                0x000055ec       0x2c C:\Users\victo\AppData\Local\Temp\ccrAuKoG.ltrans5.ltrans.o
                0x000055ec                pd_typec_en_rd
 .text.pd_typec_dis_rp
                0x00005618       0x28 C:\Users\victo\AppData\Local\Temp\ccrAuKoG.ltrans5.ltrans.o
                0x00005618                pd_typec_dis_rp
 .text.pd_typec_en_rp
                0x00005640       0x4c C:\Users\victo\AppData\Local\Temp\ccrAuKoG.ltrans5.ltrans.o
                0x00005640                pd_typec_en_rp
 .text.pd_typec_snk_update_trim
                0x0000568c       0x38 C:\Users\victo\AppData\Local\Temp\ccrAuKoG.ltrans5.ltrans.o
                0x0000568c                pd_typec_snk_update_trim
 .text.pd_typec_stop
                0x000056c4        0x4 C:\Users\victo\AppData\Local\Temp\ccrAuKoG.ltrans5.ltrans.o
                0x000056c4                pd_typec_stop
 .text.pd_typec_start
                0x000056c8       0x1c C:\Users\victo\AppData\Local\Temp\ccrAuKoG.ltrans5.ltrans.o
                0x000056c8                pd_typec_start
 .text.pd_typec_init
                0x000056e4       0x50 C:\Users\victo\AppData\Local\Temp\ccrAuKoG.ltrans5.ltrans.o
                0x000056e4                pd_typec_init
 .text.pd_phy_is_busy
                0x00005734       0x28 C:\Users\victo\AppData\Local\Temp\ccrAuKoG.ltrans5.ltrans.o
                0x00005734                pd_phy_is_busy
 .text.pd_phy_get_rx_packet
                0x0000575c       0x14 C:\Users\victo\AppData\Local\Temp\ccrAuKoG.ltrans5.ltrans.o
                0x0000575c                pd_phy_get_rx_packet
 .text.pd_phy_send_reset
                0x00005770       0x3c C:\Users\victo\AppData\Local\Temp\ccrAuKoG.ltrans5.ltrans.o
                0x00005770                pd_phy_send_reset
 .text.pd_phy_abort_tx_msg
                0x000057ac       0x3c C:\Users\victo\AppData\Local\Temp\ccrAuKoG.ltrans5.ltrans.o
                0x000057ac                pd_phy_abort_tx_msg
 .text.pd_phy_abort_bist_cm2
                0x000057e8       0x28 C:\Users\victo\AppData\Local\Temp\ccrAuKoG.ltrans5.ltrans.o
                0x000057e8                pd_phy_abort_bist_cm2
 .text.pd_prot_rx_dis
                0x00005810       0x5c C:\Users\victo\AppData\Local\Temp\ccrAuKoG.ltrans5.ltrans.o
                0x00005810                pd_prot_rx_dis
 .text.pd_prot_rx_en
                0x0000586c       0x3c C:\Users\victo\AppData\Local\Temp\ccrAuKoG.ltrans5.ltrans.o
                0x0000586c                pd_prot_rx_en
 .text.pd_adc_comparator_ctrl
                0x000058a8      0x148 C:\Users\victo\AppData\Local\Temp\ccrAuKoG.ltrans5.ltrans.o
                0x000058a8                pd_adc_comparator_ctrl
 .text.pd_typec_get_rp_rd_status
                0x000059f0       0xf8 C:\Users\victo\AppData\Local\Temp\ccrAuKoG.ltrans5.ltrans.o
 .text.pd_typec_get_cc_status
                0x00005ae8       0xc4 C:\Users\victo\AppData\Local\Temp\ccrAuKoG.ltrans5.ltrans.o
                0x00005ae8                pd_typec_get_cc_status
 .text.pdss_intr0_handler
                0x00005bac      0x34c C:\Users\victo\AppData\Local\Temp\ccrAuKoG.ltrans5.ltrans.o
                0x00005bac                pdss_intr0_handler
 .text.pd_phy_send_bist_cm2
                0x00005ef8       0x2c C:\Users\victo\AppData\Local\Temp\ccrAuKoG.ltrans5.ltrans.o
                0x00005ef8                pd_phy_send_bist_cm2
 .text.pd_phy_vbus_detach_cbk
                0x00005f24        0x2 C:\Users\victo\AppData\Local\Temp\ccrAuKoG.ltrans6.ltrans.o
 *fill*         0x00005f26        0x2 
 .text.vbus_ocp_handler
                0x00005f28       0x38 C:\Users\victo\AppData\Local\Temp\ccrAuKoG.ltrans6.ltrans.o
 .text.vbus_ocp_port1_handler
                0x00005f60        0xa C:\Users\victo\AppData\Local\Temp\ccrAuKoG.ltrans6.ltrans.o
                0x00005f60                vbus_ocp_port1_handler
 .text.vbus_ocp_port0_handler
                0x00005f6a        0xa C:\Users\victo\AppData\Local\Temp\ccrAuKoG.ltrans6.ltrans.o
                0x00005f6a                vbus_ocp_port0_handler
 .text.pdss_port0_intr0_handler
                0x00005f74        0xa C:\Users\victo\AppData\Local\Temp\ccrAuKoG.ltrans6.ltrans.o
 .text.pdss_port1_intr0_handler
                0x00005f7e        0xa C:\Users\victo\AppData\Local\Temp\ccrAuKoG.ltrans6.ltrans.o
 .text.pdss_port0_intr1_handler
                0x00005f88        0xa C:\Users\victo\AppData\Local\Temp\ccrAuKoG.ltrans6.ltrans.o
 .text.pdss_port1_intr1_handler
                0x00005f92        0xa C:\Users\victo\AppData\Local\Temp\ccrAuKoG.ltrans6.ltrans.o
 .text.pd_phy_load_msg
                0x00005f9c       0x64 C:\Users\victo\AppData\Local\Temp\ccrAuKoG.ltrans6.ltrans.o
                0x00005f9c                pd_phy_load_msg
 .text.pd_phy_load_data_in_mem
                0x00006000       0x8c C:\Users\victo\AppData\Local\Temp\ccrAuKoG.ltrans6.ltrans.o
                0x00006000                pd_phy_load_data_in_mem
 .text.pd_phy_send_msg
                0x0000608c      0x10c C:\Users\victo\AppData\Local\Temp\ccrAuKoG.ltrans6.ltrans.o
                0x0000608c                pd_phy_send_msg
 .text.pd_phy_dis_unchunked_tx
                0x00006198       0x14 C:\Users\victo\AppData\Local\Temp\ccrAuKoG.ltrans6.ltrans.o
                0x00006198                pd_phy_dis_unchunked_tx
 .text.pd_phy_refresh_roles
                0x000061ac       0x68 C:\Users\victo\AppData\Local\Temp\ccrAuKoG.ltrans6.ltrans.o
                0x000061ac                pd_phy_refresh_roles
 .text.pd_phy_init
                0x00006214       0x90 C:\Users\victo\AppData\Local\Temp\ccrAuKoG.ltrans6.ltrans.o
                0x00006214                pd_phy_init
 .text.pd_phy_wakeup
                0x000062a4       0x58 C:\Users\victo\AppData\Local\Temp\ccrAuKoG.ltrans6.ltrans.o
                0x000062a4                pd_phy_wakeup
 .text.pd_prot_stop
                0x000062fc       0x30 C:\Users\victo\AppData\Local\Temp\ccrAuKoG.ltrans6.ltrans.o
                0x000062fc                pd_prot_stop
 .text.pd_phy_deepsleep
                0x0000632c      0x2b8 C:\Users\victo\AppData\Local\Temp\ccrAuKoG.ltrans6.ltrans.o
                0x0000632c                pd_phy_deepsleep
 .text.pd_hal_init
                0x000065e4      0x114 C:\Users\victo\AppData\Local\Temp\ccrAuKoG.ltrans6.ltrans.o
                0x000065e4                pd_hal_init
 .text.IntDefaultHandler
                0x000066f8        0x2 C:\Users\victo\AppData\Local\Temp\ccrAuKoG.ltrans7.ltrans.o
 *fill*         0x000066fa        0x2 
 .text.save_svids.constprop.13
                0x000066fc       0xc0 C:\Users\victo\AppData\Local\Temp\ccrAuKoG.ltrans7.ltrans.o
                0x000066fc                save_svids.constprop.13
 .text.app_ovp_disable.constprop.11
                0x000067bc       0x28 C:\Users\victo\AppData\Local\Temp\ccrAuKoG.ltrans7.ltrans.o
                0x000067bc                app_ovp_disable.constprop.11
 .text.I2C_CFG_Read
                0x000067e4       0x10 C:\Users\victo\AppData\Local\Temp\ccrAuKoG.ltrans7.ltrans.o
                0x000067e4                I2C_CFG_Read
 .text.I2C_CFG_Write
                0x000067f4       0x18 C:\Users\victo\AppData\Local\Temp\ccrAuKoG.ltrans7.ltrans.o
                0x000067f4                I2C_CFG_Write
 .text.I2C_CFG_SetDriveMode
                0x0000680c       0x18 C:\Users\victo\AppData\Local\Temp\ccrAuKoG.ltrans7.ltrans.o
                0x0000680c                I2C_CFG_SetDriveMode
 .text.EC_INT_Write
                0x00006824       0x18 C:\Users\victo\AppData\Local\Temp\ccrAuKoG.ltrans7.ltrans.o
                0x00006824                EC_INT_Write
 .text.UART_PutCRLF
                0x0000683c       0x10 C:\Users\victo\AppData\Local\Temp\ccrAuKoG.ltrans7.ltrans.o
                0x0000683c                UART_PutCRLF
 .text.UART_PutString
                0x0000684c       0x1a C:\Users\victo\AppData\Local\Temp\ccrAuKoG.ltrans7.ltrans.o
                0x0000684c                UART_PutString
 .text.CyDelayUs
                0x00006866        0xc C:\Users\victo\AppData\Local\Temp\ccrAuKoG.ltrans7.ltrans.o
                0x00006866                CyDelayUs
 *fill*         0x00006872        0x2 
 .text.CySoftwareReset
                0x00006874       0x18 C:\Users\victo\AppData\Local\Temp\ccrAuKoG.ltrans7.ltrans.o
                0x00006874                CySoftwareReset
 .text.CyIntEnable
                0x0000688c       0x14 C:\Users\victo\AppData\Local\Temp\ccrAuKoG.ltrans7.ltrans.o
                0x0000688c                CyIntEnable
 .text.CyIntSetVector
                0x000068a0       0x18 C:\Users\victo\AppData\Local\Temp\ccrAuKoG.ltrans7.ltrans.o
                0x000068a0                CyIntSetVector
 .text.CySysFlashWriteRow
                0x000068b8      0x170 C:\Users\victo\AppData\Local\Temp\ccrAuKoG.ltrans7.ltrans.o
                0x000068b8                CySysFlashWriteRow
 .text.startup.initialize_psoc
                0x00006a28      0x248 C:\Users\victo\AppData\Local\Temp\ccrAuKoG.ltrans7.ltrans.o
 .text.pdss_intr1_handler
                0x00006c70       0xd8 C:\Users\victo\AppData\Local\Temp\ccrAuKoG.ltrans7.ltrans.o
                0x00006c70                pdss_intr1_handler
 .text.pd_adc_calibrate
                0x00006d48       0xfc C:\Users\victo\AppData\Local\Temp\ccrAuKoG.ltrans7.ltrans.o
                0x00006d48                pd_adc_calibrate
 .text.PS8740_I2C_Write.constprop.20
                0x00006e44       0xe4 C:\Users\victo\AppData\Local\Temp\ccrAuKoG.ltrans7.ltrans.o
                0x00006e44                PS8740_I2C_Write.constprop.20
 .text.Start_c  0x00006f28       0x48 C:\Users\victo\AppData\Local\Temp\ccrAuKoG.ltrans7.ltrans.o
 .text          0x00006f70       0x28 .\CortexM0\ARM_GCC_493\Debug\CYPD4225-40LQXI_notebook01_1.a(CyBootAsmGnu.o)
                0x00006f70                CyDelayCycles
                0x00006f84                CyEnterCriticalSection
                0x00006f8c                CyExitCriticalSection
 *fill*         0x00006f98        0x8 
 .text          0x00006fa0       0xe0 .\CortexM0\ARM_GCC_493\Debug\CYPD4225-40LQXI_notebook01_1.a(UART_AsmGnu.o)
                0x00006fa0                UART_PutChar
 .text.hpi_reg_handle_queue
                0x00007080       0x8c .\lib\ccg4_dualport\libccgx_hpi.a(hpi.o)
 .text.hpi_reg_handle_intr_write
                0x0000710c       0x7c .\lib\ccg4_dualport\libccgx_hpi.a(hpi.o)
 .text.hpi_initiate_dpm_command
                0x00007188       0x94 .\lib\ccg4_dualport\libccgx_hpi.a(hpi.o)
 .text.hpi_reset_dev
                0x0000721c       0x54 .\lib\ccg4_dualport\libccgx_hpi.a(hpi.o)
 .text.hpi_i2c_cmd_callback
                0x00007270      0x368 .\lib\ccg4_dualport\libccgx_hpi.a(hpi.o)
 .text.hpi_queue_pd_msg.constprop.5
                0x000075d8       0xcc .\lib\ccg4_dualport\libccgx_hpi.a(hpi.o)
 .text.hpi_is_ec_ready
                0x000076a4        0xc .\lib\ccg4_dualport\libccgx_hpi.a(hpi.o)
                0x000076a4                hpi_is_ec_ready
 .text.hpi_is_vdm_ec_ctrl_enabled
                0x000076b0       0x18 .\lib\ccg4_dualport\libccgx_hpi.a(hpi.o)
                0x000076b0                hpi_is_vdm_ec_ctrl_enabled
 .text.hpi_set_mode_regs
                0x000076c8       0x10 .\lib\ccg4_dualport\libccgx_hpi.a(hpi.o)
                0x000076c8                hpi_set_mode_regs
 .text.hpi_update_versions
                0x000076d8       0x38 .\lib\ccg4_dualport\libccgx_hpi.a(hpi.o)
                0x000076d8                hpi_update_versions
 .text.hpi_update_fw_locations
                0x00007710       0x14 .\lib\ccg4_dualport\libccgx_hpi.a(hpi.o)
                0x00007710                hpi_update_fw_locations
 .text.hpi_reg_enqueue_event
                0x00007724       0xb4 .\lib\ccg4_dualport\libccgx_hpi.a(hpi.o)
                0x00007724                hpi_reg_enqueue_event
 .text.hpi_abort_pd_retry
                0x000077d8       0x2c .\lib\ccg4_dualport\libccgx_hpi.a(hpi.o)
 .text.hpi_pd_event_handler
                0x00007804      0x320 .\lib\ccg4_dualport\libccgx_hpi.a(hpi.o)
                0x00007804                hpi_pd_event_handler
 .text.hpi_dpm_cb
                0x00007b24       0x2c .\lib\ccg4_dualport\libccgx_hpi.a(hpi.o)
 .text.hpi_pd_port_disable_cb
                0x00007b50       0x3c .\lib\ccg4_dualport\libccgx_hpi.a(hpi.o)
 .text.hpi_typec_cmd_cb
                0x00007b8c       0x30 .\lib\ccg4_dualport\libccgx_hpi.a(hpi.o)
 .text.hpi_get_port_enable
                0x00007bbc        0xc .\lib\ccg4_dualport\libccgx_hpi.a(hpi.o)
                0x00007bbc                hpi_get_port_enable
 .text.hpi_task
                0x00007bc8      0xa20 .\lib\ccg4_dualport\libccgx_hpi.a(hpi.o)
                0x00007bc8                hpi_task
 .text.hpi_send_fw_ready_event
                0x000085e8       0x10 .\lib\ccg4_dualport\libccgx_hpi.a(hpi.o)
                0x000085e8                hpi_send_fw_ready_event
 .text.hpi_init
                0x000085f8      0x184 .\lib\ccg4_dualport\libccgx_hpi.a(hpi.o)
                0x000085f8                hpi_init
 .text.hpi_sleep_allowed
                0x0000877c       0x48 .\lib\ccg4_dualport\libccgx_hpi.a(hpi.o)
                0x0000877c                hpi_sleep_allowed
 .text.hpi_sleep
                0x000087c4       0x30 .\lib\ccg4_dualport\libccgx_hpi.a(hpi.o)
                0x000087c4                hpi_sleep
 .text.i2c_scb_read.constprop.0
                0x000087f4       0x70 .\lib\ccg4_dualport\libccgx_hpi.a(i2c.o)
 .text.i2c_slave_ack_ctrl
                0x00008864       0x2c .\lib\ccg4_dualport\libccgx_hpi.a(i2c.o)
                0x00008864                i2c_slave_ack_ctrl
 .text.i2c_reset
                0x00008890       0x60 .\lib\ccg4_dualport\libccgx_hpi.a(i2c.o)
                0x00008890                i2c_reset
 .text.i2c_scb_intr_handler
                0x000088f0      0x260 .\lib\ccg4_dualport\libccgx_hpi.a(i2c.o)
 .text.i2c_scb_3_intr_handler
                0x00008b50        0xa .\lib\ccg4_dualport\libccgx_hpi.a(i2c.o)
 .text.i2c_scb_2_intr_handler
                0x00008b5a        0xa .\lib\ccg4_dualport\libccgx_hpi.a(i2c.o)
 .text.i2c_scb_1_intr_handler
                0x00008b64        0xa .\lib\ccg4_dualport\libccgx_hpi.a(i2c.o)
 .text.i2c_scb_0_intr_handler
                0x00008b6e        0xa .\lib\ccg4_dualport\libccgx_hpi.a(i2c.o)
 .text.i2c_timer_cb
                0x00008b78       0x28 .\lib\ccg4_dualport\libccgx_hpi.a(i2c.o)
 .text.i2c_scb_is_idle
                0x00008ba0       0x2c .\lib\ccg4_dualport\libccgx_hpi.a(i2c.o)
                0x00008ba0                i2c_scb_is_idle
 .text.i2c_scb_enable_wakeup
                0x00008bcc       0x1c .\lib\ccg4_dualport\libccgx_hpi.a(i2c.o)
                0x00008bcc                i2c_scb_enable_wakeup
 .text.i2c_scb_init
                0x00008be8      0x148 .\lib\ccg4_dualport\libccgx_hpi.a(i2c.o)
                0x00008be8                i2c_scb_init
 .text.i2c_scb_write
                0x00008d30       0x4c .\lib\ccg4_dualport\libccgx_hpi.a(i2c.o)
                0x00008d30                i2c_scb_write
 .text.do_nothing
                0x00008d7c        0x2 .\lib\ccg4_dualport\libccgx_pd.a(pd_policy_engine.o)
 .text.gn_ams_ready__entry
                0x00008d7e        0x2 .\lib\ccg4_dualport\libccgx_pd.a(pd_policy_engine.o)
 .text.gn_ams_ready__timeout
                0x00008d80        0x2 .\lib\ccg4_dualport\libccgx_pd.a(pd_policy_engine.o)
 .text.gn_ams_ready__fr_signal_rcvd
                0x00008d82        0x2 .\lib\ccg4_dualport\libccgx_pd.a(pd_policy_engine.o)
 .text.gn_ams_reject__fr_signal_rcvd
                0x00008d84        0x2 .\lib\ccg4_dualport\libccgx_pd.a(pd_policy_engine.o)
 .text.gn_ams_send_sr_sp_dp__fr_signal_rcvd
                0x00008d86        0x2 .\lib\ccg4_dualport\libccgx_pd.a(pd_policy_engine.o)
 .text.gn_ams_send_cbl_reset__fr_signal_rcvd
                0x00008d88        0x2 .\lib\ccg4_dualport\libccgx_pd.a(pd_policy_engine.o)
 .text.gn_ams_eval_vdm__fr_signal_rcvd
                0x00008d8a        0x2 .\lib\ccg4_dualport\libccgx_pd.a(pd_policy_engine.o)
 .text.gn_ams_send_vdm__fr_signal_rcvd
                0x00008d8c        0x2 .\lib\ccg4_dualport\libccgx_pd.a(pd_policy_engine.o)
 .text.pe_dpm_cmd_clear
                0x00008d8e       0x14 .\lib\ccg4_dualport\libccgx_pd.a(pd_policy_engine.o)
 *fill*         0x00008da2        0x2 
 .text.vs_ams_eval_vconn_swap__entry
                0x00008da4       0x1c .\lib\ccg4_dualport\libccgx_pd.a(pd_policy_engine.o)
 .text.check_vconn_swap_required
                0x00008dc0       0x94 .\lib\ccg4_dualport\libccgx_pd.a(pd_policy_engine.o)
 .text.dr_ams_eval_dr_swap__entry
                0x00008e54       0x1c .\lib\ccg4_dualport\libccgx_pd.a(pd_policy_engine.o)
 .text.pr_ams_eval_pr_swap__entry
                0x00008e70       0x1c .\lib\ccg4_dualport\libccgx_pd.a(pd_policy_engine.o)
 .text.src_ams_neg_cap__entry
                0x00008e8c       0x30 .\lib\ccg4_dualport\libccgx_pd.a(pd_policy_engine.o)
 .text.pe_dpm_cmd_response
                0x00008ebc       0x68 .\lib\ccg4_dualport\libccgx_pd.a(pd_policy_engine.o)
 .text.pe_ams__dpm_cmd_unexpected
                0x00008f24        0xc .\lib\ccg4_dualport\libccgx_pd.a(pd_policy_engine.o)
 .text.src_ams_pd_connected
                0x00008f30       0x40 .\lib\ccg4_dualport\libccgx_pd.a(pd_policy_engine.o)
 .text.pe_ams_send_hr
                0x00008f70       0x4a .\lib\ccg4_dualport\libccgx_pd.a(pd_policy_engine.o)
 *fill*         0x00008fba        0x2 
 .text.snk_ams_snk_trans_snk__timeout
                0x00008fbc       0x48 .\lib\ccg4_dualport\libccgx_pd.a(pd_policy_engine.o)
 .text.snk_ams_snk_sel_cap__timeout
                0x00009004       0x1e .\lib\ccg4_dualport\libccgx_pd.a(pd_policy_engine.o)
 .text.src_ams_src_send_cap__timeout
                0x00009022       0x1e .\lib\ccg4_dualport\libccgx_pd.a(pd_policy_engine.o)
 .text.sr_ams_send_sr__timeout
                0x00009040       0x28 .\lib\ccg4_dualport\libccgx_pd.a(pd_policy_engine.o)
 .text.sr_ams_send_sr__tx_fail
                0x00009068       0x14 .\lib\ccg4_dualport\libccgx_pd.a(pd_policy_engine.o)
 .text.sr_ams_send_sr__tx_discarded
                0x0000907c       0x14 .\lib\ccg4_dualport\libccgx_pd.a(pd_policy_engine.o)
 .text.pe_ams__hr_rcvd
                0x00009090       0x5a .\lib\ccg4_dualport\libccgx_pd.a(pd_policy_engine.o)
 *fill*         0x000090ea        0x2 
 .text.gn_ams_eval_vdm__entry
                0x000090ec       0x54 .\lib\ccg4_dualport\libccgx_pd.a(pd_policy_engine.o)
 .text.gn_ams_send_sr_sp_dp__tx_success
                0x00009140       0x34 .\lib\ccg4_dualport\libccgx_pd.a(pd_policy_engine.o)
 .text.gn_ams_get_resp__tx_success
                0x00009174       0x20 .\lib\ccg4_dualport\libccgx_pd.a(pd_policy_engine.o)
 .text.vs_ams_turn_off_vconn__entry
                0x00009194       0x14 .\lib\ccg4_dualport\libccgx_pd.a(pd_policy_engine.o)
 .text.vs_ams_turn_on_vconn__entry
                0x000091a8       0x2c .\lib\ccg4_dualport\libccgx_pd.a(pd_policy_engine.o)
 .text.vs_ams_send_vconn_swap__tx_success
                0x000091d4       0x20 .\lib\ccg4_dualport\libccgx_pd.a(pd_policy_engine.o)
 .text.dr_ams_send_dr_swap__tx_success
                0x000091f4       0x20 .\lib\ccg4_dualport\libccgx_pd.a(pd_policy_engine.o)
 .text.pr_ams_snk_src_wait_ps_rdy__entry
                0x00009214       0x34 .\lib\ccg4_dualport\libccgx_pd.a(pd_policy_engine.o)
 .text.pr_ams_src_snk_wait_ps_rdy__entry
                0x00009248       0x14 .\lib\ccg4_dualport\libccgx_pd.a(pd_policy_engine.o)
 .text.pr_ams_src_snk_remove_vbus__entry
                0x0000925c       0x30 .\lib\ccg4_dualport\libccgx_pd.a(pd_policy_engine.o)
 .text.pr_ams_src_snk_trans__entry
                0x0000928c       0x14 .\lib\ccg4_dualport\libccgx_pd.a(pd_policy_engine.o)
 .text.pr_ams_send_pr_swap__tx_success
                0x000092a0       0x20 .\lib\ccg4_dualport\libccgx_pd.a(pd_policy_engine.o)
 .text.snk_ams_snk_trans_snk__entry
                0x000092c0      0x174 .\lib\ccg4_dualport\libccgx_pd.a(pd_policy_engine.o)
 .text.snk_ams_snk_sel_cap__entry
                0x00009434       0x14 .\lib\ccg4_dualport\libccgx_pd.a(pd_policy_engine.o)
 .text.snk_ams_snk_wait_for_cap__entry
                0x00009448       0x14 .\lib\ccg4_dualport\libccgx_pd.a(pd_policy_engine.o)
 .text.src_ams_send_ps_rdy__entry
                0x0000945c      0x124 .\lib\ccg4_dualport\libccgx_pd.a(pd_policy_engine.o)
 .text.src_ams_trans_supply__tx_success
                0x00009580       0x24 .\lib\ccg4_dualport\libccgx_pd.a(pd_policy_engine.o)
 .text.src_ams_src_send_cap__tx_success
                0x000095a4       0x1c .\lib\ccg4_dualport\libccgx_pd.a(pd_policy_engine.o)
 .text.src_ams_src_snd_cbl_dscid__tx_success
                0x000095c0       0x14 .\lib\ccg4_dualport\libccgx_pd.a(pd_policy_engine.o)
 .text.src_ams_src_send_cbl_sr__tx_success
                0x000095d4       0x14 .\lib\ccg4_dualport\libccgx_pd.a(pd_policy_engine.o)
 .text.sr_ams_send_sr__tx_success
                0x000095e8       0x50 .\lib\ccg4_dualport\libccgx_pd.a(pd_policy_engine.o)
 .text.hr_ams_src_apply_vbus__entry
                0x00009638       0x50 .\lib\ccg4_dualport\libccgx_pd.a(pd_policy_engine.o)
 .text.hr_ams_src_recover__entry
                0x00009688       0x18 .\lib\ccg4_dualport\libccgx_pd.a(pd_policy_engine.o)
 .text.vs_cbk   0x000096a0       0x7c .\lib\ccg4_dualport\libccgx_pd.a(pd_policy_engine.o)
 .text.pe_tmr_cbk
                0x0000971c       0x24 .\lib\ccg4_dualport\libccgx_pd.a(pd_policy_engine.o)
 .text.pe_vdm_resp_cbk
                0x00009740       0x28 .\lib\ccg4_dualport\libccgx_pd.a(pd_policy_engine.o)
 .text.gn_ams_send_sr_sp_dp__timeout
                0x00009768       0x34 .\lib\ccg4_dualport\libccgx_pd.a(pd_policy_engine.o)
 .text.gn_ams_jump_to_ready
                0x0000979c       0x18 .\lib\ccg4_dualport\libccgx_pd.a(pd_policy_engine.o)
 .text.gn_ams_send_vdm__timeout
                0x000097b4       0x28 .\lib\ccg4_dualport\libccgx_pd.a(pd_policy_engine.o)
 .text.gn_ams_send_vdm__tx_discarded
                0x000097dc       0x14 .\lib\ccg4_dualport\libccgx_pd.a(pd_policy_engine.o)
 .text.gn_ams_send_cbl_reset__tx_fail
                0x000097f0       0x14 .\lib\ccg4_dualport\libccgx_pd.a(pd_policy_engine.o)
 .text.gn_ams_send_cbl_reset__tx_discarded
                0x00009804       0x14 .\lib\ccg4_dualport\libccgx_pd.a(pd_policy_engine.o)
 .text.gn_ams_send_cbl_reset__tx_success
                0x00009818       0x2e .\lib\ccg4_dualport\libccgx_pd.a(pd_policy_engine.o)
 .text.gn_ams_send_sr_sp_dp__tx_fail
                0x00009846       0x14 .\lib\ccg4_dualport\libccgx_pd.a(pd_policy_engine.o)
 .text.gn_ams_send_sr_sp_dp__tx_discarded
                0x0000985a       0x14 .\lib\ccg4_dualport\libccgx_pd.a(pd_policy_engine.o)
 .text.gn_ams_get_resp__timeout
                0x0000986e       0x28 .\lib\ccg4_dualport\libccgx_pd.a(pd_policy_engine.o)
 .text.gn_ams_get_resp__tx_discarded
                0x00009896       0x14 .\lib\ccg4_dualport\libccgx_pd.a(pd_policy_engine.o)
 .text.jump_to_generic_ams
                0x000098aa       0x20 .\lib\ccg4_dualport\libccgx_pd.a(pd_policy_engine.o)
 .text.vs_ams_vs_swap_fail
                0x000098ca       0x14 .\lib\ccg4_dualport\libccgx_pd.a(pd_policy_engine.o)
 *fill*         0x000098de        0x2 
 .text.vs_ams_turn_on_vconn__tx_success
                0x000098e0       0x50 .\lib\ccg4_dualport\libccgx_pd.a(pd_policy_engine.o)
 .text.vs_ams_send_vconn_swap__timeout
                0x00009930       0x28 .\lib\ccg4_dualport\libccgx_pd.a(pd_policy_engine.o)
 .text.vs_ams_send_vconn_swap__tx_discarded
                0x00009958       0x14 .\lib\ccg4_dualport\libccgx_pd.a(pd_policy_engine.o)
 .text.dr_ams_send_dr_swap__timeout
                0x0000996c       0x28 .\lib\ccg4_dualport\libccgx_pd.a(pd_policy_engine.o)
 .text.dr_ams_send_dr_swap__tx_discarded
                0x00009994       0x14 .\lib\ccg4_dualport\libccgx_pd.a(pd_policy_engine.o)
 .text.pr_ams_send_pr_swap__timeout
                0x000099a8       0x28 .\lib\ccg4_dualport\libccgx_pd.a(pd_policy_engine.o)
 .text.pr_ams_send_pr_swap__tx_discarded
                0x000099d0       0x14 .\lib\ccg4_dualport\libccgx_pd.a(pd_policy_engine.o)
 .text.vs_ams_vs_swap_accepted
                0x000099e4       0x26 .\lib\ccg4_dualport\libccgx_pd.a(pd_policy_engine.o)
 *fill*         0x00009a0a        0x2 
 .text.vs_ams_eval_vconn_swap__tx_success
                0x00009a0c       0x48 .\lib\ccg4_dualport\libccgx_pd.a(pd_policy_engine.o)
 .text.pe_app_resp_cbk
                0x00009a54       0x28 .\lib\ccg4_dualport\libccgx_pd.a(pd_policy_engine.o)
 .text.dr_ams_eval_dr_swap__tx_success
                0x00009a7c       0x50 .\lib\ccg4_dualport\libccgx_pd.a(pd_policy_engine.o)
 .text.pr_ams_snk_src_apply_vbus__tx_success
                0x00009acc       0x58 .\lib\ccg4_dualport\libccgx_pd.a(pd_policy_engine.o)
 .text.pe_pwr_ready_cbk
                0x00009b24        0xa .\lib\ccg4_dualport\libccgx_pd.a(pd_policy_engine.o)
 .text.pr_ams_src_snk_remove_vbus__tx_success
                0x00009b2e       0x16 .\lib\ccg4_dualport\libccgx_pd.a(pd_policy_engine.o)
 .text.pr_ams_src_snk_trans__timeout
                0x00009b44       0x18 .\lib\ccg4_dualport\libccgx_pd.a(pd_policy_engine.o)
 .text.pr_ams_pr_swap_accepted
                0x00009b5c       0x2c .\lib\ccg4_dualport\libccgx_pd.a(pd_policy_engine.o)
 .text.pr_ams_eval_pr_swap__tx_success
                0x00009b88       0x48 .\lib\ccg4_dualport\libccgx_pd.a(pd_policy_engine.o)
 .text.snk_ams_snk_eval_cap__tx_success
                0x00009bd0       0x18 .\lib\ccg4_dualport\libccgx_pd.a(pd_policy_engine.o)
 .text.src_ams_wait_new_cap__dpm_cmd_rcvd
                0x00009be8       0x22 .\lib\ccg4_dualport\libccgx_pd.a(pd_policy_engine.o)
 .text.src_ams_trans_supply__timeout
                0x00009c0a       0x18 .\lib\ccg4_dualport\libccgx_pd.a(pd_policy_engine.o)
 *fill*         0x00009c22        0x2 
 .text.src_ams_discovery__entry
                0x00009c24       0x54 .\lib\ccg4_dualport\libccgx_pd.a(pd_policy_engine.o)
 .text.src_ams_src_send_cbl_sr_cbl_fail
                0x00009c78       0x2c .\lib\ccg4_dualport\libccgx_pd.a(pd_policy_engine.o)
 .text.src_ams_src_send_cbl_sr__timeout
                0x00009ca4       0x1e .\lib\ccg4_dualport\libccgx_pd.a(pd_policy_engine.o)
 *fill*         0x00009cc2        0x2 
 .text.src_ams_src_startup__timeout
                0x00009cc4       0x4c .\lib\ccg4_dualport\libccgx_pd.a(pd_policy_engine.o)
 .text.pe_ams_send_sr
                0x00009d10       0x60 .\lib\ccg4_dualport\libccgx_pd.a(pd_policy_engine.o)
 .text.gn_ams_send_vdm__tx_fail
                0x00009d70       0x2c .\lib\ccg4_dualport\libccgx_pd.a(pd_policy_engine.o)
 .text.gn_ams_get_resp__tx_fail
                0x00009d9c       0x14 .\lib\ccg4_dualport\libccgx_pd.a(pd_policy_engine.o)
 .text.vs_ams_send_vconn_swap__tx_fail
                0x00009db0       0x14 .\lib\ccg4_dualport\libccgx_pd.a(pd_policy_engine.o)
 .text.vs_ams_eval_vconn_swap__tx_discarded
                0x00009dc4        0x8 .\lib\ccg4_dualport\libccgx_pd.a(pd_policy_engine.o)
 .text.dr_ams_send_dr_swap__tx_fail
                0x00009dcc       0x14 .\lib\ccg4_dualport\libccgx_pd.a(pd_policy_engine.o)
 .text.pr_ams_send_pr_swap__tx_fail
                0x00009de0       0x14 .\lib\ccg4_dualport\libccgx_pd.a(pd_policy_engine.o)
 .text.snk_ams_snk_eval_cap__tx_discarded
                0x00009df4       0x22 .\lib\ccg4_dualport\libccgx_pd.a(pd_policy_engine.o)
 .text.src_ams_trans_supply__tx_fail
                0x00009e16       0x14 .\lib\ccg4_dualport\libccgx_pd.a(pd_policy_engine.o)
 .text.src_ams_trans_supply__tx_discarded
                0x00009e2a       0x14 .\lib\ccg4_dualport\libccgx_pd.a(pd_policy_engine.o)
 *fill*         0x00009e3e        0x2 
 .text.gn_ams_ready__dpm_cmd_rcvd
                0x00009e40       0xec .\lib\ccg4_dualport\libccgx_pd.a(pd_policy_engine.o)
 .text.src_ams_src_send_cap__tx_failed
                0x00009f2c       0x58 .\lib\ccg4_dualport\libccgx_pd.a(pd_policy_engine.o)
 .text.src_ams_src_send_cap__tx_discarded
                0x00009f84       0x48 .\lib\ccg4_dualport\libccgx_pd.a(pd_policy_engine.o)
 .text.sr_ams_exit
                0x00009fcc       0x3e .\lib\ccg4_dualport\libccgx_pd.a(pd_policy_engine.o)
 .text.sr_ams_rcvd_sr__tx_success
                0x0000a00a        0x8 .\lib\ccg4_dualport\libccgx_pd.a(pd_policy_engine.o)
 *fill*         0x0000a012        0x2 
 .text.pe_ams__sr_rcvd
                0x0000a014       0x54 .\lib\ccg4_dualport\libccgx_pd.a(pd_policy_engine.o)
 .text.hr_ams_hr_reset_complete
                0x0000a068       0x8c .\lib\ccg4_dualport\libccgx_pd.a(pd_policy_engine.o)
 .text.hr_ams_snk_wait_vbus_on__timeout
                0x0000a0f4        0x8 .\lib\ccg4_dualport\libccgx_pd.a(pd_policy_engine.o)
 .text.hr_ams_src_apply_vbus__pwr_rdy
                0x0000a0fc       0x30 .\lib\ccg4_dualport\libccgx_pd.a(pd_policy_engine.o)
 .text.hr_ams_jump_to_snk_wait_vbus_on
                0x0000a12c       0x40 .\lib\ccg4_dualport\libccgx_pd.a(pd_policy_engine.o)
 .text.hr_ams_src_recover__timeout
                0x0000a16c       0x18 .\lib\ccg4_dualport\libccgx_pd.a(pd_policy_engine.o)
 .text.hr_ams_src_tran_to_dflt__pwr_rdy
                0x0000a184       0x2c .\lib\ccg4_dualport\libccgx_pd.a(pd_policy_engine.o)
 .text.hr_ams_send_hr__tx_over
                0x0000a1b0       0x44 .\lib\ccg4_dualport\libccgx_pd.a(pd_policy_engine.o)
 .text.pd_cbk   0x0000a1f4        0x8 .\lib\ccg4_dualport\libccgx_pd.a(pd_policy_engine.o)
 .text.gn_ams_send_vdm__entry
                0x0000a1fc       0x1e .\lib\ccg4_dualport\libccgx_pd.a(pd_policy_engine.o)
 *fill*         0x0000a21a        0x2 
 .text.gn_ams_eval_vdm__vdm_resp_rcvd
                0x0000a21c       0x4c .\lib\ccg4_dualport\libccgx_pd.a(pd_policy_engine.o)
 .text.snk_ams_snk_eval_cap__app_resp_rcvd
                0x0000a268       0x4c .\lib\ccg4_dualport\libccgx_pd.a(pd_policy_engine.o)
 .text.src_ams_src_snd_cbl_dscid__entry
                0x0000a2b4       0x40 .\lib\ccg4_dualport\libccgx_pd.a(pd_policy_engine.o)
 .text.gn_ams_send_cbl_reset__entry
                0x0000a2f4       0x1a .\lib\ccg4_dualport\libccgx_pd.a(pd_policy_engine.o)
 .text.gn_ams_send_sr_sp_dp__entry
                0x0000a30e       0x24 .\lib\ccg4_dualport\libccgx_pd.a(pd_policy_engine.o)
 *fill*         0x0000a332        0x2 
 .text.gn_ams_get_resp__entry
                0x0000a334       0x2c .\lib\ccg4_dualport\libccgx_pd.a(pd_policy_engine.o)
 .text.gn_ams_reject__entry
                0x0000a360        0xc .\lib\ccg4_dualport\libccgx_pd.a(pd_policy_engine.o)
 .text.vs_ams_send_vconn_swap__entry
                0x0000a36c        0xc .\lib\ccg4_dualport\libccgx_pd.a(pd_policy_engine.o)
 .text.vs_ams_eval_vconn__app_resp_rcvd
                0x0000a378       0x3c .\lib\ccg4_dualport\libccgx_pd.a(pd_policy_engine.o)
 .text.dr_ams_send_dr_swap__entry
                0x0000a3b4        0xc .\lib\ccg4_dualport\libccgx_pd.a(pd_policy_engine.o)
 .text.dr_ams_eval_dr_swap__app_resp_rcvd
                0x0000a3c0       0x4c .\lib\ccg4_dualport\libccgx_pd.a(pd_policy_engine.o)
 .text.pr_ams_snk_src_apply_vbus__pwr_rdy
                0x0000a40c       0x20 .\lib\ccg4_dualport\libccgx_pd.a(pd_policy_engine.o)
 .text.pr_ams_send_pr_swap__entry
                0x0000a42c        0xc .\lib\ccg4_dualport\libccgx_pd.a(pd_policy_engine.o)
 .text.pr_ams_eval_pr_swap__app_resp_rcvd
                0x0000a438       0xe0 .\lib\ccg4_dualport\libccgx_pd.a(pd_policy_engine.o)
 .text.src_ams_send_ps_rdy__pwr_rdy
                0x0000a518       0x20 .\lib\ccg4_dualport\libccgx_pd.a(pd_policy_engine.o)
 .text.src_ams_trans_supply__entry
                0x0000a538       0x38 .\lib\ccg4_dualport\libccgx_pd.a(pd_policy_engine.o)
 .text.src_ams_neg_cap__app_resp_rcvd
                0x0000a570       0x3c .\lib\ccg4_dualport\libccgx_pd.a(pd_policy_engine.o)
 .text.src_ams_src_send_cbl_sr__entry
                0x0000a5ac       0x16 .\lib\ccg4_dualport\libccgx_pd.a(pd_policy_engine.o)
 .text.sr_ams_rcvd_sr__entry
                0x0000a5c2       0x16 .\lib\ccg4_dualport\libccgx_pd.a(pd_policy_engine.o)
 .text.sr_ams_send_sr__entry
                0x0000a5d8       0x1e .\lib\ccg4_dualport\libccgx_pd.a(pd_policy_engine.o)
 .text.gn_ams_give_snk_cap__entry
                0x0000a5f6       0x28 .\lib\ccg4_dualport\libccgx_pd.a(pd_policy_engine.o)
 *fill*         0x0000a61e        0x2 
 .text.snk_ams_snk_eval_cap__entry
                0x0000a620       0x40 .\lib\ccg4_dualport\libccgx_pd.a(pd_policy_engine.o)
 .text.gn_ams_give_src_cap__entry
                0x0000a660       0x28 .\lib\ccg4_dualport\libccgx_pd.a(pd_policy_engine.o)
 .text.src_ams_src_send_cap__entry
                0x0000a688       0x28 .\lib\ccg4_dualport\libccgx_pd.a(pd_policy_engine.o)
 .text.src_ams_src_snd_cbl_dscid__exit
                0x0000a6b0       0x40 .\lib\ccg4_dualport\libccgx_pd.a(pd_policy_engine.o)
 .text.dr_ams_chng_data_role__entry
                0x0000a6f0       0x88 .\lib\ccg4_dualport\libccgx_pd.a(pd_policy_engine.o)
 .text.pr_ams_snk_src_apply_vbus__entry
                0x0000a778       0x78 .\lib\ccg4_dualport\libccgx_pd.a(pd_policy_engine.o)
 .text.pr_ams_src_snk_remove_vbus__pwr_rdy
                0x0000a7f0       0x68 .\lib\ccg4_dualport\libccgx_pd.a(pd_policy_engine.o)
 .text.pe_ams_pe_disabled
                0x0000a858       0x46 .\lib\ccg4_dualport\libccgx_pd.a(pd_policy_engine.o)
 *fill*         0x0000a89e        0x2 
 .text.src_ams_discovery__timeout
                0x0000a8a0       0x3c .\lib\ccg4_dualport\libccgx_pd.a(pd_policy_engine.o)
 .text.snk_ams_snk_startup__entry
                0x0000a8dc       0x54 .\lib\ccg4_dualport\libccgx_pd.a(pd_policy_engine.o)
 .text.src_ams_send_ps_rdy__tx_success
                0x0000a930       0xa4 .\lib\ccg4_dualport\libccgx_pd.a(pd_policy_engine.o)
 .text.src_ams_neg_cap__tx_success
                0x0000a9d4       0x98 .\lib\ccg4_dualport\libccgx_pd.a(pd_policy_engine.o)
 .text.bcm2_ams_enabled__timeout
                0x0000aa6c       0x10 .\lib\ccg4_dualport\libccgx_pd.a(pd_policy_engine.o)
 .text.bcm2_ams_enabled__entry
                0x0000aa7c       0x24 .\lib\ccg4_dualport\libccgx_pd.a(pd_policy_engine.o)
 .text.btd_ams_enabled__entry
                0x0000aaa0        0x8 .\lib\ccg4_dualport\libccgx_pd.a(pd_policy_engine.o)
 .text.pe_ams_reset_flags_on_hr
                0x0000aaa8       0x54 .\lib\ccg4_dualport\libccgx_pd.a(pd_policy_engine.o)
 .text.pe_ams_reset_on_hr
                0x0000aafc       0x44 .\lib\ccg4_dualport\libccgx_pd.a(pd_policy_engine.o)
 .text.hr_ams_snk_tran_to_dflt__entry
                0x0000ab40       0x68 .\lib\ccg4_dualport\libccgx_pd.a(pd_policy_engine.o)
 .text.hr_ams_src_tran_to_dflt__entry
                0x0000aba8       0x34 .\lib\ccg4_dualport\libccgx_pd.a(pd_policy_engine.o)
 .text.pe_reset_flags
                0x0000abdc       0x74 .\lib\ccg4_dualport\libccgx_pd.a(pd_policy_engine.o)
 .text.gn_ams_send_vdm__tx_success
                0x0000ac50       0x40 .\lib\ccg4_dualport\libccgx_pd.a(pd_policy_engine.o)
 .text.vs_ams_turn_on_vconn__timeout
                0x0000ac90       0x2a .\lib\ccg4_dualport\libccgx_pd.a(pd_policy_engine.o)
 .text.hr_ams_snk_wait_vbus_on__entry
                0x0000acba       0x4e .\lib\ccg4_dualport\libccgx_pd.a(pd_policy_engine.o)
 .text.src_ams_src_startup__entry
                0x0000ad08       0x90 .\lib\ccg4_dualport\libccgx_pd.a(pd_policy_engine.o)
 .text.pe_init  0x0000ad98       0x20 .\lib\ccg4_dualport\libccgx_pd.a(pd_policy_engine.o)
                0x0000ad98                pe_init
 .text.pe_start
                0x0000adb8       0x40 .\lib\ccg4_dualport\libccgx_pd.a(pd_policy_engine.o)
                0x0000adb8                pe_start
 .text.pe_stop  0x0000adf8       0x14 .\lib\ccg4_dualport\libccgx_pd.a(pd_policy_engine.o)
                0x0000adf8                pe_stop
 .text.pe_ams_err_recovery
                0x0000ae0c       0x38 .\lib\ccg4_dualport\libccgx_pd.a(pd_policy_engine.o)
 .text.gn_ams_get_resp__fr_signal_rcvd
                0x0000ae44        0x8 .\lib\ccg4_dualport\libccgx_pd.a(pd_policy_engine.o)
 .text.gn_ams_give_snk_cap__fr_signal_rcvd
                0x0000ae4c        0x8 .\lib\ccg4_dualport\libccgx_pd.a(pd_policy_engine.o)
 .text.gn_ams_give_src_cap__fr_signal_rcvd
                0x0000ae54        0x8 .\lib\ccg4_dualport\libccgx_pd.a(pd_policy_engine.o)
 .text.pr_ams_snk_src_apply_vbus__timeout
                0x0000ae5c        0x8 .\lib\ccg4_dualport\libccgx_pd.a(pd_policy_engine.o)
 .text.pr_ams_src_snk_remove_vbus__timeout
                0x0000ae64        0x8 .\lib\ccg4_dualport\libccgx_pd.a(pd_policy_engine.o)
 .text.src_ams_send_ps_rdy__timeout
                0x0000ae6c       0x44 .\lib\ccg4_dualport\libccgx_pd.a(pd_policy_engine.o)
 .text.hr_ams_snk_wait_vbus_off__timeout
                0x0000aeb0       0x42 .\lib\ccg4_dualport\libccgx_pd.a(pd_policy_engine.o)
 .text.hr_ams_snk_wait_vbus_off__entry
                0x0000aef2       0x40 .\lib\ccg4_dualport\libccgx_pd.a(pd_policy_engine.o)
 .text.hr_ams_src_apply_vbus__timeout
                0x0000af32        0x8 .\lib\ccg4_dualport\libccgx_pd.a(pd_policy_engine.o)
 *fill*         0x0000af3a        0x2 
 .text.hr_ams_src_tran_to_dflt__timeout
                0x0000af3c       0x54 .\lib\ccg4_dualport\libccgx_pd.a(pd_policy_engine.o)
 .text.hr_ams_send_hr__entry
                0x0000af90       0x78 .\lib\ccg4_dualport\libccgx_pd.a(pd_policy_engine.o)
 .text.pe_is_busy
                0x0000b008       0x4e .\lib\ccg4_dualport\libccgx_pd.a(pd_policy_engine.o)
                0x0000b008                pe_is_busy
 *fill*         0x0000b056        0x2 
 .text.pd_is_msg
                0x0000b058       0x74 .\lib\ccg4_dualport\libccgx_pd.a(pd_policy_engine.o)
                0x0000b058                pd_is_msg
 .text.gn_ams_get_resp__pkt_rcvd
                0x0000b0cc      0x114 .\lib\ccg4_dualport\libccgx_pd.a(pd_policy_engine.o)
 .text.gn_ams_pkt_rcvd
                0x0000b1e0      0x250 .\lib\ccg4_dualport\libccgx_pd.a(pd_policy_engine.o)
 .text.gn_ams_send_cbl_reset__pkt_rcvd
                0x0000b430       0x14 .\lib\ccg4_dualport\libccgx_pd.a(pd_policy_engine.o)
 .text.gn_ams_ready__pkt_rcvd
                0x0000b444        0x8 .\lib\ccg4_dualport\libccgx_pd.a(pd_policy_engine.o)
 .text.gn_ams_send_vdm__pkt_rcvd
                0x0000b44c       0x6c .\lib\ccg4_dualport\libccgx_pd.a(pd_policy_engine.o)
 .text.gn_ams_send_sr_sp_dp__pkt_rcvd
                0x0000b4b8       0x64 .\lib\ccg4_dualport\libccgx_pd.a(pd_policy_engine.o)
 .text.vs_ams_turn_off_vconn__pkt_rcvd
                0x0000b51c       0x98 .\lib\ccg4_dualport\libccgx_pd.a(pd_policy_engine.o)
 .text.vs_ams_send_vconn_swap__pkt_rcvd
                0x0000b5b4       0x80 .\lib\ccg4_dualport\libccgx_pd.a(pd_policy_engine.o)
 .text.dr_ams_send_dr_swap__pkt_rcvd
                0x0000b634       0x8c .\lib\ccg4_dualport\libccgx_pd.a(pd_policy_engine.o)
 .text.pr_ams_snk_src_wait_ps_rdy__pkt_rcvd
                0x0000b6c0       0x68 .\lib\ccg4_dualport\libccgx_pd.a(pd_policy_engine.o)
 .text.pr_ams_send_pr_swap__pkt_rcvd
                0x0000b728       0x88 .\lib\ccg4_dualport\libccgx_pd.a(pd_policy_engine.o)
 .text.snk_ams_snk_trans_snk__pkt_rcvd
                0x0000b7b0      0x104 .\lib\ccg4_dualport\libccgx_pd.a(pd_policy_engine.o)
 .text.snk_ams_snk_sel_cap__pkt_rcvd
                0x0000b8b4       0xc8 .\lib\ccg4_dualport\libccgx_pd.a(pd_policy_engine.o)
 .text.snk_ams_snk_wait_for_cap__pkt_rcvd
                0x0000b97c       0x78 .\lib\ccg4_dualport\libccgx_pd.a(pd_policy_engine.o)
 .text.src_ams_discovery__pkt_rcvd
                0x0000b9f4       0x50 .\lib\ccg4_dualport\libccgx_pd.a(pd_policy_engine.o)
 .text.src_ams_src_send_cap__pkt_rcvd
                0x0000ba44       0x54 .\lib\ccg4_dualport\libccgx_pd.a(pd_policy_engine.o)
 .text.validate_n_store_cbl_vdo
                0x0000ba98       0x8a .\lib\ccg4_dualport\libccgx_pd.a(pd_policy_engine.o)
 *fill*         0x0000bb22        0x2 
 .text.src_ams_src_snd_cbl_dscid__pkt_rcvd
                0x0000bb24       0x20 .\lib\ccg4_dualport\libccgx_pd.a(pd_policy_engine.o)
 .text.cbl_cbk  0x0000bb44      0x10c .\lib\ccg4_dualport\libccgx_pd.a(pd_policy_engine.o)
 .text.src_ams_src_send_cbl_sr__pkt_rcvd
                0x0000bc50       0x54 .\lib\ccg4_dualport\libccgx_pd.a(pd_policy_engine.o)
 .text.sr_ams_send_sr__pkt_rcvd
                0x0000bca4       0x44 .\lib\ccg4_dualport\libccgx_pd.a(pd_policy_engine.o)
 .text.pr_ams_src_snk_wait_ps_rdy__pkt_rcvd
                0x0000bce8       0x88 .\lib\ccg4_dualport\libccgx_pd.a(pd_policy_engine.o)
 .text.pe_fsm   0x0000bd70      0x3a8 .\lib\ccg4_dualport\libccgx_pd.a(pd_policy_engine.o)
                0x0000bd70                pe_fsm
 .text.analyze_rx
                0x0000c118      0x160 .\lib\ccg4_dualport\libccgx_pd.a(pd_protocol.o)
 .text.pd_prot_init
                0x0000c278       0x2c .\lib\ccg4_dualport\libccgx_pd.a(pd_protocol.o)
                0x0000c278                pd_prot_init
 .text.pd_prot_start
                0x0000c2a4       0x20 .\lib\ccg4_dualport\libccgx_pd.a(pd_protocol.o)
                0x0000c2a4                pd_prot_start
 .text.pd_prot_refresh_roles
                0x0000c2c4       0x12 .\lib\ccg4_dualport\libccgx_pd.a(pd_protocol.o)
                0x0000c2c4                pd_prot_refresh_roles
 *fill*         0x0000c2d6        0x2 
 .text.pd_prot_reset
                0x0000c2d8       0x2c .\lib\ccg4_dualport\libccgx_pd.a(pd_protocol.o)
                0x0000c2d8                pd_prot_reset
 .text.pd_prot_reset_all
                0x0000c304       0x4c .\lib\ccg4_dualport\libccgx_pd.a(pd_protocol.o)
                0x0000c304                pd_prot_reset_all
 .text.pd_prot_reset_rx
                0x0000c350       0x24 .\lib\ccg4_dualport\libccgx_pd.a(pd_protocol.o)
                0x0000c350                pd_prot_reset_rx
 .text.pd_prot_is_busy
                0x0000c374       0x48 .\lib\ccg4_dualport\libccgx_pd.a(pd_protocol.o)
                0x0000c374                pd_prot_is_busy
 .text.tx_msg_over
                0x0000c3bc       0x68 .\lib\ccg4_dualport\libccgx_pd.a(pd_protocol.o)
                0x0000c3bc                tx_msg_over
 .text.check_collision
                0x0000c424       0x3c .\lib\ccg4_dualport\libccgx_pd.a(pd_protocol.o)
                0x0000c424                check_collision
 .text.phy_cbk  0x0000c460      0x1cc .\lib\ccg4_dualport\libccgx_pd.a(pd_protocol.o)
 .text.prl_tmr_cbk
                0x0000c62c       0x74 .\lib\ccg4_dualport\libccgx_pd.a(pd_protocol.o)
 .text.pd_send_msg
                0x0000c6a0      0x128 .\lib\ccg4_dualport\libccgx_pd.a(pd_protocol.o)
                0x0000c6a0                pd_send_msg
 .text.pd_register_msg
                0x0000c7c8       0x58 .\lib\ccg4_dualport\libccgx_pd.a(pd_protocol.o)
                0x0000c7c8                pd_register_msg
 .text.pd_prot_send_ctrl_msg
                0x0000c820       0x14 .\lib\ccg4_dualport\libccgx_pd.a(pd_protocol.o)
                0x0000c820                pd_prot_send_ctrl_msg
 .text.pd_prot_send_data_msg
                0x0000c834       0x1a .\lib\ccg4_dualport\libccgx_pd.a(pd_protocol.o)
                0x0000c834                pd_prot_send_data_msg
 *fill*         0x0000c84e        0x2 
 .text.pd_prot_send_hard_reset
                0x0000c850       0x80 .\lib\ccg4_dualport\libccgx_pd.a(pd_protocol.o)
                0x0000c850                pd_prot_send_hard_reset
 .text.pd_prot_send_cable_reset
                0x0000c8d0       0x58 .\lib\ccg4_dualport\libccgx_pd.a(pd_protocol.o)
                0x0000c8d0                pd_prot_send_cable_reset
 .text.pd_prot_en_bist_cm2
                0x0000c928        0x8 .\lib\ccg4_dualport\libccgx_pd.a(pd_protocol.o)
                0x0000c928                pd_prot_en_bist_cm2
 .text.pd_prot_dis_bist_cm2
                0x0000c930        0x8 .\lib\ccg4_dualport\libccgx_pd.a(pd_protocol.o)
                0x0000c930                pd_prot_dis_bist_cm2
 .text.pd_prot_en_bist_test_data
                0x0000c938       0x24 .\lib\ccg4_dualport\libccgx_pd.a(pd_protocol.o)
                0x0000c938                pd_prot_en_bist_test_data
 .text.pd_prot_dis_bist_test_data
                0x0000c95c       0x20 .\lib\ccg4_dualport\libccgx_pd.a(pd_protocol.o)
                0x0000c95c                pd_prot_dis_bist_test_data
 .text.pd_prot_get_rx_packet
                0x0000c97c       0x14 .\lib\ccg4_dualport\libccgx_pd.a(pd_protocol.o)
                0x0000c97c                pd_prot_get_rx_packet
 .text.typec_do_nothing
                0x0000c990        0x2 .\lib\ccg4_dualport\libccgx_pd.a(typec_manager.o)
 *fill*         0x0000c992        0x2 
 .text.typec_debounce_reset
                0x0000c994       0x68 .\lib\ccg4_dualport\libccgx_pd.a(typec_manager.o)
 .text.typec_is_connection_detected
                0x0000c9fc       0x76 .\lib\ccg4_dualport\libccgx_pd.a(typec_manager.o)
 .text.typec_gn_fsm_dpm_resp
                0x0000ca72       0x2c .\lib\ccg4_dualport\libccgx_pd.a(typec_manager.o)
 .text.typec_gn_fsm_attached_snk_detach_transition
                0x0000ca9e       0x2a .\lib\ccg4_dualport\libccgx_pd.a(typec_manager.o)
 .text.typec_gn_fsm_attached_snk__pwr_rdy
                0x0000cac8       0x1a .\lib\ccg4_dualport\libccgx_pd.a(typec_manager.o)
 .text.typec_gn_fsm_attached_snk__timeout
                0x0000cae2        0x8 .\lib\ccg4_dualport\libccgx_pd.a(typec_manager.o)
 .text.typec_pwr_ready_cbk
                0x0000caea        0xa .\lib\ccg4_dualport\libccgx_pd.a(typec_manager.o)
 .text.typec_tmr_cbk
                0x0000caf4       0x20 .\lib\ccg4_dualport\libccgx_pd.a(typec_manager.o)
 .text.typec_gn_fsm_src_detach
                0x0000cb14       0x38 .\lib\ccg4_dualport\libccgx_pd.a(typec_manager.o)
 .text.typec_gn_fsm_attached_src__timeout
                0x0000cb4c       0x3c .\lib\ccg4_dualport\libccgx_pd.a(typec_manager.o)
 .text.typec_gn_fsm_acc_detach
                0x0000cb88       0x46 .\lib\ccg4_dualport\libccgx_pd.a(typec_manager.o)
 .text.typec_gn_fsm_unattached_snk__timeout
                0x0000cbce       0x22 .\lib\ccg4_dualport\libccgx_pd.a(typec_manager.o)
 .text.typec_gn_fsm_unattached_src__timeout
                0x0000cbf0       0x22 .\lib\ccg4_dualport\libccgx_pd.a(typec_manager.o)
 .text.typec_gn_fsm_try_src__timeout
                0x0000cc12       0x32 .\lib\ccg4_dualport\libccgx_pd.a(typec_manager.o)
 .text.typec_gn_fsm_err_recov_trans
                0x0000cc44       0x2a .\lib\ccg4_dualport\libccgx_pd.a(typec_manager.o)
 .text.typec_gn_fsm_attach_evt
                0x0000cc6e      0x11a .\lib\ccg4_dualport\libccgx_pd.a(typec_manager.o)
 .text.typec_gn_fsm_err_recov
                0x0000cd88       0x22 .\lib\ccg4_dualport\libccgx_pd.a(typec_manager.o)
 .text.typec_gn_fsm_detach
                0x0000cdaa       0x2e .\lib\ccg4_dualport\libccgx_pd.a(typec_manager.o)
 .text.typec_gn_fsm_attached_snk__detach
                0x0000cdd8       0x50 .\lib\ccg4_dualport\libccgx_pd.a(typec_manager.o)
 .text.typec_gn_fsm_attach
                0x0000ce28       0x4a .\lib\ccg4_dualport\libccgx_pd.a(typec_manager.o)
 .text.typec_gn_fsm_attached_snk__entry
                0x0000ce72       0x34 .\lib\ccg4_dualport\libccgx_pd.a(typec_manager.o)
 *fill*         0x0000cea6        0x2 
 .text.typec_gn_fsm_attached_src__pwr_rdy
                0x0000cea8       0x34 .\lib\ccg4_dualport\libccgx_pd.a(typec_manager.o)
 .text.typec_gn_fsm_attached_src__detach
                0x0000cedc       0x88 .\lib\ccg4_dualport\libccgx_pd.a(typec_manager.o)
 .text.typec_gn_fsm_attached_src__entry
                0x0000cf64       0x70 .\lib\ccg4_dualport\libccgx_pd.a(typec_manager.o)
 .text.debounce
                0x0000cfd4       0xb8 .\lib\ccg4_dualport\libccgx_pd.a(typec_manager.o)
 .text.typec_init
                0x0000d08c       0x10 .\lib\ccg4_dualport\libccgx_pd.a(typec_manager.o)
                0x0000d08c                typec_init
 .text.typec_start
                0x0000d09c       0x96 .\lib\ccg4_dualport\libccgx_pd.a(typec_manager.o)
                0x0000d09c                typec_start
 .text.typec_gn_fsm_err_recov_cmplt__timeout
                0x0000d132        0x8 .\lib\ccg4_dualport\libccgx_pd.a(typec_manager.o)
 *fill*         0x0000d13a        0x2 
 .text.typec_is_busy
                0x0000d13c       0x78 .\lib\ccg4_dualport\libccgx_pd.a(typec_manager.o)
                0x0000d13c                typec_is_busy
 .text.typec_sync_toggle
                0x0000d1b4       0x94 .\lib\ccg4_dualport\libccgx_pd.a(typec_manager.o)
                0x0000d1b4                typec_sync_toggle
 .text.typec_deepsleep
                0x0000d248        0x8 .\lib\ccg4_dualport\libccgx_pd.a(typec_manager.o)
                0x0000d248                typec_deepsleep
 .text.typec_wakeup
                0x0000d250        0x8 .\lib\ccg4_dualport\libccgx_pd.a(typec_manager.o)
                0x0000d250                typec_wakeup
 .text.typec_change_rp
                0x0000d258       0x44 .\lib\ccg4_dualport\libccgx_pd.a(typec_manager.o)
                0x0000d258                typec_change_rp
 .text.typec_gn_fsm_acc_attach
                0x0000d29c       0x58 .\lib\ccg4_dualport\libccgx_pd.a(typec_manager.o)
 .text.typec_gn_fsm_dbg_acc__entry
                0x0000d2f4        0x8 .\lib\ccg4_dualport\libccgx_pd.a(typec_manager.o)
 .text.typec_gn_fsm_aud_acc__entry
                0x0000d2fc        0x8 .\lib\ccg4_dualport\libccgx_pd.a(typec_manager.o)
 .text.typec_gn_fsm_dpm_cmd
                0x0000d304       0x58 .\lib\ccg4_dualport\libccgx_pd.a(typec_manager.o)
 .text.typec_assert_rp
                0x0000d35c       0x30 .\lib\ccg4_dualport\libccgx_pd.a(typec_manager.o)
                0x0000d35c                typec_assert_rp
 .text.typec_assert_rd
                0x0000d38c       0x28 .\lib\ccg4_dualport\libccgx_pd.a(typec_manager.o)
                0x0000d38c                typec_assert_rd
 .text.typec_reset
                0x0000d3b4       0x84 .\lib\ccg4_dualport\libccgx_pd.a(typec_manager.o)
 .text.typec_gn_unattached
                0x0000d438       0xac .\lib\ccg4_dualport\libccgx_pd.a(typec_manager.o)
 .text.typec_gn_fsm_unattached_snk__entry
                0x0000d4e4        0xa .\lib\ccg4_dualport\libccgx_pd.a(typec_manager.o)
 .text.typec_gn_fsm_unattached_src__entry
                0x0000d4ee        0xa .\lib\ccg4_dualport\libccgx_pd.a(typec_manager.o)
 .text.typec_gn_fsm_try_wait_snk__entry
                0x0000d4f8       0x1c .\lib\ccg4_dualport\libccgx_pd.a(typec_manager.o)
 .text.typec_gn_fsm_try_src__entry
                0x0000d514       0x30 .\lib\ccg4_dualport\libccgx_pd.a(typec_manager.o)
 .text.dpm_typec_deassert_rp_rd
                0x0000d544       0x1e .\lib\ccg4_dualport\libccgx_pd.a(typec_manager.o)
                0x0000d544                dpm_typec_deassert_rp_rd
 .text.typec_disable
                0x0000d562       0x3a .\lib\ccg4_dualport\libccgx_pd.a(typec_manager.o)
 .text.typec_gn_fsm_err_recov_cmplt__entry
                0x0000d59c       0x58 .\lib\ccg4_dualport\libccgx_pd.a(typec_manager.o)
 .text.typec_stop
                0x0000d5f4       0x4a .\lib\ccg4_dualport\libccgx_pd.a(typec_manager.o)
                0x0000d5f4                typec_stop
 *fill*         0x0000d63e        0x2 
 .text.typec_gn_fsm_err_recov__entry
                0x0000d640       0xa0 .\lib\ccg4_dualport\libccgx_pd.a(typec_manager.o)
 .text.typec_fsm
                0x0000d6e0      0x3cc .\lib\ccg4_dualport\libccgx_pd.a(typec_manager.o)
                0x0000d6e0                typec_fsm
 .text.dpm_init
                0x0000daac       0x64 .\lib\ccg4_dualport\libccgx_pd.a(dpm.o)
                0x0000daac                dpm_init
 .text.dpm_start
                0x0000db10       0x3c .\lib\ccg4_dualport\libccgx_pd.a(dpm.o)
                0x0000db10                dpm_start
 .text.dpm_stop
                0x0000db4c       0x38 .\lib\ccg4_dualport\libccgx_pd.a(dpm.o)
                0x0000db4c                dpm_stop
 .text.dpm_deepsleep
                0x0000db84       0x68 .\lib\ccg4_dualport\libccgx_pd.a(dpm.o)
                0x0000db84                dpm_deepsleep
 .text.dpm_wakeup
                0x0000dbec        0xa .\lib\ccg4_dualport\libccgx_pd.a(dpm.o)
                0x0000dbec                dpm_wakeup
 *fill*         0x0000dbf6        0x2 
 .text.dpm_task
                0x0000dbf8       0x44 .\lib\ccg4_dualport\libccgx_pd.a(dpm.o)
                0x0000dbf8                dpm_task
 .text.dpm_get_info
                0x0000dc3c       0x10 .\lib\ccg4_dualport\libccgx_pd.a(dpm.o)
                0x0000dc3c                dpm_get_info
 .text.dpm_update_swap_response
                0x0000dc4c       0x1c .\lib\ccg4_dualport\libccgx_pd.a(dpm.o)
                0x0000dc4c                dpm_update_swap_response
 .text.dpm_update_src_cap
                0x0000dc68       0x40 .\lib\ccg4_dualport\libccgx_pd.a(dpm.o)
                0x0000dc68                dpm_update_src_cap
 .text.dpm_update_src_cap_mask
                0x0000dca8       0x1c .\lib\ccg4_dualport\libccgx_pd.a(dpm.o)
                0x0000dca8                dpm_update_src_cap_mask
 .text.dpm_update_snk_cap
                0x0000dcc4       0x40 .\lib\ccg4_dualport\libccgx_pd.a(dpm.o)
                0x0000dcc4                dpm_update_snk_cap
 .text.dpm_update_snk_cap_mask
                0x0000dd04       0x1c .\lib\ccg4_dualport\libccgx_pd.a(dpm.o)
                0x0000dd04                dpm_update_snk_cap_mask
 .text.dpm_update_snk_max_min
                0x0000dd20       0x34 .\lib\ccg4_dualport\libccgx_pd.a(dpm.o)
                0x0000dd20                dpm_update_snk_max_min
 .text.dpm_update_port_config
                0x0000dd54       0x4c .\lib\ccg4_dualport\libccgx_pd.a(dpm.o)
                0x0000dd54                dpm_update_port_config
 .text.dpm_is_rdo_valid
                0x0000dda0       0x5c .\lib\ccg4_dualport\libccgx_pd.a(dpm.o)
                0x0000dda0                dpm_is_rdo_valid
 .text.dpm_get_polarity
                0x0000ddfc       0x14 .\lib\ccg4_dualport\libccgx_pd.a(dpm.o)
                0x0000ddfc                dpm_get_polarity
 .text.dpm_get_status
                0x0000de10       0x10 .\lib\ccg4_dualport\libccgx_pd.a(dpm.o)
                0x0000de10                dpm_get_status
 .text.dpm_refresh_src_cap
                0x0000de20      0x1a0 .\lib\ccg4_dualport\libccgx_pd.a(dpm.o)
                0x0000de20                dpm_refresh_src_cap
 .text.dpm_refresh_snk_cap
                0x0000dfc0       0x7c .\lib\ccg4_dualport\libccgx_pd.a(dpm.o)
                0x0000dfc0                dpm_refresh_snk_cap
 .text.dpm_is_prev_contract_valid
                0x0000e03c       0x1c .\lib\ccg4_dualport\libccgx_pd.a(dpm.o)
                0x0000e03c                dpm_is_prev_contract_valid
 .text.dpm_get_evtno_n_clear
                0x0000e058       0x34 .\lib\ccg4_dualport\libccgx_pd.a(dpm.o)
                0x0000e058                dpm_get_evtno_n_clear
 .text.dpm_get_sink_detach_voltage
                0x0000e08c       0x30 .\lib\ccg4_dualport\libccgx_pd.a(dpm.o)
                0x0000e08c                dpm_get_sink_detach_voltage
 .text.dpm_get_sink_detach_margin
                0x0000e0bc       0x12 .\lib\ccg4_dualport\libccgx_pd.a(dpm.o)
                0x0000e0bc                dpm_get_sink_detach_margin
 *fill*         0x0000e0ce        0x2 
 .text.dpm_set_pe_evt
                0x0000e0d0       0x28 .\lib\ccg4_dualport\libccgx_pd.a(dpm.o)
                0x0000e0d0                dpm_set_pe_evt
 .text.dpm_pd_command_ec
                0x0000e0f8       0x98 .\lib\ccg4_dualport\libccgx_pd.a(dpm.o)
                0x0000e0f8                dpm_pd_command_ec
 .text.dpm_pd_command
                0x0000e190       0x2c .\lib\ccg4_dualport\libccgx_pd.a(dpm.o)
                0x0000e190                dpm_pd_command
 .text.dpm_clear_pe_evt
                0x0000e1bc       0x28 .\lib\ccg4_dualport\libccgx_pd.a(dpm.o)
                0x0000e1bc                dpm_clear_pe_evt
 .text.dpm_set_typec_evt
                0x0000e1e4       0x28 .\lib\ccg4_dualport\libccgx_pd.a(dpm.o)
                0x0000e1e4                dpm_set_typec_evt
 .text.dpm_typec_command
                0x0000e20c       0x44 .\lib\ccg4_dualport\libccgx_pd.a(dpm.o)
                0x0000e20c                dpm_typec_command
 .text.dpm_clear_typec_evt
                0x0000e250       0x28 .\lib\ccg4_dualport\libccgx_pd.a(dpm.o)
                0x0000e250                dpm_clear_typec_evt
 .text.dpm_update_port_status
                0x0000e278       0x1c .\lib\ccg4_dualport\libccgx_pd.a(dpm.o)
                0x0000e278                dpm_update_port_status
 .text.dpm_get_pd_port_status
                0x0000e294       0xc8 .\lib\ccg4_dualport\libccgx_pd.a(dpm.o)
                0x0000e294                dpm_get_pd_port_status
 .text.dpm_update_frs_enable
                0x0000e35c        0x2 .\lib\ccg4_dualport\libccgx_pd.a(dpm.o)
                0x0000e35c                dpm_update_frs_enable
 .text.dpm_update_ext_src_cap
                0x0000e35e        0x2 .\lib\ccg4_dualport\libccgx_pd.a(dpm.o)
                0x0000e35e                dpm_update_ext_src_cap
 .text.dpm_prot_reset_rx
                0x0000e360        0x8 .\lib\ccg4_dualport\libccgx_pd.a(dpm.o)
                0x0000e360                dpm_prot_reset_rx
 .text          0x0000e368       0x14 c:/program files (x86)/cypress/psoc creator/3.3/psoc creator/import/gnu/arm/4.9.3/bin/../lib/gcc/arm-none-eabi/4.9.3/armv6-m\libgcc.a(_thumb1_case_uqi.o)
                0x0000e368                __gnu_thumb1_case_uqi
 .text          0x0000e37c       0x14 c:/program files (x86)/cypress/psoc creator/3.3/psoc creator/import/gnu/arm/4.9.3/bin/../lib/gcc/arm-none-eabi/4.9.3/armv6-m\libgcc.a(_thumb1_case_uhi.o)
                0x0000e37c                __gnu_thumb1_case_uhi
 .text          0x0000e390      0x120 c:/program files (x86)/cypress/psoc creator/3.3/psoc creator/import/gnu/arm/4.9.3/bin/../lib/gcc/arm-none-eabi/4.9.3/armv6-m\libgcc.a(_udivsi3.o)
                0x0000e390                __aeabi_uidiv
                0x0000e390                __udivsi3
                0x0000e49c                __aeabi_uidivmod
 .text          0x0000e4b0      0x1e0 c:/program files (x86)/cypress/psoc creator/3.3/psoc creator/import/gnu/arm/4.9.3/bin/../lib/gcc/arm-none-eabi/4.9.3/armv6-m\libgcc.a(_divsi3.o)
                0x0000e4b0                __divsi3
                0x0000e4b0                __aeabi_idiv
                0x0000e67c                __aeabi_idivmod
 .text          0x0000e690        0x4 c:/program files (x86)/cypress/psoc creator/3.3/psoc creator/import/gnu/arm/4.9.3/bin/../lib/gcc/arm-none-eabi/4.9.3/armv6-m\libgcc.a(_dvmd_tls.o)
                0x0000e690                __aeabi_idiv0
                0x0000e690                __aeabi_ldiv0
 .text.__libc_init_array
                0x0000e694       0x4c c:/program files (x86)/cypress/psoc creator/3.3/psoc creator/import/gnu/arm/4.9.3/bin/../lib/gcc/arm-none-eabi/4.9.3/../../../../arm-none-eabi/lib/armv6-m\libg_nano.a(lib_a-init.o)
                0x0000e694                __libc_init_array
 .text.memcpy   0x0000e6e0       0x12 c:/program files (x86)/cypress/psoc creator/3.3/psoc creator/import/gnu/arm/4.9.3/bin/../lib/gcc/arm-none-eabi/4.9.3/../../../../arm-none-eabi/lib/armv6-m\libg_nano.a(lib_a-memcpy.o)
                0x0000e6e0                memcpy
 .text.memset   0x0000e6f2       0x10 c:/program files (x86)/cypress/psoc creator/3.3/psoc creator/import/gnu/arm/4.9.3/bin/../lib/gcc/arm-none-eabi/4.9.3/../../../../arm-none-eabi/lib/armv6-m\libg_nano.a(lib_a-memset.o)
                0x0000e6f2                memset
 *(.plt)
 *(.gnu.warning)
 *(.glue_7t)
 .glue_7t       0x00000000        0x0 linker stubs
 *(.glue_7)
 .glue_7        0x00000000        0x0 linker stubs
 *(.vfp11_veneer)
 .vfp11_veneer  0x00000000        0x0 linker stubs
 *(.bootloader)
 *(.ARM.extab* .gnu.linkonce.armextab.*)
 *(.gcc_except_table)

.v4_bx          0x0000e704        0x0
 .v4_bx         0x00000000        0x0 linker stubs

.iplt           0x0000e704        0x0
 .iplt          0x00000000        0x0 c:/program files (x86)/cypress/psoc creator/3.3/psoc creator/import/gnu/arm/4.9.3/bin/../lib/gcc/arm-none-eabi/4.9.3/armv6-m/crtbegin.o

.eh_frame_hdr
 *(.eh_frame_hdr)

.eh_frame       0x0000e704        0x4
 *(.eh_frame)
 .eh_frame      0x0000e704        0x0 c:/program files (x86)/cypress/psoc creator/3.3/psoc creator/import/gnu/arm/4.9.3/bin/../lib/gcc/arm-none-eabi/4.9.3/armv6-m/crtbegin.o
 .eh_frame      0x0000e704        0x4 c:/program files (x86)/cypress/psoc creator/3.3/psoc creator/import/gnu/arm/4.9.3/bin/../lib/gcc/arm-none-eabi/4.9.3/armv6-m/crtend.o
                0x0000e708                PROVIDE (__exidx_start, .)

.ARM.exidx
 *(.ARM.exidx* .gnu.linkonce.armexidx.*)
                0x0000e708                __exidx_end = .

.rodata         0x0000e708      0xa00
 *(.rodata .rodata.* .gnu.linkonce.r.*)
 .rodata        0x0000e708       0x9c C:\Users\victo\AppData\Local\Temp\ccrAuKoG.ltrans1.ltrans.o
                0x0000e760                alt_mode_ams_table.lto_priv.55
                0x0000e7a0                gl_img2_fw_metadata
 .rodata.str1.1
                0x0000e7a4       0x12 C:\Users\victo\AppData\Local\Temp\ccrAuKoG.ltrans1.ltrans.o
 .rodata        0x0000e7b6        0xe C:\Users\victo\AppData\Local\Temp\ccrAuKoG.ltrans2.ltrans.o
                0x0000e7b6                mux_ps8740_address.lto_priv.67
 .rodata        0x0000e7c4       0x14 C:\Users\victo\AppData\Local\Temp\ccrAuKoG.ltrans3.ltrans.o
 .rodata.str1.1
                0x0000e7d8      0x1ac C:\Users\victo\AppData\Local\Temp\ccrAuKoG.ltrans3.ltrans.o
 .rodata        0x0000e984       0x2c C:\Users\victo\AppData\Local\Temp\ccrAuKoG.ltrans5.ltrans.o
                0x0000e984                os_table
                0x0000e9a0                thresholds
 .rodata        0x0000e9b0       0x18 C:\Users\victo\AppData\Local\Temp\ccrAuKoG.ltrans6.ltrans.o
                0x0000e9b0                hal_ocp_fault_pin.lto_priv.52
                0x0000e9b4                GPIO
 .rodata        0x0000e9c8        0xc C:\Users\victo\AppData\Local\Temp\ccrAuKoG.ltrans7.ltrans.o
                0x0000e9c8                gl_pdss.lto_priv.22
                0x0000e9d0                dfp_compatibility_mode_table
 .rodata        0x0000e9d4      0x100 .\lib\ccg4_dualport\libccgx_hpi.a(hpi.o)
                0x0000ea8c                hpi_pdcmd_rp_map
                0x0000ea8f                hpi_to_dpm_pkt_map
                0x0000eaaf                hpi_to_dpm_cmd_map
                0x0000eacf                gl_hpi_scb_port_map
 .rodata        0x0000ead4       0x10 .\lib\ccg4_dualport\libccgx_hpi.a(i2c.o)
                0x0000ead4                SCB_PRT
 .rodata        0x0000eae4      0x514 .\lib\ccg4_dualport\libccgx_pd.a(pd_policy_engine.o)
                0x0000eae4                CUR_TABLE
                0x0000eb0a                hr_ams_table
                0x0000eb50                btd_ams_table
                0x0000eb5a                bcm2_ams_table
                0x0000eb64                sr_ams_table
                0x0000eb78                src_ams_table
                0x0000ebf6                snk_ams_table
                0x0000ec2d                pr_ams_table
                0x0000ec7a                dr_ams_table
                0x0000ec9b                vs_ams_table
                0x0000ecc7                gn_ams_table
                0x0000ed50                pe_ams_funcs
 .rodata        0x0000eff8       0xd8 .\lib\ccg4_dualport\libccgx_pd.a(typec_manager.o)
                0x0000eff8                typec_dpmcmd_rp_map
                0x0000effc                typec_gn_fsm_funcs
                0x0000f0d0                . = ALIGN (0x4)
 *(.init)
 .init          0x0000f0d0        0x4 c:/program files (x86)/cypress/psoc creator/3.3/psoc creator/import/gnu/arm/4.9.3/bin/../lib/gcc/arm-none-eabi/4.9.3/armv6-m/crti.o
                0x0000f0d0                _init
 .init          0x0000f0d4        0x8 c:/program files (x86)/cypress/psoc creator/3.3/psoc creator/import/gnu/arm/4.9.3/bin/../lib/gcc/arm-none-eabi/4.9.3/armv6-m/crtn.o
                0x0000f0dc                . = ALIGN (0x4)
                0x0000f0dc                __preinit_array_start = .
 *(.preinit_array)
                0x0000f0dc                __preinit_array_end = .
                0x0000f0dc                . = ALIGN (0x4)
                0x0000f0dc                __init_array_start = .
 *(SORT(.init_array.*))
 *(.init_array)
 .init_array    0x0000f0dc        0x4 c:/program files (x86)/cypress/psoc creator/3.3/psoc creator/import/gnu/arm/4.9.3/bin/../lib/gcc/arm-none-eabi/4.9.3/armv6-m/crtbegin.o
 .init_array    0x0000f0e0        0x4 C:\Users\victo\AppData\Local\Temp\ccrAuKoG.ltrans7.ltrans.o
                0x0000f0e4                __init_array_end = .
                0x0000f0e4                . = ALIGN (0x4)
 *(.fini)
 .fini          0x0000f0e4        0x4 c:/program files (x86)/cypress/psoc creator/3.3/psoc creator/import/gnu/arm/4.9.3/bin/../lib/gcc/arm-none-eabi/4.9.3/armv6-m/crti.o
                0x0000f0e4                _fini
 .fini          0x0000f0e8        0x8 c:/program files (x86)/cypress/psoc creator/3.3/psoc creator/import/gnu/arm/4.9.3/bin/../lib/gcc/arm-none-eabi/4.9.3/armv6-m/crtn.o
                0x0000f0f0                . = ALIGN (0x4)
                0x0000f0f0                __fini_array_start = .
 *(.fini_array)
 .fini_array    0x0000f0f0        0x4 c:/program files (x86)/cypress/psoc creator/3.3/psoc creator/import/gnu/arm/4.9.3/bin/../lib/gcc/arm-none-eabi/4.9.3/armv6-m/crtbegin.o
 *(SORT(.fini_array.*))
                0x0000f0f4                __fini_array_end = .
                0x0000f0f4                . = ALIGN (0x4)
 *crtbegin.o(.ctors)
 *(EXCLUDE_FILE(*crtend.o) .ctors)
 *(SORT(.ctors.*))
 *crtend.o(.ctors)
                0x0000f0f4                . = ALIGN (0x4)
 *crtbegin.o(.dtors)
 *(EXCLUDE_FILE(*crtend.o) .dtors)
 *(SORT(.dtors.*))
 *crtend.o(.dtors)
                0x0000f0f4                . = ALIGN (0x4)
                0x0000f0f4                __cy_regions = .
                0x0000f0f4        0x4 LONG 0xf108 __cy_region_init_ram
                0x0000f0f8        0x4 LONG 0x200000a0 __cy_region_start_data
                0x0000f0fc        0x4 LONG 0x40 __cy_region_init_size_ram
                0x0000f100        0x4 LONG 0x1ba8 __cy_region_zero_size_ram
                0x0000f104                __cy_regions_end = .
                0x0000f108                . = ALIGN (0x8)
 *fill*         0x0000f104        0x4 
                0x0000f108                _etext = .

.ramvectors     0x20000000       0x90
                0x20000000                __cy_region_start_ram = .
 *(.ramvectors)
 .ramvectors    0x20000000       0x90 C:\Users\victo\AppData\Local\Temp\ccrAuKoG.ltrans7.ltrans.o

.btldr_run      0x20000090        0x4
 *(.bootloaderruntype)
 .bootloaderruntype
                0x20000090        0x4 C:\Users\victo\AppData\Local\Temp\ccrAuKoG.ltrans7.ltrans.o
                0x20000090                cyBtldrRunType

.noinit         0x20000098        0x4
 *(.noinit)
 .noinit        0x20000098        0x4 C:\Users\victo\AppData\Local\Temp\ccrAuKoG.ltrans7.ltrans.o

.data           0x200000a0       0x40 load address 0x0000f108
                0x200000a0                __cy_region_start_data = .
 *(.jcr)