Archive member included because of file (symbol)

.\CortexM0\ARM_GCC_493\Debug\CYPD4225-40LQXI_notebook01_1.a(cyfitter_cfg_1.o)
                              .\CortexM0\ARM_GCC_493\Debug\Cm0Start.o (symbol from plugin) (cyfitter_cfg)
.\CortexM0\ARM_GCC_493\Debug\CYPD4225-40LQXI_notebook01_1.a(VBUS_DISCHARGE_P1.o)
                              .\CortexM0\ARM_GCC_493\Debug\psource.o (symbol from plugin) (VBUS_DISCHARGE_P1_Write)
.\CortexM0\ARM_GCC_493\Debug\CYPD4225-40LQXI_notebook01_1.a(VBUS_P_CTRL_P2.o)
                              .\CortexM0\ARM_GCC_493\Debug\psource.o (symbol from plugin) (VBUS_P_CTRL_P2_Write)
.\CortexM0\ARM_GCC_493\Debug\CYPD4225-40LQXI_notebook01_1.a(VBUS_C_CTRL_P2.o)
                              .\CortexM0\ARM_GCC_493\Debug\psink.o (symbol from plugin) (VBUS_C_CTRL_P2_Write)
.\CortexM0\ARM_GCC_493\Debug\CYPD4225-40LQXI_notebook01_1.a(VBUS_DISCHARGE_P2.o)
                              .\CortexM0\ARM_GCC_493\Debug\psource.o (symbol from plugin) (VBUS_DISCHARGE_P2_Write)
.\CortexM0\ARM_GCC_493\Debug\CYPD4225-40LQXI_notebook01_1.a(VSEL2_P2.o)
                              .\CortexM0\ARM_GCC_493\Debug\psource.o (symbol from plugin) (VSEL2_P2_Write)
.\CortexM0\ARM_GCC_493\Debug\CYPD4225-40LQXI_notebook01_1.a(VSEL1_P2.o)
                              .\CortexM0\ARM_GCC_493\Debug\psource.o (symbol from plugin) (VSEL1_P2_Write)
.\CortexM0\ARM_GCC_493\Debug\CYPD4225-40LQXI_notebook01_1.a(CyBootAsmGnu.o)
                              .\CortexM0\ARM_GCC_493\Debug\app.o (symbol from plugin) (CyEnterCriticalSection)
.\CortexM0\ARM_GCC_493\Debug\CYPD4225-40LQXI_notebook01_1.a(CyFlash.o)
                              .\CortexM0\ARM_GCC_493\Debug\flash.o (symbol from plugin) (CySysFlashWriteRow)
.\CortexM0\ARM_GCC_493\Debug\CYPD4225-40LQXI_notebook01_1.a(CyLib.o)
                              cyfitter_cfg_1.o (symbol from plugin) (CySysClkWriteImoFreq)
.\CortexM0\ARM_GCC_493\Debug\CYPD4225-40LQXI_notebook01_1.a(cyPm.o)
                              .\CortexM0\ARM_GCC_493\Debug\app.o (symbol from plugin) (CySysPmDeepSleep)
.\CortexM0\ARM_GCC_493\Debug\CYPD4225-40LQXI_notebook01_1.a(CyLFClk.o)
                              .\CortexM0\ARM_GCC_493\Debug\Cm0Start.o (symbol from plugin) (CySysWdtDisable)
.\CortexM0\ARM_GCC_493\Debug\CYPD4225-40LQXI_notebook01_1.a(UART.o)
                              .\CortexM0\ARM_GCC_493\Debug\main.o (symbol from plugin) (UART_Start)
.\CortexM0\ARM_GCC_493\Debug\CYPD4225-40LQXI_notebook01_1.a(UART_AsmGnu.o)
                              .\CortexM0\ARM_GCC_493\Debug\main.o (symbol from plugin) (UART_PutChar)
.\lib\ccg4_dualport\libccgx_hpi.a(hpi.o)
                              .\CortexM0\ARM_GCC_493\Debug\main.o (symbol from plugin) (hpi_is_ec_ready)
.\lib\ccg4_dualport\libccgx_hpi.a(i2c.o)
                              .\lib\ccg4_dualport\libccgx_hpi.a(hpi.o) (i2c_slave_ack_ctrl)
.\lib\ccg4_dualport\libccgx_pd.a(pd_policy_engine.o)
                              .\CortexM0\ARM_GCC_493\Debug\main.o (symbol from plugin) (pe_init)
.\lib\ccg4_dualport\libccgx_pd.a(pd_protocol.o)
                              .\lib\ccg4_dualport\libccgx_pd.a(pd_policy_engine.o) (pd_prot_init)
.\lib\ccg4_dualport\libccgx_pd.a(typec_manager.o)
                              .\lib\ccg4_dualport\libccgx_pd.a(pd_policy_engine.o) (typec_change_rp)
.\lib\ccg4_dualport\libccgx_pd.a(dpm.o)
                              .\CortexM0\ARM_GCC_493\Debug\main.o (symbol from plugin) (dpm_init)
.\CortexM0\ARM_GCC_493\Debug\CYPD4225-40LQXI_notebook01_1.a(EC_INT.o)
                              .\lib\ccg4_dualport\libccgx_hpi.a(hpi.o) (EC_INT_Write)
.\CortexM0\ARM_GCC_493\Debug\CYPD4225-40LQXI_notebook01_1.a(I2C_CFG.o)
                              .\lib\ccg4_dualport\libccgx_hpi.a(hpi.o) (I2C_CFG_SetDriveMode)
c:/program files (x86)/cypress/psoc creator/3.3/psoc creator/import/gnu/arm/4.9.3/bin/../lib/gcc/arm-none-eabi/4.9.3/armv6-m\libgcc.a(_thumb1_case_uqi.o)
                              .\lib\ccg4_dualport\libccgx_hpi.a(hpi.o) (__gnu_thumb1_case_uqi)
c:/program files (x86)/cypress/psoc creator/3.3/psoc creator/import/gnu/arm/4.9.3/bin/../lib/gcc/arm-none-eabi/4.9.3/armv6-m\libgcc.a(_thumb1_case_uhi.o)
                              .\lib\ccg4_dualport\libccgx_hpi.a(hpi.o) (__gnu_thumb1_case_uhi)
c:/program files (x86)/cypress/psoc creator/3.3/psoc creator/import/gnu/arm/4.9.3/bin/../lib/gcc/arm-none-eabi/4.9.3/armv6-m\libgcc.a(_udivsi3.o)
                              .\CortexM0\ARM_GCC_493\Debug\CYPD4225-40LQXI_notebook01_1.a(UART_AsmGnu.o) (__aeabi_uidiv)
c:/program files (x86)/cypress/psoc creator/3.3/psoc creator/import/gnu/arm/4.9.3/bin/../lib/gcc/arm-none-eabi/4.9.3/armv6-m\libgcc.a(_divsi3.o)
                              .\lib\ccg4_dualport\libccgx_pd.a(dpm.o) (__aeabi_idiv)
c:/program files (x86)/cypress/psoc creator/3.3/psoc creator/import/gnu/arm/4.9.3/bin/../lib/gcc/arm-none-eabi/4.9.3/armv6-m\libgcc.a(_dvmd_tls.o)
[...]
Memory Configuration

Name             Origin             Length             Attributes
rom              0x00000000         0x00020000         xr
ram              0x20000000         0x00002000         xrw
*default*        0x00000000         0xffffffff

Linker script and memory map

LOAD c:/program files (x86)/cypress/psoc creator/3.3/psoc creator/import/gnu/arm/4.9.3/bin/../lib/gcc/arm-none-eabi/4.9.3/armv6-m/crti.o
LOAD c:/program files (x86)/cypress/psoc creator/3.3/psoc creator/import/gnu/arm/4.9.3/bin/../lib/gcc/arm-none-eabi/4.9.3/armv6-m/crtbegin.o
LOAD c:/program files (x86)/cypress/psoc creator/3.3/psoc creator/import/gnu/arm/4.9.3/bin/../lib/gcc/arm-none-eabi/4.9.3/../../../../arm-none-eabi/lib/armv6-m/crt0.o
START GROUP
LOAD .\CortexM0\ARM_GCC_493\Debug\alt_mode_hw.o
LOAD C:\Users\victo\AppData\Local\Temp\cc4BW2zr.ltrans0.ltrans.o
LOAD C:\Users\victo\AppData\Local\Temp\cc4BW2zr.ltrans1.ltrans.o
LOAD C:\Users\victo\AppData\Local\Temp\cc4BW2zr.ltrans2.ltrans.o
LOAD C:\Users\victo\AppData\Local\Temp\cc4BW2zr.ltrans3.ltrans.o
LOAD C:\Users\victo\AppData\Local\Temp\cc4BW2zr.ltrans4.ltrans.o
LOAD C:\Users\victo\AppData\Local\Temp\cc4BW2zr.ltrans5.ltrans.o
LOAD C:\Users\victo\AppData\Local\Temp\cc4BW2zr.ltrans6.ltrans.o
LOAD C:\Users\victo\AppData\Local\Temp\cc4BW2zr.ltrans7.ltrans.o
LOAD c:/program files (x86)/cypress/psoc creator/3.3/psoc creator/import/gnu/arm/4.9.3/bin/../lib/gcc/arm-none-eabi/4.9.3/armv6-m\libgcc.a
LOAD c:/program files (x86)/cypress/psoc creator/3.3/psoc creator/import/gnu/arm/4.9.3/bin/../lib/gcc/arm-none-eabi/4.9.3/../../../../arm-none-eabi/lib/armv6-m\libg_nano.a
LOAD c:/program files (x86)/cypress/psoc creator/3.3/psoc creator/import/gnu/arm/4.9.3/bin/../lib/gcc/arm-none-eabi/4.9.3/../../../../arm-none-eabi/lib/armv6-m\libc_nano.a
LOAD c:/program files (x86)/cypress/psoc creator/3.3/psoc creator/import/gnu/arm/4.9.3/bin/../lib/gcc/arm-none-eabi/4.9.3/armv6-m\libgcc.a
LOAD c:/program files (x86)/cypress/psoc creator/3.3/psoc creator/import/gnu/arm/4.9.3/bin/../lib/gcc/arm-none-eabi/4.9.3/../../../../arm-none-eabi/lib/armv6-m\libc_nano.a
LOAD .\CortexM0\ARM_GCC_493\Debug\alt_modes_mngr.o
LOAD .\CortexM0\ARM_GCC_493\Debug\dp_sid.o
LOAD .\CortexM0\ARM_GCC_493\Debug\vdm_task_mngr.o
LOAD .\CortexM0\ARM_GCC_493\Debug\app.o
LOAD .\CortexM0\ARM_GCC_493\Debug\pdo.o
LOAD .\CortexM0\ARM_GCC_493\Debug\psink.o
LOAD .\CortexM0\ARM_GCC_493\Debug\psource.o
LOAD .\CortexM0\ARM_GCC_493\Debug\swap.o
LOAD .\CortexM0\ARM_GCC_493\Debug\vdm.o
LOAD .\CortexM0\ARM_GCC_493\Debug\boot.o
LOAD .\CortexM0\ARM_GCC_493\Debug\flash.o
LOAD .\CortexM0\ARM_GCC_493\Debug\gpio.o
LOAD .\CortexM0\ARM_GCC_493\Debug\system.o
LOAD .\CortexM0\ARM_GCC_493\Debug\timer.o
LOAD .\CortexM0\ARM_GCC_493\Debug\utils.o
LOAD .\CortexM0\ARM_GCC_493\Debug\config.o
LOAD .\CortexM0\ARM_GCC_493\Debug\datamux_ctrl.o
LOAD .\CortexM0\ARM_GCC_493\Debug\main.o
LOAD .\CortexM0\ARM_GCC_493\Debug\hal_ccgx.o
LOAD .\CortexM0\ARM_GCC_493\Debug\pdss_hal.o
LOAD .\CortexM0\ARM_GCC_493\Debug\cybootloader.o
LOAD .\CortexM0\ARM_GCC_493\Debug\cymetadata.o
LOAD .\CortexM0\ARM_GCC_493\Debug\Cm0Start.o
LOAD .\CortexM0\ARM_GCC_493\Debug\CYPD4225-40LQXI_notebook01_1.a
LOAD C:\Program Files (x86)\Cypress\PSoC Creator\3.3\PSoC Creator\psoc\content\cycomponentlibrary\CyComponentLibrary.cylib\CortexM0\ARM_GCC_493\Debug\CyComponentLibrary.a
LOAD .\lib\ccg4_dualport\libccgx_hpi.a
LOAD .\lib\ccg4_dualport\libccgx_pd.a
END GROUP
START GROUP
LOAD c:/program files (x86)/cypress/psoc creator/3.3/psoc creator/import/gnu/arm/4.9.3/bin/../lib/gcc/arm-none-eabi/4.9.3/armv6-m\libgcc.a
LOAD c:/program files (x86)/cypress/psoc creator/3.3/psoc creator/import/gnu/arm/4.9.3/bin/../lib/gcc/arm-none-eabi/4.9.3/../../../../arm-none-eabi/lib/armv6-m\libg_nano.a
LOAD c:/program files (x86)/cypress/psoc creator/3.3/psoc creator/import/gnu/arm/4.9.3/bin/../lib/gcc/arm-none-eabi/4.9.3/../../../../arm-none-eabi/lib/armv6-m\libc_nano.a
END GROUP
START GROUP
LOAD c:/program files (x86)/cypress/psoc creator/3.3/psoc creator/import/gnu/arm/4.9.3/bin/../lib/gcc/arm-none-eabi/4.9.3/armv6-m\libgcc.a
LOAD c:/program files (x86)/cypress/psoc creator/3.3/psoc creator/import/gnu/arm/4.9.3/bin/../lib/gcc/arm-none-eabi/4.9.3/../../../../arm-none-eabi/lib/armv6-m\libc_nano.a
END GROUP
LOAD c:/program files (x86)/cypress/psoc creator/3.3/psoc creator/import/gnu/arm/4.9.3/bin/../lib/gcc/arm-none-eabi/4.9.3/armv6-m/crtend.o
LOAD c:/program files (x86)/cypress/psoc creator/3.3/psoc creator/import/gnu/arm/4.9.3/bin/../lib/gcc/arm-none-eabi/4.9.3/armv6-m/crtn.o
START GROUP
LOAD c:/program files (x86)/cypress/psoc creator/3.3/psoc creator/import/gnu/arm/4.9.3/bin/../lib/gcc/arm-none-eabi/4.9.3/armv6-m\libgcc.a
LOAD c:/program files (x86)/cypress/psoc creator/3.3/psoc creator/import/gnu/arm/4.9.3/bin/../lib/gcc/arm-none-eabi/4.9.3/../../../../arm-none-eabi/lib/armv6-m\libc.a
LOAD c:/program files (x86)/cypress/psoc creator/3.3/psoc creator/import/gnu/arm/4.9.3/bin/../lib/gcc/arm-none-eabi/4.9.3/../../../../arm-none-eabi/lib/armv6-m\libnosys.a
END GROUP
                0x00001400                CY_APPL_ORIGIN = 0x1400
                0x00000100                CY_FLASH_ROW_SIZE = 0x100
                0x00020000                CY_FLASH_SIZE = 0x20000
                0x00000001                CY_APPL_NUM = 0x1
                0x00000002                CY_APPL_MAX = 0x2
                0x00000040                CY_METADATA_SIZE = 0x40
                0x00000001                CY_APPL_LOADABLE = 0x1
                0x00000000                CY_CHECKSUM_EXCLUDE_SIZE = ALIGN (0x0, CY_FLASH_ROW_SIZE)
                0x00000000                CY_APP_FOR_STACK_AND_COPIER = 0x0
                0x20001c88                PROVIDE (__cy_heap_start, _end)
                0x00000001                PROVIDE (__cy_region_num, ((__cy_regions_end - __cy_regions) / 0x10))
                0x20002000                PROVIDE (__cy_stack, (ORIGIN (ram) + 0x2000))
                0x20001e00                PROVIDE (__cy_heap_end, (__cy_stack - 0x200))

.cybootloader   0x00000000     0x1400
 *(.cybootloader)
 .cybootloader  0x00000000     0x1400 C:\Users\victo\AppData\Local\Temp\cc4BW2zr.ltrans0.ltrans.o
                0x00000000                cy_bootloader
                0x00001400                appl1_start = CY_APPL_ORIGIN?CY_APPL_ORIGIN:ALIGN (CY_FLASH_ROW_SIZE)
                0x00010000                appl2_start = (CY_FLASH_SIZE / 0x2)
                0x00001400                appl_start = (CY_APPL_NUM == 0x1)?appl1_start:appl2_start
                0x00000000                cy_project_type_bootloader = (appl_start == 0x0)?0x1:0x0
                0x00000000                cy_project_type_app_for_stack_and_copier = (CY_APP_FOR_STACK_AND_COPIER == 0x1)?0x1:0x0

.text           0x00001400     0xd2c2
 CREATE_OBJECT_SYMBOLS
                0x00000000                PROVIDE (__cy_interrupt_vector, RomVectors)
 *(.romvectors)
 .romvectors    0x00001400       0x10 C:\Users\victo\AppData\Local\Temp\cc4BW2zr.ltrans7.ltrans.o
                0x00000001                ASSERT ((. != __cy_interrupt_vector), No interrupt vector)
                0x00000001                ASSERT (CY_APPL_ORIGIN?(SIZEOF (.cybootloader) <= CY_APPL_ORIGIN):0x1, Wrong image location)
                0x000000c0                . = 0xc0
 *fill*         0x00001410       0xb0 
 *(.customer_region)
 .customer_region
                0x000014c0       0x20 C:\Users\victo\AppData\Local\Temp\cc4BW2zr.ltrans0.ltrans.o
                0x000014c0                customer_info
 *(.base_version)
 .base_version  0x000014e0        0x4 C:\Users\victo\AppData\Local\Temp\cc4BW2zr.ltrans1.ltrans.o
                0x000014e0                base_version
 *(.app_version)
 .app_version   0x000014e4        0x4 C:\Users\victo\AppData\Local\Temp\cc4BW2zr.ltrans0.ltrans.o
                0x000014e4                app_version
 *(.dev_siliconid)
 .dev_siliconid
                0x000014e8        0x4 C:\Users\victo\AppData\Local\Temp\cc4BW2zr.ltrans0.ltrans.o
                0x000014e8                ccg_silicon_id
 *(.fw_reserved)
 .fw_reserved   0x000014ec       0x14 C:\Users\victo\AppData\Local\Temp\cc4BW2zr.ltrans0.ltrans.o
                0x000014ec                reserved_buf
 *(.configSection)
 .configSection
                0x00001500      0x400 C:\Users\victo\AppData\Local\Temp\cc4BW2zr.ltrans7.ltrans.o
                0x00001500                gl_config_table
                0x00001900                PROVIDE (__cy_reset, Reset)
 *(.text.Reset)
 .text.Reset    0x00001900       0x20 C:\Users\victo\AppData\Local\Temp\cc4BW2zr.ltrans7.ltrans.o
                0x00001900                Reset
                0x00000001                ASSERT ((. != __cy_reset), No reset code)
 *(.psocinit)
 *(.text .text.* .gnu.linkonce.t.*)
 .text          0x00001920       0x60 c:/program files (x86)/cypress/psoc creator/3.3/psoc creator/import/gnu/arm/4.9.3/bin/../lib/gcc/arm-none-eabi/4.9.3/armv6-m/crtbegin.o
 .text.form_alt_mode_event
                0x00001980       0x38 C:\Users\victo\AppData\Local\Temp\cc4BW2zr.ltrans0.ltrans.o
 .text.get_next_alt_mode
                0x000019b8       0x50 C:\Users\victo\AppData\Local\Temp\cc4BW2zr.ltrans0.ltrans.o
 .text.wait_ec_trigger.lto_priv.31
                0x00001a08        0x4 C:\Users\victo\AppData\Local\Temp\cc4BW2zr.ltrans0.ltrans.o
                0x00001a08                wait_ec_trigger.lto_priv.31
 .text.set_disc_mode_params
                0x00001a0c       0x30 C:\Users\victo\AppData\Local\Temp\cc4BW2zr.ltrans0.ltrans.o
 .text.send_sln_app_evt.part.0
                0x00001a3c       0x30 C:\Users\victo\AppData\Local\Temp\cc4BW2zr.ltrans0.ltrans.o
 .text.fail_alt_modes.lto_priv.34
                0x00001a6c       0x80 C:\Users\victo\AppData\Local\Temp\cc4BW2zr.ltrans0.ltrans.o
                0x00001a6c                fail_alt_modes.lto_priv.34
 .text.run_disc_mode.lto_priv.27
                0x00001aec       0xb0 C:\Users\victo\AppData\Local\Temp\cc4BW2zr.ltrans0.ltrans.o
                0x00001aec                run_disc_mode.lto_priv.27
 .text.dp_src_hpd_cbk
                0x00001b9c       0x40 C:\Users\victo\AppData\Local\Temp\cc4BW2zr.ltrans0.ltrans.o
 .text.alt_mode_mngr_deinit.lto_priv.30
                0x00001bdc       0x7c C:\Users\victo\AppData\Local\Temp\cc4BW2zr.ltrans0.ltrans.o
                0x00001bdc                alt_mode_mngr_deinit.lto_priv.30
 .text.move_to_vdm_info
                0x00001c58       0x6c C:\Users\victo\AppData\Local\Temp\cc4BW2zr.ltrans0.ltrans.o
 .text.eval_alt_modes.lto_priv.33
                0x00001cc4      0x178 C:\Users\victo\AppData\Local\Temp\cc4BW2zr.ltrans0.ltrans.o
                0x00001cc4                eval_alt_modes.lto_priv.33
 .text.handle_cbl_disc_mode
                0x00001e3c       0xec C:\Users\victo\AppData\Local\Temp\cc4BW2zr.ltrans0.ltrans.o
 .text.disc_mode_fail.lto_priv.29
                0x00001f28       0x34 C:\Users\victo\AppData\Local\Temp\cc4BW2zr.ltrans0.ltrans.o
                0x00001f28                disc_mode_fail.lto_priv.29
 .text.eval_disc_mode.lto_priv.28
                0x00001f5c      0x178 C:\Users\victo\AppData\Local\Temp\cc4BW2zr.ltrans0.ltrans.o
                0x00001f5c                eval_disc_mode.lto_priv.28
 .text.reset_dp_var.lto_priv.60
                0x000020d4       0x40 C:\Users\victo\AppData\Local\Temp\cc4BW2zr.ltrans0.ltrans.o
                0x000020d4                reset_dp_var.lto_priv.60
 .text.dp_exit  0x00002114       0x38 C:\Users\victo\AppData\Local\Temp\cc4BW2zr.ltrans0.ltrans.o
 .text.is_prtnr_ccg_consistent.lto_priv.64
                0x0000214c       0x28 C:\Users\victo\AppData\Local\Temp\cc4BW2zr.ltrans0.ltrans.o
                0x0000214c                is_prtnr_ccg_consistent.lto_priv.64
 .text.send_cmd.lto_priv.63
                0x00002174       0x44 C:\Users\victo\AppData\Local\Temp\cc4BW2zr.ltrans0.ltrans.o
                0x00002174                send_cmd.lto_priv.63
 .text.analyse_dp_sink_vdo.lto_priv.61
                0x000021b8       0xa4 C:\Users\victo\AppData\Local\Temp\cc4BW2zr.ltrans0.ltrans.o
                0x000021b8                analyse_dp_sink_vdo.lto_priv.61
 .text.eval_app_alt_mode_cmd
                0x0000225c      0x158 C:\Users\victo\AppData\Local\Temp\cc4BW2zr.ltrans0.ltrans.o
                0x0000225c                eval_app_alt_mode_cmd
 .text.set_mux.part.1.lto_priv.59
                0x000023b4       0x70 C:\Users\victo\AppData\Local\Temp\cc4BW2zr.ltrans0.ltrans.o
                0x000023b4                set_mux.part.1.lto_priv.59
 .text.analyse_status_update_vdo
                0x00002424      0x114 C:\Users\victo\AppData\Local\Temp\cc4BW2zr.ltrans0.ltrans.o
 .text.monitor_alt_modes.lto_priv.32
                0x00002538      0x11c C:\Users\victo\AppData\Local\Temp\cc4BW2zr.ltrans0.ltrans.o
                0x00002538                monitor_alt_modes.lto_priv.32
 .text.eval_hpd_cmd
                0x00002654      0x144 C:\Users\victo\AppData\Local\Temp\cc4BW2zr.ltrans0.ltrans.o
 .text.dp_dfp_dequeue_hpd
                0x00002798       0x2c C:\Users\victo\AppData\Local\Temp\cc4BW2zr.ltrans0.ltrans.o
 .text.dp_src_hpd_resp_cbk
                0x000027c4       0x30 C:\Users\victo\AppData\Local\Temp\cc4BW2zr.ltrans0.ltrans.o
 .text.dp_dfp_enqueue_hpd
                0x000027f4       0x74 C:\Users\victo\AppData\Local\Temp\cc4BW2zr.ltrans0.ltrans.o
 .text.dp_dfp_run.lto_priv.62
                0x00002868      0x21c C:\Users\victo\AppData\Local\Temp\cc4BW2zr.ltrans0.ltrans.o
                0x00002868                dp_dfp_run.lto_priv.62
 .text.eval_app_alt_hw_cmd
                0x00002a84       0x50 C:\Users\victo\AppData\Local\Temp\cc4BW2zr.ltrans0.ltrans.o
                0x00002a84                eval_app_alt_hw_cmd
 .text.startup.main
                0x00002ad4      0xa50 C:\Users\victo\AppData\Local\Temp\cc4BW2zr.ltrans1.ltrans.o
                0x00002ad4                main
 .text.vconn_disable
                0x00003524       0x24 C:\Users\victo\AppData\Local\Temp\cc4BW2zr.ltrans2.ltrans.o
                0x00003524                vconn_disable
 .text.set_vdm_failed
                0x00003548       0x34 C:\Users\victo\AppData\Local\Temp\cc4BW2zr.ltrans2.ltrans.o
 .text.eval_rdo
                0x0000357c       0x30 C:\Users\victo\AppData\Local\Temp\cc4BW2zr.ltrans2.ltrans.o
                0x0000357c                eval_rdo
 .text.form_rdo
                0x000035ac       0x80 C:\Users\victo\AppData\Local\Temp\cc4BW2zr.ltrans2.ltrans.o
 .text.eval_src_cap
                0x0000362c      0x40c C:\Users\victo\AppData\Local\Temp\cc4BW2zr.ltrans2.ltrans.o
                0x0000362c                eval_src_cap
 .text.vconn_is_present
                0x00003a38       0x30 C:\Users\victo\AppData\Local\Temp\cc4BW2zr.ltrans2.ltrans.o
                0x00003a38                vconn_is_present
 .text.vconn_enable
                0x00003a68       0x38 C:\Users\victo\AppData\Local\Temp\cc4BW2zr.ltrans2.ltrans.o
                0x00003a68                vconn_enable
 .text.dp_eval_app_cmd.lto_priv.65
                0x00003aa0       0xe0 C:\Users\victo\AppData\Local\Temp\cc4BW2zr.ltrans2.ltrans.o
                0x00003aa0                dp_eval_app_cmd.lto_priv.65
 .text.app_ovp_enable.part.2.lto_priv.53
                0x00003b80       0x44 C:\Users\victo\AppData\Local\Temp\cc4BW2zr.ltrans2.ltrans.o
                0x00003b80                app_ovp_enable.part.2.lto_priv.53
 .text.reset_vdm_mngr.lto_priv.35
                0x00003bc4       0x30 C:\Users\victo\AppData\Local\Temp\cc4BW2zr.ltrans2.ltrans.o
                0x00003bc4                reset_vdm_mngr.lto_priv.35
 .text.vdm_task_mngr_deinit
                0x00003bf4       0x84 C:\Users\victo\AppData\Local\Temp\cc4BW2zr.ltrans2.ltrans.o
                0x00003bf4                vdm_task_mngr_deinit
 .text.app_event_handler
                0x00003c78      0x1d4 C:\Users\victo\AppData\Local\Temp\cc4BW2zr.ltrans2.ltrans.o
                0x00003c78                app_event_handler
 .text.snk_vbus_ovp
                0x00003e4c       0x2c C:\Users\victo\AppData\Local\Temp\cc4BW2zr.ltrans2.ltrans.o
                0x00003e4c                snk_vbus_ovp
 .text.reg_dp_modes.part.2.lto_priv.69
                0x00003e78       0xd8 C:\Users\victo\AppData\Local\Temp\cc4BW2zr.ltrans2.ltrans.o
                0x00003e78                reg_dp_modes.part.2.lto_priv.69
 .text.vbus_is_present
                0x00003f50       0x90 C:\Users\victo\AppData\Local\Temp\cc4BW2zr.ltrans2.ltrans.o
                0x00003f50                vbus_is_present
 .text.vdm_rec_cbk.lto_priv.25
                0x00003fe0      0x13c C:\Users\victo\AppData\Local\Temp\cc4BW2zr.ltrans2.ltrans.o
                0x00003fe0                vdm_rec_cbk.lto_priv.25
 .text.mux_xfer_timer_cb.lto_priv.21
                0x0000411c        0xc C:\Users\victo\AppData\Local\Temp\cc4BW2zr.ltrans3.ltrans.o
                0x0000411c                mux_xfer_timer_cb.lto_priv.21
 .text.timer_stop_internal
                0x00004128       0x54 C:\Users\victo\AppData\Local\Temp\cc4BW2zr.ltrans3.ltrans.o
 .text.my_pd_callback
                0x0000417c       0x38 C:\Users\victo\AppData\Local\Temp\cc4BW2zr.ltrans3.ltrans.o
                0x0000417c                my_pd_callback
 .text.my_pd_phy_callback
                0x000041b4       0x38 C:\Users\victo\AppData\Local\Temp\cc4BW2zr.ltrans3.ltrans.o
                0x000041b4                my_pd_phy_callback
 .text.eval_vdm
                0x000041ec      0x2e0 C:\Users\victo\AppData\Local\Temp\cc4BW2zr.ltrans3.ltrans.o
                0x000041ec                eval_vdm
 .text.eval_vconn_swap
                0x000044cc       0x38 C:\Users\victo\AppData\Local\Temp\cc4BW2zr.ltrans3.ltrans.o
                0x000044cc                eval_vconn_swap
 .text.choose_status
                0x00004504       0xbc C:\Users\victo\AppData\Local\Temp\cc4BW2zr.ltrans3.ltrans.o
                0x00004504                choose_status
 .text.get_pd_port_config
                0x000045c0       0x10 C:\Users\victo\AppData\Local\Temp\cc4BW2zr.ltrans3.ltrans.o
                0x000045c0                get_pd_port_config
 .text.get_pd_config
                0x000045d0        0x8 C:\Users\victo\AppData\Local\Temp\cc4BW2zr.ltrans3.ltrans.o
                0x000045d0                get_pd_config
 .text.mem_copy_word
                0x000045d8       0x14 C:\Users\victo\AppData\Local\Temp\cc4BW2zr.ltrans3.ltrans.o
                0x000045d8                mem_copy_word
 .text.timer_stop_range.part.3.lto_priv.54
                0x000045ec       0x4c C:\Users\victo\AppData\Local\Temp\cc4BW2zr.ltrans3.ltrans.o
                0x000045ec                timer_stop_range.part.3.lto_priv.54
 .text.timer_is_running
                0x00004638       0x38 C:\Users\victo\AppData\Local\Temp\cc4BW2zr.ltrans3.ltrans.o
                0x00004638                timer_is_running
 .text.timer_stop_range
                0x00004670       0x10 C:\Users\victo\AppData\Local\Temp\cc4BW2zr.ltrans3.ltrans.o
                0x00004670                timer_stop_range
 .text.timer_stop
                0x00004680       0x48 C:\Users\victo\AppData\Local\Temp\cc4BW2zr.ltrans3.ltrans.o
                0x00004680                timer_stop
 .text.sys_get_custom_info_addr
                0x000046c8       0x48 C:\Users\victo\AppData\Local\Temp\cc4BW2zr.ltrans3.ltrans.o
                0x000046c8                sys_get_custom_info_addr
 .text.sys_get_silicon_id
                0x00004710       0x10 C:\Users\victo\AppData\Local\Temp\cc4BW2zr.ltrans3.ltrans.o
                0x00004710                sys_get_silicon_id
 .text.sys_get_device_mode
                0x00004720        0xc C:\Users\victo\AppData\Local\Temp\cc4BW2zr.ltrans3.ltrans.o
                0x00004720                sys_get_device_mode
 .text.gpio_set_lvttl_mode
                0x0000472c       0x18 C:\Users\victo\AppData\Local\Temp\cc4BW2zr.ltrans3.ltrans.o
                0x0000472c                gpio_set_lvttl_mode
 .text.hsiom_set_config
                0x00004744       0x24 C:\Users\victo\AppData\Local\Temp\cc4BW2zr.ltrans3.ltrans.o
                0x00004744                hsiom_set_config
 .text.gpio_int_set_config
                0x00004768       0x2c C:\Users\victo\AppData\Local\Temp\cc4BW2zr.ltrans3.ltrans.o
                0x00004768                gpio_int_set_config
 .text.gpio_set_value
                0x00004794       0x30 C:\Users\victo\AppData\Local\Temp\cc4BW2zr.ltrans3.ltrans.o
                0x00004794                gpio_set_value
 .text.flash_set_app_priority
                0x000047c4       0x32 C:\Users\victo\AppData\Local\Temp\cc4BW2zr.ltrans3.ltrans.o
                0x000047c4                flash_set_app_priority
 *fill*         0x000047f6        0x2 
 .text.flash_row_read
                0x000047f8       0x40 C:\Users\victo\AppData\Local\Temp\cc4BW2zr.ltrans3.ltrans.o
                0x000047f8                flash_row_read
 .text.flash_row_clear
                0x00004838       0x28 C:\Users\victo\AppData\Local\Temp\cc4BW2zr.ltrans3.ltrans.o
                0x00004838                flash_row_clear
 .text.flash_access_get_status
                0x00004860       0x14 C:\Users\victo\AppData\Local\Temp\cc4BW2zr.ltrans3.ltrans.o
                0x00004860                flash_access_get_status
 .text.flash_enter_mode
                0x00004874       0x18 C:\Users\victo\AppData\Local\Temp\cc4BW2zr.ltrans3.ltrans.o
                0x00004874                flash_enter_mode
 .text.boot_validate_configtable
                0x0000488c       0x60 C:\Users\victo\AppData\Local\Temp\cc4BW2zr.ltrans3.ltrans.o
                0x0000488c                boot_validate_configtable
 .text.boot_validate_fw
                0x000048ec       0xbc C:\Users\victo\AppData\Local\Temp\cc4BW2zr.ltrans3.ltrans.o
                0x000048ec                boot_validate_fw
 .text.flash_row_write
                0x000049a8       0xac C:\Users\victo\AppData\Local\Temp\cc4BW2zr.ltrans3.ltrans.o
                0x000049a8                flash_row_write
 .text.boot_handle_validate_fw_cmd
                0x00004a54       0x38 C:\Users\victo\AppData\Local\Temp\cc4BW2zr.ltrans3.ltrans.o
                0x00004a54                boot_handle_validate_fw_cmd
 .text.hw_timer_load_period
                0x00004a8c       0x28 C:\Users\victo\AppData\Local\Temp\cc4BW2zr.ltrans3.ltrans.o
 .text.wdt_interrupt_handler.lto_priv.26
                0x00004ab4      0x15c C:\Users\victo\AppData\Local\Temp\cc4BW2zr.ltrans3.ltrans.o
                0x00004ab4                wdt_interrupt_handler.lto_priv.26
 .text.timer_start
                0x00004c10      0x174 C:\Users\victo\AppData\Local\Temp\cc4BW2zr.ltrans3.ltrans.o
                0x00004c10                timer_start
 .text.led_timer_cb
                0x00004d84       0x2c C:\Users\victo\AppData\Local\Temp\cc4BW2zr.ltrans3.ltrans.o
                0x00004d84                led_timer_cb
 .text.psrc_set_current
                0x00004db0        0x2 C:\Users\victo\AppData\Local\Temp\cc4BW2zr.ltrans4.ltrans.o
                0x00004db0                psrc_set_current
 *fill*         0x00004db2        0x2 
 .text.vbus_discharge_off
                0x00004db4       0x24 C:\Users\victo\AppData\Local\Temp\cc4BW2zr.ltrans4.ltrans.o
                0x00004db4                vbus_discharge_off
 .text.vbus_discharge_on
                0x00004dd8       0x28 C:\Users\victo\AppData\Local\Temp\cc4BW2zr.ltrans4.ltrans.o
                0x00004dd8                vbus_discharge_on
 .text.psnk_set_current
                0x00004e00        0x2 C:\Users\victo\AppData\Local\Temp\cc4BW2zr.ltrans4.ltrans.o
                0x00004e00                psnk_set_current
 *fill*         0x00004e02        0x2 
 .text.eval_pr_swap
                0x00004e04       0x64 C:\Users\victo\AppData\Local\Temp\cc4BW2zr.ltrans4.ltrans.o
                0x00004e04                eval_pr_swap
 .text.eval_dr_swap
                0x00004e68       0x48 C:\Users\victo\AppData\Local\Temp\cc4BW2zr.ltrans4.ltrans.o
                0x00004e68                eval_dr_swap
 .text.psrc_en_ovp
                0x00004eb0       0x34 C:\Users\victo\AppData\Local\Temp\cc4BW2zr.ltrans4.ltrans.o
 .text.psnk_set_voltage
                0x00004ee4       0x24 C:\Users\victo\AppData\Local\Temp\cc4BW2zr.ltrans4.ltrans.o
                0x00004ee4                psnk_set_voltage
 .text.psrc_shutdown
                0x00004f08       0x68 C:\Users\victo\AppData\Local\Temp\cc4BW2zr.ltrans4.ltrans.o
 .text.app_psrc_vbus_ovp_cbk
                0x00004f70       0x1c C:\Users\victo\AppData\Local\Temp\cc4BW2zr.ltrans4.ltrans.o
 .text.app_psrc_vbus_ocp_cbk
                0x00004f8c       0x1c C:\Users\victo\AppData\Local\Temp\cc4BW2zr.ltrans4.ltrans.o
 .text.psrc_set_voltage
                0x00004fa8       0xb8 C:\Users\victo\AppData\Local\Temp\cc4BW2zr.ltrans4.ltrans.o
                0x00004fa8                psrc_set_voltage
 .text.psnk_enable
                0x00005060       0x34 C:\Users\victo\AppData\Local\Temp\cc4BW2zr.ltrans4.ltrans.o
                0x00005060                psnk_enable
 .text.app_snk_db_fet_off_delay_expire
                0x00005094        0x8 C:\Users\victo\AppData\Local\Temp\cc4BW2zr.ltrans4.ltrans.o
 .text.psrc_disable
                0x0000509c       0x7c C:\Users\victo\AppData\Local\Temp\cc4BW2zr.ltrans4.ltrans.o
                0x0000509c                psrc_disable
 .text.psnk_disable
                0x00005118       0x84 C:\Users\victo\AppData\Local\Temp\cc4BW2zr.ltrans4.ltrans.o
                0x00005118                psnk_disable
 .text.app_psnk_vbus_ovp_cbk
                0x0000519c       0x38 C:\Users\victo\AppData\Local\Temp\cc4BW2zr.ltrans4.ltrans.o
 .text.app_psrc_tmr_cbk
                0x000051d4      0x138 C:\Users\victo\AppData\Local\Temp\cc4BW2zr.ltrans4.ltrans.o
 .text.app_psnk_tmr_cbk
                0x0000530c       0x60 C:\Users\victo\AppData\Local\Temp\cc4BW2zr.ltrans4.ltrans.o
 .text.psrc_enable
                0x0000536c       0xf0 C:\Users\victo\AppData\Local\Temp\cc4BW2zr.ltrans4.ltrans.o
                0x0000536c                psrc_enable
 .text.pd_get_vbus_adc_level
                0x0000545c       0x58 C:\Users\victo\AppData\Local\Temp\cc4BW2zr.ltrans5.ltrans.o
                0x0000545c                pd_get_vbus_adc_level
 .text.hpd_deinit
                0x000054b4       0x98 C:\Users\victo\AppData\Local\Temp\cc4BW2zr.ltrans5.ltrans.o
                0x000054b4                hpd_deinit
 .text.pd_typec_set_polarity
                0x0000554c       0x24 C:\Users\victo\AppData\Local\Temp\cc4BW2zr.ltrans5.ltrans.o
                0x0000554c                pd_typec_set_polarity
 .text.pd_typec_dis_rd
                0x00005570       0x3c C:\Users\victo\AppData\Local\Temp\cc4BW2zr.ltrans5.ltrans.o
                0x00005570                pd_typec_dis_rd
 .text.pd_typec_en_rd
                0x000055ac       0x2c C:\Users\victo\AppData\Local\Temp\cc4BW2zr.ltrans5.ltrans.o
                0x000055ac                pd_typec_en_rd
 .text.pd_typec_dis_rp
                0x000055d8       0x28 C:\Users\victo\AppData\Local\Temp\cc4BW2zr.ltrans5.ltrans.o
                0x000055d8                pd_typec_dis_rp
 .text.pd_typec_en_rp
                0x00005600       0x4c C:\Users\victo\AppData\Local\Temp\cc4BW2zr.ltrans5.ltrans.o
                0x00005600                pd_typec_en_rp
 .text.pd_typec_snk_update_trim
                0x0000564c       0x38 C:\Users\victo\AppData\Local\Temp\cc4BW2zr.ltrans5.ltrans.o
                0x0000564c                pd_typec_snk_update_trim
 .text.pd_typec_stop
                0x00005684        0x4 C:\Users\victo\AppData\Local\Temp\cc4BW2zr.ltrans5.ltrans.o
                0x00005684                pd_typec_stop
 .text.pd_typec_start
                0x00005688       0x1c C:\Users\victo\AppData\Local\Temp\cc4BW2zr.ltrans5.ltrans.o
                0x00005688                pd_typec_start
 .text.pd_typec_init
                0x000056a4       0x50 C:\Users\victo\AppData\Local\Temp\cc4BW2zr.ltrans5.ltrans.o
                0x000056a4                pd_typec_init
 .text.pd_phy_is_busy
                0x000056f4       0x28 C:\Users\victo\AppData\Local\Temp\cc4BW2zr.ltrans5.ltrans.o
                0x000056f4                pd_phy_is_busy
 .text.pd_phy_get_rx_packet
                0x0000571c       0x14 C:\Users\victo\AppData\Local\Temp\cc4BW2zr.ltrans5.ltrans.o
                0x0000571c                pd_phy_get_rx_packet
 .text.pd_phy_send_reset
                0x00005730       0x3c C:\Users\victo\AppData\Local\Temp\cc4BW2zr.ltrans5.ltrans.o
                0x00005730                pd_phy_send_reset
 .text.pd_phy_abort_tx_msg
                0x0000576c       0x3c C:\Users\victo\AppData\Local\Temp\cc4BW2zr.ltrans5.ltrans.o
                0x0000576c                pd_phy_abort_tx_msg
 .text.pd_phy_abort_bist_cm2
                0x000057a8       0x28 C:\Users\victo\AppData\Local\Temp\cc4BW2zr.ltrans5.ltrans.o
                0x000057a8                pd_phy_abort_bist_cm2
 .text.pd_prot_rx_dis
                0x000057d0       0x5c C:\Users\victo\AppData\Local\Temp\cc4BW2zr.ltrans5.ltrans.o
                0x000057d0                pd_prot_rx_dis
 .text.pd_prot_rx_en
                0x0000582c       0x3c C:\Users\victo\AppData\Local\Temp\cc4BW2zr.ltrans5.ltrans.o
                0x0000582c                pd_prot_rx_en
 .text.pd_adc_comparator_ctrl
                0x00005868      0x148 C:\Users\victo\AppData\Local\Temp\cc4BW2zr.ltrans5.ltrans.o
                0x00005868                pd_adc_comparator_ctrl
 .text.pd_typec_get_rp_rd_status
                0x000059b0       0xf8 C:\Users\victo\AppData\Local\Temp\cc4BW2zr.ltrans5.ltrans.o
 .text.pd_typec_get_cc_status
                0x00005aa8       0xc4 C:\Users\victo\AppData\Local\Temp\cc4BW2zr.ltrans5.ltrans.o
                0x00005aa8                pd_typec_get_cc_status
 .text.pdss_intr0_handler
                0x00005b6c      0x34c C:\Users\victo\AppData\Local\Temp\cc4BW2zr.ltrans5.ltrans.o
                0x00005b6c                pdss_intr0_handler
 .text.pd_phy_send_bist_cm2
                0x00005eb8       0x2c C:\Users\victo\AppData\Local\Temp\cc4BW2zr.ltrans5.ltrans.o
                0x00005eb8                pd_phy_send_bist_cm2
 .text.pd_phy_vbus_detach_cbk
                0x00005ee4        0x2 C:\Users\victo\AppData\Local\Temp\cc4BW2zr.ltrans6.ltrans.o
 *fill*         0x00005ee6        0x2 
 .text.vbus_ocp_handler
                0x00005ee8       0x38 C:\Users\victo\AppData\Local\Temp\cc4BW2zr.ltrans6.ltrans.o
 .text.vbus_ocp_port1_handler
                0x00005f20        0xa C:\Users\victo\AppData\Local\Temp\cc4BW2zr.ltrans6.ltrans.o
                0x00005f20                vbus_ocp_port1_handler
 .text.vbus_ocp_port0_handler
                0x00005f2a        0xa C:\Users\victo\AppData\Local\Temp\cc4BW2zr.ltrans6.ltrans.o
                0x00005f2a                vbus_ocp_port0_handler
 .text.pdss_port0_intr0_handler
                0x00005f34        0xa C:\Users\victo\AppData\Local\Temp\cc4BW2zr.ltrans6.ltrans.o
 .text.pdss_port1_intr0_handler
                0x00005f3e        0xa C:\Users\victo\AppData\Local\Temp\cc4BW2zr.ltrans6.ltrans.o
 .text.pdss_port0_intr1_handler
                0x00005f48        0xa C:\Users\victo\AppData\Local\Temp\cc4BW2zr.ltrans6.ltrans.o
 .text.pdss_port1_intr1_handler
                0x00005f52        0xa C:\Users\victo\AppData\Local\Temp\cc4BW2zr.ltrans6.ltrans.o
 .text.pd_phy_load_msg
                0x00005f5c       0x64 C:\Users\victo\AppData\Local\Temp\cc4BW2zr.ltrans6.ltrans.o
                0x00005f5c                pd_phy_load_msg
 .text.pd_phy_load_data_in_mem
                0x00005fc0       0x8c C:\Users\victo\AppData\Local\Temp\cc4BW2zr.ltrans6.ltrans.o
                0x00005fc0                pd_phy_load_data_in_mem
 .text.pd_phy_send_msg
                0x0000604c      0x10c C:\Users\victo\AppData\Local\Temp\cc4BW2zr.ltrans6.ltrans.o
                0x0000604c                pd_phy_send_msg
 .text.pd_phy_dis_unchunked_tx
                0x00006158       0x14 C:\Users\victo\AppData\Local\Temp\cc4BW2zr.ltrans6.ltrans.o
                0x00006158                pd_phy_dis_unchunked_tx
 .text.pd_phy_refresh_roles
                0x0000616c       0x68 C:\Users\victo\AppData\Local\Temp\cc4BW2zr.ltrans6.ltrans.o
                0x0000616c                pd_phy_refresh_roles
 .text.pd_phy_init
                0x000061d4       0x90 C:\Users\victo\AppData\Local\Temp\cc4BW2zr.ltrans6.ltrans.o
                0x000061d4                pd_phy_init
 .text.pd_phy_wakeup
                0x00006264       0x58 C:\Users\victo\AppData\Local\Temp\cc4BW2zr.ltrans6.ltrans.o
                0x00006264                pd_phy_wakeup
 .text.pd_prot_stop
                0x000062bc       0x30 C:\Users\victo\AppData\Local\Temp\cc4BW2zr.ltrans6.ltrans.o
                0x000062bc                pd_prot_stop
 .text.pd_phy_deepsleep
                0x000062ec      0x2b8 C:\Users\victo\AppData\Local\Temp\cc4BW2zr.ltrans6.ltrans.o
                0x000062ec                pd_phy_deepsleep
 .text.pd_hal_init
                0x000065a4      0x114 C:\Users\victo\AppData\Local\Temp\cc4BW2zr.ltrans6.ltrans.o
                0x000065a4                pd_hal_init
 .text.IntDefaultHandler
                0x000066b8        0x2 C:\Users\victo\AppData\Local\Temp\cc4BW2zr.ltrans7.ltrans.o
 *fill*         0x000066ba        0x2 
 .text.save_svids.constprop.13
                0x000066bc       0xc0 C:\Users\victo\AppData\Local\Temp\cc4BW2zr.ltrans7.ltrans.o
                0x000066bc                save_svids.constprop.13
 .text.app_ovp_disable.constprop.11
                0x0000677c       0x28 C:\Users\victo\AppData\Local\Temp\cc4BW2zr.ltrans7.ltrans.o
                0x0000677c                app_ovp_disable.constprop.11
 .text.I2C_CFG_Read
                0x000067a4       0x10 C:\Users\victo\AppData\Local\Temp\cc4BW2zr.ltrans7.ltrans.o
                0x000067a4                I2C_CFG_Read
 .text.I2C_CFG_Write
                0x000067b4       0x18 C:\Users\victo\AppData\Local\Temp\cc4BW2zr.ltrans7.ltrans.o
                0x000067b4                I2C_CFG_Write
 .text.I2C_CFG_SetDriveMode
                0x000067cc       0x18 C:\Users\victo\AppData\Local\Temp\cc4BW2zr.ltrans7.ltrans.o
                0x000067cc                I2C_CFG_SetDriveMode
 .text.EC_INT_Write
                0x000067e4       0x18 C:\Users\victo\AppData\Local\Temp\cc4BW2zr.ltrans7.ltrans.o
                0x000067e4                EC_INT_Write
 .text.UART_PutString
                0x000067fc       0x1a C:\Users\victo\AppData\Local\Temp\cc4BW2zr.ltrans7.ltrans.o
                0x000067fc                UART_PutString
 .text.CyDelayUs
                0x00006816        0xc C:\Users\victo\AppData\Local\Temp\cc4BW2zr.ltrans7.ltrans.o
                0x00006816                CyDelayUs
 *fill*         0x00006822        0x2 
 .text.CySoftwareReset
                0x00006824       0x18 C:\Users\victo\AppData\Local\Temp\cc4BW2zr.ltrans7.ltrans.o
                0x00006824                CySoftwareReset
 .text.CyIntEnable
                0x0000683c       0x14 C:\Users\victo\AppData\Local\Temp\cc4BW2zr.ltrans7.ltrans.o
                0x0000683c                CyIntEnable
 .text.CyIntSetVector
                0x00006850       0x18 C:\Users\victo\AppData\Local\Temp\cc4BW2zr.ltrans7.ltrans.o
                0x00006850                CyIntSetVector
 .text.CySysFlashWriteRow
                0x00006868      0x170 C:\Users\victo\AppData\Local\Temp\cc4BW2zr.ltrans7.ltrans.o
                0x00006868                CySysFlashWriteRow
 .text.startup.initialize_psoc
                0x000069d8      0x248 C:\Users\victo\AppData\Local\Temp\cc4BW2zr.ltrans7.ltrans.o
 .text.pdss_intr1_handler
                0x00006c20       0xd8 C:\Users\victo\AppData\Local\Temp\cc4BW2zr.ltrans7.ltrans.o
                0x00006c20                pdss_intr1_handler
 .text.pd_adc_calibrate
                0x00006cf8       0xfc C:\Users\victo\AppData\Local\Temp\cc4BW2zr.ltrans7.ltrans.o
                0x00006cf8                pd_adc_calibrate
 .text.PS8740_I2C_Write.constprop.20
                0x00006df4       0xe4 C:\Users\victo\AppData\Local\Temp\cc4BW2zr.ltrans7.ltrans.o
                0x00006df4                PS8740_I2C_Write.constprop.20
 .text.Start_c  0x00006ed8       0x48 C:\Users\victo\AppData\Local\Temp\cc4BW2zr.ltrans7.ltrans.o
 .text          0x00006f20       0x28 .\CortexM0\ARM_GCC_493\Debug\CYPD4225-40LQXI_notebook01_1.a(CyBootAsmGnu.o)
                0x00006f20                CyDelayCycles
                0x00006f34                CyEnterCriticalSection
                0x00006f3c                CyExitCriticalSection
 *fill*         0x00006f48       0x18 
 .text          0x00006f60       0xe0 .\CortexM0\ARM_GCC_493\Debug\CYPD4225-40LQXI_notebook01_1.a(UART_AsmGnu.o)
                0x00006f60                UART_PutChar
 .text.hpi_reg_handle_queue
                0x00007040       0x8c .\lib\ccg4_dualport\libccgx_hpi.a(hpi.o)
 .text.hpi_reg_handle_intr_write
                0x000070cc       0x7c .\lib\ccg4_dualport\libccgx_hpi.a(hpi.o)
 .text.hpi_initiate_dpm_command
                0x00007148       0x94 .\lib\ccg4_dualport\libccgx_hpi.a(hpi.o)
 .text.hpi_reset_dev
                0x000071dc       0x54 .\lib\ccg4_dualport\libccgx_hpi.a(hpi.o)
 .text.hpi_i2c_cmd_callback
                0x00007230      0x368 .\lib\ccg4_dualport\libccgx_hpi.a(hpi.o)
 .text.hpi_queue_pd_msg.constprop.5
                0x00007598       0xcc .\lib\ccg4_dualport\libccgx_hpi.a(hpi.o)
 .text.hpi_is_ec_ready
                0x00007664        0xc .\lib\ccg4_dualport\libccgx_hpi.a(hpi.o)
                0x00007664                hpi_is_ec_ready
 .text.hpi_is_vdm_ec_ctrl_enabled
                0x00007670       0x18 .\lib\ccg4_dualport\libccgx_hpi.a(hpi.o)
                0x00007670                hpi_is_vdm_ec_ctrl_enabled
 .text.hpi_set_mode_regs
                0x00007688       0x10 .\lib\ccg4_dualport\libccgx_hpi.a(hpi.o)
                0x00007688                hpi_set_mode_regs
 .text.hpi_update_versions
                0x00007698       0x38 .\lib\ccg4_dualport\libccgx_hpi.a(hpi.o)
                0x00007698                hpi_update_versions
 .text.hpi_update_fw_locations
                0x000076d0       0x14 .\lib\ccg4_dualport\libccgx_hpi.a(hpi.o)
                0x000076d0                hpi_update_fw_locations
 .text.hpi_reg_enqueue_event
                0x000076e4       0xb4 .\lib\ccg4_dualport\libccgx_hpi.a(hpi.o)
                0x000076e4                hpi_reg_enqueue_event
 .text.hpi_abort_pd_retry
                0x00007798       0x2c .\lib\ccg4_dualport\libccgx_hpi.a(hpi.o)
 .text.hpi_pd_event_handler
                0x000077c4      0x320 .\lib\ccg4_dualport\libccgx_hpi.a(hpi.o)
                0x000077c4                hpi_pd_event_handler
 .text.hpi_dpm_cb
                0x00007ae4       0x2c .\lib\ccg4_dualport\libccgx_hpi.a(hpi.o)
 .text.hpi_pd_port_disable_cb
                0x00007b10       0x3c .\lib\ccg4_dualport\libccgx_hpi.a(hpi.o)
 .text.hpi_typec_cmd_cb
                0x00007b4c       0x30 .\lib\ccg4_dualport\libccgx_hpi.a(hpi.o)
 .text.hpi_get_port_enable
                0x00007b7c        0xc .\lib\ccg4_dualport\libccgx_hpi.a(hpi.o)
                0x00007b7c                hpi_get_port_enable
 .text.hpi_task
                0x00007b88      0xa20 .\lib\ccg4_dualport\libccgx_hpi.a(hpi.o)
                0x00007b88                hpi_task
 .text.hpi_send_fw_ready_event
                0x000085a8       0x10 .\lib\ccg4_dualport\libccgx_hpi.a(hpi.o)
                0x000085a8                hpi_send_fw_ready_event
 .text.hpi_init
                0x000085b8      0x184 .\lib\ccg4_dualport\libccgx_hpi.a(hpi.o)
                0x000085b8                hpi_init
 .text.hpi_sleep_allowed
                0x0000873c       0x48 .\lib\ccg4_dualport\libccgx_hpi.a(hpi.o)
                0x0000873c                hpi_sleep_allowed
 .text.hpi_sleep
                0x00008784       0x30 .\lib\ccg4_dualport\libccgx_hpi.a(hpi.o)
                0x00008784                hpi_sleep
 .text.i2c_scb_read.constprop.0
                0x000087b4       0x70 .\lib\ccg4_dualport\libccgx_hpi.a(i2c.o)
 .text.i2c_slave_ack_ctrl
                0x00008824       0x2c .\lib\ccg4_dualport\libccgx_hpi.a(i2c.o)
                0x00008824                i2c_slave_ack_ctrl
 .text.i2c_reset
                0x00008850       0x60 .\lib\ccg4_dualport\libccgx_hpi.a(i2c.o)
                0x00008850                i2c_reset
 .text.i2c_scb_intr_handler
                0x000088b0      0x260 .\lib\ccg4_dualport\libccgx_hpi.a(i2c.o)
 .text.i2c_scb_3_intr_handler
                0x00008b10        0xa .\lib\ccg4_dualport\libccgx_hpi.a(i2c.o)
 .text.i2c_scb_2_intr_handler
                0x00008b1a        0xa .\lib\ccg4_dualport\libccgx_hpi.a(i2c.o)
 .text.i2c_scb_1_intr_handler
                0x00008b24        0xa .\lib\ccg4_dualport\libccgx_hpi.a(i2c.o)
 .text.i2c_scb_0_intr_handler
                0x00008b2e        0xa .\lib\ccg4_dualport\libccgx_hpi.a(i2c.o)
 .text.i2c_timer_cb
                0x00008b38       0x28 .\lib\ccg4_dualport\libccgx_hpi.a(i2c.o)
 .text.i2c_scb_is_idle
                0x00008b60       0x2c .\lib\ccg4_dualport\libccgx_hpi.a(i2c.o)
                0x00008b60                i2c_scb_is_idle
 .text.i2c_scb_enable_wakeup
                0x00008b8c       0x1c .\lib\ccg4_dualport\libccgx_hpi.a(i2c.o)
                0x00008b8c                i2c_scb_enable_wakeup
 .text.i2c_scb_init
                0x00008ba8      0x148 .\lib\ccg4_dualport\libccgx_hpi.a(i2c.o)
                0x00008ba8                i2c_scb_init
 .text.i2c_scb_write
                0x00008cf0       0x4c .\lib\ccg4_dualport\libccgx_hpi.a(i2c.o)
                0x00008cf0                i2c_scb_write
 .text.do_nothing
                0x00008d3c        0x2 .\lib\ccg4_dualport\libccgx_pd.a(pd_policy_engine.o)
 .text.gn_ams_ready__entry
                0x00008d3e        0x2 .\lib\ccg4_dualport\libccgx_pd.a(pd_policy_engine.o)
 .text.gn_ams_ready__timeout
                0x00008d40        0x2 .\lib\ccg4_dualport\libccgx_pd.a(pd_policy_engine.o)
 .text.gn_ams_ready__fr_signal_rcvd
                0x00008d42        0x2 .\lib\ccg4_dualport\libccgx_pd.a(pd_policy_engine.o)
 .text.gn_ams_reject__fr_signal_rcvd
                0x00008d44        0x2 .\lib\ccg4_dualport\libccgx_pd.a(pd_policy_engine.o)
 .text.gn_ams_send_sr_sp_dp__fr_signal_rcvd
                0x00008d46        0x2 .\lib\ccg4_dualport\libccgx_pd.a(pd_policy_engine.o)
 .text.gn_ams_send_cbl_reset__fr_signal_rcvd
                0x00008d48        0x2 .\lib\ccg4_dualport\libccgx_pd.a(pd_policy_engine.o)
 .text.gn_ams_eval_vdm__fr_signal_rcvd
                0x00008d4a        0x2 .\lib\ccg4_dualport\libccgx_pd.a(pd_policy_engine.o)
 .text.gn_ams_send_vdm__fr_signal_rcvd
                0x00008d4c        0x2 .\lib\ccg4_dualport\libccgx_pd.a(pd_policy_engine.o)
 .text.pe_dpm_cmd_clear
                0x00008d4e       0x14 .\lib\ccg4_dualport\libccgx_pd.a(pd_policy_engine.o)
 *fill*         0x00008d62        0x2 
 .text.vs_ams_eval_vconn_swap__entry
                0x00008d64       0x1c .\lib\ccg4_dualport\libccgx_pd.a(pd_policy_engine.o)
 .text.check_vconn_swap_required
                0x00008d80       0x94 .\lib\ccg4_dualport\libccgx_pd.a(pd_policy_engine.o)
 .text.dr_ams_eval_dr_swap__entry
                0x00008e14       0x1c .\lib\ccg4_dualport\libccgx_pd.a(pd_policy_engine.o)
 .text.pr_ams_eval_pr_swap__entry
                0x00008e30       0x1c .\lib\ccg4_dualport\libccgx_pd.a(pd_policy_engine.o)
 .text.src_ams_neg_cap__entry
                0x00008e4c       0x30 .\lib\ccg4_dualport\libccgx_pd.a(pd_policy_engine.o)
 .text.pe_dpm_cmd_response
                0x00008e7c       0x68 .\lib\ccg4_dualport\libccgx_pd.a(pd_policy_engine.o)
 .text.pe_ams__dpm_cmd_unexpected
                0x00008ee4        0xc .\lib\ccg4_dualport\libccgx_pd.a(pd_policy_engine.o)
 .text.src_ams_pd_connected
                0x00008ef0       0x40 .\lib\ccg4_dualport\libccgx_pd.a(pd_policy_engine.o)
 .text.pe_ams_send_hr
                0x00008f30       0x4a .\lib\ccg4_dualport\libccgx_pd.a(pd_policy_engine.o)
 *fill*         0x00008f7a        0x2 
 .text.snk_ams_snk_trans_snk__timeout
                0x00008f7c       0x48 .\lib\ccg4_dualport\libccgx_pd.a(pd_policy_engine.o)
 .text.snk_ams_snk_sel_cap__timeout
                0x00008fc4       0x1e .\lib\ccg4_dualport\libccgx_pd.a(pd_policy_engine.o)
 .text.src_ams_src_send_cap__timeout
                0x00008fe2       0x1e .\lib\ccg4_dualport\libccgx_pd.a(pd_policy_engine.o)
 .text.sr_ams_send_sr__timeout
                0x00009000       0x28 .\lib\ccg4_dualport\libccgx_pd.a(pd_policy_engine.o)
 .text.sr_ams_send_sr__tx_fail
                0x00009028       0x14 .\lib\ccg4_dualport\libccgx_pd.a(pd_policy_engine.o)
 .text.sr_ams_send_sr__tx_discarded
                0x0000903c       0x14 .\lib\ccg4_dualport\libccgx_pd.a(pd_policy_engine.o)
 .text.pe_ams__hr_rcvd
                0x00009050       0x5a .\lib\ccg4_dualport\libccgx_pd.a(pd_policy_engine.o)
 *fill*         0x000090aa        0x2 
 .text.gn_ams_eval_vdm__entry
                0x000090ac       0x54 .\lib\ccg4_dualport\libccgx_pd.a(pd_policy_engine.o)
 .text.gn_ams_send_sr_sp_dp__tx_success
                0x00009100       0x34 .\lib\ccg4_dualport\libccgx_pd.a(pd_policy_engine.o)
 .text.gn_ams_get_resp__tx_success
                0x00009134       0x20 .\lib\ccg4_dualport\libccgx_pd.a(pd_policy_engine.o)
 .text.vs_ams_turn_off_vconn__entry
                0x00009154       0x14 .\lib\ccg4_dualport\libccgx_pd.a(pd_policy_engine.o)
 .text.vs_ams_turn_on_vconn__entry
                0x00009168       0x2c .\lib\ccg4_dualport\libccgx_pd.a(pd_policy_engine.o)
 .text.vs_ams_send_vconn_swap__tx_success
                0x00009194       0x20 .\lib\ccg4_dualport\libccgx_pd.a(pd_policy_engine.o)
 .text.dr_ams_send_dr_swap__tx_success
                0x000091b4       0x20 .\lib\ccg4_dualport\libccgx_pd.a(pd_policy_engine.o)
 .text.pr_ams_snk_src_wait_ps_rdy__entry
                0x000091d4       0x34 .\lib\ccg4_dualport\libccgx_pd.a(pd_policy_engine.o)
 .text.pr_ams_src_snk_wait_ps_rdy__entry
                0x00009208       0x14 .\lib\ccg4_dualport\libccgx_pd.a(pd_policy_engine.o)
 .text.pr_ams_src_snk_remove_vbus__entry
                0x0000921c       0x30 .\lib\ccg4_dualport\libccgx_pd.a(pd_policy_engine.o)
 .text.pr_ams_src_snk_trans__entry
                0x0000924c       0x14 .\lib\ccg4_dualport\libccgx_pd.a(pd_policy_engine.o)
 .text.pr_ams_send_pr_swap__tx_success
                0x00009260       0x20 .\lib\ccg4_dualport\libccgx_pd.a(pd_policy_engine.o)
 .text.snk_ams_snk_trans_snk__entry
                0x00009280      0x174 .\lib\ccg4_dualport\libccgx_pd.a(pd_policy_engine.o)
 .text.snk_ams_snk_sel_cap__entry
                0x000093f4       0x14 .\lib\ccg4_dualport\libccgx_pd.a(pd_policy_engine.o)
 .text.snk_ams_snk_wait_for_cap__entry
                0x00009408       0x14 .\lib\ccg4_dualport\libccgx_pd.a(pd_policy_engine.o)
 .text.src_ams_send_ps_rdy__entry
                0x0000941c      0x124 .\lib\ccg4_dualport\libccgx_pd.a(pd_policy_engine.o)
 .text.src_ams_trans_supply__tx_success
                0x00009540       0x24 .\lib\ccg4_dualport\libccgx_pd.a(pd_policy_engine.o)
 .text.src_ams_src_send_cap__tx_success
                0x00009564       0x1c .\lib\ccg4_dualport\libccgx_pd.a(pd_policy_engine.o)
 .text.src_ams_src_snd_cbl_dscid__tx_success
                0x00009580       0x14 .\lib\ccg4_dualport\libccgx_pd.a(pd_policy_engine.o)
 .text.src_ams_src_send_cbl_sr__tx_success
                0x00009594       0x14 .\lib\ccg4_dualport\libccgx_pd.a(pd_policy_engine.o)
 .text.sr_ams_send_sr__tx_success
                0x000095a8       0x50 .\lib\ccg4_dualport\libccgx_pd.a(pd_policy_engine.o)
 .text.hr_ams_src_apply_vbus__entry
                0x000095f8       0x50 .\lib\ccg4_dualport\libccgx_pd.a(pd_policy_engine.o)
 .text.hr_ams_src_recover__entry
                0x00009648       0x18 .\lib\ccg4_dualport\libccgx_pd.a(pd_policy_engine.o)
 .text.vs_cbk   0x00009660       0x7c .\lib\ccg4_dualport\libccgx_pd.a(pd_policy_engine.o)
 .text.pe_tmr_cbk
                0x000096dc       0x24 .\lib\ccg4_dualport\libccgx_pd.a(pd_policy_engine.o)
 .text.pe_vdm_resp_cbk
                0x00009700       0x28 .\lib\ccg4_dualport\libccgx_pd.a(pd_policy_engine.o)
 .text.gn_ams_send_sr_sp_dp__timeout
                0x00009728       0x34 .\lib\ccg4_dualport\libccgx_pd.a(pd_policy_engine.o)
 .text.gn_ams_jump_to_ready
                0x0000975c       0x18 .\lib\ccg4_dualport\libccgx_pd.a(pd_policy_engine.o)
 .text.gn_ams_send_vdm__timeout
                0x00009774       0x28 .\lib\ccg4_dualport\libccgx_pd.a(pd_policy_engine.o)
 .text.gn_ams_send_vdm__tx_discarded
                0x0000979c       0x14 .\lib\ccg4_dualport\libccgx_pd.a(pd_policy_engine.o)
 .text.gn_ams_send_cbl_reset__tx_fail
                0x000097b0       0x14 .\lib\ccg4_dualport\libccgx_pd.a(pd_policy_engine.o)
 .text.gn_ams_send_cbl_reset__tx_discarded
                0x000097c4       0x14 .\lib\ccg4_dualport\libccgx_pd.a(pd_policy_engine.o)
 .text.gn_ams_send_cbl_reset__tx_success
                0x000097d8       0x2e .\lib\ccg4_dualport\libccgx_pd.a(pd_policy_engine.o)
 .text.gn_ams_send_sr_sp_dp__tx_fail
                0x00009806       0x14 .\lib\ccg4_dualport\libccgx_pd.a(pd_policy_engine.o)
 .text.gn_ams_send_sr_sp_dp__tx_discarded
                0x0000981a       0x14 .\lib\ccg4_dualport\libccgx_pd.a(pd_policy_engine.o)
 .text.gn_ams_get_resp__timeout
                0x0000982e       0x28 .\lib\ccg4_dualport\libccgx_pd.a(pd_policy_engine.o)
 .text.gn_ams_get_resp__tx_discarded
                0x00009856       0x14 .\lib\ccg4_dualport\libccgx_pd.a(pd_policy_engine.o)
 .text.jump_to_generic_ams
                0x0000986a       0x20 .\lib\ccg4_dualport\libccgx_pd.a(pd_policy_engine.o)
 .text.vs_ams_vs_swap_fail
                0x0000988a       0x14 .\lib\ccg4_dualport\libccgx_pd.a(pd_policy_engine.o)
 *fill*         0x0000989e        0x2 
 .text.vs_ams_turn_on_vconn__tx_success
                0x000098a0       0x50 .\lib\ccg4_dualport\libccgx_pd.a(pd_policy_engine.o)
 .text.vs_ams_send_vconn_swap__timeout
                0x000098f0       0x28 .\lib\ccg4_dualport\libccgx_pd.a(pd_policy_engine.o)
 .text.vs_ams_send_vconn_swap__tx_discarded
                0x00009918       0x14 .\lib\ccg4_dualport\libccgx_pd.a(pd_policy_engine.o)
 .text.dr_ams_send_dr_swap__timeout
                0x0000992c       0x28 .\lib\ccg4_dualport\libccgx_pd.a(pd_policy_engine.o)
 .text.dr_ams_send_dr_swap__tx_discarded
                0x00009954       0x14 .\lib\ccg4_dualport\libccgx_pd.a(pd_policy_engine.o)
 .text.pr_ams_send_pr_swap__timeout
                0x00009968       0x28 .\lib\ccg4_dualport\libccgx_pd.a(pd_policy_engine.o)
 .text.pr_ams_send_pr_swap__tx_discarded
                0x00009990       0x14 .\lib\ccg4_dualport\libccgx_pd.a(pd_policy_engine.o)
 .text.vs_ams_vs_swap_accepted
                0x000099a4       0x26 .\lib\ccg4_dualport\libccgx_pd.a(pd_policy_engine.o)
 *fill*         0x000099ca        0x2 
 .text.vs_ams_eval_vconn_swap__tx_success
                0x000099cc       0x48 .\lib\ccg4_dualport\libccgx_pd.a(pd_policy_engine.o)
 .text.pe_app_resp_cbk
                0x00009a14       0x28 .\lib\ccg4_dualport\libccgx_pd.a(pd_policy_engine.o)
 .text.dr_ams_eval_dr_swap__tx_success
                0x00009a3c       0x50 .\lib\ccg4_dualport\libccgx_pd.a(pd_policy_engine.o)
 .text.pr_ams_snk_src_apply_vbus__tx_success
                0x00009a8c       0x58 .\lib\ccg4_dualport\libccgx_pd.a(pd_policy_engine.o)
 .text.pe_pwr_ready_cbk
                0x00009ae4        0xa .\lib\ccg4_dualport\libccgx_pd.a(pd_policy_engine.o)
 .text.pr_ams_src_snk_remove_vbus__tx_success
                0x00009aee       0x16 .\lib\ccg4_dualport\libccgx_pd.a(pd_policy_engine.o)
 .text.pr_ams_src_snk_trans__timeout
                0x00009b04       0x18 .\lib\ccg4_dualport\libccgx_pd.a(pd_policy_engine.o)
 .text.pr_ams_pr_swap_accepted
                0x00009b1c       0x2c .\lib\ccg4_dualport\libccgx_pd.a(pd_policy_engine.o)
 .text.pr_ams_eval_pr_swap__tx_success
                0x00009b48       0x48 .\lib\ccg4_dualport\libccgx_pd.a(pd_policy_engine.o)
 .text.snk_ams_snk_eval_cap__tx_success
                0x00009b90       0x18 .\lib\ccg4_dualport\libccgx_pd.a(pd_policy_engine.o)
 .text.src_ams_wait_new_cap__dpm_cmd_rcvd
                0x00009ba8       0x22 .\lib\ccg4_dualport\libccgx_pd.a(pd_policy_engine.o)
 .text.src_ams_trans_supply__timeout
                0x00009bca       0x18 .\lib\ccg4_dualport\libccgx_pd.a(pd_policy_engine.o)
 *fill*         0x00009be2        0x2 
 .text.src_ams_discovery__entry
                0x00009be4       0x54 .\lib\ccg4_dualport\libccgx_pd.a(pd_policy_engine.o)
 .text.src_ams_src_send_cbl_sr_cbl_fail
                0x00009c38       0x2c .\lib\ccg4_dualport\libccgx_pd.a(pd_policy_engine.o)
 .text.src_ams_src_send_cbl_sr__timeout
                0x00009c64       0x1e .\lib\ccg4_dualport\libccgx_pd.a(pd_policy_engine.o)
 *fill*         0x00009c82        0x2 
 .text.src_ams_src_startup__timeout
                0x00009c84       0x4c .\lib\ccg4_dualport\libccgx_pd.a(pd_policy_engine.o)
 .text.pe_ams_send_sr
                0x00009cd0       0x60 .\lib\ccg4_dualport\libccgx_pd.a(pd_policy_engine.o)
 .text.gn_ams_send_vdm__tx_fail
                0x00009d30       0x2c .\lib\ccg4_dualport\libccgx_pd.a(pd_policy_engine.o)
 .text.gn_ams_get_resp__tx_fail
                0x00009d5c       0x14 .\lib\ccg4_dualport\libccgx_pd.a(pd_policy_engine.o)
 .text.vs_ams_send_vconn_swap__tx_fail
                0x00009d70       0x14 .\lib\ccg4_dualport\libccgx_pd.a(pd_policy_engine.o)
 .text.vs_ams_eval_vconn_swap__tx_discarded
                0x00009d84        0x8 .\lib\ccg4_dualport\libccgx_pd.a(pd_policy_engine.o)
 .text.dr_ams_send_dr_swap__tx_fail
                0x00009d8c       0x14 .\lib\ccg4_dualport\libccgx_pd.a(pd_policy_engine.o)
 .text.pr_ams_send_pr_swap__tx_fail
                0x00009da0       0x14 .\lib\ccg4_dualport\libccgx_pd.a(pd_policy_engine.o)
 .text.snk_ams_snk_eval_cap__tx_discarded
                0x00009db4       0x22 .\lib\ccg4_dualport\libccgx_pd.a(pd_policy_engine.o)
 .text.src_ams_trans_supply__tx_fail
                0x00009dd6       0x14 .\lib\ccg4_dualport\libccgx_pd.a(pd_policy_engine.o)
 .text.src_ams_trans_supply__tx_discarded
                0x00009dea       0x14 .\lib\ccg4_dualport\libccgx_pd.a(pd_policy_engine.o)
 *fill*         0x00009dfe        0x2 
 .text.gn_ams_ready__dpm_cmd_rcvd
                0x00009e00       0xec .\lib\ccg4_dualport\libccgx_pd.a(pd_policy_engine.o)
 .text.src_ams_src_send_cap__tx_failed
                0x00009eec       0x58 .\lib\ccg4_dualport\libccgx_pd.a(pd_policy_engine.o)
 .text.src_ams_src_send_cap__tx_discarded
                0x00009f44       0x48 .\lib\ccg4_dualport\libccgx_pd.a(pd_policy_engine.o)
 .text.sr_ams_exit
                0x00009f8c       0x3e .\lib\ccg4_dualport\libccgx_pd.a(pd_policy_engine.o)
 .text.sr_ams_rcvd_sr__tx_success
                0x00009fca        0x8 .\lib\ccg4_dualport\libccgx_pd.a(pd_policy_engine.o)
 *fill*         0x00009fd2        0x2 
 .text.pe_ams__sr_rcvd
                0x00009fd4       0x54 .\lib\ccg4_dualport\libccgx_pd.a(pd_policy_engine.o)
 .text.hr_ams_hr_reset_complete
                0x0000a028       0x8c .\lib\ccg4_dualport\libccgx_pd.a(pd_policy_engine.o)
 .text.hr_ams_snk_wait_vbus_on__timeout
                0x0000a0b4        0x8 .\lib\ccg4_dualport\libccgx_pd.a(pd_policy_engine.o)
 .text.hr_ams_src_apply_vbus__pwr_rdy
                0x0000a0bc       0x30 .\lib\ccg4_dualport\libccgx_pd.a(pd_policy_engine.o)
 .text.hr_ams_jump_to_snk_wait_vbus_on
                0x0000a0ec       0x40 .\lib\ccg4_dualport\libccgx_pd.a(pd_policy_engine.o)
 .text.hr_ams_src_recover__timeout
                0x0000a12c       0x18 .\lib\ccg4_dualport\libccgx_pd.a(pd_policy_engine.o)
 .text.hr_ams_src_tran_to_dflt__pwr_rdy
                0x0000a144       0x2c .\lib\ccg4_dualport\libccgx_pd.a(pd_policy_engine.o)
 .text.hr_ams_send_hr__tx_over
                0x0000a170       0x44 .\lib\ccg4_dualport\libccgx_pd.a(pd_policy_engine.o)
 .text.pd_cbk   0x0000a1b4        0x8 .\lib\ccg4_dualport\libccgx_pd.a(pd_policy_engine.o)
 .text.gn_ams_send_vdm__entry
                0x0000a1bc       0x1e .\lib\ccg4_dualport\libccgx_pd.a(pd_policy_engine.o)
 *fill*         0x0000a1da        0x2 
 .text.gn_ams_eval_vdm__vdm_resp_rcvd
                0x0000a1dc       0x4c .\lib\ccg4_dualport\libccgx_pd.a(pd_policy_engine.o)
 .text.snk_ams_snk_eval_cap__app_resp_rcvd
                0x0000a228       0x4c .\lib\ccg4_dualport\libccgx_pd.a(pd_policy_engine.o)
 .text.src_ams_src_snd_cbl_dscid__entry
                0x0000a274       0x40 .\lib\ccg4_dualport\libccgx_pd.a(pd_policy_engine.o)
 .text.gn_ams_send_cbl_reset__entry
                0x0000a2b4       0x1a .\lib\ccg4_dualport\libccgx_pd.a(pd_policy_engine.o)
 .text.gn_ams_send_sr_sp_dp__entry
                0x0000a2ce       0x24 .\lib\ccg4_dualport\libccgx_pd.a(pd_policy_engine.o)
 *fill*         0x0000a2f2        0x2 
 .text.gn_ams_get_resp__entry
                0x0000a2f4       0x2c .\lib\ccg4_dualport\libccgx_pd.a(pd_policy_engine.o)
 .text.gn_ams_reject__entry
                0x0000a320        0xc .\lib\ccg4_dualport\libccgx_pd.a(pd_policy_engine.o)
 .text.vs_ams_send_vconn_swap__entry
                0x0000a32c        0xc .\lib\ccg4_dualport\libccgx_pd.a(pd_policy_engine.o)
 .text.vs_ams_eval_vconn__app_resp_rcvd
                0x0000a338       0x3c .\lib\ccg4_dualport\libccgx_pd.a(pd_policy_engine.o)
 .text.dr_ams_send_dr_swap__entry
                0x0000a374        0xc .\lib\ccg4_dualport\libccgx_pd.a(pd_policy_engine.o)
 .text.dr_ams_eval_dr_swap__app_resp_rcvd
                0x0000a380       0x4c .\lib\ccg4_dualport\libccgx_pd.a(pd_policy_engine.o)
 .text.pr_ams_snk_src_apply_vbus__pwr_rdy
                0x0000a3cc       0x20 .\lib\ccg4_dualport\libccgx_pd.a(pd_policy_engine.o)
 .text.pr_ams_send_pr_swap__entry
                0x0000a3ec        0xc .\lib\ccg4_dualport\libccgx_pd.a(pd_policy_engine.o)
 .text.pr_ams_eval_pr_swap__app_resp_rcvd
                0x0000a3f8       0xe0 .\lib\ccg4_dualport\libccgx_pd.a(pd_policy_engine.o)
 .text.src_ams_send_ps_rdy__pwr_rdy
                0x0000a4d8       0x20 .\lib\ccg4_dualport\libccgx_pd.a(pd_policy_engine.o)
 .text.src_ams_trans_supply__entry
                0x0000a4f8       0x38 .\lib\ccg4_dualport\libccgx_pd.a(pd_policy_engine.o)
 .text.src_ams_neg_cap__app_resp_rcvd
                0x0000a530       0x3c .\lib\ccg4_dualport\libccgx_pd.a(pd_policy_engine.o)
 .text.src_ams_src_send_cbl_sr__entry
                0x0000a56c       0x16 .\lib\ccg4_dualport\libccgx_pd.a(pd_policy_engine.o)
 .text.sr_ams_rcvd_sr__entry
                0x0000a582       0x16 .\lib\ccg4_dualport\libccgx_pd.a(pd_policy_engine.o)
 .text.sr_ams_send_sr__entry
                0x0000a598       0x1e .\lib\ccg4_dualport\libccgx_pd.a(pd_policy_engine.o)
 .text.gn_ams_give_snk_cap__entry
                0x0000a5b6       0x28 .\lib\ccg4_dualport\libccgx_pd.a(pd_policy_engine.o)
 *fill*         0x0000a5de        0x2 
 .text.snk_ams_snk_eval_cap__entry
                0x0000a5e0       0x40 .\lib\ccg4_dualport\libccgx_pd.a(pd_policy_engine.o)
 .text.gn_ams_give_src_cap__entry
                0x0000a620       0x28 .\lib\ccg4_dualport\libccgx_pd.a(pd_policy_engine.o)
 .text.src_ams_src_send_cap__entry
                0x0000a648       0x28 .\lib\ccg4_dualport\libccgx_pd.a(pd_policy_engine.o)
 .text.src_ams_src_snd_cbl_dscid__exit
                0x0000a670       0x40 .\lib\ccg4_dualport\libccgx_pd.a(pd_policy_engine.o)
 .text.dr_ams_chng_data_role__entry
                0x0000a6b0       0x88 .\lib\ccg4_dualport\libccgx_pd.a(pd_policy_engine.o)
 .text.pr_ams_snk_src_apply_vbus__entry
                0x0000a738       0x78 .\lib\ccg4_dualport\libccgx_pd.a(pd_policy_engine.o)
 .text.pr_ams_src_snk_remove_vbus__pwr_rdy
                0x0000a7b0       0x68 .\lib\ccg4_dualport\libccgx_pd.a(pd_policy_engine.o)
 .text.pe_ams_pe_disabled
                0x0000a818       0x46 .\lib\ccg4_dualport\libccgx_pd.a(pd_policy_engine.o)
 *fill*         0x0000a85e        0x2 
 .text.src_ams_discovery__timeout
                0x0000a860       0x3c .\lib\ccg4_dualport\libccgx_pd.a(pd_policy_engine.o)
 .text.snk_ams_snk_startup__entry
                0x0000a89c       0x54 .\lib\ccg4_dualport\libccgx_pd.a(pd_policy_engine.o)
 .text.src_ams_send_ps_rdy__tx_success
                0x0000a8f0       0xa4 .\lib\ccg4_dualport\libccgx_pd.a(pd_policy_engine.o)
 .text.src_ams_neg_cap__tx_success
                0x0000a994       0x98 .\lib\ccg4_dualport\libccgx_pd.a(pd_policy_engine.o)
 .text.bcm2_ams_enabled__timeout
                0x0000aa2c       0x10 .\lib\ccg4_dualport\libccgx_pd.a(pd_policy_engine.o)
 .text.bcm2_ams_enabled__entry
                0x0000aa3c       0x24 .\lib\ccg4_dualport\libccgx_pd.a(pd_policy_engine.o)
 .text.btd_ams_enabled__entry
                0x0000aa60        0x8 .\lib\ccg4_dualport\libccgx_pd.a(pd_policy_engine.o)
 .text.pe_ams_reset_flags_on_hr
                0x0000aa68       0x54 .\lib\ccg4_dualport\libccgx_pd.a(pd_policy_engine.o)
 .text.pe_ams_reset_on_hr
                0x0000aabc       0x44 .\lib\ccg4_dualport\libccgx_pd.a(pd_policy_engine.o)
 .text.hr_ams_snk_tran_to_dflt__entry
                0x0000ab00       0x68 .\lib\ccg4_dualport\libccgx_pd.a(pd_policy_engine.o)
 .text.hr_ams_src_tran_to_dflt__entry
                0x0000ab68       0x34 .\lib\ccg4_dualport\libccgx_pd.a(pd_policy_engine.o)
 .text.pe_reset_flags
                0x0000ab9c       0x74 .\lib\ccg4_dualport\libccgx_pd.a(pd_policy_engine.o)
 .text.gn_ams_send_vdm__tx_success
                0x0000ac10       0x40 .\lib\ccg4_dualport\libccgx_pd.a(pd_policy_engine.o)
 .text.vs_ams_turn_on_vconn__timeout
                0x0000ac50       0x2a .\lib\ccg4_dualport\libccgx_pd.a(pd_policy_engine.o)
 .text.hr_ams_snk_wait_vbus_on__entry
                0x0000ac7a       0x4e .\lib\ccg4_dualport\libccgx_pd.a(pd_policy_engine.o)
 .text.src_ams_src_startup__entry
                0x0000acc8       0x90 .\lib\ccg4_dualport\libccgx_pd.a(pd_policy_engine.o)
 .text.pe_init  0x0000ad58       0x20 .\lib\ccg4_dualport\libccgx_pd.a(pd_policy_engine.o)
                0x0000ad58                pe_init
 .text.pe_start
                0x0000ad78       0x40 .\lib\ccg4_dualport\libccgx_pd.a(pd_policy_engine.o)
                0x0000ad78                pe_start
 .text.pe_stop  0x0000adb8       0x14 .\lib\ccg4_dualport\libccgx_pd.a(pd_policy_engine.o)
                0x0000adb8                pe_stop
 .text.pe_ams_err_recovery
                0x0000adcc       0x38 .\lib\ccg4_dualport\libccgx_pd.a(pd_policy_engine.o)
 .text.gn_ams_get_resp__fr_signal_rcvd
                0x0000ae04        0x8 .\lib\ccg4_dualport\libccgx_pd.a(pd_policy_engine.o)
 .text.gn_ams_give_snk_cap__fr_signal_rcvd
                0x0000ae0c        0x8 .\lib\ccg4_dualport\libccgx_pd.a(pd_policy_engine.o)
 .text.gn_ams_give_src_cap__fr_signal_rcvd
                0x0000ae14        0x8 .\lib\ccg4_dualport\libccgx_pd.a(pd_policy_engine.o)
 .text.pr_ams_snk_src_apply_vbus__timeout
                0x0000ae1c        0x8 .\lib\ccg4_dualport\libccgx_pd.a(pd_policy_engine.o)
 .text.pr_ams_src_snk_remove_vbus__timeout
                0x0000ae24        0x8 .\lib\ccg4_dualport\libccgx_pd.a(pd_policy_engine.o)
 .text.src_ams_send_ps_rdy__timeout
                0x0000ae2c       0x44 .\lib\ccg4_dualport\libccgx_pd.a(pd_policy_engine.o)
 .text.hr_ams_snk_wait_vbus_off__timeout
                0x0000ae70       0x42 .\lib\ccg4_dualport\libccgx_pd.a(pd_policy_engine.o)
 .text.hr_ams_snk_wait_vbus_off__entry
                0x0000aeb2       0x40 .\lib\ccg4_dualport\libccgx_pd.a(pd_policy_engine.o)
 .text.hr_ams_src_apply_vbus__timeout
                0x0000aef2        0x8 .\lib\ccg4_dualport\libccgx_pd.a(pd_policy_engine.o)
 *fill*         0x0000aefa        0x2 
 .text.hr_ams_src_tran_to_dflt__timeout
                0x0000aefc       0x54 .\lib\ccg4_dualport\libccgx_pd.a(pd_policy_engine.o)
 .text.hr_ams_send_hr__entry
                0x0000af50       0x78 .\lib\ccg4_dualport\libccgx_pd.a(pd_policy_engine.o)
 .text.pe_is_busy
                0x0000afc8       0x4e .\lib\ccg4_dualport\libccgx_pd.a(pd_policy_engine.o)
                0x0000afc8                pe_is_busy
 *fill*         0x0000b016        0x2 
 .text.pd_is_msg
                0x0000b018       0x74 .\lib\ccg4_dualport\libccgx_pd.a(pd_policy_engine.o)
                0x0000b018                pd_is_msg
 .text.gn_ams_get_resp__pkt_rcvd
                0x0000b08c      0x114 .\lib\ccg4_dualport\libccgx_pd.a(pd_policy_engine.o)
 .text.gn_ams_pkt_rcvd
                0x0000b1a0      0x250 .\lib\ccg4_dualport\libccgx_pd.a(pd_policy_engine.o)
 .text.gn_ams_send_cbl_reset__pkt_rcvd
                0x0000b3f0       0x14 .\lib\ccg4_dualport\libccgx_pd.a(pd_policy_engine.o)
 .text.gn_ams_ready__pkt_rcvd
                0x0000b404        0x8 .\lib\ccg4_dualport\libccgx_pd.a(pd_policy_engine.o)
 .text.gn_ams_send_vdm__pkt_rcvd
                0x0000b40c       0x6c .\lib\ccg4_dualport\libccgx_pd.a(pd_policy_engine.o)
 .text.gn_ams_send_sr_sp_dp__pkt_rcvd
                0x0000b478       0x64 .\lib\ccg4_dualport\libccgx_pd.a(pd_policy_engine.o)
 .text.vs_ams_turn_off_vconn__pkt_rcvd
                0x0000b4dc       0x98 .\lib\ccg4_dualport\libccgx_pd.a(pd_policy_engine.o)
 .text.vs_ams_send_vconn_swap__pkt_rcvd
                0x0000b574       0x80 .\lib\ccg4_dualport\libccgx_pd.a(pd_policy_engine.o)
 .text.dr_ams_send_dr_swap__pkt_rcvd
                0x0000b5f4       0x8c .\lib\ccg4_dualport\libccgx_pd.a(pd_policy_engine.o)
 .text.pr_ams_snk_src_wait_ps_rdy__pkt_rcvd
                0x0000b680       0x68 .\lib\ccg4_dualport\libccgx_pd.a(pd_policy_engine.o)
 .text.pr_ams_send_pr_swap__pkt_rcvd
                0x0000b6e8       0x88 .\lib\ccg4_dualport\libccgx_pd.a(pd_policy_engine.o)
 .text.snk_ams_snk_trans_snk__pkt_rcvd
                0x0000b770      0x104 .\lib\ccg4_dualport\libccgx_pd.a(pd_policy_engine.o)
 .text.snk_ams_snk_sel_cap__pkt_rcvd
                0x0000b874       0xc8 .\lib\ccg4_dualport\libccgx_pd.a(pd_policy_engine.o)
 .text.snk_ams_snk_wait_for_cap__pkt_rcvd
                0x0000b93c       0x78 .\lib\ccg4_dualport\libccgx_pd.a(pd_policy_engine.o)
 .text.src_ams_discovery__pkt_rcvd
                0x0000b9b4       0x50 .\lib\ccg4_dualport\libccgx_pd.a(pd_policy_engine.o)
 .text.src_ams_src_send_cap__pkt_rcvd
                0x0000ba04       0x54 .\lib\ccg4_dualport\libccgx_pd.a(pd_policy_engine.o)
 .text.validate_n_store_cbl_vdo
                0x0000ba58       0x8a .\lib\ccg4_dualport\libccgx_pd.a(pd_policy_engine.o)
 *fill*         0x0000bae2        0x2 
 .text.src_ams_src_snd_cbl_dscid__pkt_rcvd
                0x0000bae4       0x20 .\lib\ccg4_dualport\libccgx_pd.a(pd_policy_engine.o)
 .text.cbl_cbk  0x0000bb04      0x10c .\lib\ccg4_dualport\libccgx_pd.a(pd_policy_engine.o)
 .text.src_ams_src_send_cbl_sr__pkt_rcvd
                0x0000bc10       0x54 .\lib\ccg4_dualport\libccgx_pd.a(pd_policy_engine.o)
 .text.sr_ams_send_sr__pkt_rcvd
                0x0000bc64       0x44 .\lib\ccg4_dualport\libccgx_pd.a(pd_policy_engine.o)
 .text.pr_ams_src_snk_wait_ps_rdy__pkt_rcvd
                0x0000bca8       0x88 .\lib\ccg4_dualport\libccgx_pd.a(pd_policy_engine.o)
 .text.pe_fsm   0x0000bd30      0x3a8 .\lib\ccg4_dualport\libccgx_pd.a(pd_policy_engine.o)
                0x0000bd30                pe_fsm
 .text.analyze_rx
                0x0000c0d8      0x160 .\lib\ccg4_dualport\libccgx_pd.a(pd_protocol.o)
 .text.pd_prot_init
                0x0000c238       0x2c .\lib\ccg4_dualport\libccgx_pd.a(pd_protocol.o)
                0x0000c238                pd_prot_init
 .text.pd_prot_start
                0x0000c264       0x20 .\lib\ccg4_dualport\libccgx_pd.a(pd_protocol.o)
                0x0000c264                pd_prot_start
 .text.pd_prot_refresh_roles
                0x0000c284       0x12 .\lib\ccg4_dualport\libccgx_pd.a(pd_protocol.o)
                0x0000c284                pd_prot_refresh_roles
 *fill*         0x0000c296        0x2 
 .text.pd_prot_reset
                0x0000c298       0x2c .\lib\ccg4_dualport\libccgx_pd.a(pd_protocol.o)
                0x0000c298                pd_prot_reset
 .text.pd_prot_reset_all
                0x0000c2c4       0x4c .\lib\ccg4_dualport\libccgx_pd.a(pd_protocol.o)
                0x0000c2c4                pd_prot_reset_all
 .text.pd_prot_reset_rx
                0x0000c310       0x24 .\lib\ccg4_dualport\libccgx_pd.a(pd_protocol.o)
                0x0000c310                pd_prot_reset_rx
 .text.pd_prot_is_busy
                0x0000c334       0x48 .\lib\ccg4_dualport\libccgx_pd.a(pd_protocol.o)
                0x0000c334                pd_prot_is_busy
 .text.tx_msg_over
                0x0000c37c       0x68 .\lib\ccg4_dualport\libccgx_pd.a(pd_protocol.o)
                0x0000c37c                tx_msg_over
 .text.check_collision
                0x0000c3e4       0x3c .\lib\ccg4_dualport\libccgx_pd.a(pd_protocol.o)
                0x0000c3e4                check_collision
 .text.phy_cbk  0x0000c420      0x1cc .\lib\ccg4_dualport\libccgx_pd.a(pd_protocol.o)
 .text.prl_tmr_cbk
                0x0000c5ec       0x74 .\lib\ccg4_dualport\libccgx_pd.a(pd_protocol.o)
 .text.pd_send_msg
                0x0000c660      0x128 .\lib\ccg4_dualport\libccgx_pd.a(pd_protocol.o)
                0x0000c660                pd_send_msg
 .text.pd_register_msg
                0x0000c788       0x58 .\lib\ccg4_dualport\libccgx_pd.a(pd_protocol.o)
                0x0000c788                pd_register_msg
 .text.pd_prot_send_ctrl_msg
                0x0000c7e0       0x14 .\lib\ccg4_dualport\libccgx_pd.a(pd_protocol.o)
                0x0000c7e0                pd_prot_send_ctrl_msg
 .text.pd_prot_send_data_msg
                0x0000c7f4       0x1a .\lib\ccg4_dualport\libccgx_pd.a(pd_protocol.o)
                0x0000c7f4                pd_prot_send_data_msg
 *fill*         0x0000c80e        0x2 
 .text.pd_prot_send_hard_reset
                0x0000c810       0x80 .\lib\ccg4_dualport\libccgx_pd.a(pd_protocol.o)
                0x0000c810                pd_prot_send_hard_reset
 .text.pd_prot_send_cable_reset
                0x0000c890       0x58 .\lib\ccg4_dualport\libccgx_pd.a(pd_protocol.o)
                0x0000c890                pd_prot_send_cable_reset
 .text.pd_prot_en_bist_cm2
                0x0000c8e8        0x8 .\lib\ccg4_dualport\libccgx_pd.a(pd_protocol.o)
                0x0000c8e8                pd_prot_en_bist_cm2
 .text.pd_prot_dis_bist_cm2
                0x0000c8f0        0x8 .\lib\ccg4_dualport\libccgx_pd.a(pd_protocol.o)
                0x0000c8f0                pd_prot_dis_bist_cm2
 .text.pd_prot_en_bist_test_data
                0x0000c8f8       0x24 .\lib\ccg4_dualport\libccgx_pd.a(pd_protocol.o)
                0x0000c8f8                pd_prot_en_bist_test_data
 .text.pd_prot_dis_bist_test_data
                0x0000c91c       0x20 .\lib\ccg4_dualport\libccgx_pd.a(pd_protocol.o)
                0x0000c91c                pd_prot_dis_bist_test_data
 .text.pd_prot_get_rx_packet
                0x0000c93c       0x14 .\lib\ccg4_dualport\libccgx_pd.a(pd_protocol.o)
                0x0000c93c                pd_prot_get_rx_packet
 .text.typec_do_nothing
                0x0000c950        0x2 .\lib\ccg4_dualport\libccgx_pd.a(typec_manager.o)
 *fill*         0x0000c952        0x2 
 .text.typec_debounce_reset
                0x0000c954       0x68 .\lib\ccg4_dualport\libccgx_pd.a(typec_manager.o)
 .text.typec_is_connection_detected
                0x0000c9bc       0x76 .\lib\ccg4_dualport\libccgx_pd.a(typec_manager.o)
 .text.typec_gn_fsm_dpm_resp
                0x0000ca32       0x2c .\lib\ccg4_dualport\libccgx_pd.a(typec_manager.o)
 .text.typec_gn_fsm_attached_snk_detach_transition
                0x0000ca5e       0x2a .\lib\ccg4_dualport\libccgx_pd.a(typec_manager.o)
 .text.typec_gn_fsm_attached_snk__pwr_rdy
                0x0000ca88       0x1a .\lib\ccg4_dualport\libccgx_pd.a(typec_manager.o)
 .text.typec_gn_fsm_attached_snk__timeout
                0x0000caa2        0x8 .\lib\ccg4_dualport\libccgx_pd.a(typec_manager.o)
 .text.typec_pwr_ready_cbk
                0x0000caaa        0xa .\lib\ccg4_dualport\libccgx_pd.a(typec_manager.o)
 .text.typec_tmr_cbk
                0x0000cab4       0x20 .\lib\ccg4_dualport\libccgx_pd.a(typec_manager.o)
 .text.typec_gn_fsm_src_detach
                0x0000cad4       0x38 .\lib\ccg4_dualport\libccgx_pd.a(typec_manager.o)
 .text.typec_gn_fsm_attached_src__timeout
                0x0000cb0c       0x3c .\lib\ccg4_dualport\libccgx_pd.a(typec_manager.o)
 .text.typec_gn_fsm_acc_detach
                0x0000cb48       0x46 .\lib\ccg4_dualport\libccgx_pd.a(typec_manager.o)
 .text.typec_gn_fsm_unattached_snk__timeout
                0x0000cb8e       0x22 .\lib\ccg4_dualport\libccgx_pd.a(typec_manager.o)
 .text.typec_gn_fsm_unattached_src__timeout
                0x0000cbb0       0x22 .\lib\ccg4_dualport\libccgx_pd.a(typec_manager.o)
 .text.typec_gn_fsm_try_src__timeout
                0x0000cbd2       0x32 .\lib\ccg4_dualport\libccgx_pd.a(typec_manager.o)
 .text.typec_gn_fsm_err_recov_trans
                0x0000cc04       0x2a .\lib\ccg4_dualport\libccgx_pd.a(typec_manager.o)
 .text.typec_gn_fsm_attach_evt
                0x0000cc2e      0x11a .\lib\ccg4_dualport\libccgx_pd.a(typec_manager.o)
 .text.typec_gn_fsm_err_recov
                0x0000cd48       0x22 .\lib\ccg4_dualport\libccgx_pd.a(typec_manager.o)
 .text.typec_gn_fsm_detach
                0x0000cd6a       0x2e .\lib\ccg4_dualport\libccgx_pd.a(typec_manager.o)
 .text.typec_gn_fsm_attached_snk__detach
                0x0000cd98       0x50 .\lib\ccg4_dualport\libccgx_pd.a(typec_manager.o)
 .text.typec_gn_fsm_attach
                0x0000cde8       0x4a .\lib\ccg4_dualport\libccgx_pd.a(typec_manager.o)
 .text.typec_gn_fsm_attached_snk__entry
                0x0000ce32       0x34 .\lib\ccg4_dualport\libccgx_pd.a(typec_manager.o)
 *fill*         0x0000ce66        0x2 
 .text.typec_gn_fsm_attached_src__pwr_rdy
                0x0000ce68       0x34 .\lib\ccg4_dualport\libccgx_pd.a(typec_manager.o)
 .text.typec_gn_fsm_attached_src__detach
                0x0000ce9c       0x88 .\lib\ccg4_dualport\libccgx_pd.a(typec_manager.o)
 .text.typec_gn_fsm_attached_src__entry
                0x0000cf24       0x70 .\lib\ccg4_dualport\libccgx_pd.a(typec_manager.o)
 .text.debounce
                0x0000cf94       0xb8 .\lib\ccg4_dualport\libccgx_pd.a(typec_manager.o)
 .text.typec_init
                0x0000d04c       0x10 .\lib\ccg4_dualport\libccgx_pd.a(typec_manager.o)
                0x0000d04c                typec_init
 .text.typec_start
                0x0000d05c       0x96 .\lib\ccg4_dualport\libccgx_pd.a(typec_manager.o)
                0x0000d05c                typec_start
 .text.typec_gn_fsm_err_recov_cmplt__timeout
                0x0000d0f2        0x8 .\lib\ccg4_dualport\libccgx_pd.a(typec_manager.o)
 *fill*         0x0000d0fa        0x2 
 .text.typec_is_busy
                0x0000d0fc       0x78 .\lib\ccg4_dualport\libccgx_pd.a(typec_manager.o)
                0x0000d0fc                typec_is_busy
 .text.typec_sync_toggle
                0x0000d174       0x94 .\lib\ccg4_dualport\libccgx_pd.a(typec_manager.o)
                0x0000d174                typec_sync_toggle
 .text.typec_deepsleep
                0x0000d208        0x8 .\lib\ccg4_dualport\libccgx_pd.a(typec_manager.o)
                0x0000d208                typec_deepsleep
 .text.typec_wakeup
                0x0000d210        0x8 .\lib\ccg4_dualport\libccgx_pd.a(typec_manager.o)
                0x0000d210                typec_wakeup
 .text.typec_change_rp
                0x0000d218       0x44 .\lib\ccg4_dualport\libccgx_pd.a(typec_manager.o)
                0x0000d218                typec_change_rp
 .text.typec_gn_fsm_acc_attach
                0x0000d25c       0x58 .\lib\ccg4_dualport\libccgx_pd.a(typec_manager.o)
 .text.typec_gn_fsm_dbg_acc__entry
                0x0000d2b4        0x8 .\lib\ccg4_dualport\libccgx_pd.a(typec_manager.o)
 .text.typec_gn_fsm_aud_acc__entry
                0x0000d2bc        0x8 .\lib\ccg4_dualport\libccgx_pd.a(typec_manager.o)
 .text.typec_gn_fsm_dpm_cmd
                0x0000d2c4       0x58 .\lib\ccg4_dualport\libccgx_pd.a(typec_manager.o)
 .text.typec_assert_rp
                0x0000d31c       0x30 .\lib\ccg4_dualport\libccgx_pd.a(typec_manager.o)
                0x0000d31c                typec_assert_rp
 .text.typec_assert_rd
                0x0000d34c       0x28 .\lib\ccg4_dualport\libccgx_pd.a(typec_manager.o)
                0x0000d34c                typec_assert_rd
 .text.typec_reset
                0x0000d374       0x84 .\lib\ccg4_dualport\libccgx_pd.a(typec_manager.o)
 .text.typec_gn_unattached
                0x0000d3f8       0xac .\lib\ccg4_dualport\libccgx_pd.a(typec_manager.o)
 .text.typec_gn_fsm_unattached_snk__entry
                0x0000d4a4        0xa .\lib\ccg4_dualport\libccgx_pd.a(typec_manager.o)
 .text.typec_gn_fsm_unattached_src__entry
                0x0000d4ae        0xa .\lib\ccg4_dualport\libccgx_pd.a(typec_manager.o)
 .text.typec_gn_fsm_try_wait_snk__entry
                0x0000d4b8       0x1c .\lib\ccg4_dualport\libccgx_pd.a(typec_manager.o)
 .text.typec_gn_fsm_try_src__entry
                0x0000d4d4       0x30 .\lib\ccg4_dualport\libccgx_pd.a(typec_manager.o)
 .text.dpm_typec_deassert_rp_rd
                0x0000d504       0x1e .\lib\ccg4_dualport\libccgx_pd.a(typec_manager.o)
                0x0000d504                dpm_typec_deassert_rp_rd
 .text.typec_disable
                0x0000d522       0x3a .\lib\ccg4_dualport\libccgx_pd.a(typec_manager.o)
 .text.typec_gn_fsm_err_recov_cmplt__entry
                0x0000d55c       0x58 .\lib\ccg4_dualport\libccgx_pd.a(typec_manager.o)
 .text.typec_stop
                0x0000d5b4       0x4a .\lib\ccg4_dualport\libccgx_pd.a(typec_manager.o)
                0x0000d5b4                typec_stop
 *fill*         0x0000d5fe        0x2 
 .text.typec_gn_fsm_err_recov__entry
                0x0000d600       0xa0 .\lib\ccg4_dualport\libccgx_pd.a(typec_manager.o)
 .text.typec_fsm
                0x0000d6a0      0x3cc .\lib\ccg4_dualport\libccgx_pd.a(typec_manager.o)
                0x0000d6a0                typec_fsm
 .text.dpm_init
                0x0000da6c       0x64 .\lib\ccg4_dualport\libccgx_pd.a(dpm.o)
                0x0000da6c                dpm_init
 .text.dpm_start
                0x0000dad0       0x3c .\lib\ccg4_dualport\libccgx_pd.a(dpm.o)
                0x0000dad0                dpm_start
 .text.dpm_stop
                0x0000db0c       0x38 .\lib\ccg4_dualport\libccgx_pd.a(dpm.o)
                0x0000db0c                dpm_stop
 .text.dpm_deepsleep
                0x0000db44       0x68 .\lib\ccg4_dualport\libccgx_pd.a(dpm.o)
                0x0000db44                dpm_deepsleep
 .text.dpm_wakeup
                0x0000dbac        0xa .\lib\ccg4_dualport\libccgx_pd.a(dpm.o)
                0x0000dbac                dpm_wakeup
 *fill*         0x0000dbb6        0x2 
 .text.dpm_task
                0x0000dbb8       0x44 .\lib\ccg4_dualport\libccgx_pd.a(dpm.o)
                0x0000dbb8                dpm_task
 .text.dpm_get_info
                0x0000dbfc       0x10 .\lib\ccg4_dualport\libccgx_pd.a(dpm.o)
                0x0000dbfc                dpm_get_info
 .text.dpm_update_swap_response
                0x0000dc0c       0x1c .\lib\ccg4_dualport\libccgx_pd.a(dpm.o)
                0x0000dc0c                dpm_update_swap_response
 .text.dpm_update_src_cap
                0x0000dc28       0x40 .\lib\ccg4_dualport\libccgx_pd.a(dpm.o)
                0x0000dc28                dpm_update_src_cap
 .text.dpm_update_src_cap_mask
                0x0000dc68       0x1c .\lib\ccg4_dualport\libccgx_pd.a(dpm.o)
                0x0000dc68                dpm_update_src_cap_mask
 .text.dpm_update_snk_cap
                0x0000dc84       0x40 .\lib\ccg4_dualport\libccgx_pd.a(dpm.o)
                0x0000dc84                dpm_update_snk_cap
 .text.dpm_update_snk_cap_mask
                0x0000dcc4       0x1c .\lib\ccg4_dualport\libccgx_pd.a(dpm.o)
                0x0000dcc4                dpm_update_snk_cap_mask
 .text.dpm_update_snk_max_min
                0x0000dce0       0x34 .\lib\ccg4_dualport\libccgx_pd.a(dpm.o)
                0x0000dce0                dpm_update_snk_max_min
 .text.dpm_update_port_config
                0x0000dd14       0x4c .\lib\ccg4_dualport\libccgx_pd.a(dpm.o)
                0x0000dd14                dpm_update_port_config
 .text.dpm_is_rdo_valid
                0x0000dd60       0x5c .\lib\ccg4_dualport\libccgx_pd.a(dpm.o)
                0x0000dd60                dpm_is_rdo_valid
 .text.dpm_get_polarity
                0x0000ddbc       0x14 .\lib\ccg4_dualport\libccgx_pd.a(dpm.o)
                0x0000ddbc                dpm_get_polarity
 .text.dpm_get_status
                0x0000ddd0       0x10 .\lib\ccg4_dualport\libccgx_pd.a(dpm.o)
                0x0000ddd0                dpm_get_status
 .text.dpm_refresh_src_cap
                0x0000dde0      0x1a0 .\lib\ccg4_dualport\libccgx_pd.a(dpm.o)
                0x0000dde0                dpm_refresh_src_cap
 .text.dpm_refresh_snk_cap
                0x0000df80       0x7c .\lib\ccg4_dualport\libccgx_pd.a(dpm.o)
                0x0000df80                dpm_refresh_snk_cap
 .text.dpm_is_prev_contract_valid
                0x0000dffc       0x1c .\lib\ccg4_dualport\libccgx_pd.a(dpm.o)
                0x0000dffc                dpm_is_prev_contract_valid
 .text.dpm_get_evtno_n_clear
                0x0000e018       0x34 .\lib\ccg4_dualport\libccgx_pd.a(dpm.o)
                0x0000e018                dpm_get_evtno_n_clear
 .text.dpm_get_sink_detach_voltage
                0x0000e04c       0x30 .\lib\ccg4_dualport\libccgx_pd.a(dpm.o)
                0x0000e04c                dpm_get_sink_detach_voltage
 .text.dpm_get_sink_detach_margin
                0x0000e07c       0x12 .\lib\ccg4_dualport\libccgx_pd.a(dpm.o)
                0x0000e07c                dpm_get_sink_detach_margin
 *fill*         0x0000e08e        0x2 
 .text.dpm_set_pe_evt
                0x0000e090       0x28 .\lib\ccg4_dualport\libccgx_pd.a(dpm.o)
                0x0000e090                dpm_set_pe_evt
 .text.dpm_pd_command_ec
                0x0000e0b8       0x98 .\lib\ccg4_dualport\libccgx_pd.a(dpm.o)
                0x0000e0b8                dpm_pd_command_ec
 .text.dpm_pd_command
                0x0000e150       0x2c .\lib\ccg4_dualport\libccgx_pd.a(dpm.o)
                0x0000e150                dpm_pd_command
 .text.dpm_clear_pe_evt
                0x0000e17c       0x28 .\lib\ccg4_dualport\libccgx_pd.a(dpm.o)
                0x0000e17c                dpm_clear_pe_evt
 .text.dpm_set_typec_evt
                0x0000e1a4       0x28 .\lib\ccg4_dualport\libccgx_pd.a(dpm.o)
                0x0000e1a4                dpm_set_typec_evt
 .text.dpm_typec_command
                0x0000e1cc       0x44 .\lib\ccg4_dualport\libccgx_pd.a(dpm.o)
                0x0000e1cc                dpm_typec_command
 .text.dpm_clear_typec_evt
                0x0000e210       0x28 .\lib\ccg4_dualport\libccgx_pd.a(dpm.o)
                0x0000e210                dpm_clear_typec_evt
 .text.dpm_update_port_status
                0x0000e238       0x1c .\lib\ccg4_dualport\libccgx_pd.a(dpm.o)
                0x0000e238                dpm_update_port_status
 .text.dpm_get_pd_port_status
                0x0000e254       0xc8 .\lib\ccg4_dualport\libccgx_pd.a(dpm.o)
                0x0000e254                dpm_get_pd_port_status
 .text.dpm_update_frs_enable
                0x0000e31c        0x2 .\lib\ccg4_dualport\libccgx_pd.a(dpm.o)
                0x0000e31c                dpm_update_frs_enable
 .text.dpm_update_ext_src_cap
                0x0000e31e        0x2 .\lib\ccg4_dualport\libccgx_pd.a(dpm.o)
                0x0000e31e                dpm_update_ext_src_cap
 .text.dpm_prot_reset_rx
                0x0000e320        0x8 .\lib\ccg4_dualport\libccgx_pd.a(dpm.o)
                0x0000e320                dpm_prot_reset_rx
 .text          0x0000e328       0x14 c:/program files (x86)/cypress/psoc creator/3.3/psoc creator/import/gnu/arm/4.9.3/bin/../lib/gcc/arm-none-eabi/4.9.3/armv6-m\libgcc.a(_thumb1_case_uqi.o)
                0x0000e328                __gnu_thumb1_case_uqi
 .text          0x0000e33c       0x14 c:/program files (x86)/cypress/psoc creator/3.3/psoc creator/import/gnu/arm/4.9.3/bin/../lib/gcc/arm-none-eabi/4.9.3/armv6-m\libgcc.a(_thumb1_case_uhi.o)
                0x0000e33c                __gnu_thumb1_case_uhi
 .text          0x0000e350      0x120 c:/program files (x86)/cypress/psoc creator/3.3/psoc creator/import/gnu/arm/4.9.3/bin/../lib/gcc/arm-none-eabi/4.9.3/armv6-m\libgcc.a(_udivsi3.o)
                0x0000e350                __aeabi_uidiv
                0x0000e350                __udivsi3
                0x0000e45c                __aeabi_uidivmod
 .text          0x0000e470      0x1e0 c:/program files (x86)/cypress/psoc creator/3.3/psoc creator/import/gnu/arm/4.9.3/bin/../lib/gcc/arm-none-eabi/4.9.3/armv6-m\libgcc.a(_divsi3.o)
                0x0000e470                __divsi3
                0x0000e470                __aeabi_idiv
                0x0000e63c                __aeabi_idivmod
 .text          0x0000e650        0x4 c:/program files (x86)/cypress/psoc creator/3.3/psoc creator/import/gnu/arm/4.9.3/bin/../lib/gcc/arm-none-eabi/4.9.3/armv6-m\libgcc.a(_dvmd_tls.o)
                0x0000e650                __aeabi_idiv0
                0x0000e650                __aeabi_ldiv0
 .text.__libc_init_array
                0x0000e654       0x4c c:/program files (x86)/cypress/psoc creator/3.3/psoc creator/import/gnu/arm/4.9.3/bin/../lib/gcc/arm-none-eabi/4.9.3/../../../../arm-none-eabi/lib/armv6-m\libg_nano.a(lib_a-init.o)
                0x0000e654                __libc_init_array
 .text.memcpy   0x0000e6a0       0x12 c:/program files (x86)/cypress/psoc creator/3.3/psoc creator/import/gnu/arm/4.9.3/bin/../lib/gcc/arm-none-eabi/4.9.3/../../../../arm-none-eabi/lib/armv6-m\libg_nano.a(lib_a-memcpy.o)
                0x0000e6a0                memcpy
 .text.memset   0x0000e6b2       0x10 c:/program files (x86)/cypress/psoc creator/3.3/psoc creator/import/gnu/arm/4.9.3/bin/../lib/gcc/arm-none-eabi/4.9.3/../../../../arm-none-eabi/lib/armv6-m\libg_nano.a(lib_a-memset.o)
                0x0000e6b2                memset
 *(.plt)
 *(.gnu.warning)
 *(.glue_7t)
 .glue_7t       0x00000000        0x0 linker stubs
 *(.glue_7)
 .glue_7        0x00000000        0x0 linker stubs
 *(.vfp11_veneer)
 .vfp11_veneer  0x00000000        0x0 linker stubs
 *(.bootloader)
 *(.ARM.extab* .gnu.linkonce.armextab.*)
 *(.gcc_except_table)

.v4_bx          0x0000e6c4        0x0
 .v4_bx         0x00000000        0x0 linker stubs

.iplt           0x0000e6c4        0x0
 .iplt          0x00000000        0x0 c:/program files (x86)/cypress/psoc creator/3.3/psoc creator/import/gnu/arm/4.9.3/bin/../lib/gcc/arm-none-eabi/4.9.3/armv6-m/crtbegin.o

.eh_frame_hdr
 *(.eh_frame_hdr)

.eh_frame       0x0000e6c4        0x4
 *(.eh_frame)
 .eh_frame      0x0000e6c4        0x0 c:/program files (x86)/cypress/psoc creator/3.3/psoc creator/import/gnu/arm/4.9.3/bin/../lib/gcc/arm-none-eabi/4.9.3/armv6-m/crtbegin.o
 .eh_frame      0x0000e6c4        0x4 c:/program files (x86)/cypress/psoc creator/3.3/psoc creator/import/gnu/arm/4.9.3/bin/../lib/gcc/arm-none-eabi/4.9.3/armv6-m/crtend.o
                0x0000e6c8                PROVIDE (__exidx_start, .)

.ARM.exidx
 *(.ARM.exidx* .gnu.linkonce.armexidx.*)
                0x0000e6c8                __exidx_end = .

.rodata         0x0000e6c8      0x9d0
 *(.rodata .rodata.* .gnu.linkonce.r.*)
 .rodata        0x0000e6c8       0x9c C:\Users\victo\AppData\Local\Temp\cc4BW2zr.ltrans1.ltrans.o
                0x0000e720                alt_mode_ams_table.lto_priv.55
                0x0000e760                gl_img2_fw_metadata
 .rodata        0x0000e764        0xe C:\Users\victo\AppData\Local\Temp\cc4BW2zr.ltrans2.ltrans.o
                0x0000e764                mux_ps8740_address.lto_priv.67
 *fill*         0x0000e772        0x2 
 .rodata        0x0000e774       0x14 C:\Users\victo\AppData\Local\Temp\cc4BW2zr.ltrans3.ltrans.o
 .rodata.str1.1
                0x0000e788      0x18a C:\Users\victo\AppData\Local\Temp\cc4BW2zr.ltrans3.ltrans.o
 *fill*         0x0000e912        0x2 
 .rodata        0x0000e914       0x2c C:\Users\victo\AppData\Local\Temp\cc4BW2zr.ltrans5.ltrans.o
                0x0000e914                os_table
                0x0000e930                thresholds
 .rodata        0x0000e940       0x18 C:\Users\victo\AppData\Local\Temp\cc4BW2zr.ltrans6.ltrans.o
                0x0000e940                hal_ocp_fault_pin.lto_priv.52
                0x0000e944                GPIO
 .rodata        0x0000e958        0xc C:\Users\victo\AppData\Local\Temp\cc4BW2zr.ltrans7.ltrans.o
                0x0000e958                gl_pdss.lto_priv.22
                0x0000e960                dfp_compatibility_mode_table
 .rodata        0x0000e964      0x100 .\lib\ccg4_dualport\libccgx_hpi.a(hpi.o)
                0x0000ea1c                hpi_pdcmd_rp_map
                0x0000ea1f                hpi_to_dpm_pkt_map
                0x0000ea3f                hpi_to_dpm_cmd_map
                0x0000ea5f                gl_hpi_scb_port_map
 .rodata        0x0000ea64       0x10 .\lib\ccg4_dualport\libccgx_hpi.a(i2c.o)
                0x0000ea64                SCB_PRT
 .rodata        0x0000ea74      0x514 .\lib\ccg4_dualport\libccgx_pd.a(pd_policy_engine.o)
                0x0000ea74                CUR_TABLE
                0x0000ea9a                hr_ams_table
                0x0000eae0                btd_ams_table
                0x0000eaea                bcm2_ams_table
                0x0000eaf4                sr_ams_table
                0x0000eb08                src_ams_table
                0x0000eb86                snk_ams_table
                0x0000ebbd                pr_ams_table
                0x0000ec0a                dr_ams_table
                0x0000ec2b                vs_ams_table
                0x0000ec57                gn_ams_table
                0x0000ece0                pe_ams_funcs
 .rodata        0x0000ef88       0xd8 .\lib\ccg4_dualport\libccgx_pd.a(typec_manager.o)
                0x0000ef88                typec_dpmcmd_rp_map
                0x0000ef8c                typec_gn_fsm_funcs
                0x0000f060                . = ALIGN (0x4)
 *(.init)
 .init          0x0000f060        0x4 c:/program files (x86)/cypress/psoc creator/3.3/psoc creator/import/gnu/arm/4.9.3/bin/../lib/gcc/arm-none-eabi/4.9.3/armv6-m/crti.o
                0x0000f060                _init
 .init          0x0000f064        0x8 c:/program files (x86)/cypress/psoc creator/3.3/psoc creator/import/gnu/arm/4.9.3/bin/../lib/gcc/arm-none-eabi/4.9.3/armv6-m/crtn.o
                0x0000f06c                . = ALIGN (0x4)
                0x0000f06c                __preinit_array_start = .
 *(.preinit_array)
                0x0000f06c                __preinit_array_end = .
                0x0000f06c                . = ALIGN (0x4)
                0x0000f06c                __init_array_start = .
 *(SORT(.init_array.*))
 *(.init_array)
 .init_array    0x0000f06c        0x4 c:/program files (x86)/cypress/psoc creator/3.3/psoc creator/import/gnu/arm/4.9.3/bin/../lib/gcc/arm-none-eabi/4.9.3/armv6-m/crtbegin.o
 .init_array    0x0000f070        0x4 C:\Users\victo\AppData\Local\Temp\cc4BW2zr.ltrans7.ltrans.o
                0x0000f074                __init_array_end = .
                0x0000f074                . = ALIGN (0x4)
 *(.fini)
 .fini          0x0000f074        0x4 c:/program files (x86)/cypress/psoc creator/3.3/psoc creator/import/gnu/arm/4.9.3/bin/../lib/gcc/arm-none-eabi/4.9.3/armv6-m/crti.o
                0x0000f074                _fini
 .fini          0x0000f078        0x8 c:/program files (x86)/cypress/psoc creator/3.3/psoc creator/import/gnu/arm/4.9.3/bin/../lib/gcc/arm-none-eabi/4.9.3/armv6-m/crtn.o
                0x0000f080                . = ALIGN (0x4)
                0x0000f080                __fini_array_start = .
 *(.fini_array)
 .fini_array    0x0000f080        0x4 c:/program files (x86)/cypress/psoc creator/3.3/psoc creator/import/gnu/arm/4.9.3/bin/../lib/gcc/arm-none-eabi/4.9.3/armv6-m/crtbegin.o
 *(SORT(.fini_array.*))
                0x0000f084                __fini_array_end = .
                0x0000f084                . = ALIGN (0x4)
 *crtbegin.o(.ctors)
 *(EXCLUDE_FILE(*crtend.o) .ctors)
 *(SORT(.ctors.*))
 *crtend.o(.ctors)
                0x0000f084                . = ALIGN (0x4)
 *crtbegin.o(.dtors)
 *(EXCLUDE_FILE(*crtend.o) .dtors)
 *(SORT(.dtors.*))
 *crtend.o(.dtors)
                0x0000f084                . = ALIGN (0x4)
                0x0000f084                __cy_regions = .
                0x0000f084        0x4 LONG 0xf098 __cy_region_init_ram
                0x0000f088        0x4 LONG 0x200000a0 __cy_region_start_data
                0x0000f08c        0x4 LONG 0x40 __cy_region_init_size_ram
                0x0000f090        0x4 LONG 0x1ba8 __cy_region_zero_size_ram
                0x0000f094                __cy_regions_end = .
                0x0000f098                . = ALIGN (0x8)
 *fill*         0x0000f094        0x4 
                0x0000f098                _etext = .

.ramvectors     0x20000000       0x90
                0x20000000                __cy_region_start_ram = .
 *(.ramvectors)
 .ramvectors    0x20000000       0x90 C:\Users\victo\AppData\Local\Temp\cc4BW2zr.ltrans7.ltrans.o

.btldr_run      0x20000090        0x4
 *(.bootloaderruntype)
 .bootloaderruntype
                0x20000090        0x4 C:\Users\victo\AppData\Local\Temp\cc4BW2zr.ltrans7.ltrans.o
                0x20000090                cyBtldrRunType

.noinit         0x20000098        0x4
 *(.noinit)
 .noinit        0x20000098        0x4 C:\Users\victo\AppData\Local\Temp\cc4BW2zr.ltrans7.ltrans.o

.data           0x200000a0       0x40 load address 0x0000f098
                0x200000a0                __cy_region_start_data = .
 *(.jcr)
 .jcr           0x200000a0        0x0 c:/program files (x86)/cypress/psoc creator/3.3/psoc creator/import/gnu/arm/4.9.3/bin/../lib/gcc/arm-none-eabi/4.9.3/armv6-m/crtbegin.o
 .jcr           0x200000a0        0x4 c:/program files (x86)/cypress/psoc creator/3.3/psoc creator/import/gnu/arm/4.9.3/bin/../lib/gcc/arm-none-eabi/4.9.3/armv6-m/crtend.o