Archive member included because of file (symbol)

.\CortexM0\ARM_GCC_493\Debug\CYPD4225-40LQXI_notebook01_1.a(cyfitter_cfg_1.o)
                              .\CortexM0\ARM_GCC_493\Debug\Cm0Start.o (symbol from plugin) (cyfitter_cfg)
.\CortexM0\ARM_GCC_493\Debug\CYPD4225-40LQXI_notebook01_1.a(VBUS_DISCHARGE_P1.o)
                              .\CortexM0\ARM_GCC_493\Debug\psource.o (symbol from plugin) (VBUS_DISCHARGE_P1_Write)
.\CortexM0\ARM_GCC_493\Debug\CYPD4225-40LQXI_notebook01_1.a(VBUS_P_CTRL_P2.o)
                              .\CortexM0\ARM_GCC_493\Debug\psource.o (symbol from plugin) (VBUS_P_CTRL_P2_Write)
.\CortexM0\ARM_GCC_493\Debug\CYPD4225-40LQXI_notebook01_1.a(VBUS_C_CTRL_P2.o)
                              .\CortexM0\ARM_GCC_493\Debug\psink.o (symbol from plugin) (VBUS_C_CTRL_P2_Write)
.\CortexM0\ARM_GCC_493\Debug\CYPD4225-40LQXI_notebook01_1.a(VBUS_DISCHARGE_P2.o)
                              .\CortexM0\ARM_GCC_493\Debug\psource.o (symbol from plugin) (VBUS_DISCHARGE_P2_Write)
.\CortexM0\ARM_GCC_493\Debug\CYPD4225-40LQXI_notebook01_1.a(VSEL2_P2.o)
                              .\CortexM0\ARM_GCC_493\Debug\psource.o (symbol from plugin) (VSEL2_P2_Write)
.\CortexM0\ARM_GCC_493\Debug\CYPD4225-40LQXI_notebook01_1.a(VSEL1_P2.o)
                              .\CortexM0\ARM_GCC_493\Debug\psource.o (symbol from plugin) (VSEL1_P2_Write)
.\CortexM0\ARM_GCC_493\Debug\CYPD4225-40LQXI_notebook01_1.a(CyBootAsmGnu.o)
                              .\CortexM0\ARM_GCC_493\Debug\app.o (symbol from plugin) (CyEnterCriticalSection)
.\CortexM0\ARM_GCC_493\Debug\CYPD4225-40LQXI_notebook01_1.a(CyFlash.o)
                              .\CortexM0\ARM_GCC_493\Debug\flash.o (symbol from plugin) (CySysFlashWriteRow)
.\CortexM0\ARM_GCC_493\Debug\CYPD4225-40LQXI_notebook01_1.a(CyLib.o)
                              cyfitter_cfg_1.o (symbol from plugin) (CySysClkWriteImoFreq)
.\CortexM0\ARM_GCC_493\Debug\CYPD4225-40LQXI_notebook01_1.a(cyPm.o)
                              .\CortexM0\ARM_GCC_493\Debug\app.o (symbol from plugin) (CySysPmDeepSleep)
.\CortexM0\ARM_GCC_493\Debug\CYPD4225-40LQXI_notebook01_1.a(CyLFClk.o)
                              .\CortexM0\ARM_GCC_493\Debug\Cm0Start.o (symbol from plugin) (CySysWdtDisable)
.\CortexM0\ARM_GCC_493\Debug\CYPD4225-40LQXI_notebook01_1.a(UART.o)
                              .\CortexM0\ARM_GCC_493\Debug\main.o (symbol from plugin) (UART_Start)
.\CortexM0\ARM_GCC_493\Debug\CYPD4225-40LQXI_notebook01_1.a(UART_AsmGnu.o)
                              .\CortexM0\ARM_GCC_493\Debug\main.o (symbol from plugin) (UART_PutChar)
.\lib\ccg4_dualport\libccgx_hpi.a(hpi.o)
                              .\CortexM0\ARM_GCC_493\Debug\main.o (symbol from plugin) (hpi_is_ec_ready)
.\lib\ccg4_dualport\libccgx_hpi.a(i2c.o)
                              .\lib\ccg4_dualport\libccgx_hpi.a(hpi.o) (i2c_slave_ack_ctrl)
.\lib\ccg4_dualport\libccgx_pd.a(pd_policy_engine.o)
                              .\CortexM0\ARM_GCC_493\Debug\main.o (symbol from plugin) (pe_init)
.\lib\ccg4_dualport\libccgx_pd.a(pd_protocol.o)
                              .\lib\ccg4_dualport\libccgx_pd.a(pd_policy_engine.o) (pd_prot_init)
.\lib\ccg4_dualport\libccgx_pd.a(typec_manager.o)
                              .\lib\ccg4_dualport\libccgx_pd.a(pd_policy_engine.o) (typec_change_rp)
.\lib\ccg4_dualport\libccgx_pd.a(dpm.o)
                              .\CortexM0\ARM_GCC_493\Debug\main.o (symbol from plugin) (dpm_init)
.\CortexM0\ARM_GCC_493\Debug\CYPD4225-40LQXI_notebook01_1.a(EC_INT.o)
                              .\lib\ccg4_dualport\libccgx_hpi.a(hpi.o) (EC_INT_Write)
.\CortexM0\ARM_GCC_493\Debug\CYPD4225-40LQXI_notebook01_1.a(I2C_CFG.o)
                              .\lib\ccg4_dualport\libccgx_hpi.a(hpi.o) (I2C_CFG_SetDriveMode)
c:/program files (x86)/cypress/psoc creator/3.3/psoc creator/import/gnu/arm/4.9.3/bin/../lib/gcc/arm-none-eabi/4.9.3/armv6-m\libgcc.a(_thumb1_case_uqi.o)
                              .\lib\ccg4_dualport\libccgx_hpi.a(hpi.o) (__gnu_thumb1_case_uqi)
c:/program files (x86)/cypress/psoc creator/3.3/psoc creator/import/gnu/arm/4.9.3/bin/../lib/gcc/arm-none-eabi/4.9.3/armv6-m\libgcc.a(_thumb1_case_uhi.o)
                              .\lib\ccg4_dualport\libccgx_hpi.a(hpi.o) (__gnu_thumb1_case_uhi)
c:/program files (x86)/cypress/psoc creator/3.3/psoc creator/import/gnu/arm/4.9.3/bin/../lib/gcc/arm-none-eabi/4.9.3/armv6-m\libgcc.a(_udivsi3.o)
                              .\CortexM0\ARM_GCC_493\Debug\CYPD4225-40LQXI_notebook01_1.a(UART_AsmGnu.o) (__aeabi_uidiv)
c:/program files (x86)/cypress/psoc creator/3.3/psoc creator/import/gnu/arm/4.9.3/bin/../lib/gcc/arm-none-eabi/4.9.3/armv6-m\libgcc.a(_divsi3.o)
                              .\lib\ccg4_dualport\libccgx_pd.a(dpm.o) (__aeabi_idiv)
c:/program files (x86)/cypress/psoc creator/3.3/psoc creator/import/gnu/arm/4.9.3/bin/../lib/gcc/arm-none-eabi/4.9.3/armv6-m\libgcc.a(_dvmd_tls.o)
[...]
Memory Configuration

Name             Origin             Length             Attributes
rom              0x00000000         0x00020000         xr
ram              0x20000000         0x00002000         xrw
*default*        0x00000000         0xffffffff

Linker script and memory map

LOAD c:/program files (x86)/cypress/psoc creator/3.3/psoc creator/import/gnu/arm/4.9.3/bin/../lib/gcc/arm-none-eabi/4.9.3/armv6-m/crti.o
LOAD c:/program files (x86)/cypress/psoc creator/3.3/psoc creator/import/gnu/arm/4.9.3/bin/../lib/gcc/arm-none-eabi/4.9.3/armv6-m/crtbegin.o
LOAD c:/program files (x86)/cypress/psoc creator/3.3/psoc creator/import/gnu/arm/4.9.3/bin/../lib/gcc/arm-none-eabi/4.9.3/../../../../arm-none-eabi/lib/armv6-m/crt0.o
START GROUP
LOAD .\CortexM0\ARM_GCC_493\Debug\alt_mode_hw.o
LOAD C:\Users\victo\AppData\Local\Temp\cc3547gN.ltrans0.ltrans.o
LOAD C:\Users\victo\AppData\Local\Temp\cc3547gN.ltrans1.ltrans.o
LOAD C:\Users\victo\AppData\Local\Temp\cc3547gN.ltrans2.ltrans.o
LOAD C:\Users\victo\AppData\Local\Temp\cc3547gN.ltrans3.ltrans.o
LOAD C:\Users\victo\AppData\Local\Temp\cc3547gN.ltrans4.ltrans.o
LOAD C:\Users\victo\AppData\Local\Temp\cc3547gN.ltrans5.ltrans.o
LOAD C:\Users\victo\AppData\Local\Temp\cc3547gN.ltrans6.ltrans.o
LOAD C:\Users\victo\AppData\Local\Temp\cc3547gN.ltrans7.ltrans.o
LOAD c:/program files (x86)/cypress/psoc creator/3.3/psoc creator/import/gnu/arm/4.9.3/bin/../lib/gcc/arm-none-eabi/4.9.3/armv6-m\libgcc.a
LOAD c:/program files (x86)/cypress/psoc creator/3.3/psoc creator/import/gnu/arm/4.9.3/bin/../lib/gcc/arm-none-eabi/4.9.3/../../../../arm-none-eabi/lib/armv6-m\libg_nano.a
LOAD c:/program files (x86)/cypress/psoc creator/3.3/psoc creator/import/gnu/arm/4.9.3/bin/../lib/gcc/arm-none-eabi/4.9.3/../../../../arm-none-eabi/lib/armv6-m\libc_nano.a
LOAD c:/program files (x86)/cypress/psoc creator/3.3/psoc creator/import/gnu/arm/4.9.3/bin/../lib/gcc/arm-none-eabi/4.9.3/armv6-m\libgcc.a
LOAD c:/program files (x86)/cypress/psoc creator/3.3/psoc creator/import/gnu/arm/4.9.3/bin/../lib/gcc/arm-none-eabi/4.9.3/../../../../arm-none-eabi/lib/armv6-m\libc_nano.a
LOAD .\CortexM0\ARM_GCC_493\Debug\alt_modes_mngr.o
LOAD .\CortexM0\ARM_GCC_493\Debug\dp_sid.o
LOAD .\CortexM0\ARM_GCC_493\Debug\vdm_task_mngr.o
LOAD .\CortexM0\ARM_GCC_493\Debug\app.o
LOAD .\CortexM0\ARM_GCC_493\Debug\pdo.o
LOAD .\CortexM0\ARM_GCC_493\Debug\psink.o
LOAD .\CortexM0\ARM_GCC_493\Debug\psource.o
LOAD .\CortexM0\ARM_GCC_493\Debug\swap.o
LOAD .\CortexM0\ARM_GCC_493\Debug\vdm.o
LOAD .\CortexM0\ARM_GCC_493\Debug\boot.o
LOAD .\CortexM0\ARM_GCC_493\Debug\flash.o
LOAD .\CortexM0\ARM_GCC_493\Debug\gpio.o
LOAD .\CortexM0\ARM_GCC_493\Debug\system.o
LOAD .\CortexM0\ARM_GCC_493\Debug\timer.o
LOAD .\CortexM0\ARM_GCC_493\Debug\utils.o
LOAD .\CortexM0\ARM_GCC_493\Debug\config.o
LOAD .\CortexM0\ARM_GCC_493\Debug\datamux_ctrl.o
LOAD .\CortexM0\ARM_GCC_493\Debug\main.o
LOAD .\CortexM0\ARM_GCC_493\Debug\hal_ccgx.o
LOAD .\CortexM0\ARM_GCC_493\Debug\pdss_hal.o
LOAD .\CortexM0\ARM_GCC_493\Debug\cybootloader.o
LOAD .\CortexM0\ARM_GCC_493\Debug\cymetadata.o
LOAD .\CortexM0\ARM_GCC_493\Debug\Cm0Start.o
LOAD .\CortexM0\ARM_GCC_493\Debug\CYPD4225-40LQXI_notebook01_1.a
LOAD C:\Program Files (x86)\Cypress\PSoC Creator\3.3\PSoC Creator\psoc\content\cycomponentlibrary\CyComponentLibrary.cylib\CortexM0\ARM_GCC_493\Debug\CyComponentLibrary.a
LOAD .\lib\ccg4_dualport\libccgx_hpi.a
LOAD .\lib\ccg4_dualport\libccgx_pd.a
END GROUP
START GROUP
LOAD c:/program files (x86)/cypress/psoc creator/3.3/psoc creator/import/gnu/arm/4.9.3/bin/../lib/gcc/arm-none-eabi/4.9.3/armv6-m\libgcc.a
LOAD c:/program files (x86)/cypress/psoc creator/3.3/psoc creator/import/gnu/arm/4.9.3/bin/../lib/gcc/arm-none-eabi/4.9.3/../../../../arm-none-eabi/lib/armv6-m\libg_nano.a
LOAD c:/program files (x86)/cypress/psoc creator/3.3/psoc creator/import/gnu/arm/4.9.3/bin/../lib/gcc/arm-none-eabi/4.9.3/../../../../arm-none-eabi/lib/armv6-m\libc_nano.a
END GROUP
START GROUP
LOAD c:/program files (x86)/cypress/psoc creator/3.3/psoc creator/import/gnu/arm/4.9.3/bin/../lib/gcc/arm-none-eabi/4.9.3/armv6-m\libgcc.a
LOAD c:/program files (x86)/cypress/psoc creator/3.3/psoc creator/import/gnu/arm/4.9.3/bin/../lib/gcc/arm-none-eabi/4.9.3/../../../../arm-none-eabi/lib/armv6-m\libc_nano.a
END GROUP
LOAD c:/program files (x86)/cypress/psoc creator/3.3/psoc creator/import/gnu/arm/4.9.3/bin/../lib/gcc/arm-none-eabi/4.9.3/armv6-m/crtend.o
LOAD c:/program files (x86)/cypress/psoc creator/3.3/psoc creator/import/gnu/arm/4.9.3/bin/../lib/gcc/arm-none-eabi/4.9.3/armv6-m/crtn.o
START GROUP
LOAD c:/program files (x86)/cypress/psoc creator/3.3/psoc creator/import/gnu/arm/4.9.3/bin/../lib/gcc/arm-none-eabi/4.9.3/armv6-m\libgcc.a
LOAD c:/program files (x86)/cypress/psoc creator/3.3/psoc creator/import/gnu/arm/4.9.3/bin/../lib/gcc/arm-none-eabi/4.9.3/../../../../arm-none-eabi/lib/armv6-m\libc.a
LOAD c:/program files (x86)/cypress/psoc creator/3.3/psoc creator/import/gnu/arm/4.9.3/bin/../lib/gcc/arm-none-eabi/4.9.3/../../../../arm-none-eabi/lib/armv6-m\libnosys.a
END GROUP
                0x00001400                CY_APPL_ORIGIN = 0x1400
                0x00000100                CY_FLASH_ROW_SIZE = 0x100
                0x00020000                CY_FLASH_SIZE = 0x20000
                0x00000001                CY_APPL_NUM = 0x1
                0x00000002                CY_APPL_MAX = 0x2
                0x00000040                CY_METADATA_SIZE = 0x40
                0x00000001                CY_APPL_LOADABLE = 0x1
                0x00000000                CY_CHECKSUM_EXCLUDE_SIZE = ALIGN (0x0, CY_FLASH_ROW_SIZE)
                0x00000000                CY_APP_FOR_STACK_AND_COPIER = 0x0
                0x20001c88                PROVIDE (__cy_heap_start, _end)
                0x00000001                PROVIDE (__cy_region_num, ((__cy_regions_end - __cy_regions) / 0x10))
                0x20002000                PROVIDE (__cy_stack, (ORIGIN (ram) + 0x2000))
                0x20001e00                PROVIDE (__cy_heap_end, (__cy_stack - 0x200))

.cybootloader   0x00000000     0x1400
 *(.cybootloader)
 .cybootloader  0x00000000     0x1400 C:\Users\victo\AppData\Local\Temp\cc3547gN.ltrans0.ltrans.o
                0x00000000                cy_bootloader
                0x00001400                appl1_start = CY_APPL_ORIGIN?CY_APPL_ORIGIN:ALIGN (CY_FLASH_ROW_SIZE)
                0x00010000                appl2_start = (CY_FLASH_SIZE / 0x2)
                0x00001400                appl_start = (CY_APPL_NUM == 0x1)?appl1_start:appl2_start
                0x00000000                cy_project_type_bootloader = (appl_start == 0x0)?0x1:0x0
                0x00000000                cy_project_type_app_for_stack_and_copier = (CY_APP_FOR_STACK_AND_COPIER == 0x1)?0x1:0x0

.text           0x00001400     0xd2e2
 CREATE_OBJECT_SYMBOLS
                0x00000000                PROVIDE (__cy_interrupt_vector, RomVectors)
 *(.romvectors)
 .romvectors    0x00001400       0x10 C:\Users\victo\AppData\Local\Temp\cc3547gN.ltrans7.ltrans.o
                0x00000001                ASSERT ((. != __cy_interrupt_vector), No interrupt vector)
                0x00000001                ASSERT (CY_APPL_ORIGIN?(SIZEOF (.cybootloader) <= CY_APPL_ORIGIN):0x1, Wrong image location)
                0x000000c0                . = 0xc0
 *fill*         0x00001410       0xb0 
 *(.customer_region)
 .customer_region
                0x000014c0       0x20 C:\Users\victo\AppData\Local\Temp\cc3547gN.ltrans0.ltrans.o
                0x000014c0                customer_info
 *(.base_version)
 .base_version  0x000014e0        0x4 C:\Users\victo\AppData\Local\Temp\cc3547gN.ltrans1.ltrans.o
                0x000014e0                base_version
 *(.app_version)
 .app_version   0x000014e4        0x4 C:\Users\victo\AppData\Local\Temp\cc3547gN.ltrans0.ltrans.o
                0x000014e4                app_version
 *(.dev_siliconid)
 .dev_siliconid
                0x000014e8        0x4 C:\Users\victo\AppData\Local\Temp\cc3547gN.ltrans0.ltrans.o
                0x000014e8                ccg_silicon_id
 *(.fw_reserved)
 .fw_reserved   0x000014ec       0x14 C:\Users\victo\AppData\Local\Temp\cc3547gN.ltrans0.ltrans.o
                0x000014ec                reserved_buf
 *(.configSection)
 .configSection
                0x00001500      0x400 C:\Users\victo\AppData\Local\Temp\cc3547gN.ltrans7.ltrans.o
                0x00001500                gl_config_table
                0x00001900                PROVIDE (__cy_reset, Reset)
 *(.text.Reset)
 .text.Reset    0x00001900       0x20 C:\Users\victo\AppData\Local\Temp\cc3547gN.ltrans7.ltrans.o
                0x00001900                Reset
                0x00000001                ASSERT ((. != __cy_reset), No reset code)
 *(.psocinit)
 *(.text .text.* .gnu.linkonce.t.*)
 .text          0x00001920       0x60 c:/program files (x86)/cypress/psoc creator/3.3/psoc creator/import/gnu/arm/4.9.3/bin/../lib/gcc/arm-none-eabi/4.9.3/armv6-m/crtbegin.o
 .text.form_alt_mode_event
                0x00001980       0x38 C:\Users\victo\AppData\Local\Temp\cc3547gN.ltrans0.ltrans.o
 .text.get_next_alt_mode
                0x000019b8       0x50 C:\Users\victo\AppData\Local\Temp\cc3547gN.ltrans0.ltrans.o
 .text.wait_ec_trigger.lto_priv.31
                0x00001a08        0x4 C:\Users\victo\AppData\Local\Temp\cc3547gN.ltrans0.ltrans.o
                0x00001a08                wait_ec_trigger.lto_priv.31
 .text.set_disc_mode_params
                0x00001a0c       0x30 C:\Users\victo\AppData\Local\Temp\cc3547gN.ltrans0.ltrans.o
 .text.send_sln_app_evt.part.0
                0x00001a3c       0x30 C:\Users\victo\AppData\Local\Temp\cc3547gN.ltrans0.ltrans.o
 .text.fail_alt_modes.lto_priv.34
                0x00001a6c       0x80 C:\Users\victo\AppData\Local\Temp\cc3547gN.ltrans0.ltrans.o
                0x00001a6c                fail_alt_modes.lto_priv.34
 .text.run_disc_mode.lto_priv.27
                0x00001aec       0xb0 C:\Users\victo\AppData\Local\Temp\cc3547gN.ltrans0.ltrans.o
                0x00001aec                run_disc_mode.lto_priv.27
 .text.dp_src_hpd_cbk
                0x00001b9c       0x40 C:\Users\victo\AppData\Local\Temp\cc3547gN.ltrans0.ltrans.o
 .text.alt_mode_mngr_deinit.lto_priv.30
                0x00001bdc       0x7c C:\Users\victo\AppData\Local\Temp\cc3547gN.ltrans0.ltrans.o
                0x00001bdc                alt_mode_mngr_deinit.lto_priv.30
 .text.move_to_vdm_info
                0x00001c58       0x6c C:\Users\victo\AppData\Local\Temp\cc3547gN.ltrans0.ltrans.o
 .text.eval_alt_modes.lto_priv.33
                0x00001cc4      0x178 C:\Users\victo\AppData\Local\Temp\cc3547gN.ltrans0.ltrans.o
                0x00001cc4                eval_alt_modes.lto_priv.33
 .text.handle_cbl_disc_mode
                0x00001e3c       0xec C:\Users\victo\AppData\Local\Temp\cc3547gN.ltrans0.ltrans.o
 .text.disc_mode_fail.lto_priv.29
                0x00001f28       0x34 C:\Users\victo\AppData\Local\Temp\cc3547gN.ltrans0.ltrans.o
                0x00001f28                disc_mode_fail.lto_priv.29
 .text.eval_disc_mode.lto_priv.28
                0x00001f5c      0x178 C:\Users\victo\AppData\Local\Temp\cc3547gN.ltrans0.ltrans.o
                0x00001f5c                eval_disc_mode.lto_priv.28
 .text.reset_dp_var.lto_priv.60
                0x000020d4       0x40 C:\Users\victo\AppData\Local\Temp\cc3547gN.ltrans0.ltrans.o
                0x000020d4                reset_dp_var.lto_priv.60
 .text.dp_exit  0x00002114       0x38 C:\Users\victo\AppData\Local\Temp\cc3547gN.ltrans0.ltrans.o
 .text.is_prtnr_ccg_consistent.lto_priv.64
                0x0000214c       0x28 C:\Users\victo\AppData\Local\Temp\cc3547gN.ltrans0.ltrans.o
                0x0000214c                is_prtnr_ccg_consistent.lto_priv.64
 .text.send_cmd.lto_priv.63
                0x00002174       0x44 C:\Users\victo\AppData\Local\Temp\cc3547gN.ltrans0.ltrans.o
                0x00002174                send_cmd.lto_priv.63
 .text.analyse_dp_sink_vdo.lto_priv.61
                0x000021b8       0xa4 C:\Users\victo\AppData\Local\Temp\cc3547gN.ltrans0.ltrans.o
                0x000021b8                analyse_dp_sink_vdo.lto_priv.61
 .text.eval_app_alt_mode_cmd
                0x0000225c      0x158 C:\Users\victo\AppData\Local\Temp\cc3547gN.ltrans0.ltrans.o
                0x0000225c                eval_app_alt_mode_cmd
 .text.set_mux.part.1.lto_priv.59
                0x000023b4       0x70 C:\Users\victo\AppData\Local\Temp\cc3547gN.ltrans0.ltrans.o
                0x000023b4                set_mux.part.1.lto_priv.59
 .text.analyse_status_update_vdo
                0x00002424      0x114 C:\Users\victo\AppData\Local\Temp\cc3547gN.ltrans0.ltrans.o
 .text.monitor_alt_modes.lto_priv.32
                0x00002538      0x11c C:\Users\victo\AppData\Local\Temp\cc3547gN.ltrans0.ltrans.o
                0x00002538                monitor_alt_modes.lto_priv.32
 .text.eval_hpd_cmd
                0x00002654      0x144 C:\Users\victo\AppData\Local\Temp\cc3547gN.ltrans0.ltrans.o
 .text.dp_dfp_dequeue_hpd
                0x00002798       0x2c C:\Users\victo\AppData\Local\Temp\cc3547gN.ltrans0.ltrans.o
 .text.dp_src_hpd_resp_cbk
                0x000027c4       0x30 C:\Users\victo\AppData\Local\Temp\cc3547gN.ltrans0.ltrans.o
 .text.dp_dfp_enqueue_hpd
                0x000027f4       0x74 C:\Users\victo\AppData\Local\Temp\cc3547gN.ltrans0.ltrans.o
 .text.dp_dfp_run.lto_priv.62
                0x00002868      0x21c C:\Users\victo\AppData\Local\Temp\cc3547gN.ltrans0.ltrans.o
                0x00002868                dp_dfp_run.lto_priv.62
 .text.eval_app_alt_hw_cmd
                0x00002a84       0x50 C:\Users\victo\AppData\Local\Temp\cc3547gN.ltrans0.ltrans.o
                0x00002a84                eval_app_alt_hw_cmd
 .text.startup.main
                0x00002ad4      0xa70 C:\Users\victo\AppData\Local\Temp\cc3547gN.ltrans1.ltrans.o
                0x00002ad4                main
 .text.vconn_disable
                0x00003544       0x24 C:\Users\victo\AppData\Local\Temp\cc3547gN.ltrans2.ltrans.o
                0x00003544                vconn_disable
 .text.set_vdm_failed
                0x00003568       0x34 C:\Users\victo\AppData\Local\Temp\cc3547gN.ltrans2.ltrans.o
 .text.eval_rdo
                0x0000359c       0x30 C:\Users\victo\AppData\Local\Temp\cc3547gN.ltrans2.ltrans.o
                0x0000359c                eval_rdo
 .text.form_rdo
                0x000035cc       0x80 C:\Users\victo\AppData\Local\Temp\cc3547gN.ltrans2.ltrans.o
 .text.eval_src_cap
                0x0000364c      0x40c C:\Users\victo\AppData\Local\Temp\cc3547gN.ltrans2.ltrans.o
                0x0000364c                eval_src_cap
 .text.vconn_is_present
                0x00003a58       0x30 C:\Users\victo\AppData\Local\Temp\cc3547gN.ltrans2.ltrans.o
                0x00003a58                vconn_is_present
 .text.vconn_enable
                0x00003a88       0x38 C:\Users\victo\AppData\Local\Temp\cc3547gN.ltrans2.ltrans.o
                0x00003a88                vconn_enable
 .text.dp_eval_app_cmd.lto_priv.65
                0x00003ac0       0xe0 C:\Users\victo\AppData\Local\Temp\cc3547gN.ltrans2.ltrans.o
                0x00003ac0                dp_eval_app_cmd.lto_priv.65
 .text.app_ovp_enable.part.2.lto_priv.53
                0x00003ba0       0x44 C:\Users\victo\AppData\Local\Temp\cc3547gN.ltrans2.ltrans.o
                0x00003ba0                app_ovp_enable.part.2.lto_priv.53
 .text.reset_vdm_mngr.lto_priv.35
                0x00003be4       0x30 C:\Users\victo\AppData\Local\Temp\cc3547gN.ltrans2.ltrans.o
                0x00003be4                reset_vdm_mngr.lto_priv.35
 .text.vdm_task_mngr_deinit
                0x00003c14       0x84 C:\Users\victo\AppData\Local\Temp\cc3547gN.ltrans2.ltrans.o
                0x00003c14                vdm_task_mngr_deinit
 .text.app_event_handler
                0x00003c98      0x1d4 C:\Users\victo\AppData\Local\Temp\cc3547gN.ltrans2.ltrans.o
                0x00003c98                app_event_handler
 .text.snk_vbus_ovp
                0x00003e6c       0x2c C:\Users\victo\AppData\Local\Temp\cc3547gN.ltrans2.ltrans.o
                0x00003e6c                snk_vbus_ovp
 .text.reg_dp_modes.part.2.lto_priv.69
                0x00003e98       0xd8 C:\Users\victo\AppData\Local\Temp\cc3547gN.ltrans2.ltrans.o
                0x00003e98                reg_dp_modes.part.2.lto_priv.69
 .text.vbus_is_present
                0x00003f70       0x90 C:\Users\victo\AppData\Local\Temp\cc3547gN.ltrans2.ltrans.o
                0x00003f70                vbus_is_present
 .text.vdm_rec_cbk.lto_priv.25
                0x00004000      0x13c C:\Users\victo\AppData\Local\Temp\cc3547gN.ltrans2.ltrans.o
                0x00004000                vdm_rec_cbk.lto_priv.25
 .text.mux_xfer_timer_cb.lto_priv.21
                0x0000413c        0xc C:\Users\victo\AppData\Local\Temp\cc3547gN.ltrans3.ltrans.o
                0x0000413c                mux_xfer_timer_cb.lto_priv.21
 .text.timer_stop_internal
                0x00004148       0x54 C:\Users\victo\AppData\Local\Temp\cc3547gN.ltrans3.ltrans.o
 .text.my_pd_callback
                0x0000419c       0x38 C:\Users\victo\AppData\Local\Temp\cc3547gN.ltrans3.ltrans.o
                0x0000419c                my_pd_callback
 .text.my_pd_phy_callback
                0x000041d4       0x40 C:\Users\victo\AppData\Local\Temp\cc3547gN.ltrans3.ltrans.o
                0x000041d4                my_pd_phy_callback
 .text.eval_vdm
                0x00004214      0x2e0 C:\Users\victo\AppData\Local\Temp\cc3547gN.ltrans3.ltrans.o
                0x00004214                eval_vdm
 .text.eval_vconn_swap
                0x000044f4       0x38 C:\Users\victo\AppData\Local\Temp\cc3547gN.ltrans3.ltrans.o
                0x000044f4                eval_vconn_swap
 .text.choose_status
                0x0000452c       0xbc C:\Users\victo\AppData\Local\Temp\cc3547gN.ltrans3.ltrans.o
                0x0000452c                choose_status
 .text.get_pd_port_config
                0x000045e8       0x10 C:\Users\victo\AppData\Local\Temp\cc3547gN.ltrans3.ltrans.o
                0x000045e8                get_pd_port_config
 .text.get_pd_config
                0x000045f8        0x8 C:\Users\victo\AppData\Local\Temp\cc3547gN.ltrans3.ltrans.o
                0x000045f8                get_pd_config
 .text.mem_copy_word
                0x00004600       0x14 C:\Users\victo\AppData\Local\Temp\cc3547gN.ltrans3.ltrans.o
                0x00004600                mem_copy_word
 .text.timer_stop_range.part.3.lto_priv.54
                0x00004614       0x4c C:\Users\victo\AppData\Local\Temp\cc3547gN.ltrans3.ltrans.o
                0x00004614                timer_stop_range.part.3.lto_priv.54
 .text.timer_is_running
                0x00004660       0x38 C:\Users\victo\AppData\Local\Temp\cc3547gN.ltrans3.ltrans.o
                0x00004660                timer_is_running
 .text.timer_stop_range
                0x00004698       0x10 C:\Users\victo\AppData\Local\Temp\cc3547gN.ltrans3.ltrans.o
                0x00004698                timer_stop_range
 .text.timer_stop
                0x000046a8       0x48 C:\Users\victo\AppData\Local\Temp\cc3547gN.ltrans3.ltrans.o
                0x000046a8                timer_stop
 .text.sys_get_custom_info_addr
                0x000046f0       0x48 C:\Users\victo\AppData\Local\Temp\cc3547gN.ltrans3.ltrans.o
                0x000046f0                sys_get_custom_info_addr
 .text.sys_get_silicon_id
                0x00004738       0x10 C:\Users\victo\AppData\Local\Temp\cc3547gN.ltrans3.ltrans.o
                0x00004738                sys_get_silicon_id
 .text.sys_get_device_mode
                0x00004748        0xc C:\Users\victo\AppData\Local\Temp\cc3547gN.ltrans3.ltrans.o
                0x00004748                sys_get_device_mode
 .text.gpio_set_lvttl_mode
                0x00004754       0x18 C:\Users\victo\AppData\Local\Temp\cc3547gN.ltrans3.ltrans.o
                0x00004754                gpio_set_lvttl_mode
 .text.hsiom_set_config
                0x0000476c       0x24 C:\Users\victo\AppData\Local\Temp\cc3547gN.ltrans3.ltrans.o
                0x0000476c                hsiom_set_config
 .text.gpio_int_set_config
                0x00004790       0x2c C:\Users\victo\AppData\Local\Temp\cc3547gN.ltrans3.ltrans.o
                0x00004790                gpio_int_set_config
 .text.gpio_set_value
                0x000047bc       0x30 C:\Users\victo\AppData\Local\Temp\cc3547gN.ltrans3.ltrans.o
                0x000047bc                gpio_set_value
 .text.flash_set_app_priority
                0x000047ec       0x32 C:\Users\victo\AppData\Local\Temp\cc3547gN.ltrans3.ltrans.o
                0x000047ec                flash_set_app_priority
 *fill*         0x0000481e        0x2 
 .text.flash_row_read
                0x00004820       0x40 C:\Users\victo\AppData\Local\Temp\cc3547gN.ltrans3.ltrans.o
                0x00004820                flash_row_read
 .text.flash_row_clear
                0x00004860       0x28 C:\Users\victo\AppData\Local\Temp\cc3547gN.ltrans3.ltrans.o
                0x00004860                flash_row_clear
 .text.flash_access_get_status
                0x00004888       0x14 C:\Users\victo\AppData\Local\Temp\cc3547gN.ltrans3.ltrans.o
                0x00004888                flash_access_get_status
 .text.flash_enter_mode
                0x0000489c       0x18 C:\Users\victo\AppData\Local\Temp\cc3547gN.ltrans3.ltrans.o
                0x0000489c                flash_enter_mode
 .text.boot_validate_configtable
                0x000048b4       0x60 C:\Users\victo\AppData\Local\Temp\cc3547gN.ltrans3.ltrans.o
                0x000048b4                boot_validate_configtable
 .text.boot_validate_fw
                0x00004914       0xbc C:\Users\victo\AppData\Local\Temp\cc3547gN.ltrans3.ltrans.o
                0x00004914                boot_validate_fw
 .text.flash_row_write
                0x000049d0       0xac C:\Users\victo\AppData\Local\Temp\cc3547gN.ltrans3.ltrans.o
                0x000049d0                flash_row_write
 .text.boot_handle_validate_fw_cmd
                0x00004a7c       0x38 C:\Users\victo\AppData\Local\Temp\cc3547gN.ltrans3.ltrans.o
                0x00004a7c                boot_handle_validate_fw_cmd
 .text.hw_timer_load_period
                0x00004ab4       0x28 C:\Users\victo\AppData\Local\Temp\cc3547gN.ltrans3.ltrans.o
 .text.wdt_interrupt_handler.lto_priv.26
                0x00004adc      0x15c C:\Users\victo\AppData\Local\Temp\cc3547gN.ltrans3.ltrans.o
                0x00004adc                wdt_interrupt_handler.lto_priv.26
 .text.timer_start
                0x00004c38      0x174 C:\Users\victo\AppData\Local\Temp\cc3547gN.ltrans3.ltrans.o
                0x00004c38                timer_start
 .text.led_timer_cb
                0x00004dac       0x2c C:\Users\victo\AppData\Local\Temp\cc3547gN.ltrans3.ltrans.o
                0x00004dac                led_timer_cb
 .text.psrc_set_current
                0x00004dd8        0x2 C:\Users\victo\AppData\Local\Temp\cc3547gN.ltrans4.ltrans.o
                0x00004dd8                psrc_set_current
 *fill*         0x00004dda        0x2 
 .text.vbus_discharge_off
                0x00004ddc       0x24 C:\Users\victo\AppData\Local\Temp\cc3547gN.ltrans4.ltrans.o
                0x00004ddc                vbus_discharge_off
 .text.vbus_discharge_on
                0x00004e00       0x28 C:\Users\victo\AppData\Local\Temp\cc3547gN.ltrans4.ltrans.o
                0x00004e00                vbus_discharge_on
 .text.psnk_set_current
                0x00004e28        0x2 C:\Users\victo\AppData\Local\Temp\cc3547gN.ltrans4.ltrans.o
                0x00004e28                psnk_set_current
 *fill*         0x00004e2a        0x2 
 .text.eval_pr_swap
                0x00004e2c       0x64 C:\Users\victo\AppData\Local\Temp\cc3547gN.ltrans4.ltrans.o
                0x00004e2c                eval_pr_swap
 .text.eval_dr_swap
                0x00004e90       0x48 C:\Users\victo\AppData\Local\Temp\cc3547gN.ltrans4.ltrans.o
                0x00004e90                eval_dr_swap
 .text.psrc_en_ovp
                0x00004ed8       0x34 C:\Users\victo\AppData\Local\Temp\cc3547gN.ltrans4.ltrans.o
 .text.psnk_set_voltage
                0x00004f0c       0x24 C:\Users\victo\AppData\Local\Temp\cc3547gN.ltrans4.ltrans.o
                0x00004f0c                psnk_set_voltage
 .text.psrc_shutdown
                0x00004f30       0x68 C:\Users\victo\AppData\Local\Temp\cc3547gN.ltrans4.ltrans.o
 .text.app_psrc_vbus_ovp_cbk
                0x00004f98       0x1c C:\Users\victo\AppData\Local\Temp\cc3547gN.ltrans4.ltrans.o
 .text.app_psrc_vbus_ocp_cbk
                0x00004fb4       0x1c C:\Users\victo\AppData\Local\Temp\cc3547gN.ltrans4.ltrans.o
 .text.psrc_set_voltage
                0x00004fd0       0xb8 C:\Users\victo\AppData\Local\Temp\cc3547gN.ltrans4.ltrans.o
                0x00004fd0                psrc_set_voltage
 .text.psnk_enable
                0x00005088       0x34 C:\Users\victo\AppData\Local\Temp\cc3547gN.ltrans4.ltrans.o
                0x00005088                psnk_enable
 .text.app_snk_db_fet_off_delay_expire
                0x000050bc        0x8 C:\Users\victo\AppData\Local\Temp\cc3547gN.ltrans4.ltrans.o
 .text.psrc_disable
                0x000050c4       0x7c C:\Users\victo\AppData\Local\Temp\cc3547gN.ltrans4.ltrans.o
                0x000050c4                psrc_disable
 .text.psnk_disable
                0x00005140       0x84 C:\Users\victo\AppData\Local\Temp\cc3547gN.ltrans4.ltrans.o
                0x00005140                psnk_disable
 .text.app_psnk_vbus_ovp_cbk
                0x000051c4       0x38 C:\Users\victo\AppData\Local\Temp\cc3547gN.ltrans4.ltrans.o
 .text.app_psrc_tmr_cbk
                0x000051fc      0x138 C:\Users\victo\AppData\Local\Temp\cc3547gN.ltrans4.ltrans.o
 .text.app_psnk_tmr_cbk
                0x00005334       0x60 C:\Users\victo\AppData\Local\Temp\cc3547gN.ltrans4.ltrans.o
 .text.psrc_enable
                0x00005394       0xf0 C:\Users\victo\AppData\Local\Temp\cc3547gN.ltrans4.ltrans.o
                0x00005394                psrc_enable
 .text.pd_get_vbus_adc_level
                0x00005484       0x58 C:\Users\victo\AppData\Local\Temp\cc3547gN.ltrans5.ltrans.o
                0x00005484                pd_get_vbus_adc_level
 .text.hpd_deinit
                0x000054dc       0x98 C:\Users\victo\AppData\Local\Temp\cc3547gN.ltrans5.ltrans.o
                0x000054dc                hpd_deinit
 .text.pd_typec_set_polarity
                0x00005574       0x24 C:\Users\victo\AppData\Local\Temp\cc3547gN.ltrans5.ltrans.o
                0x00005574                pd_typec_set_polarity
 .text.pd_typec_dis_rd
                0x00005598       0x3c C:\Users\victo\AppData\Local\Temp\cc3547gN.ltrans5.ltrans.o
                0x00005598                pd_typec_dis_rd
 .text.pd_typec_en_rd
                0x000055d4       0x2c C:\Users\victo\AppData\Local\Temp\cc3547gN.ltrans5.ltrans.o
                0x000055d4                pd_typec_en_rd
 .text.pd_typec_dis_rp
                0x00005600       0x28 C:\Users\victo\AppData\Local\Temp\cc3547gN.ltrans5.ltrans.o
                0x00005600                pd_typec_dis_rp
 .text.pd_typec_en_rp
                0x00005628       0x4c C:\Users\victo\AppData\Local\Temp\cc3547gN.ltrans5.ltrans.o
                0x00005628                pd_typec_en_rp
 .text.pd_typec_snk_update_trim
                0x00005674       0x38 C:\Users\victo\AppData\Local\Temp\cc3547gN.ltrans5.ltrans.o
                0x00005674                pd_typec_snk_update_trim
 .text.pd_typec_stop
                0x000056ac        0x4 C:\Users\victo\AppData\Local\Temp\cc3547gN.ltrans5.ltrans.o
                0x000056ac                pd_typec_stop
 .text.pd_typec_start
                0x000056b0       0x1c C:\Users\victo\AppData\Local\Temp\cc3547gN.ltrans5.ltrans.o
                0x000056b0                pd_typec_start
 .text.pd_typec_init
                0x000056cc       0x50 C:\Users\victo\AppData\Local\Temp\cc3547gN.ltrans5.ltrans.o
                0x000056cc                pd_typec_init
 .text.pd_phy_is_busy
                0x0000571c       0x28 C:\Users\victo\AppData\Local\Temp\cc3547gN.ltrans5.ltrans.o
                0x0000571c                pd_phy_is_busy
 .text.pd_phy_get_rx_packet
                0x00005744       0x14 C:\Users\victo\AppData\Local\Temp\cc3547gN.ltrans5.ltrans.o
                0x00005744                pd_phy_get_rx_packet
 .text.pd_phy_send_reset
                0x00005758       0x3c C:\Users\victo\AppData\Local\Temp\cc3547gN.ltrans5.ltrans.o
                0x00005758                pd_phy_send_reset
 .text.pd_phy_abort_tx_msg
                0x00005794       0x3c C:\Users\victo\AppData\Local\Temp\cc3547gN.ltrans5.ltrans.o
                0x00005794                pd_phy_abort_tx_msg
 .text.pd_phy_abort_bist_cm2
                0x000057d0       0x28 C:\Users\victo\AppData\Local\Temp\cc3547gN.ltrans5.ltrans.o
                0x000057d0                pd_phy_abort_bist_cm2
 .text.pd_prot_rx_dis
                0x000057f8       0x5c C:\Users\victo\AppData\Local\Temp\cc3547gN.ltrans5.ltrans.o
                0x000057f8                pd_prot_rx_dis
 .text.pd_prot_rx_en
                0x00005854       0x3c C:\Users\victo\AppData\Local\Temp\cc3547gN.ltrans5.ltrans.o
                0x00005854                pd_prot_rx_en
 .text.pd_adc_comparator_ctrl
                0x00005890      0x148 C:\Users\victo\AppData\Local\Temp\cc3547gN.ltrans5.ltrans.o
                0x00005890                pd_adc_comparator_ctrl
 .text.pd_typec_get_rp_rd_status
                0x000059d8       0xf8 C:\Users\victo\AppData\Local\Temp\cc3547gN.ltrans5.ltrans.o
 .text.pd_typec_get_cc_status
                0x00005ad0       0xc4 C:\Users\victo\AppData\Local\Temp\cc3547gN.ltrans5.ltrans.o
                0x00005ad0                pd_typec_get_cc_status
 .text.pdss_intr0_handler
                0x00005b94      0x34c C:\Users\victo\AppData\Local\Temp\cc3547gN.ltrans5.ltrans.o
                0x00005b94                pdss_intr0_handler
 .text.pd_phy_send_bist_cm2
                0x00005ee0       0x2c C:\Users\victo\AppData\Local\Temp\cc3547gN.ltrans5.ltrans.o
                0x00005ee0                pd_phy_send_bist_cm2
 .text.pd_phy_vbus_detach_cbk
                0x00005f0c        0x2 C:\Users\victo\AppData\Local\Temp\cc3547gN.ltrans6.ltrans.o
 *fill*         0x00005f0e        0x2 
 .text.vbus_ocp_handler
                0x00005f10       0x38 C:\Users\victo\AppData\Local\Temp\cc3547gN.ltrans6.ltrans.o
 .text.vbus_ocp_port1_handler
                0x00005f48        0xa C:\Users\victo\AppData\Local\Temp\cc3547gN.ltrans6.ltrans.o
                0x00005f48                vbus_ocp_port1_handler
 .text.vbus_ocp_port0_handler
                0x00005f52        0xa C:\Users\victo\AppData\Local\Temp\cc3547gN.ltrans6.ltrans.o
                0x00005f52                vbus_ocp_port0_handler
 .text.pdss_port0_intr0_handler
                0x00005f5c        0xa C:\Users\victo\AppData\Local\Temp\cc3547gN.ltrans6.ltrans.o
 .text.pdss_port1_intr0_handler
                0x00005f66        0xa C:\Users\victo\AppData\Local\Temp\cc3547gN.ltrans6.ltrans.o
 .text.pdss_port0_intr1_handler
                0x00005f70        0xa C:\Users\victo\AppData\Local\Temp\cc3547gN.ltrans6.ltrans.o
 .text.pdss_port1_intr1_handler
                0x00005f7a        0xa C:\Users\victo\AppData\Local\Temp\cc3547gN.ltrans6.ltrans.o
 .text.pd_phy_load_msg
                0x00005f84       0x64 C:\Users\victo\AppData\Local\Temp\cc3547gN.ltrans6.ltrans.o
                0x00005f84                pd_phy_load_msg
 .text.pd_phy_load_data_in_mem
                0x00005fe8       0x8c C:\Users\victo\AppData\Local\Temp\cc3547gN.ltrans6.ltrans.o
                0x00005fe8                pd_phy_load_data_in_mem
 .text.pd_phy_send_msg
                0x00006074      0x10c C:\Users\victo\AppData\Local\Temp\cc3547gN.ltrans6.ltrans.o
                0x00006074                pd_phy_send_msg
 .text.pd_phy_dis_unchunked_tx
                0x00006180       0x14 C:\Users\victo\AppData\Local\Temp\cc3547gN.ltrans6.ltrans.o
                0x00006180                pd_phy_dis_unchunked_tx
 .text.pd_phy_refresh_roles
                0x00006194       0x68 C:\Users\victo\AppData\Local\Temp\cc3547gN.ltrans6.ltrans.o
                0x00006194                pd_phy_refresh_roles
 .text.pd_phy_init
                0x000061fc       0x90 C:\Users\victo\AppData\Local\Temp\cc3547gN.ltrans6.ltrans.o
                0x000061fc                pd_phy_init
 .text.pd_phy_wakeup
                0x0000628c       0x58 C:\Users\victo\AppData\Local\Temp\cc3547gN.ltrans6.ltrans.o
                0x0000628c                pd_phy_wakeup
 .text.pd_prot_stop
                0x000062e4       0x30 C:\Users\victo\AppData\Local\Temp\cc3547gN.ltrans6.ltrans.o
                0x000062e4                pd_prot_stop
 .text.pd_phy_deepsleep
                0x00006314      0x2b8 C:\Users\victo\AppData\Local\Temp\cc3547gN.ltrans6.ltrans.o
                0x00006314                pd_phy_deepsleep
 .text.pd_hal_init
                0x000065cc      0x114 C:\Users\victo\AppData\Local\Temp\cc3547gN.ltrans6.ltrans.o
                0x000065cc                pd_hal_init
 .text.IntDefaultHandler
                0x000066e0        0x2 C:\Users\victo\AppData\Local\Temp\cc3547gN.ltrans7.ltrans.o
 *fill*         0x000066e2        0x2 
 .text.save_svids.constprop.13
                0x000066e4       0xc0 C:\Users\victo\AppData\Local\Temp\cc3547gN.ltrans7.ltrans.o
                0x000066e4                save_svids.constprop.13
 .text.app_ovp_disable.constprop.11
                0x000067a4       0x28 C:\Users\victo\AppData\Local\Temp\cc3547gN.ltrans7.ltrans.o
                0x000067a4                app_ovp_disable.constprop.11
 .text.I2C_CFG_Read
                0x000067cc       0x10 C:\Users\victo\AppData\Local\Temp\cc3547gN.ltrans7.ltrans.o
                0x000067cc                I2C_CFG_Read
 .text.I2C_CFG_Write
                0x000067dc       0x18 C:\Users\victo\AppData\Local\Temp\cc3547gN.ltrans7.ltrans.o
                0x000067dc                I2C_CFG_Write
 .text.I2C_CFG_SetDriveMode
                0x000067f4       0x18 C:\Users\victo\AppData\Local\Temp\cc3547gN.ltrans7.ltrans.o
                0x000067f4                I2C_CFG_SetDriveMode
 .text.EC_INT_Write
                0x0000680c       0x18 C:\Users\victo\AppData\Local\Temp\cc3547gN.ltrans7.ltrans.o
                0x0000680c                EC_INT_Write
 .text.UART_PutString
                0x00006824       0x1a C:\Users\victo\AppData\Local\Temp\cc3547gN.ltrans7.ltrans.o
                0x00006824                UART_PutString
 .text.CyDelayUs
                0x0000683e        0xc C:\Users\victo\AppData\Local\Temp\cc3547gN.ltrans7.ltrans.o
                0x0000683e                CyDelayUs
 *fill*         0x0000684a        0x2 
 .text.CySoftwareReset
                0x0000684c       0x18 C:\Users\victo\AppData\Local\Temp\cc3547gN.ltrans7.ltrans.o
                0x0000684c                CySoftwareReset
 .text.CyIntEnable
                0x00006864       0x14 C:\Users\victo\AppData\Local\Temp\cc3547gN.ltrans7.ltrans.o
                0x00006864                CyIntEnable
 .text.CyIntSetVector
                0x00006878       0x18 C:\Users\victo\AppData\Local\Temp\cc3547gN.ltrans7.ltrans.o
                0x00006878                CyIntSetVector
 .text.CySysFlashWriteRow
                0x00006890      0x170 C:\Users\victo\AppData\Local\Temp\cc3547gN.ltrans7.ltrans.o
                0x00006890                CySysFlashWriteRow
 .text.startup.initialize_psoc
                0x00006a00      0x248 C:\Users\victo\AppData\Local\Temp\cc3547gN.ltrans7.ltrans.o
 .text.pdss_intr1_handler
                0x00006c48       0xd8 C:\Users\victo\AppData\Local\Temp\cc3547gN.ltrans7.ltrans.o
                0x00006c48                pdss_intr1_handler
 .text.pd_adc_calibrate
                0x00006d20       0xfc C:\Users\victo\AppData\Local\Temp\cc3547gN.ltrans7.ltrans.o
                0x00006d20                pd_adc_calibrate
 .text.PS8740_I2C_Write.constprop.20
                0x00006e1c       0xe4 C:\Users\victo\AppData\Local\Temp\cc3547gN.ltrans7.ltrans.o
                0x00006e1c                PS8740_I2C_Write.constprop.20
 .text.Start_c  0x00006f00       0x48 C:\Users\victo\AppData\Local\Temp\cc3547gN.ltrans7.ltrans.o
 .text          0x00006f48       0x28 .\CortexM0\ARM_GCC_493\Debug\CYPD4225-40LQXI_notebook01_1.a(CyBootAsmGnu.o)
                0x00006f48                CyDelayCycles
                0x00006f5c                CyEnterCriticalSection
                0x00006f64                CyExitCriticalSection
 *fill*         0x00006f70       0x10 
 .text          0x00006f80       0xe0 .\CortexM0\ARM_GCC_493\Debug\CYPD4225-40LQXI_notebook01_1.a(UART_AsmGnu.o)
                0x00006f80                UART_PutChar
 .text.hpi_reg_handle_queue
                0x00007060       0x8c .\lib\ccg4_dualport\libccgx_hpi.a(hpi.o)
 .text.hpi_reg_handle_intr_write
                0x000070ec       0x7c .\lib\ccg4_dualport\libccgx_hpi.a(hpi.o)
 .text.hpi_initiate_dpm_command
                0x00007168       0x94 .\lib\ccg4_dualport\libccgx_hpi.a(hpi.o)
 .text.hpi_reset_dev
                0x000071fc       0x54 .\lib\ccg4_dualport\libccgx_hpi.a(hpi.o)
 .text.hpi_i2c_cmd_callback
                0x00007250      0x368 .\lib\ccg4_dualport\libccgx_hpi.a(hpi.o)
 .text.hpi_queue_pd_msg.constprop.5
                0x000075b8       0xcc .\lib\ccg4_dualport\libccgx_hpi.a(hpi.o)
 .text.hpi_is_ec_ready
                0x00007684        0xc .\lib\ccg4_dualport\libccgx_hpi.a(hpi.o)
                0x00007684                hpi_is_ec_ready
 .text.hpi_is_vdm_ec_ctrl_enabled
                0x00007690       0x18 .\lib\ccg4_dualport\libccgx_hpi.a(hpi.o)
                0x00007690                hpi_is_vdm_ec_ctrl_enabled
 .text.hpi_set_mode_regs
                0x000076a8       0x10 .\lib\ccg4_dualport\libccgx_hpi.a(hpi.o)
                0x000076a8                hpi_set_mode_regs
 .text.hpi_update_versions
                0x000076b8       0x38 .\lib\ccg4_dualport\libccgx_hpi.a(hpi.o)
                0x000076b8                hpi_update_versions
 .text.hpi_update_fw_locations
                0x000076f0       0x14 .\lib\ccg4_dualport\libccgx_hpi.a(hpi.o)
                0x000076f0                hpi_update_fw_locations
 .text.hpi_reg_enqueue_event
                0x00007704       0xb4 .\lib\ccg4_dualport\libccgx_hpi.a(hpi.o)
                0x00007704                hpi_reg_enqueue_event
 .text.hpi_abort_pd_retry
                0x000077b8       0x2c .\lib\ccg4_dualport\libccgx_hpi.a(hpi.o)
 .text.hpi_pd_event_handler
                0x000077e4      0x320 .\lib\ccg4_dualport\libccgx_hpi.a(hpi.o)
                0x000077e4                hpi_pd_event_handler
 .text.hpi_dpm_cb
                0x00007b04       0x2c .\lib\ccg4_dualport\libccgx_hpi.a(hpi.o)
 .text.hpi_pd_port_disable_cb
                0x00007b30       0x3c .\lib\ccg4_dualport\libccgx_hpi.a(hpi.o)
 .text.hpi_typec_cmd_cb
                0x00007b6c       0x30 .\lib\ccg4_dualport\libccgx_hpi.a(hpi.o)
 .text.hpi_get_port_enable
                0x00007b9c        0xc .\lib\ccg4_dualport\libccgx_hpi.a(hpi.o)
                0x00007b9c                hpi_get_port_enable
 .text.hpi_task
                0x00007ba8      0xa20 .\lib\ccg4_dualport\libccgx_hpi.a(hpi.o)
                0x00007ba8                hpi_task
 .text.hpi_send_fw_ready_event
                0x000085c8       0x10 .\lib\ccg4_dualport\libccgx_hpi.a(hpi.o)
                0x000085c8                hpi_send_fw_ready_event
 .text.hpi_init
                0x000085d8      0x184 .\lib\ccg4_dualport\libccgx_hpi.a(hpi.o)
                0x000085d8                hpi_init
 .text.hpi_sleep_allowed
                0x0000875c       0x48 .\lib\ccg4_dualport\libccgx_hpi.a(hpi.o)
                0x0000875c                hpi_sleep_allowed
 .text.hpi_sleep
                0x000087a4       0x30 .\lib\ccg4_dualport\libccgx_hpi.a(hpi.o)
                0x000087a4                hpi_sleep
 .text.i2c_scb_read.constprop.0
                0x000087d4       0x70 .\lib\ccg4_dualport\libccgx_hpi.a(i2c.o)
 .text.i2c_slave_ack_ctrl
                0x00008844       0x2c .\lib\ccg4_dualport\libccgx_hpi.a(i2c.o)
                0x00008844                i2c_slave_ack_ctrl
 .text.i2c_reset
                0x00008870       0x60 .\lib\ccg4_dualport\libccgx_hpi.a(i2c.o)
                0x00008870                i2c_reset
 .text.i2c_scb_intr_handler
                0x000088d0      0x260 .\lib\ccg4_dualport\libccgx_hpi.a(i2c.o)
 .text.i2c_scb_3_intr_handler
                0x00008b30        0xa .\lib\ccg4_dualport\libccgx_hpi.a(i2c.o)
 .text.i2c_scb_2_intr_handler
                0x00008b3a        0xa .\lib\ccg4_dualport\libccgx_hpi.a(i2c.o)
 .text.i2c_scb_1_intr_handler
                0x00008b44        0xa .\lib\ccg4_dualport\libccgx_hpi.a(i2c.o)
 .text.i2c_scb_0_intr_handler
                0x00008b4e        0xa .\lib\ccg4_dualport\libccgx_hpi.a(i2c.o)
 .text.i2c_timer_cb
                0x00008b58       0x28 .\lib\ccg4_dualport\libccgx_hpi.a(i2c.o)
 .text.i2c_scb_is_idle
                0x00008b80       0x2c .\lib\ccg4_dualport\libccgx_hpi.a(i2c.o)
                0x00008b80                i2c_scb_is_idle
 .text.i2c_scb_enable_wakeup
                0x00008bac       0x1c .\lib\ccg4_dualport\libccgx_hpi.a(i2c.o)
                0x00008bac                i2c_scb_enable_wakeup
 .text.i2c_scb_init
                0x00008bc8      0x148 .\lib\ccg4_dualport\libccgx_hpi.a(i2c.o)
                0x00008bc8                i2c_scb_init
 .text.i2c_scb_write
                0x00008d10       0x4c .\lib\ccg4_dualport\libccgx_hpi.a(i2c.o)
                0x00008d10                i2c_scb_write
 .text.do_nothing
                0x00008d5c        0x2 .\lib\ccg4_dualport\libccgx_pd.a(pd_policy_engine.o)
 .text.gn_ams_ready__entry
                0x00008d5e        0x2 .\lib\ccg4_dualport\libccgx_pd.a(pd_policy_engine.o)
 .text.gn_ams_ready__timeout
                0x00008d60        0x2 .\lib\ccg4_dualport\libccgx_pd.a(pd_policy_engine.o)
 .text.gn_ams_ready__fr_signal_rcvd
                0x00008d62        0x2 .\lib\ccg4_dualport\libccgx_pd.a(pd_policy_engine.o)
 .text.gn_ams_reject__fr_signal_rcvd
                0x00008d64        0x2 .\lib\ccg4_dualport\libccgx_pd.a(pd_policy_engine.o)
 .text.gn_ams_send_sr_sp_dp__fr_signal_rcvd
                0x00008d66        0x2 .\lib\ccg4_dualport\libccgx_pd.a(pd_policy_engine.o)
 .text.gn_ams_send_cbl_reset__fr_signal_rcvd
                0x00008d68        0x2 .\lib\ccg4_dualport\libccgx_pd.a(pd_policy_engine.o)
 .text.gn_ams_eval_vdm__fr_signal_rcvd
                0x00008d6a        0x2 .\lib\ccg4_dualport\libccgx_pd.a(pd_policy_engine.o)
 .text.gn_ams_send_vdm__fr_signal_rcvd
                0x00008d6c        0x2 .\lib\ccg4_dualport\libccgx_pd.a(pd_policy_engine.o)
 .text.pe_dpm_cmd_clear
                0x00008d6e       0x14 .\lib\ccg4_dualport\libccgx_pd.a(pd_policy_engine.o)
 *fill*         0x00008d82        0x2 
 .text.vs_ams_eval_vconn_swap__entry
                0x00008d84       0x1c .\lib\ccg4_dualport\libccgx_pd.a(pd_policy_engine.o)
 .text.check_vconn_swap_required
                0x00008da0       0x94 .\lib\ccg4_dualport\libccgx_pd.a(pd_policy_engine.o)
 .text.dr_ams_eval_dr_swap__entry
                0x00008e34       0x1c .\lib\ccg4_dualport\libccgx_pd.a(pd_policy_engine.o)
 .text.pr_ams_eval_pr_swap__entry
                0x00008e50       0x1c .\lib\ccg4_dualport\libccgx_pd.a(pd_policy_engine.o)
 .text.src_ams_neg_cap__entry
                0x00008e6c       0x30 .\lib\ccg4_dualport\libccgx_pd.a(pd_policy_engine.o)
 .text.pe_dpm_cmd_response
                0x00008e9c       0x68 .\lib\ccg4_dualport\libccgx_pd.a(pd_policy_engine.o)
 .text.pe_ams__dpm_cmd_unexpected
                0x00008f04        0xc .\lib\ccg4_dualport\libccgx_pd.a(pd_policy_engine.o)
 .text.src_ams_pd_connected
                0x00008f10       0x40 .\lib\ccg4_dualport\libccgx_pd.a(pd_policy_engine.o)
 .text.pe_ams_send_hr
                0x00008f50       0x4a .\lib\ccg4_dualport\libccgx_pd.a(pd_policy_engine.o)
 *fill*         0x00008f9a        0x2 
 .text.snk_ams_snk_trans_snk__timeout
                0x00008f9c       0x48 .\lib\ccg4_dualport\libccgx_pd.a(pd_policy_engine.o)
 .text.snk_ams_snk_sel_cap__timeout
                0x00008fe4       0x1e .\lib\ccg4_dualport\libccgx_pd.a(pd_policy_engine.o)
 .text.src_ams_src_send_cap__timeout
                0x00009002       0x1e .\lib\ccg4_dualport\libccgx_pd.a(pd_policy_engine.o)
 .text.sr_ams_send_sr__timeout
                0x00009020       0x28 .\lib\ccg4_dualport\libccgx_pd.a(pd_policy_engine.o)
 .text.sr_ams_send_sr__tx_fail
                0x00009048       0x14 .\lib\ccg4_dualport\libccgx_pd.a(pd_policy_engine.o)
 .text.sr_ams_send_sr__tx_discarded
                0x0000905c       0x14 .\lib\ccg4_dualport\libccgx_pd.a(pd_policy_engine.o)
 .text.pe_ams__hr_rcvd
                0x00009070       0x5a .\lib\ccg4_dualport\libccgx_pd.a(pd_policy_engine.o)
 *fill*         0x000090ca        0x2 
 .text.gn_ams_eval_vdm__entry
                0x000090cc       0x54 .\lib\ccg4_dualport\libccgx_pd.a(pd_policy_engine.o)
 .text.gn_ams_send_sr_sp_dp__tx_success
                0x00009120       0x34 .\lib\ccg4_dualport\libccgx_pd.a(pd_policy_engine.o)
 .text.gn_ams_get_resp__tx_success
                0x00009154       0x20 .\lib\ccg4_dualport\libccgx_pd.a(pd_policy_engine.o)
 .text.vs_ams_turn_off_vconn__entry
                0x00009174       0x14 .\lib\ccg4_dualport\libccgx_pd.a(pd_policy_engine.o)
 .text.vs_ams_turn_on_vconn__entry
                0x00009188       0x2c .\lib\ccg4_dualport\libccgx_pd.a(pd_policy_engine.o)
 .text.vs_ams_send_vconn_swap__tx_success
                0x000091b4       0x20 .\lib\ccg4_dualport\libccgx_pd.a(pd_policy_engine.o)
 .text.dr_ams_send_dr_swap__tx_success
                0x000091d4       0x20 .\lib\ccg4_dualport\libccgx_pd.a(pd_policy_engine.o)
 .text.pr_ams_snk_src_wait_ps_rdy__entry
                0x000091f4       0x34 .\lib\ccg4_dualport\libccgx_pd.a(pd_policy_engine.o)
 .text.pr_ams_src_snk_wait_ps_rdy__entry
                0x00009228       0x14 .\lib\ccg4_dualport\libccgx_pd.a(pd_policy_engine.o)
 .text.pr_ams_src_snk_remove_vbus__entry
                0x0000923c       0x30 .\lib\ccg4_dualport\libccgx_pd.a(pd_policy_engine.o)
 .text.pr_ams_src_snk_trans__entry
                0x0000926c       0x14 .\lib\ccg4_dualport\libccgx_pd.a(pd_policy_engine.o)
 .text.pr_ams_send_pr_swap__tx_success
                0x00009280       0x20 .\lib\ccg4_dualport\libccgx_pd.a(pd_policy_engine.o)
 .text.snk_ams_snk_trans_snk__entry
                0x000092a0      0x174 .\lib\ccg4_dualport\libccgx_pd.a(pd_policy_engine.o)
 .text.snk_ams_snk_sel_cap__entry
                0x00009414       0x14 .\lib\ccg4_dualport\libccgx_pd.a(pd_policy_engine.o)
 .text.snk_ams_snk_wait_for_cap__entry
                0x00009428       0x14 .\lib\ccg4_dualport\libccgx_pd.a(pd_policy_engine.o)
 .text.src_ams_send_ps_rdy__entry
                0x0000943c      0x124 .\lib\ccg4_dualport\libccgx_pd.a(pd_policy_engine.o)
 .text.src_ams_trans_supply__tx_success
                0x00009560       0x24 .\lib\ccg4_dualport\libccgx_pd.a(pd_policy_engine.o)
 .text.src_ams_src_send_cap__tx_success
                0x00009584       0x1c .\lib\ccg4_dualport\libccgx_pd.a(pd_policy_engine.o)
 .text.src_ams_src_snd_cbl_dscid__tx_success
                0x000095a0       0x14 .\lib\ccg4_dualport\libccgx_pd.a(pd_policy_engine.o)
 .text.src_ams_src_send_cbl_sr__tx_success
                0x000095b4       0x14 .\lib\ccg4_dualport\libccgx_pd.a(pd_policy_engine.o)
 .text.sr_ams_send_sr__tx_success
                0x000095c8       0x50 .\lib\ccg4_dualport\libccgx_pd.a(pd_policy_engine.o)
 .text.hr_ams_src_apply_vbus__entry
                0x00009618       0x50 .\lib\ccg4_dualport\libccgx_pd.a(pd_policy_engine.o)
 .text.hr_ams_src_recover__entry
                0x00009668       0x18 .\lib\ccg4_dualport\libccgx_pd.a(pd_policy_engine.o)
 .text.vs_cbk   0x00009680       0x7c .\lib\ccg4_dualport\libccgx_pd.a(pd_policy_engine.o)
 .text.pe_tmr_cbk
                0x000096fc       0x24 .\lib\ccg4_dualport\libccgx_pd.a(pd_policy_engine.o)
 .text.pe_vdm_resp_cbk
                0x00009720       0x28 .\lib\ccg4_dualport\libccgx_pd.a(pd_policy_engine.o)
 .text.gn_ams_send_sr_sp_dp__timeout
                0x00009748       0x34 .\lib\ccg4_dualport\libccgx_pd.a(pd_policy_engine.o)
 .text.gn_ams_jump_to_ready
                0x0000977c       0x18 .\lib\ccg4_dualport\libccgx_pd.a(pd_policy_engine.o)
 .text.gn_ams_send_vdm__timeout
                0x00009794       0x28 .\lib\ccg4_dualport\libccgx_pd.a(pd_policy_engine.o)
 .text.gn_ams_send_vdm__tx_discarded
                0x000097bc       0x14 .\lib\ccg4_dualport\libccgx_pd.a(pd_policy_engine.o)
 .text.gn_ams_send_cbl_reset__tx_fail
                0x000097d0       0x14 .\lib\ccg4_dualport\libccgx_pd.a(pd_policy_engine.o)
 .text.gn_ams_send_cbl_reset__tx_discarded
                0x000097e4       0x14 .\lib\ccg4_dualport\libccgx_pd.a(pd_policy_engine.o)
 .text.gn_ams_send_cbl_reset__tx_success
                0x000097f8       0x2e .\lib\ccg4_dualport\libccgx_pd.a(pd_policy_engine.o)
 .text.gn_ams_send_sr_sp_dp__tx_fail
                0x00009826       0x14 .\lib\ccg4_dualport\libccgx_pd.a(pd_policy_engine.o)
 .text.gn_ams_send_sr_sp_dp__tx_discarded
                0x0000983a       0x14 .\lib\ccg4_dualport\libccgx_pd.a(pd_policy_engine.o)
 .text.gn_ams_get_resp__timeout
                0x0000984e       0x28 .\lib\ccg4_dualport\libccgx_pd.a(pd_policy_engine.o)
 .text.gn_ams_get_resp__tx_discarded
                0x00009876       0x14 .\lib\ccg4_dualport\libccgx_pd.a(pd_policy_engine.o)
 .text.jump_to_generic_ams
                0x0000988a       0x20 .\lib\ccg4_dualport\libccgx_pd.a(pd_policy_engine.o)
 .text.vs_ams_vs_swap_fail
                0x000098aa       0x14 .\lib\ccg4_dualport\libccgx_pd.a(pd_policy_engine.o)
 *fill*         0x000098be        0x2 
 .text.vs_ams_turn_on_vconn__tx_success
                0x000098c0       0x50 .\lib\ccg4_dualport\libccgx_pd.a(pd_policy_engine.o)
 .text.vs_ams_send_vconn_swap__timeout
                0x00009910       0x28 .\lib\ccg4_dualport\libccgx_pd.a(pd_policy_engine.o)
 .text.vs_ams_send_vconn_swap__tx_discarded
                0x00009938       0x14 .\lib\ccg4_dualport\libccgx_pd.a(pd_policy_engine.o)
 .text.dr_ams_send_dr_swap__timeout
                0x0000994c       0x28 .\lib\ccg4_dualport\libccgx_pd.a(pd_policy_engine.o)
 .text.dr_ams_send_dr_swap__tx_discarded
                0x00009974       0x14 .\lib\ccg4_dualport\libccgx_pd.a(pd_policy_engine.o)
 .text.pr_ams_send_pr_swap__timeout
                0x00009988       0x28 .\lib\ccg4_dualport\libccgx_pd.a(pd_policy_engine.o)
 .text.pr_ams_send_pr_swap__tx_discarded
                0x000099b0       0x14 .\lib\ccg4_dualport\libccgx_pd.a(pd_policy_engine.o)
 .text.vs_ams_vs_swap_accepted
                0x000099c4       0x26 .\lib\ccg4_dualport\libccgx_pd.a(pd_policy_engine.o)
 *fill*         0x000099ea        0x2 
 .text.vs_ams_eval_vconn_swap__tx_success
                0x000099ec       0x48 .\lib\ccg4_dualport\libccgx_pd.a(pd_policy_engine.o)
 .text.pe_app_resp_cbk
                0x00009a34       0x28 .\lib\ccg4_dualport\libccgx_pd.a(pd_policy_engine.o)
 .text.dr_ams_eval_dr_swap__tx_success
                0x00009a5c       0x50 .\lib\ccg4_dualport\libccgx_pd.a(pd_policy_engine.o)
 .text.pr_ams_snk_src_apply_vbus__tx_success
                0x00009aac       0x58 .\lib\ccg4_dualport\libccgx_pd.a(pd_policy_engine.o)
 .text.pe_pwr_ready_cbk
                0x00009b04        0xa .\lib\ccg4_dualport\libccgx_pd.a(pd_policy_engine.o)
 .text.pr_ams_src_snk_remove_vbus__tx_success
                0x00009b0e       0x16 .\lib\ccg4_dualport\libccgx_pd.a(pd_policy_engine.o)
 .text.pr_ams_src_snk_trans__timeout
                0x00009b24       0x18 .\lib\ccg4_dualport\libccgx_pd.a(pd_policy_engine.o)
 .text.pr_ams_pr_swap_accepted
                0x00009b3c       0x2c .\lib\ccg4_dualport\libccgx_pd.a(pd_policy_engine.o)
 .text.pr_ams_eval_pr_swap__tx_success
                0x00009b68       0x48 .\lib\ccg4_dualport\libccgx_pd.a(pd_policy_engine.o)
 .text.snk_ams_snk_eval_cap__tx_success
                0x00009bb0       0x18 .\lib\ccg4_dualport\libccgx_pd.a(pd_policy_engine.o)
 .text.src_ams_wait_new_cap__dpm_cmd_rcvd
                0x00009bc8       0x22 .\lib\ccg4_dualport\libccgx_pd.a(pd_policy_engine.o)
 .text.src_ams_trans_supply__timeout
                0x00009bea       0x18 .\lib\ccg4_dualport\libccgx_pd.a(pd_policy_engine.o)
 *fill*         0x00009c02        0x2 
 .text.src_ams_discovery__entry
                0x00009c04       0x54 .\lib\ccg4_dualport\libccgx_pd.a(pd_policy_engine.o)
 .text.src_ams_src_send_cbl_sr_cbl_fail
                0x00009c58       0x2c .\lib\ccg4_dualport\libccgx_pd.a(pd_policy_engine.o)
 .text.src_ams_src_send_cbl_sr__timeout
                0x00009c84       0x1e .\lib\ccg4_dualport\libccgx_pd.a(pd_policy_engine.o)
 *fill*         0x00009ca2        0x2 
 .text.src_ams_src_startup__timeout
                0x00009ca4       0x4c .\lib\ccg4_dualport\libccgx_pd.a(pd_policy_engine.o)
 .text.pe_ams_send_sr
                0x00009cf0       0x60 .\lib\ccg4_dualport\libccgx_pd.a(pd_policy_engine.o)
 .text.gn_ams_send_vdm__tx_fail
                0x00009d50       0x2c .\lib\ccg4_dualport\libccgx_pd.a(pd_policy_engine.o)
 .text.gn_ams_get_resp__tx_fail
                0x00009d7c       0x14 .\lib\ccg4_dualport\libccgx_pd.a(pd_policy_engine.o)
 .text.vs_ams_send_vconn_swap__tx_fail
                0x00009d90       0x14 .\lib\ccg4_dualport\libccgx_pd.a(pd_policy_engine.o)
 .text.vs_ams_eval_vconn_swap__tx_discarded
                0x00009da4        0x8 .\lib\ccg4_dualport\libccgx_pd.a(pd_policy_engine.o)
 .text.dr_ams_send_dr_swap__tx_fail
                0x00009dac       0x14 .\lib\ccg4_dualport\libccgx_pd.a(pd_policy_engine.o)
 .text.pr_ams_send_pr_swap__tx_fail
                0x00009dc0       0x14 .\lib\ccg4_dualport\libccgx_pd.a(pd_policy_engine.o)
 .text.snk_ams_snk_eval_cap__tx_discarded
                0x00009dd4       0x22 .\lib\ccg4_dualport\libccgx_pd.a(pd_policy_engine.o)
 .text.src_ams_trans_supply__tx_fail
                0x00009df6       0x14 .\lib\ccg4_dualport\libccgx_pd.a(pd_policy_engine.o)
 .text.src_ams_trans_supply__tx_discarded
                0x00009e0a       0x14 .\lib\ccg4_dualport\libccgx_pd.a(pd_policy_engine.o)
 *fill*         0x00009e1e        0x2 
 .text.gn_ams_ready__dpm_cmd_rcvd
                0x00009e20       0xec .\lib\ccg4_dualport\libccgx_pd.a(pd_policy_engine.o)
 .text.src_ams_src_send_cap__tx_failed
                0x00009f0c       0x58 .\lib\ccg4_dualport\libccgx_pd.a(pd_policy_engine.o)
 .text.src_ams_src_send_cap__tx_discarded
                0x00009f64       0x48 .\lib\ccg4_dualport\libccgx_pd.a(pd_policy_engine.o)
 .text.sr_ams_exit
                0x00009fac       0x3e .\lib\ccg4_dualport\libccgx_pd.a(pd_policy_engine.o)
 .text.sr_ams_rcvd_sr__tx_success
                0x00009fea        0x8 .\lib\ccg4_dualport\libccgx_pd.a(pd_policy_engine.o)
 *fill*         0x00009ff2        0x2 
 .text.pe_ams__sr_rcvd
                0x00009ff4       0x54 .\lib\ccg4_dualport\libccgx_pd.a(pd_policy_engine.o)
 .text.hr_ams_hr_reset_complete
                0x0000a048       0x8c .\lib\ccg4_dualport\libccgx_pd.a(pd_policy_engine.o)
 .text.hr_ams_snk_wait_vbus_on__timeout
                0x0000a0d4        0x8 .\lib\ccg4_dualport\libccgx_pd.a(pd_policy_engine.o)
 .text.hr_ams_src_apply_vbus__pwr_rdy
                0x0000a0dc       0x30 .\lib\ccg4_dualport\libccgx_pd.a(pd_policy_engine.o)
 .text.hr_ams_jump_to_snk_wait_vbus_on
                0x0000a10c       0x40 .\lib\ccg4_dualport\libccgx_pd.a(pd_policy_engine.o)
 .text.hr_ams_src_recover__timeout
                0x0000a14c       0x18 .\lib\ccg4_dualport\libccgx_pd.a(pd_policy_engine.o)
 .text.hr_ams_src_tran_to_dflt__pwr_rdy
                0x0000a164       0x2c .\lib\ccg4_dualport\libccgx_pd.a(pd_policy_engine.o)
 .text.hr_ams_send_hr__tx_over
                0x0000a190       0x44 .\lib\ccg4_dualport\libccgx_pd.a(pd_policy_engine.o)
 .text.pd_cbk   0x0000a1d4        0x8 .\lib\ccg4_dualport\libccgx_pd.a(pd_policy_engine.o)
 .text.gn_ams_send_vdm__entry
                0x0000a1dc       0x1e .\lib\ccg4_dualport\libccgx_pd.a(pd_policy_engine.o)
 *fill*         0x0000a1fa        0x2 
 .text.gn_ams_eval_vdm__vdm_resp_rcvd
                0x0000a1fc       0x4c .\lib\ccg4_dualport\libccgx_pd.a(pd_policy_engine.o)
 .text.snk_ams_snk_eval_cap__app_resp_rcvd
                0x0000a248       0x4c .\lib\ccg4_dualport\libccgx_pd.a(pd_policy_engine.o)
 .text.src_ams_src_snd_cbl_dscid__entry
                0x0000a294       0x40 .\lib\ccg4_dualport\libccgx_pd.a(pd_policy_engine.o)
 .text.gn_ams_send_cbl_reset__entry
                0x0000a2d4       0x1a .\lib\ccg4_dualport\libccgx_pd.a(pd_policy_engine.o)
 .text.gn_ams_send_sr_sp_dp__entry
                0x0000a2ee       0x24 .\lib\ccg4_dualport\libccgx_pd.a(pd_policy_engine.o)
 *fill*         0x0000a312        0x2 
 .text.gn_ams_get_resp__entry
                0x0000a314       0x2c .\lib\ccg4_dualport\libccgx_pd.a(pd_policy_engine.o)
 .text.gn_ams_reject__entry
                0x0000a340        0xc .\lib\ccg4_dualport\libccgx_pd.a(pd_policy_engine.o)
 .text.vs_ams_send_vconn_swap__entry
                0x0000a34c        0xc .\lib\ccg4_dualport\libccgx_pd.a(pd_policy_engine.o)
 .text.vs_ams_eval_vconn__app_resp_rcvd
                0x0000a358       0x3c .\lib\ccg4_dualport\libccgx_pd.a(pd_policy_engine.o)
 .text.dr_ams_send_dr_swap__entry
                0x0000a394        0xc .\lib\ccg4_dualport\libccgx_pd.a(pd_policy_engine.o)
 .text.dr_ams_eval_dr_swap__app_resp_rcvd
                0x0000a3a0       0x4c .\lib\ccg4_dualport\libccgx_pd.a(pd_policy_engine.o)
 .text.pr_ams_snk_src_apply_vbus__pwr_rdy
                0x0000a3ec       0x20 .\lib\ccg4_dualport\libccgx_pd.a(pd_policy_engine.o)
 .text.pr_ams_send_pr_swap__entry
                0x0000a40c        0xc .\lib\ccg4_dualport\libccgx_pd.a(pd_policy_engine.o)
 .text.pr_ams_eval_pr_swap__app_resp_rcvd
                0x0000a418       0xe0 .\lib\ccg4_dualport\libccgx_pd.a(pd_policy_engine.o)
 .text.src_ams_send_ps_rdy__pwr_rdy
                0x0000a4f8       0x20 .\lib\ccg4_dualport\libccgx_pd.a(pd_policy_engine.o)
 .text.src_ams_trans_supply__entry
                0x0000a518       0x38 .\lib\ccg4_dualport\libccgx_pd.a(pd_policy_engine.o)
 .text.src_ams_neg_cap__app_resp_rcvd
                0x0000a550       0x3c .\lib\ccg4_dualport\libccgx_pd.a(pd_policy_engine.o)
 .text.src_ams_src_send_cbl_sr__entry
                0x0000a58c       0x16 .\lib\ccg4_dualport\libccgx_pd.a(pd_policy_engine.o)
 .text.sr_ams_rcvd_sr__entry
                0x0000a5a2       0x16 .\lib\ccg4_dualport\libccgx_pd.a(pd_policy_engine.o)
 .text.sr_ams_send_sr__entry
                0x0000a5b8       0x1e .\lib\ccg4_dualport\libccgx_pd.a(pd_policy_engine.o)
 .text.gn_ams_give_snk_cap__entry
                0x0000a5d6       0x28 .\lib\ccg4_dualport\libccgx_pd.a(pd_policy_engine.o)
 *fill*         0x0000a5fe        0x2 
 .text.snk_ams_snk_eval_cap__entry
                0x0000a600       0x40 .\lib\ccg4_dualport\libccgx_pd.a(pd_policy_engine.o)
 .text.gn_ams_give_src_cap__entry
                0x0000a640       0x28 .\lib\ccg4_dualport\libccgx_pd.a(pd_policy_engine.o)
 .text.src_ams_src_send_cap__entry
                0x0000a668       0x28 .\lib\ccg4_dualport\libccgx_pd.a(pd_policy_engine.o)
 .text.src_ams_src_snd_cbl_dscid__exit
                0x0000a690       0x40 .\lib\ccg4_dualport\libccgx_pd.a(pd_policy_engine.o)
 .text.dr_ams_chng_data_role__entry
                0x0000a6d0       0x88 .\lib\ccg4_dualport\libccgx_pd.a(pd_policy_engine.o)
 .text.pr_ams_snk_src_apply_vbus__entry
                0x0000a758       0x78 .\lib\ccg4_dualport\libccgx_pd.a(pd_policy_engine.o)
 .text.pr_ams_src_snk_remove_vbus__pwr_rdy
                0x0000a7d0       0x68 .\lib\ccg4_dualport\libccgx_pd.a(pd_policy_engine.o)
 .text.pe_ams_pe_disabled
                0x0000a838       0x46 .\lib\ccg4_dualport\libccgx_pd.a(pd_policy_engine.o)
 *fill*         0x0000a87e        0x2 
 .text.src_ams_discovery__timeout
                0x0000a880       0x3c .\lib\ccg4_dualport\libccgx_pd.a(pd_policy_engine.o)
 .text.snk_ams_snk_startup__entry
                0x0000a8bc       0x54 .\lib\ccg4_dualport\libccgx_pd.a(pd_policy_engine.o)
 .text.src_ams_send_ps_rdy__tx_success
                0x0000a910       0xa4 .\lib\ccg4_dualport\libccgx_pd.a(pd_policy_engine.o)
 .text.src_ams_neg_cap__tx_success
                0x0000a9b4       0x98 .\lib\ccg4_dualport\libccgx_pd.a(pd_policy_engine.o)
 .text.bcm2_ams_enabled__timeout
                0x0000aa4c       0x10 .\lib\ccg4_dualport\libccgx_pd.a(pd_policy_engine.o)
 .text.bcm2_ams_enabled__entry
                0x0000aa5c       0x24 .\lib\ccg4_dualport\libccgx_pd.a(pd_policy_engine.o)
 .text.btd_ams_enabled__entry
                0x0000aa80        0x8 .\lib\ccg4_dualport\libccgx_pd.a(pd_policy_engine.o)
 .text.pe_ams_reset_flags_on_hr
                0x0000aa88       0x54 .\lib\ccg4_dualport\libccgx_pd.a(pd_policy_engine.o)
 .text.pe_ams_reset_on_hr
                0x0000aadc       0x44 .\lib\ccg4_dualport\libccgx_pd.a(pd_policy_engine.o)
 .text.hr_ams_snk_tran_to_dflt__entry
                0x0000ab20       0x68 .\lib\ccg4_dualport\libccgx_pd.a(pd_policy_engine.o)
 .text.hr_ams_src_tran_to_dflt__entry
                0x0000ab88       0x34 .\lib\ccg4_dualport\libccgx_pd.a(pd_policy_engine.o)
 .text.pe_reset_flags
                0x0000abbc       0x74 .\lib\ccg4_dualport\libccgx_pd.a(pd_policy_engine.o)
 .text.gn_ams_send_vdm__tx_success
                0x0000ac30       0x40 .\lib\ccg4_dualport\libccgx_pd.a(pd_policy_engine.o)
 .text.vs_ams_turn_on_vconn__timeout
                0x0000ac70       0x2a .\lib\ccg4_dualport\libccgx_pd.a(pd_policy_engine.o)
 .text.hr_ams_snk_wait_vbus_on__entry
                0x0000ac9a       0x4e .\lib\ccg4_dualport\libccgx_pd.a(pd_policy_engine.o)
 .text.src_ams_src_startup__entry
                0x0000ace8       0x90 .\lib\ccg4_dualport\libccgx_pd.a(pd_policy_engine.o)
 .text.pe_init  0x0000ad78       0x20 .\lib\ccg4_dualport\libccgx_pd.a(pd_policy_engine.o)
                0x0000ad78                pe_init
 .text.pe_start
                0x0000ad98       0x40 .\lib\ccg4_dualport\libccgx_pd.a(pd_policy_engine.o)
                0x0000ad98                pe_start
 .text.pe_stop  0x0000add8       0x14 .\lib\ccg4_dualport\libccgx_pd.a(pd_policy_engine.o)
                0x0000add8                pe_stop
 .text.pe_ams_err_recovery
                0x0000adec       0x38 .\lib\ccg4_dualport\libccgx_pd.a(pd_policy_engine.o)
 .text.gn_ams_get_resp__fr_signal_rcvd
                0x0000ae24        0x8 .\lib\ccg4_dualport\libccgx_pd.a(pd_policy_engine.o)
 .text.gn_ams_give_snk_cap__fr_signal_rcvd
                0x0000ae2c        0x8 .\lib\ccg4_dualport\libccgx_pd.a(pd_policy_engine.o)
 .text.gn_ams_give_src_cap__fr_signal_rcvd
                0x0000ae34        0x8 .\lib\ccg4_dualport\libccgx_pd.a(pd_policy_engine.o)
 .text.pr_ams_snk_src_apply_vbus__timeout
                0x0000ae3c        0x8 .\lib\ccg4_dualport\libccgx_pd.a(pd_policy_engine.o)
 .text.pr_ams_src_snk_remove_vbus__timeout
                0x0000ae44        0x8 .\lib\ccg4_dualport\libccgx_pd.a(pd_policy_engine.o)
 .text.src_ams_send_ps_rdy__timeout
                0x0000ae4c       0x44 .\lib\ccg4_dualport\libccgx_pd.a(pd_policy_engine.o)
 .text.hr_ams_snk_wait_vbus_off__timeout
                0x0000ae90       0x42 .\lib\ccg4_dualport\libccgx_pd.a(pd_policy_engine.o)
 .text.hr_ams_snk_wait_vbus_off__entry
                0x0000aed2       0x40 .\lib\ccg4_dualport\libccgx_pd.a(pd_policy_engine.o)
 .text.hr_ams_src_apply_vbus__timeout
                0x0000af12        0x8 .\lib\ccg4_dualport\libccgx_pd.a(pd_policy_engine.o)
 *fill*         0x0000af1a        0x2 
 .text.hr_ams_src_tran_to_dflt__timeout
                0x0000af1c       0x54 .\lib\ccg4_dualport\libccgx_pd.a(pd_policy_engine.o)
 .text.hr_ams_send_hr__entry
                0x0000af70       0x78 .\lib\ccg4_dualport\libccgx_pd.a(pd_policy_engine.o)
 .text.pe_is_busy
                0x0000afe8       0x4e .\lib\ccg4_dualport\libccgx_pd.a(pd_policy_engine.o)
                0x0000afe8                pe_is_busy
 *fill*         0x0000b036        0x2 
 .text.pd_is_msg
                0x0000b038       0x74 .\lib\ccg4_dualport\libccgx_pd.a(pd_policy_engine.o)
                0x0000b038                pd_is_msg
 .text.gn_ams_get_resp__pkt_rcvd
                0x0000b0ac      0x114 .\lib\ccg4_dualport\libccgx_pd.a(pd_policy_engine.o)
 .text.gn_ams_pkt_rcvd
                0x0000b1c0      0x250 .\lib\ccg4_dualport\libccgx_pd.a(pd_policy_engine.o)
 .text.gn_ams_send_cbl_reset__pkt_rcvd
                0x0000b410       0x14 .\lib\ccg4_dualport\libccgx_pd.a(pd_policy_engine.o)
 .text.gn_ams_ready__pkt_rcvd
                0x0000b424        0x8 .\lib\ccg4_dualport\libccgx_pd.a(pd_policy_engine.o)
 .text.gn_ams_send_vdm__pkt_rcvd
                0x0000b42c       0x6c .\lib\ccg4_dualport\libccgx_pd.a(pd_policy_engine.o)
 .text.gn_ams_send_sr_sp_dp__pkt_rcvd
                0x0000b498       0x64 .\lib\ccg4_dualport\libccgx_pd.a(pd_policy_engine.o)
 .text.vs_ams_turn_off_vconn__pkt_rcvd
                0x0000b4fc       0x98 .\lib\ccg4_dualport\libccgx_pd.a(pd_policy_engine.o)
 .text.vs_ams_send_vconn_swap__pkt_rcvd
                0x0000b594       0x80 .\lib\ccg4_dualport\libccgx_pd.a(pd_policy_engine.o)
 .text.dr_ams_send_dr_swap__pkt_rcvd
                0x0000b614       0x8c .\lib\ccg4_dualport\libccgx_pd.a(pd_policy_engine.o)
 .text.pr_ams_snk_src_wait_ps_rdy__pkt_rcvd
                0x0000b6a0       0x68 .\lib\ccg4_dualport\libccgx_pd.a(pd_policy_engine.o)
 .text.pr_ams_send_pr_swap__pkt_rcvd
                0x0000b708       0x88 .\lib\ccg4_dualport\libccgx_pd.a(pd_policy_engine.o)
 .text.snk_ams_snk_trans_snk__pkt_rcvd
                0x0000b790      0x104 .\lib\ccg4_dualport\libccgx_pd.a(pd_policy_engine.o)
 .text.snk_ams_snk_sel_cap__pkt_rcvd
                0x0000b894       0xc8 .\lib\ccg4_dualport\libccgx_pd.a(pd_policy_engine.o)
 .text.snk_ams_snk_wait_for_cap__pkt_rcvd
                0x0000b95c       0x78 .\lib\ccg4_dualport\libccgx_pd.a(pd_policy_engine.o)
 .text.src_ams_discovery__pkt_rcvd
                0x0000b9d4       0x50 .\lib\ccg4_dualport\libccgx_pd.a(pd_policy_engine.o)
 .text.src_ams_src_send_cap__pkt_rcvd
                0x0000ba24       0x54 .\lib\ccg4_dualport\libccgx_pd.a(pd_policy_engine.o)
 .text.validate_n_store_cbl_vdo
                0x0000ba78       0x8a .\lib\ccg4_dualport\libccgx_pd.a(pd_policy_engine.o)
 *fill*         0x0000bb02        0x2 
 .text.src_ams_src_snd_cbl_dscid__pkt_rcvd
                0x0000bb04       0x20 .\lib\ccg4_dualport\libccgx_pd.a(pd_policy_engine.o)
 .text.cbl_cbk  0x0000bb24      0x10c .\lib\ccg4_dualport\libccgx_pd.a(pd_policy_engine.o)
 .text.src_ams_src_send_cbl_sr__pkt_rcvd
                0x0000bc30       0x54 .\lib\ccg4_dualport\libccgx_pd.a(pd_policy_engine.o)
 .text.sr_ams_send_sr__pkt_rcvd
                0x0000bc84       0x44 .\lib\ccg4_dualport\libccgx_pd.a(pd_policy_engine.o)
 .text.pr_ams_src_snk_wait_ps_rdy__pkt_rcvd
                0x0000bcc8       0x88 .\lib\ccg4_dualport\libccgx_pd.a(pd_policy_engine.o)
 .text.pe_fsm   0x0000bd50      0x3a8 .\lib\ccg4_dualport\libccgx_pd.a(pd_policy_engine.o)
                0x0000bd50                pe_fsm
 .text.analyze_rx
                0x0000c0f8      0x160 .\lib\ccg4_dualport\libccgx_pd.a(pd_protocol.o)
 .text.pd_prot_init
                0x0000c258       0x2c .\lib\ccg4_dualport\libccgx_pd.a(pd_protocol.o)
                0x0000c258                pd_prot_init
 .text.pd_prot_start
                0x0000c284       0x20 .\lib\ccg4_dualport\libccgx_pd.a(pd_protocol.o)
                0x0000c284                pd_prot_start
 .text.pd_prot_refresh_roles
                0x0000c2a4       0x12 .\lib\ccg4_dualport\libccgx_pd.a(pd_protocol.o)
                0x0000c2a4                pd_prot_refresh_roles
 *fill*         0x0000c2b6        0x2 
 .text.pd_prot_reset
                0x0000c2b8       0x2c .\lib\ccg4_dualport\libccgx_pd.a(pd_protocol.o)
                0x0000c2b8                pd_prot_reset
 .text.pd_prot_reset_all
                0x0000c2e4       0x4c .\lib\ccg4_dualport\libccgx_pd.a(pd_protocol.o)
                0x0000c2e4                pd_prot_reset_all
 .text.pd_prot_reset_rx
                0x0000c330       0x24 .\lib\ccg4_dualport\libccgx_pd.a(pd_protocol.o)
                0x0000c330                pd_prot_reset_rx
 .text.pd_prot_is_busy
                0x0000c354       0x48 .\lib\ccg4_dualport\libccgx_pd.a(pd_protocol.o)
                0x0000c354                pd_prot_is_busy
 .text.tx_msg_over
                0x0000c39c       0x68 .\lib\ccg4_dualport\libccgx_pd.a(pd_protocol.o)
                0x0000c39c                tx_msg_over
 .text.check_collision
                0x0000c404       0x3c .\lib\ccg4_dualport\libccgx_pd.a(pd_protocol.o)
                0x0000c404                check_collision
 .text.phy_cbk  0x0000c440      0x1cc .\lib\ccg4_dualport\libccgx_pd.a(pd_protocol.o)
 .text.prl_tmr_cbk
                0x0000c60c       0x74 .\lib\ccg4_dualport\libccgx_pd.a(pd_protocol.o)
 .text.pd_send_msg
                0x0000c680      0x128 .\lib\ccg4_dualport\libccgx_pd.a(pd_protocol.o)
                0x0000c680                pd_send_msg
 .text.pd_register_msg
                0x0000c7a8       0x58 .\lib\ccg4_dualport\libccgx_pd.a(pd_protocol.o)
                0x0000c7a8                pd_register_msg
 .text.pd_prot_send_ctrl_msg
                0x0000c800       0x14 .\lib\ccg4_dualport\libccgx_pd.a(pd_protocol.o)
                0x0000c800                pd_prot_send_ctrl_msg
 .text.pd_prot_send_data_msg
                0x0000c814       0x1a .\lib\ccg4_dualport\libccgx_pd.a(pd_protocol.o)
                0x0000c814                pd_prot_send_data_msg
 *fill*         0x0000c82e        0x2 
 .text.pd_prot_send_hard_reset
                0x0000c830       0x80 .\lib\ccg4_dualport\libccgx_pd.a(pd_protocol.o)
                0x0000c830                pd_prot_send_hard_reset
 .text.pd_prot_send_cable_reset
                0x0000c8b0       0x58 .\lib\ccg4_dualport\libccgx_pd.a(pd_protocol.o)
                0x0000c8b0                pd_prot_send_cable_reset
 .text.pd_prot_en_bist_cm2
                0x0000c908        0x8 .\lib\ccg4_dualport\libccgx_pd.a(pd_protocol.o)
                0x0000c908                pd_prot_en_bist_cm2
 .text.pd_prot_dis_bist_cm2
                0x0000c910        0x8 .\lib\ccg4_dualport\libccgx_pd.a(pd_protocol.o)
                0x0000c910                pd_prot_dis_bist_cm2
 .text.pd_prot_en_bist_test_data
                0x0000c918       0x24 .\lib\ccg4_dualport\libccgx_pd.a(pd_protocol.o)
                0x0000c918                pd_prot_en_bist_test_data
 .text.pd_prot_dis_bist_test_data
                0x0000c93c       0x20 .\lib\ccg4_dualport\libccgx_pd.a(pd_protocol.o)
                0x0000c93c                pd_prot_dis_bist_test_data
 .text.pd_prot_get_rx_packet
                0x0000c95c       0x14 .\lib\ccg4_dualport\libccgx_pd.a(pd_protocol.o)
                0x0000c95c                pd_prot_get_rx_packet
 .text.typec_do_nothing
                0x0000c970        0x2 .\lib\ccg4_dualport\libccgx_pd.a(typec_manager.o)
 *fill*         0x0000c972        0x2 
 .text.typec_debounce_reset
                0x0000c974       0x68 .\lib\ccg4_dualport\libccgx_pd.a(typec_manager.o)
 .text.typec_is_connection_detected
                0x0000c9dc       0x76 .\lib\ccg4_dualport\libccgx_pd.a(typec_manager.o)
 .text.typec_gn_fsm_dpm_resp
                0x0000ca52       0x2c .\lib\ccg4_dualport\libccgx_pd.a(typec_manager.o)
 .text.typec_gn_fsm_attached_snk_detach_transition
                0x0000ca7e       0x2a .\lib\ccg4_dualport\libccgx_pd.a(typec_manager.o)
 .text.typec_gn_fsm_attached_snk__pwr_rdy
                0x0000caa8       0x1a .\lib\ccg4_dualport\libccgx_pd.a(typec_manager.o)
 .text.typec_gn_fsm_attached_snk__timeout
                0x0000cac2        0x8 .\lib\ccg4_dualport\libccgx_pd.a(typec_manager.o)
 .text.typec_pwr_ready_cbk
                0x0000caca        0xa .\lib\ccg4_dualport\libccgx_pd.a(typec_manager.o)
 .text.typec_tmr_cbk
                0x0000cad4       0x20 .\lib\ccg4_dualport\libccgx_pd.a(typec_manager.o)
 .text.typec_gn_fsm_src_detach
                0x0000caf4       0x38 .\lib\ccg4_dualport\libccgx_pd.a(typec_manager.o)
 .text.typec_gn_fsm_attached_src__timeout
                0x0000cb2c       0x3c .\lib\ccg4_dualport\libccgx_pd.a(typec_manager.o)
 .text.typec_gn_fsm_acc_detach
                0x0000cb68       0x46 .\lib\ccg4_dualport\libccgx_pd.a(typec_manager.o)
 .text.typec_gn_fsm_unattached_snk__timeout
                0x0000cbae       0x22 .\lib\ccg4_dualport\libccgx_pd.a(typec_manager.o)
 .text.typec_gn_fsm_unattached_src__timeout
                0x0000cbd0       0x22 .\lib\ccg4_dualport\libccgx_pd.a(typec_manager.o)
 .text.typec_gn_fsm_try_src__timeout
                0x0000cbf2       0x32 .\lib\ccg4_dualport\libccgx_pd.a(typec_manager.o)
 .text.typec_gn_fsm_err_recov_trans
                0x0000cc24       0x2a .\lib\ccg4_dualport\libccgx_pd.a(typec_manager.o)
 .text.typec_gn_fsm_attach_evt
                0x0000cc4e      0x11a .\lib\ccg4_dualport\libccgx_pd.a(typec_manager.o)
 .text.typec_gn_fsm_err_recov
                0x0000cd68       0x22 .\lib\ccg4_dualport\libccgx_pd.a(typec_manager.o)
 .text.typec_gn_fsm_detach
                0x0000cd8a       0x2e .\lib\ccg4_dualport\libccgx_pd.a(typec_manager.o)
 .text.typec_gn_fsm_attached_snk__detach
                0x0000cdb8       0x50 .\lib\ccg4_dualport\libccgx_pd.a(typec_manager.o)
 .text.typec_gn_fsm_attach
                0x0000ce08       0x4a .\lib\ccg4_dualport\libccgx_pd.a(typec_manager.o)
 .text.typec_gn_fsm_attached_snk__entry
                0x0000ce52       0x34 .\lib\ccg4_dualport\libccgx_pd.a(typec_manager.o)
 *fill*         0x0000ce86        0x2 
 .text.typec_gn_fsm_attached_src__pwr_rdy
                0x0000ce88       0x34 .\lib\ccg4_dualport\libccgx_pd.a(typec_manager.o)
 .text.typec_gn_fsm_attached_src__detach
                0x0000cebc       0x88 .\lib\ccg4_dualport\libccgx_pd.a(typec_manager.o)
 .text.typec_gn_fsm_attached_src__entry
                0x0000cf44       0x70 .\lib\ccg4_dualport\libccgx_pd.a(typec_manager.o)
 .text.debounce
                0x0000cfb4       0xb8 .\lib\ccg4_dualport\libccgx_pd.a(typec_manager.o)
 .text.typec_init
                0x0000d06c       0x10 .\lib\ccg4_dualport\libccgx_pd.a(typec_manager.o)
                0x0000d06c                typec_init
 .text.typec_start
                0x0000d07c       0x96 .\lib\ccg4_dualport\libccgx_pd.a(typec_manager.o)
                0x0000d07c                typec_start
 .text.typec_gn_fsm_err_recov_cmplt__timeout
                0x0000d112        0x8 .\lib\ccg4_dualport\libccgx_pd.a(typec_manager.o)
 *fill*         0x0000d11a        0x2 
 .text.typec_is_busy
                0x0000d11c       0x78 .\lib\ccg4_dualport\libccgx_pd.a(typec_manager.o)
                0x0000d11c                typec_is_busy
 .text.typec_sync_toggle
                0x0000d194       0x94 .\lib\ccg4_dualport\libccgx_pd.a(typec_manager.o)
                0x0000d194                typec_sync_toggle
 .text.typec_deepsleep
                0x0000d228        0x8 .\lib\ccg4_dualport\libccgx_pd.a(typec_manager.o)
                0x0000d228                typec_deepsleep
 .text.typec_wakeup
                0x0000d230        0x8 .\lib\ccg4_dualport\libccgx_pd.a(typec_manager.o)
                0x0000d230                typec_wakeup
 .text.typec_change_rp
                0x0000d238       0x44 .\lib\ccg4_dualport\libccgx_pd.a(typec_manager.o)
                0x0000d238                typec_change_rp
 .text.typec_gn_fsm_acc_attach
                0x0000d27c       0x58 .\lib\ccg4_dualport\libccgx_pd.a(typec_manager.o)
 .text.typec_gn_fsm_dbg_acc__entry
                0x0000d2d4        0x8 .\lib\ccg4_dualport\libccgx_pd.a(typec_manager.o)
 .text.typec_gn_fsm_aud_acc__entry
                0x0000d2dc        0x8 .\lib\ccg4_dualport\libccgx_pd.a(typec_manager.o)
 .text.typec_gn_fsm_dpm_cmd
                0x0000d2e4       0x58 .\lib\ccg4_dualport\libccgx_pd.a(typec_manager.o)
 .text.typec_assert_rp
                0x0000d33c       0x30 .\lib\ccg4_dualport\libccgx_pd.a(typec_manager.o)
                0x0000d33c                typec_assert_rp
 .text.typec_assert_rd
                0x0000d36c       0x28 .\lib\ccg4_dualport\libccgx_pd.a(typec_manager.o)
                0x0000d36c                typec_assert_rd
 .text.typec_reset
                0x0000d394       0x84 .\lib\ccg4_dualport\libccgx_pd.a(typec_manager.o)
 .text.typec_gn_unattached
                0x0000d418       0xac .\lib\ccg4_dualport\libccgx_pd.a(typec_manager.o)
 .text.typec_gn_fsm_unattached_snk__entry
                0x0000d4c4        0xa .\lib\ccg4_dualport\libccgx_pd.a(typec_manager.o)
 .text.typec_gn_fsm_unattached_src__entry
                0x0000d4ce        0xa .\lib\ccg4_dualport\libccgx_pd.a(typec_manager.o)
 .text.typec_gn_fsm_try_wait_snk__entry
                0x0000d4d8       0x1c .\lib\ccg4_dualport\libccgx_pd.a(typec_manager.o)
 .text.typec_gn_fsm_try_src__entry
                0x0000d4f4       0x30 .\lib\ccg4_dualport\libccgx_pd.a(typec_manager.o)
 .text.dpm_typec_deassert_rp_rd
                0x0000d524       0x1e .\lib\ccg4_dualport\libccgx_pd.a(typec_manager.o)
                0x0000d524                dpm_typec_deassert_rp_rd
 .text.typec_disable
                0x0000d542       0x3a .\lib\ccg4_dualport\libccgx_pd.a(typec_manager.o)
 .text.typec_gn_fsm_err_recov_cmplt__entry
                0x0000d57c       0x58 .\lib\ccg4_dualport\libccgx_pd.a(typec_manager.o)
 .text.typec_stop
                0x0000d5d4       0x4a .\lib\ccg4_dualport\libccgx_pd.a(typec_manager.o)
                0x0000d5d4                typec_stop
 *fill*         0x0000d61e        0x2 
 .text.typec_gn_fsm_err_recov__entry
                0x0000d620       0xa0 .\lib\ccg4_dualport\libccgx_pd.a(typec_manager.o)
 .text.typec_fsm
                0x0000d6c0      0x3cc .\lib\ccg4_dualport\libccgx_pd.a(typec_manager.o)
                0x0000d6c0                typec_fsm
 .text.dpm_init
                0x0000da8c       0x64 .\lib\ccg4_dualport\libccgx_pd.a(dpm.o)
                0x0000da8c                dpm_init
 .text.dpm_start
                0x0000daf0       0x3c .\lib\ccg4_dualport\libccgx_pd.a(dpm.o)
                0x0000daf0                dpm_start
 .text.dpm_stop
                0x0000db2c       0x38 .\lib\ccg4_dualport\libccgx_pd.a(dpm.o)
                0x0000db2c                dpm_stop
 .text.dpm_deepsleep
                0x0000db64       0x68 .\lib\ccg4_dualport\libccgx_pd.a(dpm.o)
                0x0000db64                dpm_deepsleep
 .text.dpm_wakeup
                0x0000dbcc        0xa .\lib\ccg4_dualport\libccgx_pd.a(dpm.o)
                0x0000dbcc                dpm_wakeup
 *fill*         0x0000dbd6        0x2 
 .text.dpm_task
                0x0000dbd8       0x44 .\lib\ccg4_dualport\libccgx_pd.a(dpm.o)
                0x0000dbd8                dpm_task
 .text.dpm_get_info
                0x0000dc1c       0x10 .\lib\ccg4_dualport\libccgx_pd.a(dpm.o)
                0x0000dc1c                dpm_get_info
 .text.dpm_update_swap_response
                0x0000dc2c       0x1c .\lib\ccg4_dualport\libccgx_pd.a(dpm.o)
                0x0000dc2c                dpm_update_swap_response
 .text.dpm_update_src_cap
                0x0000dc48       0x40 .\lib\ccg4_dualport\libccgx_pd.a(dpm.o)
                0x0000dc48                dpm_update_src_cap
 .text.dpm_update_src_cap_mask
                0x0000dc88       0x1c .\lib\ccg4_dualport\libccgx_pd.a(dpm.o)
                0x0000dc88                dpm_update_src_cap_mask
 .text.dpm_update_snk_cap
                0x0000dca4       0x40 .\lib\ccg4_dualport\libccgx_pd.a(dpm.o)
                0x0000dca4                dpm_update_snk_cap
 .text.dpm_update_snk_cap_mask
                0x0000dce4       0x1c .\lib\ccg4_dualport\libccgx_pd.a(dpm.o)
                0x0000dce4                dpm_update_snk_cap_mask
 .text.dpm_update_snk_max_min
                0x0000dd00       0x34 .\lib\ccg4_dualport\libccgx_pd.a(dpm.o)
                0x0000dd00                dpm_update_snk_max_min
 .text.dpm_update_port_config
                0x0000dd34       0x4c .\lib\ccg4_dualport\libccgx_pd.a(dpm.o)
                0x0000dd34                dpm_update_port_config
 .text.dpm_is_rdo_valid
                0x0000dd80       0x5c .\lib\ccg4_dualport\libccgx_pd.a(dpm.o)
                0x0000dd80                dpm_is_rdo_valid
 .text.dpm_get_polarity
                0x0000dddc       0x14 .\lib\ccg4_dualport\libccgx_pd.a(dpm.o)
                0x0000dddc                dpm_get_polarity
 .text.dpm_get_status
                0x0000ddf0       0x10 .\lib\ccg4_dualport\libccgx_pd.a(dpm.o)
                0x0000ddf0                dpm_get_status
 .text.dpm_refresh_src_cap
                0x0000de00      0x1a0 .\lib\ccg4_dualport\libccgx_pd.a(dpm.o)
                0x0000de00                dpm_refresh_src_cap
 .text.dpm_refresh_snk_cap
                0x0000dfa0       0x7c .\lib\ccg4_dualport\libccgx_pd.a(dpm.o)
                0x0000dfa0                dpm_refresh_snk_cap
 .text.dpm_is_prev_contract_valid
                0x0000e01c       0x1c .\lib\ccg4_dualport\libccgx_pd.a(dpm.o)
                0x0000e01c                dpm_is_prev_contract_valid
 .text.dpm_get_evtno_n_clear
                0x0000e038       0x34 .\lib\ccg4_dualport\libccgx_pd.a(dpm.o)
                0x0000e038                dpm_get_evtno_n_clear
 .text.dpm_get_sink_detach_voltage
                0x0000e06c       0x30 .\lib\ccg4_dualport\libccgx_pd.a(dpm.o)
                0x0000e06c                dpm_get_sink_detach_voltage
 .text.dpm_get_sink_detach_margin
                0x0000e09c       0x12 .\lib\ccg4_dualport\libccgx_pd.a(dpm.o)
                0x0000e09c                dpm_get_sink_detach_margin
 *fill*         0x0000e0ae        0x2 
 .text.dpm_set_pe_evt
                0x0000e0b0       0x28 .\lib\ccg4_dualport\libccgx_pd.a(dpm.o)
                0x0000e0b0                dpm_set_pe_evt
 .text.dpm_pd_command_ec
                0x0000e0d8       0x98 .\lib\ccg4_dualport\libccgx_pd.a(dpm.o)
                0x0000e0d8                dpm_pd_command_ec
 .text.dpm_pd_command
                0x0000e170       0x2c .\lib\ccg4_dualport\libccgx_pd.a(dpm.o)
                0x0000e170                dpm_pd_command
 .text.dpm_clear_pe_evt
                0x0000e19c       0x28 .\lib\ccg4_dualport\libccgx_pd.a(dpm.o)
                0x0000e19c                dpm_clear_pe_evt
 .text.dpm_set_typec_evt
                0x0000e1c4       0x28 .\lib\ccg4_dualport\libccgx_pd.a(dpm.o)
                0x0000e1c4                dpm_set_typec_evt
 .text.dpm_typec_command
                0x0000e1ec       0x44 .\lib\ccg4_dualport\libccgx_pd.a(dpm.o)
                0x0000e1ec                dpm_typec_command
 .text.dpm_clear_typec_evt
                0x0000e230       0x28 .\lib\ccg4_dualport\libccgx_pd.a(dpm.o)
                0x0000e230                dpm_clear_typec_evt
 .text.dpm_update_port_status
                0x0000e258       0x1c .\lib\ccg4_dualport\libccgx_pd.a(dpm.o)
                0x0000e258                dpm_update_port_status
 .text.dpm_get_pd_port_status
                0x0000e274       0xc8 .\lib\ccg4_dualport\libccgx_pd.a(dpm.o)
                0x0000e274                dpm_get_pd_port_status
 .text.dpm_update_frs_enable
                0x0000e33c        0x2 .\lib\ccg4_dualport\libccgx_pd.a(dpm.o)
                0x0000e33c                dpm_update_frs_enable
 .text.dpm_update_ext_src_cap
                0x0000e33e        0x2 .\lib\ccg4_dualport\libccgx_pd.a(dpm.o)
                0x0000e33e                dpm_update_ext_src_cap
 .text.dpm_prot_reset_rx
                0x0000e340        0x8 .\lib\ccg4_dualport\libccgx_pd.a(dpm.o)
                0x0000e340                dpm_prot_reset_rx
 .text          0x0000e348       0x14 c:/program files (x86)/cypress/psoc creator/3.3/psoc creator/import/gnu/arm/4.9.3/bin/../lib/gcc/arm-none-eabi/4.9.3/armv6-m\libgcc.a(_thumb1_case_uqi.o)
                0x0000e348                __gnu_thumb1_case_uqi
 .text          0x0000e35c       0x14 c:/program files (x86)/cypress/psoc creator/3.3/psoc creator/import/gnu/arm/4.9.3/bin/../lib/gcc/arm-none-eabi/4.9.3/armv6-m\libgcc.a(_thumb1_case_uhi.o)
                0x0000e35c                __gnu_thumb1_case_uhi
 .text          0x0000e370      0x120 c:/program files (x86)/cypress/psoc creator/3.3/psoc creator/import/gnu/arm/4.9.3/bin/../lib/gcc/arm-none-eabi/4.9.3/armv6-m\libgcc.a(_udivsi3.o)
                0x0000e370                __aeabi_uidiv
                0x0000e370                __udivsi3
                0x0000e47c                __aeabi_uidivmod
 .text          0x0000e490      0x1e0 c:/program files (x86)/cypress/psoc creator/3.3/psoc creator/import/gnu/arm/4.9.3/bin/../lib/gcc/arm-none-eabi/4.9.3/armv6-m\libgcc.a(_divsi3.o)
                0x0000e490                __divsi3
                0x0000e490                __aeabi_idiv
                0x0000e65c                __aeabi_idivmod
 .text          0x0000e670        0x4 c:/program files (x86)/cypress/psoc creator/3.3/psoc creator/import/gnu/arm/4.9.3/bin/../lib/gcc/arm-none-eabi/4.9.3/armv6-m\libgcc.a(_dvmd_tls.o)
                0x0000e670                __aeabi_idiv0
                0x0000e670                __aeabi_ldiv0
 .text.__libc_init_array
                0x0000e674       0x4c c:/program files (x86)/cypress/psoc creator/3.3/psoc creator/import/gnu/arm/4.9.3/bin/../lib/gcc/arm-none-eabi/4.9.3/../../../../arm-none-eabi/lib/armv6-m\libg_nano.a(lib_a-init.o)
                0x0000e674                __libc_init_array
 .text.memcpy   0x0000e6c0       0x12 c:/program files (x86)/cypress/psoc creator/3.3/psoc creator/import/gnu/arm/4.9.3/bin/../lib/gcc/arm-none-eabi/4.9.3/../../../../arm-none-eabi/lib/armv6-m\libg_nano.a(lib_a-memcpy.o)
                0x0000e6c0                memcpy
 .text.memset   0x0000e6d2       0x10 c:/program files (x86)/cypress/psoc creator/3.3/psoc creator/import/gnu/arm/4.9.3/bin/../lib/gcc/arm-none-eabi/4.9.3/../../../../arm-none-eabi/lib/armv6-m\libg_nano.a(lib_a-memset.o)
                0x0000e6d2                memset
 *(.plt)
 *(.gnu.warning)
 *(.glue_7t)
 .glue_7t       0x00000000        0x0 linker stubs
 *(.glue_7)
 .glue_7        0x00000000        0x0 linker stubs
 *(.vfp11_veneer)
 .vfp11_veneer  0x00000000        0x0 linker stubs
 *(.bootloader)
 *(.ARM.extab* .gnu.linkonce.armextab.*)
 *(.gcc_except_table)

.v4_bx          0x0000e6e4        0x0
 .v4_bx         0x00000000        0x0 linker stubs

.iplt           0x0000e6e4        0x0
 .iplt          0x00000000        0x0 c:/program files (x86)/cypress/psoc creator/3.3/psoc creator/import/gnu/arm/4.9.3/bin/../lib/gcc/arm-none-eabi/4.9.3/armv6-m/crtbegin.o

.eh_frame_hdr
 *(.eh_frame_hdr)

.eh_frame       0x0000e6e4        0x4
 *(.eh_frame)
 .eh_frame      0x0000e6e4        0x0 c:/program files (x86)/cypress/psoc creator/3.3/psoc creator/import/gnu/arm/4.9.3/bin/../lib/gcc/arm-none-eabi/4.9.3/armv6-m/crtbegin.o
 .eh_frame      0x0000e6e4        0x4 c:/program files (x86)/cypress/psoc creator/3.3/psoc creator/import/gnu/arm/4.9.3/bin/../lib/gcc/arm-none-eabi/4.9.3/armv6-m/crtend.o
                0x0000e6e8                PROVIDE (__exidx_start, .)

.ARM.exidx
 *(.ARM.exidx* .gnu.linkonce.armexidx.*)
                0x0000e6e8                __exidx_end = .

.rodata         0x0000e6e8      0x9f8
 *(.rodata .rodata.* .gnu.linkonce.r.*)
 .rodata        0x0000e6e8       0x9c C:\Users\victo\AppData\Local\Temp\cc3547gN.ltrans1.ltrans.o
                0x0000e740                alt_mode_ams_table.lto_priv.55
                0x0000e780                gl_img2_fw_metadata
 .rodata.str1.1
                0x0000e784        0x7 C:\Users\victo\AppData\Local\Temp\cc3547gN.ltrans1.ltrans.o
 .rodata        0x0000e78b        0xe C:\Users\victo\AppData\Local\Temp\cc3547gN.ltrans2.ltrans.o
                0x0000e78b                mux_ps8740_address.lto_priv.67
 *fill*         0x0000e799        0x3 
 .rodata        0x0000e79c       0x14 C:\Users\victo\AppData\Local\Temp\cc3547gN.ltrans3.ltrans.o
 .rodata.str1.1
                0x0000e7b0      0x1ac C:\Users\victo\AppData\Local\Temp\cc3547gN.ltrans3.ltrans.o
 .rodata        0x0000e95c       0x2c C:\Users\victo\AppData\Local\Temp\cc3547gN.ltrans5.ltrans.o
                0x0000e95c                os_table
                0x0000e978                thresholds
 .rodata        0x0000e988       0x18 C:\Users\victo\AppData\Local\Temp\cc3547gN.ltrans6.ltrans.o
                0x0000e988                hal_ocp_fault_pin.lto_priv.52
                0x0000e98c                GPIO
 .rodata        0x0000e9a0        0xc C:\Users\victo\AppData\Local\Temp\cc3547gN.ltrans7.ltrans.o
                0x0000e9a0                gl_pdss.lto_priv.22
                0x0000e9a8                dfp_compatibility_mode_table
 .rodata        0x0000e9ac      0x100 .\lib\ccg4_dualport\libccgx_hpi.a(hpi.o)
                0x0000ea64                hpi_pdcmd_rp_map
                0x0000ea67                hpi_to_dpm_pkt_map
                0x0000ea87                hpi_to_dpm_cmd_map
                0x0000eaa7                gl_hpi_scb_port_map
 .rodata        0x0000eaac       0x10 .\lib\ccg4_dualport\libccgx_hpi.a(i2c.o)
                0x0000eaac                SCB_PRT
 .rodata        0x0000eabc      0x514 .\lib\ccg4_dualport\libccgx_pd.a(pd_policy_engine.o)
                0x0000eabc                CUR_TABLE
                0x0000eae2                hr_ams_table
                0x0000eb28                btd_ams_table
                0x0000eb32                bcm2_ams_table
                0x0000eb3c                sr_ams_table
                0x0000eb50                src_ams_table
                0x0000ebce                snk_ams_table
                0x0000ec05                pr_ams_table
                0x0000ec52                dr_ams_table
                0x0000ec73                vs_ams_table
                0x0000ec9f                gn_ams_table
                0x0000ed28                pe_ams_funcs
 .rodata        0x0000efd0       0xd8 .\lib\ccg4_dualport\libccgx_pd.a(typec_manager.o)
                0x0000efd0                typec_dpmcmd_rp_map
                0x0000efd4                typec_gn_fsm_funcs
                0x0000f0a8                . = ALIGN (0x4)
 *(.init)
 .init          0x0000f0a8        0x4 c:/program files (x86)/cypress/psoc creator/3.3/psoc creator/import/gnu/arm/4.9.3/bin/../lib/gcc/arm-none-eabi/4.9.3/armv6-m/crti.o
                0x0000f0a8                _init
 .init          0x0000f0ac        0x8 c:/program files (x86)/cypress/psoc creator/3.3/psoc creator/import/gnu/arm/4.9.3/bin/../lib/gcc/arm-none-eabi/4.9.3/armv6-m/crtn.o
                0x0000f0b4                . = ALIGN (0x4)
                0x0000f0b4                __preinit_array_start = .
 *(.preinit_array)
                0x0000f0b4                __preinit_array_end = .
                0x0000f0b4                . = ALIGN (0x4)
                0x0000f0b4                __init_array_start = .
 *(SORT(.init_array.*))
 *(.init_array)
 .init_array    0x0000f0b4        0x4 c:/program files (x86)/cypress/psoc creator/3.3/psoc creator/import/gnu/arm/4.9.3/bin/../lib/gcc/arm-none-eabi/4.9.3/armv6-m/crtbegin.o
 .init_array    0x0000f0b8        0x4 C:\Users\victo\AppData\Local\Temp\cc3547gN.ltrans7.ltrans.o
                0x0000f0bc                __init_array_end = .
                0x0000f0bc                . = ALIGN (0x4)
 *(.fini)
 .fini          0x0000f0bc        0x4 c:/program files (x86)/cypress/psoc creator/3.3/psoc creator/import/gnu/arm/4.9.3/bin/../lib/gcc/arm-none-eabi/4.9.3/armv6-m/crti.o
                0x0000f0bc                _fini
 .fini          0x0000f0c0        0x8 c:/program files (x86)/cypress/psoc creator/3.3/psoc creator/import/gnu/arm/4.9.3/bin/../lib/gcc/arm-none-eabi/4.9.3/armv6-m/crtn.o
                0x0000f0c8                . = ALIGN (0x4)
                0x0000f0c8                __fini_array_start = .
 *(.fini_array)
 .fini_array    0x0000f0c8        0x4 c:/program files (x86)/cypress/psoc creator/3.3/psoc creator/import/gnu/arm/4.9.3/bin/../lib/gcc/arm-none-eabi/4.9.3/armv6-m/crtbegin.o
 *(SORT(.fini_array.*))
                0x0000f0cc                __fini_array_end = .
                0x0000f0cc                . = ALIGN (0x4)
 *crtbegin.o(.ctors)
 *(EXCLUDE_FILE(*crtend.o) .ctors)
 *(SORT(.ctors.*))
 *crtend.o(.ctors)
                0x0000f0cc                . = ALIGN (0x4)
 *crtbegin.o(.dtors)
 *(EXCLUDE_FILE(*crtend.o) .dtors)
 *(SORT(.dtors.*))
 *crtend.o(.dtors)
                0x0000f0cc                . = ALIGN (0x4)
                0x0000f0cc                __cy_regions = .
                0x0000f0cc        0x4 LONG 0xf0e0 __cy_region_init_ram
                0x0000f0d0        0x4 LONG 0x200000a0 __cy_region_start_data
                0x0000f0d4        0x4 LONG 0x40 __cy_region_init_size_ram
                0x0000f0d8        0x4 LONG 0x1ba8 __cy_region_zero_size_ram
                0x0000f0dc                __cy_regions_end = .
                0x0000f0e0                . = ALIGN (0x8)
 *fill*         0x0000f0dc        0x4 
                0x0000f0e0                _etext = .

.ramvectors     0x20000000       0x90
                0x20000000                __cy_region_start_ram = .
 *(.ramvectors)
 .ramvectors    0x20000000       0x90 C:\Users\victo\AppData\Local\Temp\cc3547gN.ltrans7.ltrans.o

.btldr_run      0x20000090        0x4
 *(.bootloaderruntype)
 .bootloaderruntype
                0x20000090        0x4 C:\Users\victo\AppData\Local\Temp\cc3547gN.ltrans7.ltrans.o
                0x20000090                cyBtldrRunType

.noinit         0x20000098        0x4
 *(.noinit)
 .noinit        0x20000098        0x4 C:\Users\victo\AppData\Local\Temp\cc3547gN.ltrans7.ltrans.o

.data           0x200000a0       0x40 load address 0x0000f0e0
                0x200000a0                __cy_region_start_data = .
 *(.jcr)
 .jcr           0x200000a0        0x0 c:/program files (x86)/cypress/psoc creator/3.3/psoc creator/import/gnu/arm/4.9.3/bin/../lib/gcc/arm-none-eabi/4.9.3/armv6-m/crtbegin.o