Archive member included because of file (symbol)

.\CortexM0\ARM_GCC_493\Debug\CYPD4225-40LQXI_notebook01_2.a(cyfitter_cfg_2.o)
                              .\CortexM0\ARM_GCC_493\Debug\Cm0Start.o (symbol from plugin) (cyfitter_cfg)
.\CortexM0\ARM_GCC_493\Debug\CYPD4225-40LQXI_notebook01_2.a(VBUS_DISCHARGE_P1.o)
                              .\CortexM0\ARM_GCC_493\Debug\psource.o (symbol from plugin) (VBUS_DISCHARGE_P1_Write)
.\CortexM0\ARM_GCC_493\Debug\CYPD4225-40LQXI_notebook01_2.a(VBUS_P_CTRL_P2.o)
                              .\CortexM0\ARM_GCC_493\Debug\psource.o (symbol from plugin) (VBUS_P_CTRL_P2_Write)
.\CortexM0\ARM_GCC_493\Debug\CYPD4225-40LQXI_notebook01_2.a(VBUS_C_CTRL_P2.o)
                              .\CortexM0\ARM_GCC_493\Debug\psink.o (symbol from plugin) (VBUS_C_CTRL_P2_Write)
.\CortexM0\ARM_GCC_493\Debug\CYPD4225-40LQXI_notebook01_2.a(VBUS_DISCHARGE_P2.o)
                              .\CortexM0\ARM_GCC_493\Debug\psource.o (symbol from plugin) (VBUS_DISCHARGE_P2_Write)
.\CortexM0\ARM_GCC_493\Debug\CYPD4225-40LQXI_notebook01_2.a(VSEL2_P2.o)
                              .\CortexM0\ARM_GCC_493\Debug\psource.o (symbol from plugin) (VSEL2_P2_Write)
.\CortexM0\ARM_GCC_493\Debug\CYPD4225-40LQXI_notebook01_2.a(VSEL1_P2.o)
                              .\CortexM0\ARM_GCC_493\Debug\psource.o (symbol from plugin) (VSEL1_P2_Write)
.\CortexM0\ARM_GCC_493\Debug\CYPD4225-40LQXI_notebook01_2.a(CyBootAsmGnu.o)
                              .\CortexM0\ARM_GCC_493\Debug\app.o (symbol from plugin) (CyEnterCriticalSection)
.\CortexM0\ARM_GCC_493\Debug\CYPD4225-40LQXI_notebook01_2.a(CyFlash.o)
                              .\CortexM0\ARM_GCC_493\Debug\flash.o (symbol from plugin) (CySysFlashWriteRow)
.\CortexM0\ARM_GCC_493\Debug\CYPD4225-40LQXI_notebook01_2.a(CyLib.o)
                              cyfitter_cfg_2.o (symbol from plugin) (CySysClkWriteImoFreq)
.\CortexM0\ARM_GCC_493\Debug\CYPD4225-40LQXI_notebook01_2.a(cyPm.o)
                              .\CortexM0\ARM_GCC_493\Debug\app.o (symbol from plugin) (CySysPmDeepSleep)
.\CortexM0\ARM_GCC_493\Debug\CYPD4225-40LQXI_notebook01_2.a(CyLFClk.o)
                              .\CortexM0\ARM_GCC_493\Debug\Cm0Start.o (symbol from plugin) (CySysWdtDisable)
.\CortexM0\ARM_GCC_493\Debug\CYPD4225-40LQXI_notebook01_2.a(UART.o)
                              .\CortexM0\ARM_GCC_493\Debug\main.o (symbol from plugin) (UART_Start)
.\CortexM0\ARM_GCC_493\Debug\CYPD4225-40LQXI_notebook01_2.a(UART_AsmGnu.o)
                              .\CortexM0\ARM_GCC_493\Debug\main.o (symbol from plugin) (UART_PutChar)
.\lib\ccg4_dualport\libccgx_hpi.a(hpi.o)
                              .\CortexM0\ARM_GCC_493\Debug\main.o (symbol from plugin) (hpi_is_ec_ready)
.\lib\ccg4_dualport\libccgx_hpi.a(i2c.o)
                              .\lib\ccg4_dualport\libccgx_hpi.a(hpi.o) (i2c_slave_ack_ctrl)
.\lib\ccg4_dualport\libccgx_pd.a(pd_policy_engine.o)
                              .\CortexM0\ARM_GCC_493\Debug\main.o (symbol from plugin) (pe_init)
.\lib\ccg4_dualport\libccgx_pd.a(pd_protocol.o)
                              .\lib\ccg4_dualport\libccgx_pd.a(pd_policy_engine.o) (pd_prot_init)
.\lib\ccg4_dualport\libccgx_pd.a(typec_manager.o)
                              .\lib\ccg4_dualport\libccgx_pd.a(pd_policy_engine.o) (typec_change_rp)
.\lib\ccg4_dualport\libccgx_pd.a(dpm.o)
                              .\CortexM0\ARM_GCC_493\Debug\main.o (symbol from plugin) (dpm_init)
.\CortexM0\ARM_GCC_493\Debug\CYPD4225-40LQXI_notebook01_2.a(EC_INT.o)
                              .\lib\ccg4_dualport\libccgx_hpi.a(hpi.o) (EC_INT_Write)
.\CortexM0\ARM_GCC_493\Debug\CYPD4225-40LQXI_notebook01_2.a(I2C_CFG.o)
                              .\lib\ccg4_dualport\libccgx_hpi.a(hpi.o) (I2C_CFG_SetDriveMode)
c:/program files (x86)/cypress/psoc creator/3.3/psoc creator/import/gnu/arm/4.9.3/bin/../lib/gcc/arm-none-eabi/4.9.3/armv6-m\libgcc.a(_thumb1_case_uqi.o)
                              .\lib\ccg4_dualport\libccgx_hpi.a(hpi.o) (__gnu_thumb1_case_uqi)
c:/program files (x86)/cypress/psoc creator/3.3/psoc creator/import/gnu/arm/4.9.3/bin/../lib/gcc/arm-none-eabi/4.9.3/armv6-m\libgcc.a(_thumb1_case_uhi.o)
                              .\lib\ccg4_dualport\libccgx_hpi.a(hpi.o) (__gnu_thumb1_case_uhi)
c:/program files (x86)/cypress/psoc creator/3.3/psoc creator/import/gnu/arm/4.9.3/bin/../lib/gcc/arm-none-eabi/4.9.3/armv6-m\libgcc.a(_udivsi3.o)
                              .\CortexM0\ARM_GCC_493\Debug\CYPD4225-40LQXI_notebook01_2.a(UART_AsmGnu.o) (__aeabi_uidiv)
c:/program files (x86)/cypress/psoc creator/3.3/psoc creator/import/gnu/arm/4.9.3/bin/../lib/gcc/arm-none-eabi/4.9.3/armv6-m\libgcc.a(_divsi3.o)
                              .\lib\ccg4_dualport\libccgx_pd.a(dpm.o) (__aeabi_idiv)
c:/program files (x86)/cypress/psoc creator/3.3/psoc creator/import/gnu/arm/4.9.3/bin/../lib/gcc/arm-none-eabi/4.9.3/armv6-m\libgcc.a(_dvmd_tls.o)
[...]
Memory Configuration

Name             Origin             Length             Attributes
rom              0x00000000         0x00020000         xr
ram              0x20000000         0x00002000         xrw
*default*        0x00000000         0xffffffff

Linker script and memory map

LOAD c:/program files (x86)/cypress/psoc creator/3.3/psoc creator/import/gnu/arm/4.9.3/bin/../lib/gcc/arm-none-eabi/4.9.3/armv6-m/crti.o
LOAD c:/program files (x86)/cypress/psoc creator/3.3/psoc creator/import/gnu/arm/4.9.3/bin/../lib/gcc/arm-none-eabi/4.9.3/armv6-m/crtbegin.o
LOAD c:/program files (x86)/cypress/psoc creator/3.3/psoc creator/import/gnu/arm/4.9.3/bin/../lib/gcc/arm-none-eabi/4.9.3/../../../../arm-none-eabi/lib/armv6-m/crt0.o
START GROUP
LOAD .\CortexM0\ARM_GCC_493\Debug\alt_mode_hw.o
LOAD C:\Users\victo\AppData\Local\Temp\ccJDdyLV.ltrans0.ltrans.o
LOAD C:\Users\victo\AppData\Local\Temp\ccJDdyLV.ltrans1.ltrans.o
LOAD C:\Users\victo\AppData\Local\Temp\ccJDdyLV.ltrans2.ltrans.o
LOAD C:\Users\victo\AppData\Local\Temp\ccJDdyLV.ltrans3.ltrans.o
LOAD C:\Users\victo\AppData\Local\Temp\ccJDdyLV.ltrans4.ltrans.o
LOAD C:\Users\victo\AppData\Local\Temp\ccJDdyLV.ltrans5.ltrans.o
LOAD C:\Users\victo\AppData\Local\Temp\ccJDdyLV.ltrans6.ltrans.o
LOAD C:\Users\victo\AppData\Local\Temp\ccJDdyLV.ltrans7.ltrans.o
LOAD c:/program files (x86)/cypress/psoc creator/3.3/psoc creator/import/gnu/arm/4.9.3/bin/../lib/gcc/arm-none-eabi/4.9.3/armv6-m\libgcc.a
LOAD c:/program files (x86)/cypress/psoc creator/3.3/psoc creator/import/gnu/arm/4.9.3/bin/../lib/gcc/arm-none-eabi/4.9.3/../../../../arm-none-eabi/lib/armv6-m\libg_nano.a
LOAD c:/program files (x86)/cypress/psoc creator/3.3/psoc creator/import/gnu/arm/4.9.3/bin/../lib/gcc/arm-none-eabi/4.9.3/../../../../arm-none-eabi/lib/armv6-m\libc_nano.a
LOAD c:/program files (x86)/cypress/psoc creator/3.3/psoc creator/import/gnu/arm/4.9.3/bin/../lib/gcc/arm-none-eabi/4.9.3/armv6-m\libgcc.a
LOAD c:/program files (x86)/cypress/psoc creator/3.3/psoc creator/import/gnu/arm/4.9.3/bin/../lib/gcc/arm-none-eabi/4.9.3/../../../../arm-none-eabi/lib/armv6-m\libc_nano.a
LOAD .\CortexM0\ARM_GCC_493\Debug\alt_modes_mngr.o
LOAD .\CortexM0\ARM_GCC_493\Debug\dp_sid.o
LOAD .\CortexM0\ARM_GCC_493\Debug\vdm_task_mngr.o
LOAD .\CortexM0\ARM_GCC_493\Debug\app.o
LOAD .\CortexM0\ARM_GCC_493\Debug\pdo.o
LOAD .\CortexM0\ARM_GCC_493\Debug\psink.o
LOAD .\CortexM0\ARM_GCC_493\Debug\psource.o
LOAD .\CortexM0\ARM_GCC_493\Debug\swap.o
LOAD .\CortexM0\ARM_GCC_493\Debug\vdm.o
LOAD .\CortexM0\ARM_GCC_493\Debug\boot.o
LOAD .\CortexM0\ARM_GCC_493\Debug\flash.o
LOAD .\CortexM0\ARM_GCC_493\Debug\gpio.o
LOAD .\CortexM0\ARM_GCC_493\Debug\system.o
LOAD .\CortexM0\ARM_GCC_493\Debug\timer.o
LOAD .\CortexM0\ARM_GCC_493\Debug\utils.o
LOAD .\CortexM0\ARM_GCC_493\Debug\config.o
LOAD .\CortexM0\ARM_GCC_493\Debug\datamux_ctrl.o
LOAD .\CortexM0\ARM_GCC_493\Debug\main.o
LOAD .\CortexM0\ARM_GCC_493\Debug\hal_ccgx.o
LOAD .\CortexM0\ARM_GCC_493\Debug\pdss_hal.o
LOAD .\CortexM0\ARM_GCC_493\Debug\cybootloader.o
LOAD .\CortexM0\ARM_GCC_493\Debug\cymetadata.o
LOAD .\CortexM0\ARM_GCC_493\Debug\Cm0Start.o
LOAD .\CortexM0\ARM_GCC_493\Debug\CYPD4225-40LQXI_notebook01_2.a
LOAD C:\Program Files (x86)\Cypress\PSoC Creator\3.3\PSoC Creator\psoc\content\cycomponentlibrary\CyComponentLibrary.cylib\CortexM0\ARM_GCC_493\Debug\CyComponentLibrary.a
LOAD .\lib\ccg4_dualport\libccgx_hpi.a
LOAD .\lib\ccg4_dualport\libccgx_pd.a
END GROUP
START GROUP
LOAD c:/program files (x86)/cypress/psoc creator/3.3/psoc creator/import/gnu/arm/4.9.3/bin/../lib/gcc/arm-none-eabi/4.9.3/armv6-m\libgcc.a
LOAD c:/program files (x86)/cypress/psoc creator/3.3/psoc creator/import/gnu/arm/4.9.3/bin/../lib/gcc/arm-none-eabi/4.9.3/../../../../arm-none-eabi/lib/armv6-m\libg_nano.a
LOAD c:/program files (x86)/cypress/psoc creator/3.3/psoc creator/import/gnu/arm/4.9.3/bin/../lib/gcc/arm-none-eabi/4.9.3/../../../../arm-none-eabi/lib/armv6-m\libc_nano.a
END GROUP
START GROUP
LOAD c:/program files (x86)/cypress/psoc creator/3.3/psoc creator/import/gnu/arm/4.9.3/bin/../lib/gcc/arm-none-eabi/4.9.3/armv6-m\libgcc.a
LOAD c:/program files (x86)/cypress/psoc creator/3.3/psoc creator/import/gnu/arm/4.9.3/bin/../lib/gcc/arm-none-eabi/4.9.3/../../../../arm-none-eabi/lib/armv6-m\libc_nano.a
END GROUP
LOAD c:/program files (x86)/cypress/psoc creator/3.3/psoc creator/import/gnu/arm/4.9.3/bin/../lib/gcc/arm-none-eabi/4.9.3/armv6-m/crtend.o
LOAD c:/program files (x86)/cypress/psoc creator/3.3/psoc creator/import/gnu/arm/4.9.3/bin/../lib/gcc/arm-none-eabi/4.9.3/armv6-m/crtn.o
START GROUP
LOAD c:/program files (x86)/cypress/psoc creator/3.3/psoc creator/import/gnu/arm/4.9.3/bin/../lib/gcc/arm-none-eabi/4.9.3/armv6-m\libgcc.a
LOAD c:/program files (x86)/cypress/psoc creator/3.3/psoc creator/import/gnu/arm/4.9.3/bin/../lib/gcc/arm-none-eabi/4.9.3/../../../../arm-none-eabi/lib/armv6-m\libc.a
LOAD c:/program files (x86)/cypress/psoc creator/3.3/psoc creator/import/gnu/arm/4.9.3/bin/../lib/gcc/arm-none-eabi/4.9.3/../../../../arm-none-eabi/lib/armv6-m\libnosys.a
END GROUP
                0x00001400                CY_APPL_ORIGIN = 0x1400
                0x00000100                CY_FLASH_ROW_SIZE = 0x100
                0x00020000                CY_FLASH_SIZE = 0x20000
                0x00000002                CY_APPL_NUM = 0x2
                0x00000002                CY_APPL_MAX = 0x2
                0x00000040                CY_METADATA_SIZE = 0x40
                0x00000001                CY_APPL_LOADABLE = 0x1
                0x00000000                CY_CHECKSUM_EXCLUDE_SIZE = ALIGN (0x0, CY_FLASH_ROW_SIZE)
                0x00000000                CY_APP_FOR_STACK_AND_COPIER = 0x0
                0x20001c88                PROVIDE (__cy_heap_start, _end)
                0x00000001                PROVIDE (__cy_region_num, ((__cy_regions_end - __cy_regions) / 0x10))
                0x20002000                PROVIDE (__cy_stack, (ORIGIN (ram) + 0x2000))
                0x20001e00                PROVIDE (__cy_heap_end, (__cy_stack - 0x200))

.cybootloader   0x00000000     0x1400
 *(.cybootloader)
 .cybootloader  0x00000000     0x1400 C:\Users\victo\AppData\Local\Temp\ccJDdyLV.ltrans0.ltrans.o
                0x00000000                cy_bootloader
                0x00001400                appl1_start = CY_APPL_ORIGIN?CY_APPL_ORIGIN:ALIGN (CY_FLASH_ROW_SIZE)
                0x00010000                appl2_start = (CY_FLASH_SIZE / 0x2)
                0x00010000                appl_start = (CY_APPL_NUM == 0x1)?appl1_start:appl2_start
                0x00000000                cy_project_type_bootloader = (appl_start == 0x0)?0x1:0x0
                0x00000000                cy_project_type_app_for_stack_and_copier = (CY_APP_FOR_STACK_AND_COPIER == 0x1)?0x1:0x0

.text           0x00010000     0xd2c2
 CREATE_OBJECT_SYMBOLS
                0x00000000                PROVIDE (__cy_interrupt_vector, RomVectors)
 *(.romvectors)
 .romvectors    0x00010000       0x10 C:\Users\victo\AppData\Local\Temp\ccJDdyLV.ltrans7.ltrans.o
                0x00000001                ASSERT ((. != __cy_interrupt_vector), No interrupt vector)
                0x00000001                ASSERT (CY_APPL_ORIGIN?(SIZEOF (.cybootloader) <= CY_APPL_ORIGIN):0x1, Wrong image location)
                0x000000c0                . = 0xc0
 *fill*         0x00010010       0xb0 
 *(.customer_region)
 .customer_region
                0x000100c0       0x20 C:\Users\victo\AppData\Local\Temp\ccJDdyLV.ltrans0.ltrans.o
                0x000100c0                customer_info
 *(.base_version)
 .base_version  0x000100e0        0x4 C:\Users\victo\AppData\Local\Temp\ccJDdyLV.ltrans1.ltrans.o
                0x000100e0                base_version
 *(.app_version)
 .app_version   0x000100e4        0x4 C:\Users\victo\AppData\Local\Temp\ccJDdyLV.ltrans0.ltrans.o
                0x000100e4                app_version
 *(.dev_siliconid)
 .dev_siliconid
                0x000100e8        0x4 C:\Users\victo\AppData\Local\Temp\ccJDdyLV.ltrans0.ltrans.o
                0x000100e8                ccg_silicon_id
 *(.fw_reserved)
 .fw_reserved   0x000100ec       0x14 C:\Users\victo\AppData\Local\Temp\ccJDdyLV.ltrans0.ltrans.o
                0x000100ec                reserved_buf
 *(.configSection)
 .configSection
                0x00010100      0x400 C:\Users\victo\AppData\Local\Temp\ccJDdyLV.ltrans7.ltrans.o
                0x00010100                gl_config_table
                0x00010500                PROVIDE (__cy_reset, Reset)
 *(.text.Reset)
 .text.Reset    0x00010500       0x20 C:\Users\victo\AppData\Local\Temp\ccJDdyLV.ltrans7.ltrans.o
                0x00010500                Reset
                0x00000001                ASSERT ((. != __cy_reset), No reset code)
 *(.psocinit)
 *(.text .text.* .gnu.linkonce.t.*)
 .text          0x00010520       0x60 c:/program files (x86)/cypress/psoc creator/3.3/psoc creator/import/gnu/arm/4.9.3/bin/../lib/gcc/arm-none-eabi/4.9.3/armv6-m/crtbegin.o
 .text.form_alt_mode_event
                0x00010580       0x38 C:\Users\victo\AppData\Local\Temp\ccJDdyLV.ltrans0.ltrans.o
 .text.get_next_alt_mode
                0x000105b8       0x50 C:\Users\victo\AppData\Local\Temp\ccJDdyLV.ltrans0.ltrans.o
 .text.wait_ec_trigger.lto_priv.31
                0x00010608        0x4 C:\Users\victo\AppData\Local\Temp\ccJDdyLV.ltrans0.ltrans.o
                0x00010608                wait_ec_trigger.lto_priv.31
 .text.set_disc_mode_params
                0x0001060c       0x30 C:\Users\victo\AppData\Local\Temp\ccJDdyLV.ltrans0.ltrans.o
 .text.send_sln_app_evt.part.0
                0x0001063c       0x30 C:\Users\victo\AppData\Local\Temp\ccJDdyLV.ltrans0.ltrans.o
 .text.fail_alt_modes.lto_priv.34
                0x0001066c       0x80 C:\Users\victo\AppData\Local\Temp\ccJDdyLV.ltrans0.ltrans.o
                0x0001066c                fail_alt_modes.lto_priv.34
 .text.run_disc_mode.lto_priv.27
                0x000106ec       0xb0 C:\Users\victo\AppData\Local\Temp\ccJDdyLV.ltrans0.ltrans.o
                0x000106ec                run_disc_mode.lto_priv.27
 .text.dp_src_hpd_cbk
                0x0001079c       0x40 C:\Users\victo\AppData\Local\Temp\ccJDdyLV.ltrans0.ltrans.o
 .text.alt_mode_mngr_deinit.lto_priv.30
                0x000107dc       0x7c C:\Users\victo\AppData\Local\Temp\ccJDdyLV.ltrans0.ltrans.o
                0x000107dc                alt_mode_mngr_deinit.lto_priv.30
 .text.move_to_vdm_info
                0x00010858       0x6c C:\Users\victo\AppData\Local\Temp\ccJDdyLV.ltrans0.ltrans.o
 .text.eval_alt_modes.lto_priv.33
                0x000108c4      0x178 C:\Users\victo\AppData\Local\Temp\ccJDdyLV.ltrans0.ltrans.o
                0x000108c4                eval_alt_modes.lto_priv.33
 .text.handle_cbl_disc_mode
                0x00010a3c       0xec C:\Users\victo\AppData\Local\Temp\ccJDdyLV.ltrans0.ltrans.o
 .text.disc_mode_fail.lto_priv.29
                0x00010b28       0x34 C:\Users\victo\AppData\Local\Temp\ccJDdyLV.ltrans0.ltrans.o
                0x00010b28                disc_mode_fail.lto_priv.29
 .text.eval_disc_mode.lto_priv.28
                0x00010b5c      0x178 C:\Users\victo\AppData\Local\Temp\ccJDdyLV.ltrans0.ltrans.o
                0x00010b5c                eval_disc_mode.lto_priv.28
 .text.reset_dp_var.lto_priv.60
                0x00010cd4       0x40 C:\Users\victo\AppData\Local\Temp\ccJDdyLV.ltrans0.ltrans.o
                0x00010cd4                reset_dp_var.lto_priv.60
 .text.dp_exit  0x00010d14       0x38 C:\Users\victo\AppData\Local\Temp\ccJDdyLV.ltrans0.ltrans.o
 .text.is_prtnr_ccg_consistent.lto_priv.64
                0x00010d4c       0x28 C:\Users\victo\AppData\Local\Temp\ccJDdyLV.ltrans0.ltrans.o
                0x00010d4c                is_prtnr_ccg_consistent.lto_priv.64
 .text.send_cmd.lto_priv.63
                0x00010d74       0x44 C:\Users\victo\AppData\Local\Temp\ccJDdyLV.ltrans0.ltrans.o
                0x00010d74                send_cmd.lto_priv.63
 .text.analyse_dp_sink_vdo.lto_priv.61
                0x00010db8       0xa4 C:\Users\victo\AppData\Local\Temp\ccJDdyLV.ltrans0.ltrans.o
                0x00010db8                analyse_dp_sink_vdo.lto_priv.61
 .text.eval_app_alt_mode_cmd
                0x00010e5c      0x158 C:\Users\victo\AppData\Local\Temp\ccJDdyLV.ltrans0.ltrans.o
                0x00010e5c                eval_app_alt_mode_cmd
 .text.set_mux.part.1.lto_priv.59
                0x00010fb4       0x70 C:\Users\victo\AppData\Local\Temp\ccJDdyLV.ltrans0.ltrans.o
                0x00010fb4                set_mux.part.1.lto_priv.59
 .text.analyse_status_update_vdo
                0x00011024      0x114 C:\Users\victo\AppData\Local\Temp\ccJDdyLV.ltrans0.ltrans.o
 .text.monitor_alt_modes.lto_priv.32
                0x00011138      0x11c C:\Users\victo\AppData\Local\Temp\ccJDdyLV.ltrans0.ltrans.o
                0x00011138                monitor_alt_modes.lto_priv.32
 .text.eval_hpd_cmd
                0x00011254      0x144 C:\Users\victo\AppData\Local\Temp\ccJDdyLV.ltrans0.ltrans.o
 .text.dp_dfp_dequeue_hpd
                0x00011398       0x2c C:\Users\victo\AppData\Local\Temp\ccJDdyLV.ltrans0.ltrans.o
 .text.dp_src_hpd_resp_cbk
                0x000113c4       0x30 C:\Users\victo\AppData\Local\Temp\ccJDdyLV.ltrans0.ltrans.o
 .text.dp_dfp_enqueue_hpd
                0x000113f4       0x74 C:\Users\victo\AppData\Local\Temp\ccJDdyLV.ltrans0.ltrans.o
 .text.dp_dfp_run.lto_priv.62
                0x00011468      0x21c C:\Users\victo\AppData\Local\Temp\ccJDdyLV.ltrans0.ltrans.o
                0x00011468                dp_dfp_run.lto_priv.62
 .text.eval_app_alt_hw_cmd
                0x00011684       0x50 C:\Users\victo\AppData\Local\Temp\ccJDdyLV.ltrans0.ltrans.o
                0x00011684                eval_app_alt_hw_cmd
 .text.startup.main
                0x000116d4      0xa50 C:\Users\victo\AppData\Local\Temp\ccJDdyLV.ltrans1.ltrans.o
                0x000116d4                main
 .text.vconn_disable
                0x00012124       0x24 C:\Users\victo\AppData\Local\Temp\ccJDdyLV.ltrans2.ltrans.o
                0x00012124                vconn_disable
 .text.set_vdm_failed
                0x00012148       0x34 C:\Users\victo\AppData\Local\Temp\ccJDdyLV.ltrans2.ltrans.o
 .text.eval_rdo
                0x0001217c       0x30 C:\Users\victo\AppData\Local\Temp\ccJDdyLV.ltrans2.ltrans.o
                0x0001217c                eval_rdo
 .text.form_rdo
                0x000121ac       0x80 C:\Users\victo\AppData\Local\Temp\ccJDdyLV.ltrans2.ltrans.o
 .text.eval_src_cap
                0x0001222c      0x40c C:\Users\victo\AppData\Local\Temp\ccJDdyLV.ltrans2.ltrans.o
                0x0001222c                eval_src_cap
 .text.vconn_is_present
                0x00012638       0x30 C:\Users\victo\AppData\Local\Temp\ccJDdyLV.ltrans2.ltrans.o
                0x00012638                vconn_is_present
 .text.vconn_enable
                0x00012668       0x38 C:\Users\victo\AppData\Local\Temp\ccJDdyLV.ltrans2.ltrans.o
                0x00012668                vconn_enable
 .text.dp_eval_app_cmd.lto_priv.65
                0x000126a0       0xe0 C:\Users\victo\AppData\Local\Temp\ccJDdyLV.ltrans2.ltrans.o
                0x000126a0                dp_eval_app_cmd.lto_priv.65
 .text.app_ovp_enable.part.2.lto_priv.53
                0x00012780       0x44 C:\Users\victo\AppData\Local\Temp\ccJDdyLV.ltrans2.ltrans.o
                0x00012780                app_ovp_enable.part.2.lto_priv.53
 .text.reset_vdm_mngr.lto_priv.35
                0x000127c4       0x30 C:\Users\victo\AppData\Local\Temp\ccJDdyLV.ltrans2.ltrans.o
                0x000127c4                reset_vdm_mngr.lto_priv.35
 .text.vdm_task_mngr_deinit
                0x000127f4       0x84 C:\Users\victo\AppData\Local\Temp\ccJDdyLV.ltrans2.ltrans.o
                0x000127f4                vdm_task_mngr_deinit
 .text.app_event_handler
                0x00012878      0x1d4 C:\Users\victo\AppData\Local\Temp\ccJDdyLV.ltrans2.ltrans.o
                0x00012878                app_event_handler
 .text.snk_vbus_ovp
                0x00012a4c       0x2c C:\Users\victo\AppData\Local\Temp\ccJDdyLV.ltrans2.ltrans.o
                0x00012a4c                snk_vbus_ovp
 .text.reg_dp_modes.part.2.lto_priv.69
                0x00012a78       0xd8 C:\Users\victo\AppData\Local\Temp\ccJDdyLV.ltrans2.ltrans.o
                0x00012a78                reg_dp_modes.part.2.lto_priv.69
 .text.vbus_is_present
                0x00012b50       0x90 C:\Users\victo\AppData\Local\Temp\ccJDdyLV.ltrans2.ltrans.o
                0x00012b50                vbus_is_present
 .text.vdm_rec_cbk.lto_priv.25
                0x00012be0      0x13c C:\Users\victo\AppData\Local\Temp\ccJDdyLV.ltrans2.ltrans.o
                0x00012be0                vdm_rec_cbk.lto_priv.25
 .text.mux_xfer_timer_cb.lto_priv.21
                0x00012d1c        0xc C:\Users\victo\AppData\Local\Temp\ccJDdyLV.ltrans3.ltrans.o
                0x00012d1c                mux_xfer_timer_cb.lto_priv.21
 .text.timer_stop_internal
                0x00012d28       0x54 C:\Users\victo\AppData\Local\Temp\ccJDdyLV.ltrans3.ltrans.o
 .text.my_pd_callback
                0x00012d7c       0x38 C:\Users\victo\AppData\Local\Temp\ccJDdyLV.ltrans3.ltrans.o
                0x00012d7c                my_pd_callback
 .text.my_pd_phy_callback
                0x00012db4       0x38 C:\Users\victo\AppData\Local\Temp\ccJDdyLV.ltrans3.ltrans.o
                0x00012db4                my_pd_phy_callback
 .text.eval_vdm
                0x00012dec      0x2e0 C:\Users\victo\AppData\Local\Temp\ccJDdyLV.ltrans3.ltrans.o
                0x00012dec                eval_vdm
 .text.eval_vconn_swap
                0x000130cc       0x38 C:\Users\victo\AppData\Local\Temp\ccJDdyLV.ltrans3.ltrans.o
                0x000130cc                eval_vconn_swap
 .text.choose_status
                0x00013104       0xbc C:\Users\victo\AppData\Local\Temp\ccJDdyLV.ltrans3.ltrans.o
                0x00013104                choose_status
 .text.get_pd_port_config
                0x000131c0       0x10 C:\Users\victo\AppData\Local\Temp\ccJDdyLV.ltrans3.ltrans.o
                0x000131c0                get_pd_port_config
 .text.get_pd_config
                0x000131d0        0x8 C:\Users\victo\AppData\Local\Temp\ccJDdyLV.ltrans3.ltrans.o
                0x000131d0                get_pd_config
 .text.mem_copy_word
                0x000131d8       0x14 C:\Users\victo\AppData\Local\Temp\ccJDdyLV.ltrans3.ltrans.o
                0x000131d8                mem_copy_word
 .text.timer_stop_range.part.3.lto_priv.54
                0x000131ec       0x4c C:\Users\victo\AppData\Local\Temp\ccJDdyLV.ltrans3.ltrans.o
                0x000131ec                timer_stop_range.part.3.lto_priv.54
 .text.timer_is_running
                0x00013238       0x38 C:\Users\victo\AppData\Local\Temp\ccJDdyLV.ltrans3.ltrans.o
                0x00013238                timer_is_running
 .text.timer_stop_range
                0x00013270       0x10 C:\Users\victo\AppData\Local\Temp\ccJDdyLV.ltrans3.ltrans.o
                0x00013270                timer_stop_range
 .text.timer_stop
                0x00013280       0x48 C:\Users\victo\AppData\Local\Temp\ccJDdyLV.ltrans3.ltrans.o
                0x00013280                timer_stop
 .text.sys_get_custom_info_addr
                0x000132c8       0x48 C:\Users\victo\AppData\Local\Temp\ccJDdyLV.ltrans3.ltrans.o
                0x000132c8                sys_get_custom_info_addr
 .text.sys_get_silicon_id
                0x00013310       0x10 C:\Users\victo\AppData\Local\Temp\ccJDdyLV.ltrans3.ltrans.o
                0x00013310                sys_get_silicon_id
 .text.sys_get_device_mode
                0x00013320        0xc C:\Users\victo\AppData\Local\Temp\ccJDdyLV.ltrans3.ltrans.o
                0x00013320                sys_get_device_mode
 .text.gpio_set_lvttl_mode
                0x0001332c       0x18 C:\Users\victo\AppData\Local\Temp\ccJDdyLV.ltrans3.ltrans.o
                0x0001332c                gpio_set_lvttl_mode
 .text.hsiom_set_config
                0x00013344       0x24 C:\Users\victo\AppData\Local\Temp\ccJDdyLV.ltrans3.ltrans.o
                0x00013344                hsiom_set_config
 .text.gpio_int_set_config
                0x00013368       0x2c C:\Users\victo\AppData\Local\Temp\ccJDdyLV.ltrans3.ltrans.o
                0x00013368                gpio_int_set_config
 .text.gpio_set_value
                0x00013394       0x30 C:\Users\victo\AppData\Local\Temp\ccJDdyLV.ltrans3.ltrans.o
                0x00013394                gpio_set_value
 .text.flash_set_app_priority
                0x000133c4       0x32 C:\Users\victo\AppData\Local\Temp\ccJDdyLV.ltrans3.ltrans.o
                0x000133c4                flash_set_app_priority
 *fill*         0x000133f6        0x2 
 .text.flash_row_read
                0x000133f8       0x40 C:\Users\victo\AppData\Local\Temp\ccJDdyLV.ltrans3.ltrans.o
                0x000133f8                flash_row_read
 .text.flash_row_clear
                0x00013438       0x28 C:\Users\victo\AppData\Local\Temp\ccJDdyLV.ltrans3.ltrans.o
                0x00013438                flash_row_clear
 .text.flash_access_get_status
                0x00013460       0x14 C:\Users\victo\AppData\Local\Temp\ccJDdyLV.ltrans3.ltrans.o
                0x00013460                flash_access_get_status
 .text.flash_enter_mode
                0x00013474       0x18 C:\Users\victo\AppData\Local\Temp\ccJDdyLV.ltrans3.ltrans.o
                0x00013474                flash_enter_mode
 .text.boot_validate_configtable
                0x0001348c       0x60 C:\Users\victo\AppData\Local\Temp\ccJDdyLV.ltrans3.ltrans.o
                0x0001348c                boot_validate_configtable
 .text.boot_validate_fw
                0x000134ec       0xbc C:\Users\victo\AppData\Local\Temp\ccJDdyLV.ltrans3.ltrans.o
                0x000134ec                boot_validate_fw
 .text.flash_row_write
                0x000135a8       0xac C:\Users\victo\AppData\Local\Temp\ccJDdyLV.ltrans3.ltrans.o
                0x000135a8                flash_row_write
 .text.boot_handle_validate_fw_cmd
                0x00013654       0x38 C:\Users\victo\AppData\Local\Temp\ccJDdyLV.ltrans3.ltrans.o
                0x00013654                boot_handle_validate_fw_cmd
 .text.hw_timer_load_period
                0x0001368c       0x28 C:\Users\victo\AppData\Local\Temp\ccJDdyLV.ltrans3.ltrans.o
 .text.wdt_interrupt_handler.lto_priv.26
                0x000136b4      0x15c C:\Users\victo\AppData\Local\Temp\ccJDdyLV.ltrans3.ltrans.o
                0x000136b4                wdt_interrupt_handler.lto_priv.26
 .text.timer_start
                0x00013810      0x174 C:\Users\victo\AppData\Local\Temp\ccJDdyLV.ltrans3.ltrans.o
                0x00013810                timer_start
 .text.led_timer_cb
                0x00013984       0x2c C:\Users\victo\AppData\Local\Temp\ccJDdyLV.ltrans3.ltrans.o
                0x00013984                led_timer_cb
 .text.psrc_set_current
                0x000139b0        0x2 C:\Users\victo\AppData\Local\Temp\ccJDdyLV.ltrans4.ltrans.o
                0x000139b0                psrc_set_current
 *fill*         0x000139b2        0x2 
 .text.vbus_discharge_off
                0x000139b4       0x24 C:\Users\victo\AppData\Local\Temp\ccJDdyLV.ltrans4.ltrans.o
                0x000139b4                vbus_discharge_off
 .text.vbus_discharge_on
                0x000139d8       0x28 C:\Users\victo\AppData\Local\Temp\ccJDdyLV.ltrans4.ltrans.o
                0x000139d8                vbus_discharge_on
 .text.psnk_set_current
                0x00013a00        0x2 C:\Users\victo\AppData\Local\Temp\ccJDdyLV.ltrans4.ltrans.o
                0x00013a00                psnk_set_current
 *fill*         0x00013a02        0x2 
 .text.eval_pr_swap
                0x00013a04       0x64 C:\Users\victo\AppData\Local\Temp\ccJDdyLV.ltrans4.ltrans.o
                0x00013a04                eval_pr_swap
 .text.eval_dr_swap
                0x00013a68       0x48 C:\Users\victo\AppData\Local\Temp\ccJDdyLV.ltrans4.ltrans.o
                0x00013a68                eval_dr_swap
 .text.psrc_en_ovp
                0x00013ab0       0x34 C:\Users\victo\AppData\Local\Temp\ccJDdyLV.ltrans4.ltrans.o
 .text.psnk_set_voltage
                0x00013ae4       0x24 C:\Users\victo\AppData\Local\Temp\ccJDdyLV.ltrans4.ltrans.o
                0x00013ae4                psnk_set_voltage
 .text.psrc_shutdown
                0x00013b08       0x68 C:\Users\victo\AppData\Local\Temp\ccJDdyLV.ltrans4.ltrans.o
 .text.app_psrc_vbus_ovp_cbk
                0x00013b70       0x1c C:\Users\victo\AppData\Local\Temp\ccJDdyLV.ltrans4.ltrans.o
 .text.app_psrc_vbus_ocp_cbk
                0x00013b8c       0x1c C:\Users\victo\AppData\Local\Temp\ccJDdyLV.ltrans4.ltrans.o
 .text.psrc_set_voltage
                0x00013ba8       0xb8 C:\Users\victo\AppData\Local\Temp\ccJDdyLV.ltrans4.ltrans.o
                0x00013ba8                psrc_set_voltage
 .text.psnk_enable
                0x00013c60       0x34 C:\Users\victo\AppData\Local\Temp\ccJDdyLV.ltrans4.ltrans.o
                0x00013c60                psnk_enable
 .text.app_snk_db_fet_off_delay_expire
                0x00013c94        0x8 C:\Users\victo\AppData\Local\Temp\ccJDdyLV.ltrans4.ltrans.o
 .text.psrc_disable
                0x00013c9c       0x7c C:\Users\victo\AppData\Local\Temp\ccJDdyLV.ltrans4.ltrans.o
                0x00013c9c                psrc_disable
 .text.psnk_disable
                0x00013d18       0x84 C:\Users\victo\AppData\Local\Temp\ccJDdyLV.ltrans4.ltrans.o
                0x00013d18                psnk_disable
 .text.app_psnk_vbus_ovp_cbk
                0x00013d9c       0x38 C:\Users\victo\AppData\Local\Temp\ccJDdyLV.ltrans4.ltrans.o
 .text.app_psrc_tmr_cbk
                0x00013dd4      0x138 C:\Users\victo\AppData\Local\Temp\ccJDdyLV.ltrans4.ltrans.o
 .text.app_psnk_tmr_cbk
                0x00013f0c       0x60 C:\Users\victo\AppData\Local\Temp\ccJDdyLV.ltrans4.ltrans.o
 .text.psrc_enable
                0x00013f6c       0xf0 C:\Users\victo\AppData\Local\Temp\ccJDdyLV.ltrans4.ltrans.o
                0x00013f6c                psrc_enable
 .text.pd_get_vbus_adc_level
                0x0001405c       0x58 C:\Users\victo\AppData\Local\Temp\ccJDdyLV.ltrans5.ltrans.o
                0x0001405c                pd_get_vbus_adc_level
 .text.hpd_deinit
                0x000140b4       0x98 C:\Users\victo\AppData\Local\Temp\ccJDdyLV.ltrans5.ltrans.o
                0x000140b4                hpd_deinit
 .text.pd_typec_set_polarity
                0x0001414c       0x24 C:\Users\victo\AppData\Local\Temp\ccJDdyLV.ltrans5.ltrans.o
                0x0001414c                pd_typec_set_polarity
 .text.pd_typec_dis_rd
                0x00014170       0x3c C:\Users\victo\AppData\Local\Temp\ccJDdyLV.ltrans5.ltrans.o
                0x00014170                pd_typec_dis_rd
 .text.pd_typec_en_rd
                0x000141ac       0x2c C:\Users\victo\AppData\Local\Temp\ccJDdyLV.ltrans5.ltrans.o
                0x000141ac                pd_typec_en_rd
 .text.pd_typec_dis_rp
                0x000141d8       0x28 C:\Users\victo\AppData\Local\Temp\ccJDdyLV.ltrans5.ltrans.o
                0x000141d8                pd_typec_dis_rp
 .text.pd_typec_en_rp
                0x00014200       0x4c C:\Users\victo\AppData\Local\Temp\ccJDdyLV.ltrans5.ltrans.o
                0x00014200                pd_typec_en_rp
 .text.pd_typec_snk_update_trim
                0x0001424c       0x38 C:\Users\victo\AppData\Local\Temp\ccJDdyLV.ltrans5.ltrans.o
                0x0001424c                pd_typec_snk_update_trim
 .text.pd_typec_stop
                0x00014284        0x4 C:\Users\victo\AppData\Local\Temp\ccJDdyLV.ltrans5.ltrans.o
                0x00014284                pd_typec_stop
 .text.pd_typec_start
                0x00014288       0x1c C:\Users\victo\AppData\Local\Temp\ccJDdyLV.ltrans5.ltrans.o
                0x00014288                pd_typec_start
 .text.pd_typec_init
                0x000142a4       0x50 C:\Users\victo\AppData\Local\Temp\ccJDdyLV.ltrans5.ltrans.o
                0x000142a4                pd_typec_init
 .text.pd_phy_is_busy
                0x000142f4       0x28 C:\Users\victo\AppData\Local\Temp\ccJDdyLV.ltrans5.ltrans.o
                0x000142f4                pd_phy_is_busy
 .text.pd_phy_get_rx_packet
                0x0001431c       0x14 C:\Users\victo\AppData\Local\Temp\ccJDdyLV.ltrans5.ltrans.o
                0x0001431c                pd_phy_get_rx_packet
 .text.pd_phy_send_reset
                0x00014330       0x3c C:\Users\victo\AppData\Local\Temp\ccJDdyLV.ltrans5.ltrans.o
                0x00014330                pd_phy_send_reset
 .text.pd_phy_abort_tx_msg
                0x0001436c       0x3c C:\Users\victo\AppData\Local\Temp\ccJDdyLV.ltrans5.ltrans.o
                0x0001436c                pd_phy_abort_tx_msg
 .text.pd_phy_abort_bist_cm2
                0x000143a8       0x28 C:\Users\victo\AppData\Local\Temp\ccJDdyLV.ltrans5.ltrans.o
                0x000143a8                pd_phy_abort_bist_cm2
 .text.pd_prot_rx_dis
                0x000143d0       0x5c C:\Users\victo\AppData\Local\Temp\ccJDdyLV.ltrans5.ltrans.o
                0x000143d0                pd_prot_rx_dis
 .text.pd_prot_rx_en
                0x0001442c       0x3c C:\Users\victo\AppData\Local\Temp\ccJDdyLV.ltrans5.ltrans.o
                0x0001442c                pd_prot_rx_en
 .text.pd_adc_comparator_ctrl
                0x00014468      0x148 C:\Users\victo\AppData\Local\Temp\ccJDdyLV.ltrans5.ltrans.o
                0x00014468                pd_adc_comparator_ctrl
 .text.pd_typec_get_rp_rd_status
                0x000145b0       0xf8 C:\Users\victo\AppData\Local\Temp\ccJDdyLV.ltrans5.ltrans.o
 .text.pd_typec_get_cc_status
                0x000146a8       0xc4 C:\Users\victo\AppData\Local\Temp\ccJDdyLV.ltrans5.ltrans.o
                0x000146a8                pd_typec_get_cc_status
 .text.pdss_intr0_handler
                0x0001476c      0x34c C:\Users\victo\AppData\Local\Temp\ccJDdyLV.ltrans5.ltrans.o
                0x0001476c                pdss_intr0_handler
 .text.pd_phy_send_bist_cm2
                0x00014ab8       0x2c C:\Users\victo\AppData\Local\Temp\ccJDdyLV.ltrans5.ltrans.o
                0x00014ab8                pd_phy_send_bist_cm2
 .text.pd_phy_vbus_detach_cbk
                0x00014ae4        0x2 C:\Users\victo\AppData\Local\Temp\ccJDdyLV.ltrans6.ltrans.o
 *fill*         0x00014ae6        0x2 
 .text.vbus_ocp_handler
                0x00014ae8       0x38 C:\Users\victo\AppData\Local\Temp\ccJDdyLV.ltrans6.ltrans.o
 .text.vbus_ocp_port1_handler
                0x00014b20        0xa C:\Users\victo\AppData\Local\Temp\ccJDdyLV.ltrans6.ltrans.o
                0x00014b20                vbus_ocp_port1_handler
 .text.vbus_ocp_port0_handler
                0x00014b2a        0xa C:\Users\victo\AppData\Local\Temp\ccJDdyLV.ltrans6.ltrans.o
                0x00014b2a                vbus_ocp_port0_handler
 .text.pdss_port0_intr0_handler
                0x00014b34        0xa C:\Users\victo\AppData\Local\Temp\ccJDdyLV.ltrans6.ltrans.o
 .text.pdss_port1_intr0_handler
                0x00014b3e        0xa C:\Users\victo\AppData\Local\Temp\ccJDdyLV.ltrans6.ltrans.o
 .text.pdss_port0_intr1_handler
                0x00014b48        0xa C:\Users\victo\AppData\Local\Temp\ccJDdyLV.ltrans6.ltrans.o
 .text.pdss_port1_intr1_handler
                0x00014b52        0xa C:\Users\victo\AppData\Local\Temp\ccJDdyLV.ltrans6.ltrans.o
 .text.pd_phy_load_msg
                0x00014b5c       0x64 C:\Users\victo\AppData\Local\Temp\ccJDdyLV.ltrans6.ltrans.o
                0x00014b5c                pd_phy_load_msg
 .text.pd_phy_load_data_in_mem
                0x00014bc0       0x8c C:\Users\victo\AppData\Local\Temp\ccJDdyLV.ltrans6.ltrans.o
                0x00014bc0                pd_phy_load_data_in_mem
 .text.pd_phy_send_msg
                0x00014c4c      0x10c C:\Users\victo\AppData\Local\Temp\ccJDdyLV.ltrans6.ltrans.o
                0x00014c4c                pd_phy_send_msg
 .text.pd_phy_dis_unchunked_tx
                0x00014d58       0x14 C:\Users\victo\AppData\Local\Temp\ccJDdyLV.ltrans6.ltrans.o
                0x00014d58                pd_phy_dis_unchunked_tx
 .text.pd_phy_refresh_roles
                0x00014d6c       0x68 C:\Users\victo\AppData\Local\Temp\ccJDdyLV.ltrans6.ltrans.o
                0x00014d6c                pd_phy_refresh_roles
 .text.pd_phy_init
                0x00014dd4       0x90 C:\Users\victo\AppData\Local\Temp\ccJDdyLV.ltrans6.ltrans.o
                0x00014dd4                pd_phy_init
 .text.pd_phy_wakeup
                0x00014e64       0x58 C:\Users\victo\AppData\Local\Temp\ccJDdyLV.ltrans6.ltrans.o
                0x00014e64                pd_phy_wakeup
 .text.pd_prot_stop
                0x00014ebc       0x30 C:\Users\victo\AppData\Local\Temp\ccJDdyLV.ltrans6.ltrans.o
                0x00014ebc                pd_prot_stop
 .text.pd_phy_deepsleep
                0x00014eec      0x2b8 C:\Users\victo\AppData\Local\Temp\ccJDdyLV.ltrans6.ltrans.o
                0x00014eec                pd_phy_deepsleep
 .text.pd_hal_init
                0x000151a4      0x114 C:\Users\victo\AppData\Local\Temp\ccJDdyLV.ltrans6.ltrans.o
                0x000151a4                pd_hal_init
 .text.IntDefaultHandler
                0x000152b8        0x2 C:\Users\victo\AppData\Local\Temp\ccJDdyLV.ltrans7.ltrans.o
 *fill*         0x000152ba        0x2 
 .text.save_svids.constprop.13
                0x000152bc       0xc0 C:\Users\victo\AppData\Local\Temp\ccJDdyLV.ltrans7.ltrans.o
                0x000152bc                save_svids.constprop.13
 .text.app_ovp_disable.constprop.11
                0x0001537c       0x28 C:\Users\victo\AppData\Local\Temp\ccJDdyLV.ltrans7.ltrans.o
                0x0001537c                app_ovp_disable.constprop.11
 .text.I2C_CFG_Read
                0x000153a4       0x10 C:\Users\victo\AppData\Local\Temp\ccJDdyLV.ltrans7.ltrans.o
                0x000153a4                I2C_CFG_Read
 .text.I2C_CFG_Write
                0x000153b4       0x18 C:\Users\victo\AppData\Local\Temp\ccJDdyLV.ltrans7.ltrans.o
                0x000153b4                I2C_CFG_Write
 .text.I2C_CFG_SetDriveMode
                0x000153cc       0x18 C:\Users\victo\AppData\Local\Temp\ccJDdyLV.ltrans7.ltrans.o
                0x000153cc                I2C_CFG_SetDriveMode
 .text.EC_INT_Write
                0x000153e4       0x18 C:\Users\victo\AppData\Local\Temp\ccJDdyLV.ltrans7.ltrans.o
                0x000153e4                EC_INT_Write
 .text.UART_PutString
                0x000153fc       0x1a C:\Users\victo\AppData\Local\Temp\ccJDdyLV.ltrans7.ltrans.o
                0x000153fc                UART_PutString
 .text.CyDelayUs
                0x00015416        0xc C:\Users\victo\AppData\Local\Temp\ccJDdyLV.ltrans7.ltrans.o
                0x00015416                CyDelayUs
 *fill*         0x00015422        0x2 
 .text.CySoftwareReset
                0x00015424       0x18 C:\Users\victo\AppData\Local\Temp\ccJDdyLV.ltrans7.ltrans.o
                0x00015424                CySoftwareReset
 .text.CyIntEnable
                0x0001543c       0x14 C:\Users\victo\AppData\Local\Temp\ccJDdyLV.ltrans7.ltrans.o
                0x0001543c                CyIntEnable
 .text.CyIntSetVector
                0x00015450       0x18 C:\Users\victo\AppData\Local\Temp\ccJDdyLV.ltrans7.ltrans.o
                0x00015450                CyIntSetVector
 .text.CySysFlashWriteRow
                0x00015468      0x170 C:\Users\victo\AppData\Local\Temp\ccJDdyLV.ltrans7.ltrans.o
                0x00015468                CySysFlashWriteRow
 .text.startup.initialize_psoc
                0x000155d8      0x248 C:\Users\victo\AppData\Local\Temp\ccJDdyLV.ltrans7.ltrans.o
 .text.pdss_intr1_handler
                0x00015820       0xd8 C:\Users\victo\AppData\Local\Temp\ccJDdyLV.ltrans7.ltrans.o
                0x00015820                pdss_intr1_handler
 .text.pd_adc_calibrate
                0x000158f8       0xfc C:\Users\victo\AppData\Local\Temp\ccJDdyLV.ltrans7.ltrans.o
                0x000158f8                pd_adc_calibrate
 .text.PS8740_I2C_Write.constprop.20
                0x000159f4       0xe4 C:\Users\victo\AppData\Local\Temp\ccJDdyLV.ltrans7.ltrans.o
                0x000159f4                PS8740_I2C_Write.constprop.20
 .text.Start_c  0x00015ad8       0x48 C:\Users\victo\AppData\Local\Temp\ccJDdyLV.ltrans7.ltrans.o
 .text          0x00015b20       0x28 .\CortexM0\ARM_GCC_493\Debug\CYPD4225-40LQXI_notebook01_2.a(CyBootAsmGnu.o)
                0x00015b20                CyDelayCycles
                0x00015b34                CyEnterCriticalSection
                0x00015b3c                CyExitCriticalSection
 *fill*         0x00015b48       0x18 
 .text          0x00015b60       0xe0 .\CortexM0\ARM_GCC_493\Debug\CYPD4225-40LQXI_notebook01_2.a(UART_AsmGnu.o)
                0x00015b60                UART_PutChar
 .text.hpi_reg_handle_queue
                0x00015c40       0x8c .\lib\ccg4_dualport\libccgx_hpi.a(hpi.o)
 .text.hpi_reg_handle_intr_write
                0x00015ccc       0x7c .\lib\ccg4_dualport\libccgx_hpi.a(hpi.o)
 .text.hpi_initiate_dpm_command
                0x00015d48       0x94 .\lib\ccg4_dualport\libccgx_hpi.a(hpi.o)
 .text.hpi_reset_dev
                0x00015ddc       0x54 .\lib\ccg4_dualport\libccgx_hpi.a(hpi.o)
 .text.hpi_i2c_cmd_callback
                0x00015e30      0x368 .\lib\ccg4_dualport\libccgx_hpi.a(hpi.o)
 .text.hpi_queue_pd_msg.constprop.5
                0x00016198       0xcc .\lib\ccg4_dualport\libccgx_hpi.a(hpi.o)
 .text.hpi_is_ec_ready
                0x00016264        0xc .\lib\ccg4_dualport\libccgx_hpi.a(hpi.o)
                0x00016264                hpi_is_ec_ready
 .text.hpi_is_vdm_ec_ctrl_enabled
                0x00016270       0x18 .\lib\ccg4_dualport\libccgx_hpi.a(hpi.o)
                0x00016270                hpi_is_vdm_ec_ctrl_enabled
 .text.hpi_set_mode_regs
                0x00016288       0x10 .\lib\ccg4_dualport\libccgx_hpi.a(hpi.o)
                0x00016288                hpi_set_mode_regs
 .text.hpi_update_versions
                0x00016298       0x38 .\lib\ccg4_dualport\libccgx_hpi.a(hpi.o)
                0x00016298                hpi_update_versions
 .text.hpi_update_fw_locations
                0x000162d0       0x14 .\lib\ccg4_dualport\libccgx_hpi.a(hpi.o)
                0x000162d0                hpi_update_fw_locations
 .text.hpi_reg_enqueue_event
                0x000162e4       0xb4 .\lib\ccg4_dualport\libccgx_hpi.a(hpi.o)
                0x000162e4                hpi_reg_enqueue_event
 .text.hpi_abort_pd_retry
                0x00016398       0x2c .\lib\ccg4_dualport\libccgx_hpi.a(hpi.o)
 .text.hpi_pd_event_handler
                0x000163c4      0x320 .\lib\ccg4_dualport\libccgx_hpi.a(hpi.o)
                0x000163c4                hpi_pd_event_handler
 .text.hpi_dpm_cb
                0x000166e4       0x2c .\lib\ccg4_dualport\libccgx_hpi.a(hpi.o)
 .text.hpi_pd_port_disable_cb
                0x00016710       0x3c .\lib\ccg4_dualport\libccgx_hpi.a(hpi.o)
 .text.hpi_typec_cmd_cb
                0x0001674c       0x30 .\lib\ccg4_dualport\libccgx_hpi.a(hpi.o)
 .text.hpi_get_port_enable
                0x0001677c        0xc .\lib\ccg4_dualport\libccgx_hpi.a(hpi.o)
                0x0001677c                hpi_get_port_enable
 .text.hpi_task
                0x00016788      0xa20 .\lib\ccg4_dualport\libccgx_hpi.a(hpi.o)
                0x00016788                hpi_task
 .text.hpi_send_fw_ready_event
                0x000171a8       0x10 .\lib\ccg4_dualport\libccgx_hpi.a(hpi.o)
                0x000171a8                hpi_send_fw_ready_event
 .text.hpi_init
                0x000171b8      0x184 .\lib\ccg4_dualport\libccgx_hpi.a(hpi.o)
                0x000171b8                hpi_init
 .text.hpi_sleep_allowed
                0x0001733c       0x48 .\lib\ccg4_dualport\libccgx_hpi.a(hpi.o)
                0x0001733c                hpi_sleep_allowed
 .text.hpi_sleep
                0x00017384       0x30 .\lib\ccg4_dualport\libccgx_hpi.a(hpi.o)
                0x00017384                hpi_sleep
 .text.i2c_scb_read.constprop.0
                0x000173b4       0x70 .\lib\ccg4_dualport\libccgx_hpi.a(i2c.o)
 .text.i2c_slave_ack_ctrl
                0x00017424       0x2c .\lib\ccg4_dualport\libccgx_hpi.a(i2c.o)
                0x00017424                i2c_slave_ack_ctrl
 .text.i2c_reset
                0x00017450       0x60 .\lib\ccg4_dualport\libccgx_hpi.a(i2c.o)
                0x00017450                i2c_reset
 .text.i2c_scb_intr_handler
                0x000174b0      0x260 .\lib\ccg4_dualport\libccgx_hpi.a(i2c.o)
 .text.i2c_scb_3_intr_handler
                0x00017710        0xa .\lib\ccg4_dualport\libccgx_hpi.a(i2c.o)
 .text.i2c_scb_2_intr_handler
                0x0001771a        0xa .\lib\ccg4_dualport\libccgx_hpi.a(i2c.o)
 .text.i2c_scb_1_intr_handler
                0x00017724        0xa .\lib\ccg4_dualport\libccgx_hpi.a(i2c.o)
 .text.i2c_scb_0_intr_handler
                0x0001772e        0xa .\lib\ccg4_dualport\libccgx_hpi.a(i2c.o)
 .text.i2c_timer_cb
                0x00017738       0x28 .\lib\ccg4_dualport\libccgx_hpi.a(i2c.o)
 .text.i2c_scb_is_idle
                0x00017760       0x2c .\lib\ccg4_dualport\libccgx_hpi.a(i2c.o)
                0x00017760                i2c_scb_is_idle
 .text.i2c_scb_enable_wakeup
                0x0001778c       0x1c .\lib\ccg4_dualport\libccgx_hpi.a(i2c.o)
                0x0001778c                i2c_scb_enable_wakeup
 .text.i2c_scb_init
                0x000177a8      0x148 .\lib\ccg4_dualport\libccgx_hpi.a(i2c.o)
                0x000177a8                i2c_scb_init
 .text.i2c_scb_write
                0x000178f0       0x4c .\lib\ccg4_dualport\libccgx_hpi.a(i2c.o)
                0x000178f0                i2c_scb_write
 .text.do_nothing
                0x0001793c        0x2 .\lib\ccg4_dualport\libccgx_pd.a(pd_policy_engine.o)
 .text.gn_ams_ready__entry
                0x0001793e        0x2 .\lib\ccg4_dualport\libccgx_pd.a(pd_policy_engine.o)
 .text.gn_ams_ready__timeout
                0x00017940        0x2 .\lib\ccg4_dualport\libccgx_pd.a(pd_policy_engine.o)
 .text.gn_ams_ready__fr_signal_rcvd
                0x00017942        0x2 .\lib\ccg4_dualport\libccgx_pd.a(pd_policy_engine.o)
 .text.gn_ams_reject__fr_signal_rcvd
                0x00017944        0x2 .\lib\ccg4_dualport\libccgx_pd.a(pd_policy_engine.o)
 .text.gn_ams_send_sr_sp_dp__fr_signal_rcvd
                0x00017946        0x2 .\lib\ccg4_dualport\libccgx_pd.a(pd_policy_engine.o)
 .text.gn_ams_send_cbl_reset__fr_signal_rcvd
                0x00017948        0x2 .\lib\ccg4_dualport\libccgx_pd.a(pd_policy_engine.o)
 .text.gn_ams_eval_vdm__fr_signal_rcvd
                0x0001794a        0x2 .\lib\ccg4_dualport\libccgx_pd.a(pd_policy_engine.o)
 .text.gn_ams_send_vdm__fr_signal_rcvd
                0x0001794c        0x2 .\lib\ccg4_dualport\libccgx_pd.a(pd_policy_engine.o)
 .text.pe_dpm_cmd_clear
                0x0001794e       0x14 .\lib\ccg4_dualport\libccgx_pd.a(pd_policy_engine.o)
 *fill*         0x00017962        0x2 
 .text.vs_ams_eval_vconn_swap__entry
                0x00017964       0x1c .\lib\ccg4_dualport\libccgx_pd.a(pd_policy_engine.o)
 .text.check_vconn_swap_required
                0x00017980       0x94 .\lib\ccg4_dualport\libccgx_pd.a(pd_policy_engine.o)
 .text.dr_ams_eval_dr_swap__entry
                0x00017a14       0x1c .\lib\ccg4_dualport\libccgx_pd.a(pd_policy_engine.o)
 .text.pr_ams_eval_pr_swap__entry
                0x00017a30       0x1c .\lib\ccg4_dualport\libccgx_pd.a(pd_policy_engine.o)
 .text.src_ams_neg_cap__entry
                0x00017a4c       0x30 .\lib\ccg4_dualport\libccgx_pd.a(pd_policy_engine.o)
 .text.pe_dpm_cmd_response
                0x00017a7c       0x68 .\lib\ccg4_dualport\libccgx_pd.a(pd_policy_engine.o)
 .text.pe_ams__dpm_cmd_unexpected
                0x00017ae4        0xc .\lib\ccg4_dualport\libccgx_pd.a(pd_policy_engine.o)
 .text.src_ams_pd_connected
                0x00017af0       0x40 .\lib\ccg4_dualport\libccgx_pd.a(pd_policy_engine.o)
 .text.pe_ams_send_hr
                0x00017b30       0x4a .\lib\ccg4_dualport\libccgx_pd.a(pd_policy_engine.o)
 *fill*         0x00017b7a        0x2 
 .text.snk_ams_snk_trans_snk__timeout
                0x00017b7c       0x48 .\lib\ccg4_dualport\libccgx_pd.a(pd_policy_engine.o)
 .text.snk_ams_snk_sel_cap__timeout
                0x00017bc4       0x1e .\lib\ccg4_dualport\libccgx_pd.a(pd_policy_engine.o)
 .text.src_ams_src_send_cap__timeout
                0x00017be2       0x1e .\lib\ccg4_dualport\libccgx_pd.a(pd_policy_engine.o)
 .text.sr_ams_send_sr__timeout
                0x00017c00       0x28 .\lib\ccg4_dualport\libccgx_pd.a(pd_policy_engine.o)
 .text.sr_ams_send_sr__tx_fail
                0x00017c28       0x14 .\lib\ccg4_dualport\libccgx_pd.a(pd_policy_engine.o)
 .text.sr_ams_send_sr__tx_discarded
                0x00017c3c       0x14 .\lib\ccg4_dualport\libccgx_pd.a(pd_policy_engine.o)
 .text.pe_ams__hr_rcvd
                0x00017c50       0x5a .\lib\ccg4_dualport\libccgx_pd.a(pd_policy_engine.o)
 *fill*         0x00017caa        0x2 
 .text.gn_ams_eval_vdm__entry
                0x00017cac       0x54 .\lib\ccg4_dualport\libccgx_pd.a(pd_policy_engine.o)
 .text.gn_ams_send_sr_sp_dp__tx_success
                0x00017d00       0x34 .\lib\ccg4_dualport\libccgx_pd.a(pd_policy_engine.o)
 .text.gn_ams_get_resp__tx_success
                0x00017d34       0x20 .\lib\ccg4_dualport\libccgx_pd.a(pd_policy_engine.o)
 .text.vs_ams_turn_off_vconn__entry
                0x00017d54       0x14 .\lib\ccg4_dualport\libccgx_pd.a(pd_policy_engine.o)
 .text.vs_ams_turn_on_vconn__entry
                0x00017d68       0x2c .\lib\ccg4_dualport\libccgx_pd.a(pd_policy_engine.o)
 .text.vs_ams_send_vconn_swap__tx_success
                0x00017d94       0x20 .\lib\ccg4_dualport\libccgx_pd.a(pd_policy_engine.o)
 .text.dr_ams_send_dr_swap__tx_success
                0x00017db4       0x20 .\lib\ccg4_dualport\libccgx_pd.a(pd_policy_engine.o)
 .text.pr_ams_snk_src_wait_ps_rdy__entry
                0x00017dd4       0x34 .\lib\ccg4_dualport\libccgx_pd.a(pd_policy_engine.o)
 .text.pr_ams_src_snk_wait_ps_rdy__entry
                0x00017e08       0x14 .\lib\ccg4_dualport\libccgx_pd.a(pd_policy_engine.o)
 .text.pr_ams_src_snk_remove_vbus__entry
                0x00017e1c       0x30 .\lib\ccg4_dualport\libccgx_pd.a(pd_policy_engine.o)
 .text.pr_ams_src_snk_trans__entry
                0x00017e4c       0x14 .\lib\ccg4_dualport\libccgx_pd.a(pd_policy_engine.o)
 .text.pr_ams_send_pr_swap__tx_success
                0x00017e60       0x20 .\lib\ccg4_dualport\libccgx_pd.a(pd_policy_engine.o)
 .text.snk_ams_snk_trans_snk__entry
                0x00017e80      0x174 .\lib\ccg4_dualport\libccgx_pd.a(pd_policy_engine.o)
 .text.snk_ams_snk_sel_cap__entry
                0x00017ff4       0x14 .\lib\ccg4_dualport\libccgx_pd.a(pd_policy_engine.o)
 .text.snk_ams_snk_wait_for_cap__entry
                0x00018008       0x14 .\lib\ccg4_dualport\libccgx_pd.a(pd_policy_engine.o)
 .text.src_ams_send_ps_rdy__entry
                0x0001801c      0x124 .\lib\ccg4_dualport\libccgx_pd.a(pd_policy_engine.o)
 .text.src_ams_trans_supply__tx_success
                0x00018140       0x24 .\lib\ccg4_dualport\libccgx_pd.a(pd_policy_engine.o)
 .text.src_ams_src_send_cap__tx_success
                0x00018164       0x1c .\lib\ccg4_dualport\libccgx_pd.a(pd_policy_engine.o)
 .text.src_ams_src_snd_cbl_dscid__tx_success
                0x00018180       0x14 .\lib\ccg4_dualport\libccgx_pd.a(pd_policy_engine.o)
 .text.src_ams_src_send_cbl_sr__tx_success
                0x00018194       0x14 .\lib\ccg4_dualport\libccgx_pd.a(pd_policy_engine.o)
 .text.sr_ams_send_sr__tx_success
                0x000181a8       0x50 .\lib\ccg4_dualport\libccgx_pd.a(pd_policy_engine.o)
 .text.hr_ams_src_apply_vbus__entry
                0x000181f8       0x50 .\lib\ccg4_dualport\libccgx_pd.a(pd_policy_engine.o)
 .text.hr_ams_src_recover__entry
                0x00018248       0x18 .\lib\ccg4_dualport\libccgx_pd.a(pd_policy_engine.o)
 .text.vs_cbk   0x00018260       0x7c .\lib\ccg4_dualport\libccgx_pd.a(pd_policy_engine.o)
 .text.pe_tmr_cbk
                0x000182dc       0x24 .\lib\ccg4_dualport\libccgx_pd.a(pd_policy_engine.o)
 .text.pe_vdm_resp_cbk
                0x00018300       0x28 .\lib\ccg4_dualport\libccgx_pd.a(pd_policy_engine.o)
 .text.gn_ams_send_sr_sp_dp__timeout
                0x00018328       0x34 .\lib\ccg4_dualport\libccgx_pd.a(pd_policy_engine.o)
 .text.gn_ams_jump_to_ready
                0x0001835c       0x18 .\lib\ccg4_dualport\libccgx_pd.a(pd_policy_engine.o)
 .text.gn_ams_send_vdm__timeout
                0x00018374       0x28 .\lib\ccg4_dualport\libccgx_pd.a(pd_policy_engine.o)
 .text.gn_ams_send_vdm__tx_discarded
                0x0001839c       0x14 .\lib\ccg4_dualport\libccgx_pd.a(pd_policy_engine.o)
 .text.gn_ams_send_cbl_reset__tx_fail
                0x000183b0       0x14 .\lib\ccg4_dualport\libccgx_pd.a(pd_policy_engine.o)
 .text.gn_ams_send_cbl_reset__tx_discarded
                0x000183c4       0x14 .\lib\ccg4_dualport\libccgx_pd.a(pd_policy_engine.o)
 .text.gn_ams_send_cbl_reset__tx_success
                0x000183d8       0x2e .\lib\ccg4_dualport\libccgx_pd.a(pd_policy_engine.o)
 .text.gn_ams_send_sr_sp_dp__tx_fail
                0x00018406       0x14 .\lib\ccg4_dualport\libccgx_pd.a(pd_policy_engine.o)
 .text.gn_ams_send_sr_sp_dp__tx_discarded
                0x0001841a       0x14 .\lib\ccg4_dualport\libccgx_pd.a(pd_policy_engine.o)
 .text.gn_ams_get_resp__timeout
                0x0001842e       0x28 .\lib\ccg4_dualport\libccgx_pd.a(pd_policy_engine.o)
 .text.gn_ams_get_resp__tx_discarded
                0x00018456       0x14 .\lib\ccg4_dualport\libccgx_pd.a(pd_policy_engine.o)
 .text.jump_to_generic_ams
                0x0001846a       0x20 .\lib\ccg4_dualport\libccgx_pd.a(pd_policy_engine.o)
 .text.vs_ams_vs_swap_fail
                0x0001848a       0x14 .\lib\ccg4_dualport\libccgx_pd.a(pd_policy_engine.o)
 *fill*         0x0001849e        0x2 
 .text.vs_ams_turn_on_vconn__tx_success
                0x000184a0       0x50 .\lib\ccg4_dualport\libccgx_pd.a(pd_policy_engine.o)
 .text.vs_ams_send_vconn_swap__timeout
                0x000184f0       0x28 .\lib\ccg4_dualport\libccgx_pd.a(pd_policy_engine.o)
 .text.vs_ams_send_vconn_swap__tx_discarded
                0x00018518       0x14 .\lib\ccg4_dualport\libccgx_pd.a(pd_policy_engine.o)
 .text.dr_ams_send_dr_swap__timeout
                0x0001852c       0x28 .\lib\ccg4_dualport\libccgx_pd.a(pd_policy_engine.o)
 .text.dr_ams_send_dr_swap__tx_discarded
                0x00018554       0x14 .\lib\ccg4_dualport\libccgx_pd.a(pd_policy_engine.o)
 .text.pr_ams_send_pr_swap__timeout
                0x00018568       0x28 .\lib\ccg4_dualport\libccgx_pd.a(pd_policy_engine.o)
 .text.pr_ams_send_pr_swap__tx_discarded
                0x00018590       0x14 .\lib\ccg4_dualport\libccgx_pd.a(pd_policy_engine.o)
 .text.vs_ams_vs_swap_accepted
                0x000185a4       0x26 .\lib\ccg4_dualport\libccgx_pd.a(pd_policy_engine.o)
 *fill*         0x000185ca        0x2 
 .text.vs_ams_eval_vconn_swap__tx_success
                0x000185cc       0x48 .\lib\ccg4_dualport\libccgx_pd.a(pd_policy_engine.o)
 .text.pe_app_resp_cbk
                0x00018614       0x28 .\lib\ccg4_dualport\libccgx_pd.a(pd_policy_engine.o)
 .text.dr_ams_eval_dr_swap__tx_success
                0x0001863c       0x50 .\lib\ccg4_dualport\libccgx_pd.a(pd_policy_engine.o)
 .text.pr_ams_snk_src_apply_vbus__tx_success
                0x0001868c       0x58 .\lib\ccg4_dualport\libccgx_pd.a(pd_policy_engine.o)
 .text.pe_pwr_ready_cbk
                0x000186e4        0xa .\lib\ccg4_dualport\libccgx_pd.a(pd_policy_engine.o)
 .text.pr_ams_src_snk_remove_vbus__tx_success
                0x000186ee       0x16 .\lib\ccg4_dualport\libccgx_pd.a(pd_policy_engine.o)
 .text.pr_ams_src_snk_trans__timeout
                0x00018704       0x18 .\lib\ccg4_dualport\libccgx_pd.a(pd_policy_engine.o)
 .text.pr_ams_pr_swap_accepted
                0x0001871c       0x2c .\lib\ccg4_dualport\libccgx_pd.a(pd_policy_engine.o)
 .text.pr_ams_eval_pr_swap__tx_success
                0x00018748       0x48 .\lib\ccg4_dualport\libccgx_pd.a(pd_policy_engine.o)
 .text.snk_ams_snk_eval_cap__tx_success
                0x00018790       0x18 .\lib\ccg4_dualport\libccgx_pd.a(pd_policy_engine.o)
 .text.src_ams_wait_new_cap__dpm_cmd_rcvd
                0x000187a8       0x22 .\lib\ccg4_dualport\libccgx_pd.a(pd_policy_engine.o)
 .text.src_ams_trans_supply__timeout
                0x000187ca       0x18 .\lib\ccg4_dualport\libccgx_pd.a(pd_policy_engine.o)
 *fill*         0x000187e2        0x2 
 .text.src_ams_discovery__entry
                0x000187e4       0x54 .\lib\ccg4_dualport\libccgx_pd.a(pd_policy_engine.o)
 .text.src_ams_src_send_cbl_sr_cbl_fail
                0x00018838       0x2c .\lib\ccg4_dualport\libccgx_pd.a(pd_policy_engine.o)
 .text.src_ams_src_send_cbl_sr__timeout
                0x00018864       0x1e .\lib\ccg4_dualport\libccgx_pd.a(pd_policy_engine.o)
 *fill*         0x00018882        0x2 
 .text.src_ams_src_startup__timeout
                0x00018884       0x4c .\lib\ccg4_dualport\libccgx_pd.a(pd_policy_engine.o)
 .text.pe_ams_send_sr
                0x000188d0       0x60 .\lib\ccg4_dualport\libccgx_pd.a(pd_policy_engine.o)
 .text.gn_ams_send_vdm__tx_fail
                0x00018930       0x2c .\lib\ccg4_dualport\libccgx_pd.a(pd_policy_engine.o)
 .text.gn_ams_get_resp__tx_fail
                0x0001895c       0x14 .\lib\ccg4_dualport\libccgx_pd.a(pd_policy_engine.o)
 .text.vs_ams_send_vconn_swap__tx_fail
                0x00018970       0x14 .\lib\ccg4_dualport\libccgx_pd.a(pd_policy_engine.o)
 .text.vs_ams_eval_vconn_swap__tx_discarded
                0x00018984        0x8 .\lib\ccg4_dualport\libccgx_pd.a(pd_policy_engine.o)
 .text.dr_ams_send_dr_swap__tx_fail
                0x0001898c       0x14 .\lib\ccg4_dualport\libccgx_pd.a(pd_policy_engine.o)
 .text.pr_ams_send_pr_swap__tx_fail
                0x000189a0       0x14 .\lib\ccg4_dualport\libccgx_pd.a(pd_policy_engine.o)
 .text.snk_ams_snk_eval_cap__tx_discarded
                0x000189b4       0x22 .\lib\ccg4_dualport\libccgx_pd.a(pd_policy_engine.o)
 .text.src_ams_trans_supply__tx_fail
                0x000189d6       0x14 .\lib\ccg4_dualport\libccgx_pd.a(pd_policy_engine.o)
 .text.src_ams_trans_supply__tx_discarded
                0x000189ea       0x14 .\lib\ccg4_dualport\libccgx_pd.a(pd_policy_engine.o)
 *fill*         0x000189fe        0x2 
 .text.gn_ams_ready__dpm_cmd_rcvd
                0x00018a00       0xec .\lib\ccg4_dualport\libccgx_pd.a(pd_policy_engine.o)
 .text.src_ams_src_send_cap__tx_failed
                0x00018aec       0x58 .\lib\ccg4_dualport\libccgx_pd.a(pd_policy_engine.o)
 .text.src_ams_src_send_cap__tx_discarded
                0x00018b44       0x48 .\lib\ccg4_dualport\libccgx_pd.a(pd_policy_engine.o)
 .text.sr_ams_exit
                0x00018b8c       0x3e .\lib\ccg4_dualport\libccgx_pd.a(pd_policy_engine.o)
 .text.sr_ams_rcvd_sr__tx_success
                0x00018bca        0x8 .\lib\ccg4_dualport\libccgx_pd.a(pd_policy_engine.o)
 *fill*         0x00018bd2        0x2 
 .text.pe_ams__sr_rcvd
                0x00018bd4       0x54 .\lib\ccg4_dualport\libccgx_pd.a(pd_policy_engine.o)
 .text.hr_ams_hr_reset_complete
                0x00018c28       0x8c .\lib\ccg4_dualport\libccgx_pd.a(pd_policy_engine.o)
 .text.hr_ams_snk_wait_vbus_on__timeout
                0x00018cb4        0x8 .\lib\ccg4_dualport\libccgx_pd.a(pd_policy_engine.o)
 .text.hr_ams_src_apply_vbus__pwr_rdy
                0x00018cbc       0x30 .\lib\ccg4_dualport\libccgx_pd.a(pd_policy_engine.o)
 .text.hr_ams_jump_to_snk_wait_vbus_on
                0x00018cec       0x40 .\lib\ccg4_dualport\libccgx_pd.a(pd_policy_engine.o)
 .text.hr_ams_src_recover__timeout
                0x00018d2c       0x18 .\lib\ccg4_dualport\libccgx_pd.a(pd_policy_engine.o)
 .text.hr_ams_src_tran_to_dflt__pwr_rdy
                0x00018d44       0x2c .\lib\ccg4_dualport\libccgx_pd.a(pd_policy_engine.o)
 .text.hr_ams_send_hr__tx_over
                0x00018d70       0x44 .\lib\ccg4_dualport\libccgx_pd.a(pd_policy_engine.o)
 .text.pd_cbk   0x00018db4        0x8 .\lib\ccg4_dualport\libccgx_pd.a(pd_policy_engine.o)
 .text.gn_ams_send_vdm__entry
                0x00018dbc       0x1e .\lib\ccg4_dualport\libccgx_pd.a(pd_policy_engine.o)
 *fill*         0x00018dda        0x2 
 .text.gn_ams_eval_vdm__vdm_resp_rcvd
                0x00018ddc       0x4c .\lib\ccg4_dualport\libccgx_pd.a(pd_policy_engine.o)
 .text.snk_ams_snk_eval_cap__app_resp_rcvd
                0x00018e28       0x4c .\lib\ccg4_dualport\libccgx_pd.a(pd_policy_engine.o)
 .text.src_ams_src_snd_cbl_dscid__entry
                0x00018e74       0x40 .\lib\ccg4_dualport\libccgx_pd.a(pd_policy_engine.o)
 .text.gn_ams_send_cbl_reset__entry
                0x00018eb4       0x1a .\lib\ccg4_dualport\libccgx_pd.a(pd_policy_engine.o)
 .text.gn_ams_send_sr_sp_dp__entry
                0x00018ece       0x24 .\lib\ccg4_dualport\libccgx_pd.a(pd_policy_engine.o)
 *fill*         0x00018ef2        0x2 
 .text.gn_ams_get_resp__entry
                0x00018ef4       0x2c .\lib\ccg4_dualport\libccgx_pd.a(pd_policy_engine.o)
 .text.gn_ams_reject__entry
                0x00018f20        0xc .\lib\ccg4_dualport\libccgx_pd.a(pd_policy_engine.o)
 .text.vs_ams_send_vconn_swap__entry
                0x00018f2c        0xc .\lib\ccg4_dualport\libccgx_pd.a(pd_policy_engine.o)
 .text.vs_ams_eval_vconn__app_resp_rcvd
                0x00018f38       0x3c .\lib\ccg4_dualport\libccgx_pd.a(pd_policy_engine.o)
 .text.dr_ams_send_dr_swap__entry
                0x00018f74        0xc .\lib\ccg4_dualport\libccgx_pd.a(pd_policy_engine.o)
 .text.dr_ams_eval_dr_swap__app_resp_rcvd
                0x00018f80       0x4c .\lib\ccg4_dualport\libccgx_pd.a(pd_policy_engine.o)
 .text.pr_ams_snk_src_apply_vbus__pwr_rdy
                0x00018fcc       0x20 .\lib\ccg4_dualport\libccgx_pd.a(pd_policy_engine.o)
 .text.pr_ams_send_pr_swap__entry
                0x00018fec        0xc .\lib\ccg4_dualport\libccgx_pd.a(pd_policy_engine.o)
 .text.pr_ams_eval_pr_swap__app_resp_rcvd
                0x00018ff8       0xe0 .\lib\ccg4_dualport\libccgx_pd.a(pd_policy_engine.o)
 .text.src_ams_send_ps_rdy__pwr_rdy
                0x000190d8       0x20 .\lib\ccg4_dualport\libccgx_pd.a(pd_policy_engine.o)
 .text.src_ams_trans_supply__entry
                0x000190f8       0x38 .\lib\ccg4_dualport\libccgx_pd.a(pd_policy_engine.o)
 .text.src_ams_neg_cap__app_resp_rcvd
                0x00019130       0x3c .\lib\ccg4_dualport\libccgx_pd.a(pd_policy_engine.o)
 .text.src_ams_src_send_cbl_sr__entry
                0x0001916c       0x16 .\lib\ccg4_dualport\libccgx_pd.a(pd_policy_engine.o)
 .text.sr_ams_rcvd_sr__entry
                0x00019182       0x16 .\lib\ccg4_dualport\libccgx_pd.a(pd_policy_engine.o)
 .text.sr_ams_send_sr__entry
                0x00019198       0x1e .\lib\ccg4_dualport\libccgx_pd.a(pd_policy_engine.o)
 .text.gn_ams_give_snk_cap__entry
                0x000191b6       0x28 .\lib\ccg4_dualport\libccgx_pd.a(pd_policy_engine.o)
 *fill*         0x000191de        0x2 
 .text.snk_ams_snk_eval_cap__entry
                0x000191e0       0x40 .\lib\ccg4_dualport\libccgx_pd.a(pd_policy_engine.o)
 .text.gn_ams_give_src_cap__entry
                0x00019220       0x28 .\lib\ccg4_dualport\libccgx_pd.a(pd_policy_engine.o)
 .text.src_ams_src_send_cap__entry
                0x00019248       0x28 .\lib\ccg4_dualport\libccgx_pd.a(pd_policy_engine.o)
 .text.src_ams_src_snd_cbl_dscid__exit
                0x00019270       0x40 .\lib\ccg4_dualport\libccgx_pd.a(pd_policy_engine.o)
 .text.dr_ams_chng_data_role__entry
                0x000192b0       0x88 .\lib\ccg4_dualport\libccgx_pd.a(pd_policy_engine.o)
 .text.pr_ams_snk_src_apply_vbus__entry
                0x00019338       0x78 .\lib\ccg4_dualport\libccgx_pd.a(pd_policy_engine.o)
 .text.pr_ams_src_snk_remove_vbus__pwr_rdy
                0x000193b0       0x68 .\lib\ccg4_dualport\libccgx_pd.a(pd_policy_engine.o)
 .text.pe_ams_pe_disabled
                0x00019418       0x46 .\lib\ccg4_dualport\libccgx_pd.a(pd_policy_engine.o)
 *fill*         0x0001945e        0x2 
 .text.src_ams_discovery__timeout
                0x00019460       0x3c .\lib\ccg4_dualport\libccgx_pd.a(pd_policy_engine.o)
 .text.snk_ams_snk_startup__entry
                0x0001949c       0x54 .\lib\ccg4_dualport\libccgx_pd.a(pd_policy_engine.o)
 .text.src_ams_send_ps_rdy__tx_success
                0x000194f0       0xa4 .\lib\ccg4_dualport\libccgx_pd.a(pd_policy_engine.o)
 .text.src_ams_neg_cap__tx_success
                0x00019594       0x98 .\lib\ccg4_dualport\libccgx_pd.a(pd_policy_engine.o)
 .text.bcm2_ams_enabled__timeout
                0x0001962c       0x10 .\lib\ccg4_dualport\libccgx_pd.a(pd_policy_engine.o)
 .text.bcm2_ams_enabled__entry
                0x0001963c       0x24 .\lib\ccg4_dualport\libccgx_pd.a(pd_policy_engine.o)
 .text.btd_ams_enabled__entry
                0x00019660        0x8 .\lib\ccg4_dualport\libccgx_pd.a(pd_policy_engine.o)
 .text.pe_ams_reset_flags_on_hr
                0x00019668       0x54 .\lib\ccg4_dualport\libccgx_pd.a(pd_policy_engine.o)
 .text.pe_ams_reset_on_hr
                0x000196bc       0x44 .\lib\ccg4_dualport\libccgx_pd.a(pd_policy_engine.o)
 .text.hr_ams_snk_tran_to_dflt__entry
                0x00019700       0x68 .\lib\ccg4_dualport\libccgx_pd.a(pd_policy_engine.o)
 .text.hr_ams_src_tran_to_dflt__entry
                0x00019768       0x34 .\lib\ccg4_dualport\libccgx_pd.a(pd_policy_engine.o)
 .text.pe_reset_flags
                0x0001979c       0x74 .\lib\ccg4_dualport\libccgx_pd.a(pd_policy_engine.o)
 .text.gn_ams_send_vdm__tx_success
                0x00019810       0x40 .\lib\ccg4_dualport\libccgx_pd.a(pd_policy_engine.o)
 .text.vs_ams_turn_on_vconn__timeout
                0x00019850       0x2a .\lib\ccg4_dualport\libccgx_pd.a(pd_policy_engine.o)
 .text.hr_ams_snk_wait_vbus_on__entry
                0x0001987a       0x4e .\lib\ccg4_dualport\libccgx_pd.a(pd_policy_engine.o)
 .text.src_ams_src_startup__entry
                0x000198c8       0x90 .\lib\ccg4_dualport\libccgx_pd.a(pd_policy_engine.o)
 .text.pe_init  0x00019958       0x20 .\lib\ccg4_dualport\libccgx_pd.a(pd_policy_engine.o)
                0x00019958                pe_init
 .text.pe_start
                0x00019978       0x40 .\lib\ccg4_dualport\libccgx_pd.a(pd_policy_engine.o)
                0x00019978                pe_start
 .text.pe_stop  0x000199b8       0x14 .\lib\ccg4_dualport\libccgx_pd.a(pd_policy_engine.o)
                0x000199b8                pe_stop
 .text.pe_ams_err_recovery
                0x000199cc       0x38 .\lib\ccg4_dualport\libccgx_pd.a(pd_policy_engine.o)
 .text.gn_ams_get_resp__fr_signal_rcvd
                0x00019a04        0x8 .\lib\ccg4_dualport\libccgx_pd.a(pd_policy_engine.o)
 .text.gn_ams_give_snk_cap__fr_signal_rcvd
                0x00019a0c        0x8 .\lib\ccg4_dualport\libccgx_pd.a(pd_policy_engine.o)
 .text.gn_ams_give_src_cap__fr_signal_rcvd
                0x00019a14        0x8 .\lib\ccg4_dualport\libccgx_pd.a(pd_policy_engine.o)
 .text.pr_ams_snk_src_apply_vbus__timeout
                0x00019a1c        0x8 .\lib\ccg4_dualport\libccgx_pd.a(pd_policy_engine.o)
 .text.pr_ams_src_snk_remove_vbus__timeout
                0x00019a24        0x8 .\lib\ccg4_dualport\libccgx_pd.a(pd_policy_engine.o)
 .text.src_ams_send_ps_rdy__timeout
                0x00019a2c       0x44 .\lib\ccg4_dualport\libccgx_pd.a(pd_policy_engine.o)
 .text.hr_ams_snk_wait_vbus_off__timeout
                0x00019a70       0x42 .\lib\ccg4_dualport\libccgx_pd.a(pd_policy_engine.o)
 .text.hr_ams_snk_wait_vbus_off__entry
                0x00019ab2       0x40 .\lib\ccg4_dualport\libccgx_pd.a(pd_policy_engine.o)
 .text.hr_ams_src_apply_vbus__timeout
                0x00019af2        0x8 .\lib\ccg4_dualport\libccgx_pd.a(pd_policy_engine.o)
 *fill*         0x00019afa        0x2 
 .text.hr_ams_src_tran_to_dflt__timeout
                0x00019afc       0x54 .\lib\ccg4_dualport\libccgx_pd.a(pd_policy_engine.o)
 .text.hr_ams_send_hr__entry
                0x00019b50       0x78 .\lib\ccg4_dualport\libccgx_pd.a(pd_policy_engine.o)
 .text.pe_is_busy
                0x00019bc8       0x4e .\lib\ccg4_dualport\libccgx_pd.a(pd_policy_engine.o)
                0x00019bc8                pe_is_busy
 *fill*         0x00019c16        0x2 
 .text.pd_is_msg
                0x00019c18       0x74 .\lib\ccg4_dualport\libccgx_pd.a(pd_policy_engine.o)
                0x00019c18                pd_is_msg
 .text.gn_ams_get_resp__pkt_rcvd
                0x00019c8c      0x114 .\lib\ccg4_dualport\libccgx_pd.a(pd_policy_engine.o)
 .text.gn_ams_pkt_rcvd
                0x00019da0      0x250 .\lib\ccg4_dualport\libccgx_pd.a(pd_policy_engine.o)
 .text.gn_ams_send_cbl_reset__pkt_rcvd
                0x00019ff0       0x14 .\lib\ccg4_dualport\libccgx_pd.a(pd_policy_engine.o)
 .text.gn_ams_ready__pkt_rcvd
                0x0001a004        0x8 .\lib\ccg4_dualport\libccgx_pd.a(pd_policy_engine.o)
 .text.gn_ams_send_vdm__pkt_rcvd
                0x0001a00c       0x6c .\lib\ccg4_dualport\libccgx_pd.a(pd_policy_engine.o)
 .text.gn_ams_send_sr_sp_dp__pkt_rcvd
                0x0001a078       0x64 .\lib\ccg4_dualport\libccgx_pd.a(pd_policy_engine.o)
 .text.vs_ams_turn_off_vconn__pkt_rcvd
                0x0001a0dc       0x98 .\lib\ccg4_dualport\libccgx_pd.a(pd_policy_engine.o)
 .text.vs_ams_send_vconn_swap__pkt_rcvd
                0x0001a174       0x80 .\lib\ccg4_dualport\libccgx_pd.a(pd_policy_engine.o)
 .text.dr_ams_send_dr_swap__pkt_rcvd
                0x0001a1f4       0x8c .\lib\ccg4_dualport\libccgx_pd.a(pd_policy_engine.o)
 .text.pr_ams_snk_src_wait_ps_rdy__pkt_rcvd
                0x0001a280       0x68 .\lib\ccg4_dualport\libccgx_pd.a(pd_policy_engine.o)
 .text.pr_ams_send_pr_swap__pkt_rcvd
                0x0001a2e8       0x88 .\lib\ccg4_dualport\libccgx_pd.a(pd_policy_engine.o)
 .text.snk_ams_snk_trans_snk__pkt_rcvd
                0x0001a370      0x104 .\lib\ccg4_dualport\libccgx_pd.a(pd_policy_engine.o)
 .text.snk_ams_snk_sel_cap__pkt_rcvd
                0x0001a474       0xc8 .\lib\ccg4_dualport\libccgx_pd.a(pd_policy_engine.o)
 .text.snk_ams_snk_wait_for_cap__pkt_rcvd
                0x0001a53c       0x78 .\lib\ccg4_dualport\libccgx_pd.a(pd_policy_engine.o)
 .text.src_ams_discovery__pkt_rcvd
                0x0001a5b4       0x50 .\lib\ccg4_dualport\libccgx_pd.a(pd_policy_engine.o)
 .text.src_ams_src_send_cap__pkt_rcvd
                0x0001a604       0x54 .\lib\ccg4_dualport\libccgx_pd.a(pd_policy_engine.o)
 .text.validate_n_store_cbl_vdo
                0x0001a658       0x8a .\lib\ccg4_dualport\libccgx_pd.a(pd_policy_engine.o)
 *fill*         0x0001a6e2        0x2 
 .text.src_ams_src_snd_cbl_dscid__pkt_rcvd
                0x0001a6e4       0x20 .\lib\ccg4_dualport\libccgx_pd.a(pd_policy_engine.o)
 .text.cbl_cbk  0x0001a704      0x10c .\lib\ccg4_dualport\libccgx_pd.a(pd_policy_engine.o)
 .text.src_ams_src_send_cbl_sr__pkt_rcvd
                0x0001a810       0x54 .\lib\ccg4_dualport\libccgx_pd.a(pd_policy_engine.o)
 .text.sr_ams_send_sr__pkt_rcvd
                0x0001a864       0x44 .\lib\ccg4_dualport\libccgx_pd.a(pd_policy_engine.o)
 .text.pr_ams_src_snk_wait_ps_rdy__pkt_rcvd
                0x0001a8a8       0x88 .\lib\ccg4_dualport\libccgx_pd.a(pd_policy_engine.o)
 .text.pe_fsm   0x0001a930      0x3a8 .\lib\ccg4_dualport\libccgx_pd.a(pd_policy_engine.o)
                0x0001a930                pe_fsm
 .text.analyze_rx
                0x0001acd8      0x160 .\lib\ccg4_dualport\libccgx_pd.a(pd_protocol.o)
 .text.pd_prot_init
                0x0001ae38       0x2c .\lib\ccg4_dualport\libccgx_pd.a(pd_protocol.o)
                0x0001ae38                pd_prot_init
 .text.pd_prot_start
                0x0001ae64       0x20 .\lib\ccg4_dualport\libccgx_pd.a(pd_protocol.o)
                0x0001ae64                pd_prot_start
 .text.pd_prot_refresh_roles
                0x0001ae84       0x12 .\lib\ccg4_dualport\libccgx_pd.a(pd_protocol.o)
                0x0001ae84                pd_prot_refresh_roles
 *fill*         0x0001ae96        0x2 
 .text.pd_prot_reset
                0x0001ae98       0x2c .\lib\ccg4_dualport\libccgx_pd.a(pd_protocol.o)
                0x0001ae98                pd_prot_reset
 .text.pd_prot_reset_all
                0x0001aec4       0x4c .\lib\ccg4_dualport\libccgx_pd.a(pd_protocol.o)
                0x0001aec4                pd_prot_reset_all
 .text.pd_prot_reset_rx
                0x0001af10       0x24 .\lib\ccg4_dualport\libccgx_pd.a(pd_protocol.o)
                0x0001af10                pd_prot_reset_rx
 .text.pd_prot_is_busy
                0x0001af34       0x48 .\lib\ccg4_dualport\libccgx_pd.a(pd_protocol.o)
                0x0001af34                pd_prot_is_busy
 .text.tx_msg_over
                0x0001af7c       0x68 .\lib\ccg4_dualport\libccgx_pd.a(pd_protocol.o)
                0x0001af7c                tx_msg_over
 .text.check_collision
                0x0001afe4       0x3c .\lib\ccg4_dualport\libccgx_pd.a(pd_protocol.o)
                0x0001afe4                check_collision
 .text.phy_cbk  0x0001b020      0x1cc .\lib\ccg4_dualport\libccgx_pd.a(pd_protocol.o)
 .text.prl_tmr_cbk
                0x0001b1ec       0x74 .\lib\ccg4_dualport\libccgx_pd.a(pd_protocol.o)
 .text.pd_send_msg
                0x0001b260      0x128 .\lib\ccg4_dualport\libccgx_pd.a(pd_protocol.o)
                0x0001b260                pd_send_msg
 .text.pd_register_msg
                0x0001b388       0x58 .\lib\ccg4_dualport\libccgx_pd.a(pd_protocol.o)
                0x0001b388                pd_register_msg
 .text.pd_prot_send_ctrl_msg
                0x0001b3e0       0x14 .\lib\ccg4_dualport\libccgx_pd.a(pd_protocol.o)
                0x0001b3e0                pd_prot_send_ctrl_msg
 .text.pd_prot_send_data_msg
                0x0001b3f4       0x1a .\lib\ccg4_dualport\libccgx_pd.a(pd_protocol.o)
                0x0001b3f4                pd_prot_send_data_msg
 *fill*         0x0001b40e        0x2 
 .text.pd_prot_send_hard_reset
                0x0001b410       0x80 .\lib\ccg4_dualport\libccgx_pd.a(pd_protocol.o)
                0x0001b410                pd_prot_send_hard_reset
 .text.pd_prot_send_cable_reset
                0x0001b490       0x58 .\lib\ccg4_dualport\libccgx_pd.a(pd_protocol.o)
                0x0001b490                pd_prot_send_cable_reset
 .text.pd_prot_en_bist_cm2
                0x0001b4e8        0x8 .\lib\ccg4_dualport\libccgx_pd.a(pd_protocol.o)
                0x0001b4e8                pd_prot_en_bist_cm2
 .text.pd_prot_dis_bist_cm2
                0x0001b4f0        0x8 .\lib\ccg4_dualport\libccgx_pd.a(pd_protocol.o)
                0x0001b4f0                pd_prot_dis_bist_cm2
 .text.pd_prot_en_bist_test_data
                0x0001b4f8       0x24 .\lib\ccg4_dualport\libccgx_pd.a(pd_protocol.o)
                0x0001b4f8                pd_prot_en_bist_test_data
 .text.pd_prot_dis_bist_test_data
                0x0001b51c       0x20 .\lib\ccg4_dualport\libccgx_pd.a(pd_protocol.o)
                0x0001b51c                pd_prot_dis_bist_test_data
 .text.pd_prot_get_rx_packet
                0x0001b53c       0x14 .\lib\ccg4_dualport\libccgx_pd.a(pd_protocol.o)
                0x0001b53c                pd_prot_get_rx_packet
 .text.typec_do_nothing
                0x0001b550        0x2 .\lib\ccg4_dualport\libccgx_pd.a(typec_manager.o)
 *fill*         0x0001b552        0x2 
 .text.typec_debounce_reset
                0x0001b554       0x68 .\lib\ccg4_dualport\libccgx_pd.a(typec_manager.o)
 .text.typec_is_connection_detected
                0x0001b5bc       0x76 .\lib\ccg4_dualport\libccgx_pd.a(typec_manager.o)
 .text.typec_gn_fsm_dpm_resp
                0x0001b632       0x2c .\lib\ccg4_dualport\libccgx_pd.a(typec_manager.o)
 .text.typec_gn_fsm_attached_snk_detach_transition
                0x0001b65e       0x2a .\lib\ccg4_dualport\libccgx_pd.a(typec_manager.o)
 .text.typec_gn_fsm_attached_snk__pwr_rdy
                0x0001b688       0x1a .\lib\ccg4_dualport\libccgx_pd.a(typec_manager.o)
 .text.typec_gn_fsm_attached_snk__timeout
                0x0001b6a2        0x8 .\lib\ccg4_dualport\libccgx_pd.a(typec_manager.o)
 .text.typec_pwr_ready_cbk
                0x0001b6aa        0xa .\lib\ccg4_dualport\libccgx_pd.a(typec_manager.o)
 .text.typec_tmr_cbk
                0x0001b6b4       0x20 .\lib\ccg4_dualport\libccgx_pd.a(typec_manager.o)
 .text.typec_gn_fsm_src_detach
                0x0001b6d4       0x38 .\lib\ccg4_dualport\libccgx_pd.a(typec_manager.o)
 .text.typec_gn_fsm_attached_src__timeout
                0x0001b70c       0x3c .\lib\ccg4_dualport\libccgx_pd.a(typec_manager.o)
 .text.typec_gn_fsm_acc_detach
                0x0001b748       0x46 .\lib\ccg4_dualport\libccgx_pd.a(typec_manager.o)
 .text.typec_gn_fsm_unattached_snk__timeout
                0x0001b78e       0x22 .\lib\ccg4_dualport\libccgx_pd.a(typec_manager.o)
 .text.typec_gn_fsm_unattached_src__timeout
                0x0001b7b0       0x22 .\lib\ccg4_dualport\libccgx_pd.a(typec_manager.o)
 .text.typec_gn_fsm_try_src__timeout
                0x0001b7d2       0x32 .\lib\ccg4_dualport\libccgx_pd.a(typec_manager.o)
 .text.typec_gn_fsm_err_recov_trans
                0x0001b804       0x2a .\lib\ccg4_dualport\libccgx_pd.a(typec_manager.o)
 .text.typec_gn_fsm_attach_evt
                0x0001b82e      0x11a .\lib\ccg4_dualport\libccgx_pd.a(typec_manager.o)
 .text.typec_gn_fsm_err_recov
                0x0001b948       0x22 .\lib\ccg4_dualport\libccgx_pd.a(typec_manager.o)
 .text.typec_gn_fsm_detach
                0x0001b96a       0x2e .\lib\ccg4_dualport\libccgx_pd.a(typec_manager.o)
 .text.typec_gn_fsm_attached_snk__detach
                0x0001b998       0x50 .\lib\ccg4_dualport\libccgx_pd.a(typec_manager.o)
 .text.typec_gn_fsm_attach
                0x0001b9e8       0x4a .\lib\ccg4_dualport\libccgx_pd.a(typec_manager.o)
 .text.typec_gn_fsm_attached_snk__entry
                0x0001ba32       0x34 .\lib\ccg4_dualport\libccgx_pd.a(typec_manager.o)
 *fill*         0x0001ba66        0x2 
 .text.typec_gn_fsm_attached_src__pwr_rdy
                0x0001ba68       0x34 .\lib\ccg4_dualport\libccgx_pd.a(typec_manager.o)
 .text.typec_gn_fsm_attached_src__detach
                0x0001ba9c       0x88 .\lib\ccg4_dualport\libccgx_pd.a(typec_manager.o)
 .text.typec_gn_fsm_attached_src__entry
                0x0001bb24       0x70 .\lib\ccg4_dualport\libccgx_pd.a(typec_manager.o)
 .text.debounce
                0x0001bb94       0xb8 .\lib\ccg4_dualport\libccgx_pd.a(typec_manager.o)
 .text.typec_init
                0x0001bc4c       0x10 .\lib\ccg4_dualport\libccgx_pd.a(typec_manager.o)
                0x0001bc4c                typec_init
 .text.typec_start
                0x0001bc5c       0x96 .\lib\ccg4_dualport\libccgx_pd.a(typec_manager.o)
                0x0001bc5c                typec_start
 .text.typec_gn_fsm_err_recov_cmplt__timeout
                0x0001bcf2        0x8 .\lib\ccg4_dualport\libccgx_pd.a(typec_manager.o)
 *fill*         0x0001bcfa        0x2 
 .text.typec_is_busy
                0x0001bcfc       0x78 .\lib\ccg4_dualport\libccgx_pd.a(typec_manager.o)
                0x0001bcfc                typec_is_busy
 .text.typec_sync_toggle
                0x0001bd74       0x94 .\lib\ccg4_dualport\libccgx_pd.a(typec_manager.o)
                0x0001bd74                typec_sync_toggle
 .text.typec_deepsleep
                0x0001be08        0x8 .\lib\ccg4_dualport\libccgx_pd.a(typec_manager.o)
                0x0001be08                typec_deepsleep
 .text.typec_wakeup
                0x0001be10        0x8 .\lib\ccg4_dualport\libccgx_pd.a(typec_manager.o)
                0x0001be10                typec_wakeup
 .text.typec_change_rp
                0x0001be18       0x44 .\lib\ccg4_dualport\libccgx_pd.a(typec_manager.o)
                0x0001be18                typec_change_rp
 .text.typec_gn_fsm_acc_attach
                0x0001be5c       0x58 .\lib\ccg4_dualport\libccgx_pd.a(typec_manager.o)
 .text.typec_gn_fsm_dbg_acc__entry
                0x0001beb4        0x8 .\lib\ccg4_dualport\libccgx_pd.a(typec_manager.o)
 .text.typec_gn_fsm_aud_acc__entry
                0x0001bebc        0x8 .\lib\ccg4_dualport\libccgx_pd.a(typec_manager.o)
 .text.typec_gn_fsm_dpm_cmd
                0x0001bec4       0x58 .\lib\ccg4_dualport\libccgx_pd.a(typec_manager.o)
 .text.typec_assert_rp
                0x0001bf1c       0x30 .\lib\ccg4_dualport\libccgx_pd.a(typec_manager.o)
                0x0001bf1c                typec_assert_rp
 .text.typec_assert_rd
                0x0001bf4c       0x28 .\lib\ccg4_dualport\libccgx_pd.a(typec_manager.o)
                0x0001bf4c                typec_assert_rd
 .text.typec_reset
                0x0001bf74       0x84 .\lib\ccg4_dualport\libccgx_pd.a(typec_manager.o)
 .text.typec_gn_unattached
                0x0001bff8       0xac .\lib\ccg4_dualport\libccgx_pd.a(typec_manager.o)
 .text.typec_gn_fsm_unattached_snk__entry
                0x0001c0a4        0xa .\lib\ccg4_dualport\libccgx_pd.a(typec_manager.o)
 .text.typec_gn_fsm_unattached_src__entry
                0x0001c0ae        0xa .\lib\ccg4_dualport\libccgx_pd.a(typec_manager.o)
 .text.typec_gn_fsm_try_wait_snk__entry
                0x0001c0b8       0x1c .\lib\ccg4_dualport\libccgx_pd.a(typec_manager.o)
 .text.typec_gn_fsm_try_src__entry
                0x0001c0d4       0x30 .\lib\ccg4_dualport\libccgx_pd.a(typec_manager.o)
 .text.dpm_typec_deassert_rp_rd
                0x0001c104       0x1e .\lib\ccg4_dualport\libccgx_pd.a(typec_manager.o)
                0x0001c104                dpm_typec_deassert_rp_rd
 .text.typec_disable
                0x0001c122       0x3a .\lib\ccg4_dualport\libccgx_pd.a(typec_manager.o)
 .text.typec_gn_fsm_err_recov_cmplt__entry
                0x0001c15c       0x58 .\lib\ccg4_dualport\libccgx_pd.a(typec_manager.o)
 .text.typec_stop
                0x0001c1b4       0x4a .\lib\ccg4_dualport\libccgx_pd.a(typec_manager.o)
                0x0001c1b4                typec_stop
 *fill*         0x0001c1fe        0x2 
 .text.typec_gn_fsm_err_recov__entry
                0x0001c200       0xa0 .\lib\ccg4_dualport\libccgx_pd.a(typec_manager.o)
 .text.typec_fsm
                0x0001c2a0      0x3cc .\lib\ccg4_dualport\libccgx_pd.a(typec_manager.o)
                0x0001c2a0                typec_fsm
 .text.dpm_init
                0x0001c66c       0x64 .\lib\ccg4_dualport\libccgx_pd.a(dpm.o)
                0x0001c66c                dpm_init
 .text.dpm_start
                0x0001c6d0       0x3c .\lib\ccg4_dualport\libccgx_pd.a(dpm.o)
                0x0001c6d0                dpm_start
 .text.dpm_stop
                0x0001c70c       0x38 .\lib\ccg4_dualport\libccgx_pd.a(dpm.o)
                0x0001c70c                dpm_stop
 .text.dpm_deepsleep
                0x0001c744       0x68 .\lib\ccg4_dualport\libccgx_pd.a(dpm.o)
                0x0001c744                dpm_deepsleep
 .text.dpm_wakeup
                0x0001c7ac        0xa .\lib\ccg4_dualport\libccgx_pd.a(dpm.o)
                0x0001c7ac                dpm_wakeup
 *fill*         0x0001c7b6        0x2 
 .text.dpm_task
                0x0001c7b8       0x44 .\lib\ccg4_dualport\libccgx_pd.a(dpm.o)
                0x0001c7b8                dpm_task
 .text.dpm_get_info
                0x0001c7fc       0x10 .\lib\ccg4_dualport\libccgx_pd.a(dpm.o)
                0x0001c7fc                dpm_get_info
 .text.dpm_update_swap_response
                0x0001c80c       0x1c .\lib\ccg4_dualport\libccgx_pd.a(dpm.o)
                0x0001c80c                dpm_update_swap_response
 .text.dpm_update_src_cap
                0x0001c828       0x40 .\lib\ccg4_dualport\libccgx_pd.a(dpm.o)
                0x0001c828                dpm_update_src_cap
 .text.dpm_update_src_cap_mask
                0x0001c868       0x1c .\lib\ccg4_dualport\libccgx_pd.a(dpm.o)
                0x0001c868                dpm_update_src_cap_mask
 .text.dpm_update_snk_cap
                0x0001c884       0x40 .\lib\ccg4_dualport\libccgx_pd.a(dpm.o)
                0x0001c884                dpm_update_snk_cap
 .text.dpm_update_snk_cap_mask
                0x0001c8c4       0x1c .\lib\ccg4_dualport\libccgx_pd.a(dpm.o)
                0x0001c8c4                dpm_update_snk_cap_mask
 .text.dpm_update_snk_max_min
                0x0001c8e0       0x34 .\lib\ccg4_dualport\libccgx_pd.a(dpm.o)
                0x0001c8e0                dpm_update_snk_max_min
 .text.dpm_update_port_config
                0x0001c914       0x4c .\lib\ccg4_dualport\libccgx_pd.a(dpm.o)
                0x0001c914                dpm_update_port_config
 .text.dpm_is_rdo_valid
                0x0001c960       0x5c .\lib\ccg4_dualport\libccgx_pd.a(dpm.o)
                0x0001c960                dpm_is_rdo_valid
 .text.dpm_get_polarity
                0x0001c9bc       0x14 .\lib\ccg4_dualport\libccgx_pd.a(dpm.o)
                0x0001c9bc                dpm_get_polarity
 .text.dpm_get_status
                0x0001c9d0       0x10 .\lib\ccg4_dualport\libccgx_pd.a(dpm.o)
                0x0001c9d0                dpm_get_status
 .text.dpm_refresh_src_cap
                0x0001c9e0      0x1a0 .\lib\ccg4_dualport\libccgx_pd.a(dpm.o)
                0x0001c9e0                dpm_refresh_src_cap
 .text.dpm_refresh_snk_cap
                0x0001cb80       0x7c .\lib\ccg4_dualport\libccgx_pd.a(dpm.o)
                0x0001cb80                dpm_refresh_snk_cap
 .text.dpm_is_prev_contract_valid
                0x0001cbfc       0x1c .\lib\ccg4_dualport\libccgx_pd.a(dpm.o)
                0x0001cbfc                dpm_is_prev_contract_valid
 .text.dpm_get_evtno_n_clear
                0x0001cc18       0x34 .\lib\ccg4_dualport\libccgx_pd.a(dpm.o)
                0x0001cc18                dpm_get_evtno_n_clear
 .text.dpm_get_sink_detach_voltage
                0x0001cc4c       0x30 .\lib\ccg4_dualport\libccgx_pd.a(dpm.o)
                0x0001cc4c                dpm_get_sink_detach_voltage
 .text.dpm_get_sink_detach_margin
                0x0001cc7c       0x12 .\lib\ccg4_dualport\libccgx_pd.a(dpm.o)
                0x0001cc7c                dpm_get_sink_detach_margin
 *fill*         0x0001cc8e        0x2 
 .text.dpm_set_pe_evt
                0x0001cc90       0x28 .\lib\ccg4_dualport\libccgx_pd.a(dpm.o)
                0x0001cc90                dpm_set_pe_evt
 .text.dpm_pd_command_ec
                0x0001ccb8       0x98 .\lib\ccg4_dualport\libccgx_pd.a(dpm.o)
                0x0001ccb8                dpm_pd_command_ec
 .text.dpm_pd_command
                0x0001cd50       0x2c .\lib\ccg4_dualport\libccgx_pd.a(dpm.o)
                0x0001cd50                dpm_pd_command
 .text.dpm_clear_pe_evt
                0x0001cd7c       0x28 .\lib\ccg4_dualport\libccgx_pd.a(dpm.o)
                0x0001cd7c                dpm_clear_pe_evt
 .text.dpm_set_typec_evt
                0x0001cda4       0x28 .\lib\ccg4_dualport\libccgx_pd.a(dpm.o)
                0x0001cda4                dpm_set_typec_evt
 .text.dpm_typec_command
                0x0001cdcc       0x44 .\lib\ccg4_dualport\libccgx_pd.a(dpm.o)
                0x0001cdcc                dpm_typec_command
 .text.dpm_clear_typec_evt
                0x0001ce10       0x28 .\lib\ccg4_dualport\libccgx_pd.a(dpm.o)
                0x0001ce10                dpm_clear_typec_evt
 .text.dpm_update_port_status
                0x0001ce38       0x1c .\lib\ccg4_dualport\libccgx_pd.a(dpm.o)
                0x0001ce38                dpm_update_port_status
 .text.dpm_get_pd_port_status
                0x0001ce54       0xc8 .\lib\ccg4_dualport\libccgx_pd.a(dpm.o)
                0x0001ce54                dpm_get_pd_port_status
 .text.dpm_update_frs_enable
                0x0001cf1c        0x2 .\lib\ccg4_dualport\libccgx_pd.a(dpm.o)
                0x0001cf1c                dpm_update_frs_enable
 .text.dpm_update_ext_src_cap
                0x0001cf1e        0x2 .\lib\ccg4_dualport\libccgx_pd.a(dpm.o)
                0x0001cf1e                dpm_update_ext_src_cap
 .text.dpm_prot_reset_rx
                0x0001cf20        0x8 .\lib\ccg4_dualport\libccgx_pd.a(dpm.o)
                0x0001cf20                dpm_prot_reset_rx
 .text          0x0001cf28       0x14 c:/program files (x86)/cypress/psoc creator/3.3/psoc creator/import/gnu/arm/4.9.3/bin/../lib/gcc/arm-none-eabi/4.9.3/armv6-m\libgcc.a(_thumb1_case_uqi.o)
                0x0001cf28                __gnu_thumb1_case_uqi
 .text          0x0001cf3c       0x14 c:/program files (x86)/cypress/psoc creator/3.3/psoc creator/import/gnu/arm/4.9.3/bin/../lib/gcc/arm-none-eabi/4.9.3/armv6-m\libgcc.a(_thumb1_case_uhi.o)
                0x0001cf3c                __gnu_thumb1_case_uhi
 .text          0x0001cf50      0x120 c:/program files (x86)/cypress/psoc creator/3.3/psoc creator/import/gnu/arm/4.9.3/bin/../lib/gcc/arm-none-eabi/4.9.3/armv6-m\libgcc.a(_udivsi3.o)
                0x0001cf50                __aeabi_uidiv
                0x0001cf50                __udivsi3
                0x0001d05c                __aeabi_uidivmod
 .text          0x0001d070      0x1e0 c:/program files (x86)/cypress/psoc creator/3.3/psoc creator/import/gnu/arm/4.9.3/bin/../lib/gcc/arm-none-eabi/4.9.3/armv6-m\libgcc.a(_divsi3.o)
                0x0001d070                __divsi3
                0x0001d070                __aeabi_idiv
                0x0001d23c                __aeabi_idivmod
 .text          0x0001d250        0x4 c:/program files (x86)/cypress/psoc creator/3.3/psoc creator/import/gnu/arm/4.9.3/bin/../lib/gcc/arm-none-eabi/4.9.3/armv6-m\libgcc.a(_dvmd_tls.o)
                0x0001d250                __aeabi_idiv0
                0x0001d250                __aeabi_ldiv0
 .text.__libc_init_array
                0x0001d254       0x4c c:/program files (x86)/cypress/psoc creator/3.3/psoc creator/import/gnu/arm/4.9.3/bin/../lib/gcc/arm-none-eabi/4.9.3/../../../../arm-none-eabi/lib/armv6-m\libg_nano.a(lib_a-init.o)
                0x0001d254                __libc_init_array
 .text.memcpy   0x0001d2a0       0x12 c:/program files (x86)/cypress/psoc creator/3.3/psoc creator/import/gnu/arm/4.9.3/bin/../lib/gcc/arm-none-eabi/4.9.3/../../../../arm-none-eabi/lib/armv6-m\libg_nano.a(lib_a-memcpy.o)
                0x0001d2a0                memcpy
 .text.memset   0x0001d2b2       0x10 c:/program files (x86)/cypress/psoc creator/3.3/psoc creator/import/gnu/arm/4.9.3/bin/../lib/gcc/arm-none-eabi/4.9.3/../../../../arm-none-eabi/lib/armv6-m\libg_nano.a(lib_a-memset.o)
                0x0001d2b2                memset
 *(.plt)
 *(.gnu.warning)
 *(.glue_7t)
 .glue_7t       0x00000000        0x0 linker stubs
 *(.glue_7)
 .glue_7        0x00000000        0x0 linker stubs
 *(.vfp11_veneer)
 .vfp11_veneer  0x00000000        0x0 linker stubs
 *(.bootloader)
 *(.ARM.extab* .gnu.linkonce.armextab.*)
 *(.gcc_except_table)

.v4_bx          0x0001d2c4        0x0
 .v4_bx         0x00000000        0x0 linker stubs

.iplt           0x0001d2c4        0x0
 .iplt          0x00000000        0x0 c:/program files (x86)/cypress/psoc creator/3.3/psoc creator/import/gnu/arm/4.9.3/bin/../lib/gcc/arm-none-eabi/4.9.3/armv6-m/crtbegin.o

.eh_frame_hdr
 *(.eh_frame_hdr)

.eh_frame       0x0001d2c4        0x4
 *(.eh_frame)
 .eh_frame      0x0001d2c4        0x0 c:/program files (x86)/cypress/psoc creator/3.3/psoc creator/import/gnu/arm/4.9.3/bin/../lib/gcc/arm-none-eabi/4.9.3/armv6-m/crtbegin.o
 .eh_frame      0x0001d2c4        0x4 c:/program files (x86)/cypress/psoc creator/3.3/psoc creator/import/gnu/arm/4.9.3/bin/../lib/gcc/arm-none-eabi/4.9.3/armv6-m/crtend.o
                0x0001d2c8                PROVIDE (__exidx_start, .)

.ARM.exidx
 *(.ARM.exidx* .gnu.linkonce.armexidx.*)
                0x0001d2c8                __exidx_end = .

.rodata         0x0001d2c8      0x9d0
 *(.rodata .rodata.* .gnu.linkonce.r.*)
 .rodata        0x0001d2c8       0x9c C:\Users\victo\AppData\Local\Temp\ccJDdyLV.ltrans1.ltrans.o
                0x0001d320                alt_mode_ams_table.lto_priv.55
                0x0001d360                gl_img2_fw_metadata
 .rodata        0x0001d364        0xe C:\Users\victo\AppData\Local\Temp\ccJDdyLV.ltrans2.ltrans.o
                0x0001d364                mux_ps8740_address.lto_priv.67
 *fill*         0x0001d372        0x2 
 .rodata        0x0001d374       0x14 C:\Users\victo\AppData\Local\Temp\ccJDdyLV.ltrans3.ltrans.o
 .rodata.str1.1
                0x0001d388      0x18a C:\Users\victo\AppData\Local\Temp\ccJDdyLV.ltrans3.ltrans.o
 *fill*         0x0001d512        0x2 
 .rodata        0x0001d514       0x2c C:\Users\victo\AppData\Local\Temp\ccJDdyLV.ltrans5.ltrans.o
                0x0001d514                os_table
                0x0001d530                thresholds
 .rodata        0x0001d540       0x18 C:\Users\victo\AppData\Local\Temp\ccJDdyLV.ltrans6.ltrans.o
                0x0001d540                hal_ocp_fault_pin.lto_priv.52
                0x0001d544                GPIO
 .rodata        0x0001d558        0xc C:\Users\victo\AppData\Local\Temp\ccJDdyLV.ltrans7.ltrans.o
                0x0001d558                gl_pdss.lto_priv.22
                0x0001d560                dfp_compatibility_mode_table
 .rodata        0x0001d564      0x100 .\lib\ccg4_dualport\libccgx_hpi.a(hpi.o)
                0x0001d61c                hpi_pdcmd_rp_map
                0x0001d61f                hpi_to_dpm_pkt_map
                0x0001d63f                hpi_to_dpm_cmd_map
                0x0001d65f                gl_hpi_scb_port_map
 .rodata        0x0001d664       0x10 .\lib\ccg4_dualport\libccgx_hpi.a(i2c.o)
                0x0001d664                SCB_PRT
 .rodata        0x0001d674      0x514 .\lib\ccg4_dualport\libccgx_pd.a(pd_policy_engine.o)
                0x0001d674                CUR_TABLE
                0x0001d69a                hr_ams_table
                0x0001d6e0                btd_ams_table
                0x0001d6ea                bcm2_ams_table
                0x0001d6f4                sr_ams_table
                0x0001d708                src_ams_table
                0x0001d786                snk_ams_table
                0x0001d7bd                pr_ams_table
                0x0001d80a                dr_ams_table
                0x0001d82b                vs_ams_table
                0x0001d857                gn_ams_table
                0x0001d8e0                pe_ams_funcs
 .rodata        0x0001db88       0xd8 .\lib\ccg4_dualport\libccgx_pd.a(typec_manager.o)
                0x0001db88                typec_dpmcmd_rp_map
                0x0001db8c                typec_gn_fsm_funcs
                0x0001dc60                . = ALIGN (0x4)
 *(.init)
 .init          0x0001dc60        0x4 c:/program files (x86)/cypress/psoc creator/3.3/psoc creator/import/gnu/arm/4.9.3/bin/../lib/gcc/arm-none-eabi/4.9.3/armv6-m/crti.o
                0x0001dc60                _init
 .init          0x0001dc64        0x8 c:/program files (x86)/cypress/psoc creator/3.3/psoc creator/import/gnu/arm/4.9.3/bin/../lib/gcc/arm-none-eabi/4.9.3/armv6-m/crtn.o
                0x0001dc6c                . = ALIGN (0x4)
                0x0001dc6c                __preinit_array_start = .
 *(.preinit_array)
                0x0001dc6c                __preinit_array_end = .
                0x0001dc6c                . = ALIGN (0x4)
                0x0001dc6c                __init_array_start = .
 *(SORT(.init_array.*))
 *(.init_array)
 .init_array    0x0001dc6c        0x4 c:/program files (x86)/cypress/psoc creator/3.3/psoc creator/import/gnu/arm/4.9.3/bin/../lib/gcc/arm-none-eabi/4.9.3/armv6-m/crtbegin.o
 .init_array    0x0001dc70        0x4 C:\Users\victo\AppData\Local\Temp\ccJDdyLV.ltrans7.ltrans.o
                0x0001dc74                __init_array_end = .
                0x0001dc74                . = ALIGN (0x4)
 *(.fini)
 .fini          0x0001dc74        0x4 c:/program files (x86)/cypress/psoc creator/3.3/psoc creator/import/gnu/arm/4.9.3/bin/../lib/gcc/arm-none-eabi/4.9.3/armv6-m/crti.o
                0x0001dc74                _fini
 .fini          0x0001dc78        0x8 c:/program files (x86)/cypress/psoc creator/3.3/psoc creator/import/gnu/arm/4.9.3/bin/../lib/gcc/arm-none-eabi/4.9.3/armv6-m/crtn.o
                0x0001dc80                . = ALIGN (0x4)
                0x0001dc80                __fini_array_start = .
 *(.fini_array)
 .fini_array    0x0001dc80        0x4 c:/program files (x86)/cypress/psoc creator/3.3/psoc creator/import/gnu/arm/4.9.3/bin/../lib/gcc/arm-none-eabi/4.9.3/armv6-m/crtbegin.o
 *(SORT(.fini_array.*))
                0x0001dc84                __fini_array_end = .
                0x0001dc84                . = ALIGN (0x4)
 *crtbegin.o(.ctors)
 *(EXCLUDE_FILE(*crtend.o) .ctors)
 *(SORT(.ctors.*))
 *crtend.o(.ctors)
                0x0001dc84                . = ALIGN (0x4)
 *crtbegin.o(.dtors)
 *(EXCLUDE_FILE(*crtend.o) .dtors)
 *(SORT(.dtors.*))
 *crtend.o(.dtors)
                0x0001dc84                . = ALIGN (0x4)
                0x0001dc84                __cy_regions = .
                0x0001dc84        0x4 LONG 0x1dc98 __cy_region_init_ram
                0x0001dc88        0x4 LONG 0x200000a0 __cy_region_start_data
                0x0001dc8c        0x4 LONG 0x40 __cy_region_init_size_ram
                0x0001dc90        0x4 LONG 0x1ba8 __cy_region_zero_size_ram
                0x0001dc94                __cy_regions_end = .
                0x0001dc98                . = ALIGN (0x8)
 *fill*         0x0001dc94        0x4 
                0x0001dc98                _etext = .

.ramvectors     0x20000000       0x90
                0x20000000                __cy_region_start_ram = .
 *(.ramvectors)
 .ramvectors    0x20000000       0x90 C:\Users\victo\AppData\Local\Temp\ccJDdyLV.ltrans7.ltrans.o

.btldr_run      0x20000090        0x4
 *(.bootloaderruntype)
 .bootloaderruntype
                0x20000090        0x4 C:\Users\victo\AppData\Local\Temp\ccJDdyLV.ltrans7.ltrans.o
                0x20000090                cyBtldrRunType

.noinit         0x20000098        0x4
 *(.noinit)
 .noinit        0x20000098        0x4 C:\Users\victo\AppData\Local\Temp\ccJDdyLV.ltrans7.ltrans.o

.data           0x200000a0       0x40 load address 0x0001dc98
                0x200000a0                __cy_region_start_data = .
 *(.jcr)
 .jcr           0x200000a0        0x0 c:/program files (x86)/cypress/psoc creator/3.3/psoc creator/import/gnu/arm/4.9.3/bin/../lib/gcc/arm-none-eabi/4.9.3/armv6-m/crtbegin.o
 .jcr           0x200000a0        0x4 c:/program files (x86)/cypress/psoc creator/3.3/psoc creator/import/gnu/arm/4.9.3/bin/../lib/gcc/arm-none-eabi/4.9.3/armv6-m/crtend.o