Archive member included because of file (symbol)

.\CortexM0\ARM_GCC_493\Debug\CYPD4225-40LQXI_notebook01_1.a(cyfitter_cfg_1.o)
                              .\CortexM0\ARM_GCC_493\Debug\Cm0Start.o (symbol from plugin) (cyfitter_cfg)
.\CortexM0\ARM_GCC_493\Debug\CYPD4225-40LQXI_notebook01_1.a(VBUS_DISCHARGE_P1.o)
                              .\CortexM0\ARM_GCC_493\Debug\psource.o (symbol from plugin) (VBUS_DISCHARGE_P1_Write)
.\CortexM0\ARM_GCC_493\Debug\CYPD4225-40LQXI_notebook01_1.a(VBUS_P_CTRL_P2.o)
                              .\CortexM0\ARM_GCC_493\Debug\psource.o (symbol from plugin) (VBUS_P_CTRL_P2_Write)
.\CortexM0\ARM_GCC_493\Debug\CYPD4225-40LQXI_notebook01_1.a(VBUS_C_CTRL_P2.o)
                              .\CortexM0\ARM_GCC_493\Debug\psink.o (symbol from plugin) (VBUS_C_CTRL_P2_Write)
.\CortexM0\ARM_GCC_493\Debug\CYPD4225-40LQXI_notebook01_1.a(VBUS_DISCHARGE_P2.o)
                              .\CortexM0\ARM_GCC_493\Debug\psource.o (symbol from plugin) (VBUS_DISCHARGE_P2_Write)
.\CortexM0\ARM_GCC_493\Debug\CYPD4225-40LQXI_notebook01_1.a(VSEL2_P2.o)
                              .\CortexM0\ARM_GCC_493\Debug\psource.o (symbol from plugin) (VSEL2_P2_Write)
.\CortexM0\ARM_GCC_493\Debug\CYPD4225-40LQXI_notebook01_1.a(VSEL1_P2.o)
                              .\CortexM0\ARM_GCC_493\Debug\psource.o (symbol from plugin) (VSEL1_P2_Write)
.\CortexM0\ARM_GCC_493\Debug\CYPD4225-40LQXI_notebook01_1.a(CyBootAsmGnu.o)
                              .\CortexM0\ARM_GCC_493\Debug\app.o (symbol from plugin) (CyEnterCriticalSection)
.\CortexM0\ARM_GCC_493\Debug\CYPD4225-40LQXI_notebook01_1.a(CyFlash.o)
                              .\CortexM0\ARM_GCC_493\Debug\flash.o (symbol from plugin) (CySysFlashWriteRow)
.\CortexM0\ARM_GCC_493\Debug\CYPD4225-40LQXI_notebook01_1.a(CyLib.o)
                              cyfitter_cfg_1.o (symbol from plugin) (CySysClkWriteImoFreq)
.\CortexM0\ARM_GCC_493\Debug\CYPD4225-40LQXI_notebook01_1.a(cyPm.o)
                              .\CortexM0\ARM_GCC_493\Debug\app.o (symbol from plugin) (CySysPmDeepSleep)
.\CortexM0\ARM_GCC_493\Debug\CYPD4225-40LQXI_notebook01_1.a(CyLFClk.o)
                              .\CortexM0\ARM_GCC_493\Debug\Cm0Start.o (symbol from plugin) (CySysWdtDisable)
.\CortexM0\ARM_GCC_493\Debug\CYPD4225-40LQXI_notebook01_1.a(UART.o)
                              .\CortexM0\ARM_GCC_493\Debug\main.o (symbol from plugin) (UART_Start)
.\CortexM0\ARM_GCC_493\Debug\CYPD4225-40LQXI_notebook01_1.a(UART_AsmGnu.o)
                              .\CortexM0\ARM_GCC_493\Debug\main.o (symbol from plugin) (UART_PutChar)
.\lib\ccg4_dualport\libccgx_hpi.a(hpi.o)
                              .\CortexM0\ARM_GCC_493\Debug\main.o (symbol from plugin) (hpi_is_ec_ready)
.\lib\ccg4_dualport\libccgx_hpi.a(i2c.o)
                              .\lib\ccg4_dualport\libccgx_hpi.a(hpi.o) (i2c_slave_ack_ctrl)
.\lib\ccg4_dualport\libccgx_pd.a(pd_policy_engine.o)
                              .\CortexM0\ARM_GCC_493\Debug\main.o (symbol from plugin) (pe_init)
.\lib\ccg4_dualport\libccgx_pd.a(pd_protocol.o)
                              .\lib\ccg4_dualport\libccgx_pd.a(pd_policy_engine.o) (pd_prot_init)
.\lib\ccg4_dualport\libccgx_pd.a(typec_manager.o)
                              .\lib\ccg4_dualport\libccgx_pd.a(pd_policy_engine.o) (typec_change_rp)
.\lib\ccg4_dualport\libccgx_pd.a(dpm.o)
                              .\CortexM0\ARM_GCC_493\Debug\main.o (symbol from plugin) (dpm_init)
.\CortexM0\ARM_GCC_493\Debug\CYPD4225-40LQXI_notebook01_1.a(EC_INT.o)
                              .\lib\ccg4_dualport\libccgx_hpi.a(hpi.o) (EC_INT_Write)
.\CortexM0\ARM_GCC_493\Debug\CYPD4225-40LQXI_notebook01_1.a(I2C_CFG.o)
                              .\lib\ccg4_dualport\libccgx_hpi.a(hpi.o) (I2C_CFG_SetDriveMode)
c:/program files (x86)/cypress/psoc creator/3.3/psoc creator/import/gnu/arm/4.9.3/bin/../lib/gcc/arm-none-eabi/4.9.3/armv6-m\libgcc.a(_thumb1_case_uqi.o)
                              .\lib\ccg4_dualport\libccgx_hpi.a(hpi.o) (__gnu_thumb1_case_uqi)
c:/program files (x86)/cypress/psoc creator/3.3/psoc creator/import/gnu/arm/4.9.3/bin/../lib/gcc/arm-none-eabi/4.9.3/armv6-m\libgcc.a(_thumb1_case_uhi.o)
                              .\lib\ccg4_dualport\libccgx_hpi.a(hpi.o) (__gnu_thumb1_case_uhi)
c:/program files (x86)/cypress/psoc creator/3.3/psoc creator/import/gnu/arm/4.9.3/bin/../lib/gcc/arm-none-eabi/4.9.3/armv6-m\libgcc.a(_udivsi3.o)
                              .\CortexM0\ARM_GCC_493\Debug\CYPD4225-40LQXI_notebook01_1.a(UART_AsmGnu.o) (__aeabi_uidiv)
c:/program files (x86)/cypress/psoc creator/3.3/psoc creator/import/gnu/arm/4.9.3/bin/../lib/gcc/arm-none-eabi/4.9.3/armv6-m\libgcc.a(_divsi3.o)
                              .\lib\ccg4_dualport\libccgx_pd.a(dpm.o) (__aeabi_idiv)
c:/program files (x86)/cypress/psoc creator/3.3/psoc creator/import/gnu/arm/4.9.3/bin/../lib/gcc/arm-none-eabi/4.9.3/armv6-m\libgcc.a(_dvmd_tls.o)
[...]
Memory Configuration

Name             Origin             Length             Attributes
rom              0x00000000         0x00020000         xr
ram              0x20000000         0x00002000         xrw
*default*        0x00000000         0xffffffff

Linker script and memory map

LOAD c:/program files (x86)/cypress/psoc creator/3.3/psoc creator/import/gnu/arm/4.9.3/bin/../lib/gcc/arm-none-eabi/4.9.3/armv6-m/crti.o
LOAD c:/program files (x86)/cypress/psoc creator/3.3/psoc creator/import/gnu/arm/4.9.3/bin/../lib/gcc/arm-none-eabi/4.9.3/armv6-m/crtbegin.o
LOAD c:/program files (x86)/cypress/psoc creator/3.3/psoc creator/import/gnu/arm/4.9.3/bin/../lib/gcc/arm-none-eabi/4.9.3/../../../../arm-none-eabi/lib/armv6-m/crt0.o
START GROUP
LOAD .\CortexM0\ARM_GCC_493\Debug\alt_mode_hw.o
LOAD C:\Users\victo\AppData\Local\Temp\ccGOozWa.ltrans0.ltrans.o
LOAD C:\Users\victo\AppData\Local\Temp\ccGOozWa.ltrans1.ltrans.o
LOAD C:\Users\victo\AppData\Local\Temp\ccGOozWa.ltrans2.ltrans.o
LOAD C:\Users\victo\AppData\Local\Temp\ccGOozWa.ltrans3.ltrans.o
LOAD C:\Users\victo\AppData\Local\Temp\ccGOozWa.ltrans4.ltrans.o
LOAD C:\Users\victo\AppData\Local\Temp\ccGOozWa.ltrans5.ltrans.o
LOAD C:\Users\victo\AppData\Local\Temp\ccGOozWa.ltrans6.ltrans.o
LOAD C:\Users\victo\AppData\Local\Temp\ccGOozWa.ltrans7.ltrans.o
LOAD c:/program files (x86)/cypress/psoc creator/3.3/psoc creator/import/gnu/arm/4.9.3/bin/../lib/gcc/arm-none-eabi/4.9.3/armv6-m\libgcc.a
LOAD c:/program files (x86)/cypress/psoc creator/3.3/psoc creator/import/gnu/arm/4.9.3/bin/../lib/gcc/arm-none-eabi/4.9.3/../../../../arm-none-eabi/lib/armv6-m\libg_nano.a
LOAD c:/program files (x86)/cypress/psoc creator/3.3/psoc creator/import/gnu/arm/4.9.3/bin/../lib/gcc/arm-none-eabi/4.9.3/../../../../arm-none-eabi/lib/armv6-m\libc_nano.a
LOAD c:/program files (x86)/cypress/psoc creator/3.3/psoc creator/import/gnu/arm/4.9.3/bin/../lib/gcc/arm-none-eabi/4.9.3/armv6-m\libgcc.a
LOAD c:/program files (x86)/cypress/psoc creator/3.3/psoc creator/import/gnu/arm/4.9.3/bin/../lib/gcc/arm-none-eabi/4.9.3/../../../../arm-none-eabi/lib/armv6-m\libc_nano.a
LOAD .\CortexM0\ARM_GCC_493\Debug\alt_modes_mngr.o
LOAD .\CortexM0\ARM_GCC_493\Debug\dp_sid.o
LOAD .\CortexM0\ARM_GCC_493\Debug\vdm_task_mngr.o
LOAD .\CortexM0\ARM_GCC_493\Debug\app.o
LOAD .\CortexM0\ARM_GCC_493\Debug\pdo.o
LOAD .\CortexM0\ARM_GCC_493\Debug\psink.o
LOAD .\CortexM0\ARM_GCC_493\Debug\psource.o
LOAD .\CortexM0\ARM_GCC_493\Debug\swap.o
LOAD .\CortexM0\ARM_GCC_493\Debug\vdm.o
LOAD .\CortexM0\ARM_GCC_493\Debug\boot.o
LOAD .\CortexM0\ARM_GCC_493\Debug\flash.o
LOAD .\CortexM0\ARM_GCC_493\Debug\gpio.o
LOAD .\CortexM0\ARM_GCC_493\Debug\system.o
LOAD .\CortexM0\ARM_GCC_493\Debug\timer.o
LOAD .\CortexM0\ARM_GCC_493\Debug\utils.o
LOAD .\CortexM0\ARM_GCC_493\Debug\config.o
LOAD .\CortexM0\ARM_GCC_493\Debug\datamux_ctrl.o
LOAD .\CortexM0\ARM_GCC_493\Debug\main.o
LOAD .\CortexM0\ARM_GCC_493\Debug\hal_ccgx.o
LOAD .\CortexM0\ARM_GCC_493\Debug\pdss_hal.o
LOAD .\CortexM0\ARM_GCC_493\Debug\cybootloader.o
LOAD .\CortexM0\ARM_GCC_493\Debug\cymetadata.o
LOAD .\CortexM0\ARM_GCC_493\Debug\Cm0Start.o
LOAD .\CortexM0\ARM_GCC_493\Debug\CYPD4225-40LQXI_notebook01_1.a
LOAD C:\Program Files (x86)\Cypress\PSoC Creator\3.3\PSoC Creator\psoc\content\cycomponentlibrary\CyComponentLibrary.cylib\CortexM0\ARM_GCC_493\Debug\CyComponentLibrary.a
LOAD .\lib\ccg4_dualport\libccgx_hpi.a
LOAD .\lib\ccg4_dualport\libccgx_pd.a
END GROUP
START GROUP
LOAD c:/program files (x86)/cypress/psoc creator/3.3/psoc creator/import/gnu/arm/4.9.3/bin/../lib/gcc/arm-none-eabi/4.9.3/armv6-m\libgcc.a
LOAD c:/program files (x86)/cypress/psoc creator/3.3/psoc creator/import/gnu/arm/4.9.3/bin/../lib/gcc/arm-none-eabi/4.9.3/../../../../arm-none-eabi/lib/armv6-m\libg_nano.a
LOAD c:/program files (x86)/cypress/psoc creator/3.3/psoc creator/import/gnu/arm/4.9.3/bin/../lib/gcc/arm-none-eabi/4.9.3/../../../../arm-none-eabi/lib/armv6-m\libc_nano.a
END GROUP
START GROUP
LOAD c:/program files (x86)/cypress/psoc creator/3.3/psoc creator/import/gnu/arm/4.9.3/bin/../lib/gcc/arm-none-eabi/4.9.3/armv6-m\libgcc.a
LOAD c:/program files (x86)/cypress/psoc creator/3.3/psoc creator/import/gnu/arm/4.9.3/bin/../lib/gcc/arm-none-eabi/4.9.3/../../../../arm-none-eabi/lib/armv6-m\libc_nano.a
END GROUP
LOAD c:/program files (x86)/cypress/psoc creator/3.3/psoc creator/import/gnu/arm/4.9.3/bin/../lib/gcc/arm-none-eabi/4.9.3/armv6-m/crtend.o
LOAD c:/program files (x86)/cypress/psoc creator/3.3/psoc creator/import/gnu/arm/4.9.3/bin/../lib/gcc/arm-none-eabi/4.9.3/armv6-m/crtn.o
START GROUP
LOAD c:/program files (x86)/cypress/psoc creator/3.3/psoc creator/import/gnu/arm/4.9.3/bin/../lib/gcc/arm-none-eabi/4.9.3/armv6-m\libgcc.a
LOAD c:/program files (x86)/cypress/psoc creator/3.3/psoc creator/import/gnu/arm/4.9.3/bin/../lib/gcc/arm-none-eabi/4.9.3/../../../../arm-none-eabi/lib/armv6-m\libc.a
LOAD c:/program files (x86)/cypress/psoc creator/3.3/psoc creator/import/gnu/arm/4.9.3/bin/../lib/gcc/arm-none-eabi/4.9.3/../../../../arm-none-eabi/lib/armv6-m\libnosys.a
END GROUP
                0x00001400                CY_APPL_ORIGIN = 0x1400
                0x00000100                CY_FLASH_ROW_SIZE = 0x100
                0x00020000                CY_FLASH_SIZE = 0x20000
                0x00000001                CY_APPL_NUM = 0x1
                0x00000002                CY_APPL_MAX = 0x2
                0x00000040                CY_METADATA_SIZE = 0x40
                0x00000001                CY_APPL_LOADABLE = 0x1
                0x00000000                CY_CHECKSUM_EXCLUDE_SIZE = ALIGN (0x0, CY_FLASH_ROW_SIZE)
                0x00000000                CY_APP_FOR_STACK_AND_COPIER = 0x0
                0x20001c88                PROVIDE (__cy_heap_start, _end)
                0x00000001                PROVIDE (__cy_region_num, ((__cy_regions_end - __cy_regions) / 0x10))
                0x20002000                PROVIDE (__cy_stack, (ORIGIN (ram) + 0x2000))
                0x20001e00                PROVIDE (__cy_heap_end, (__cy_stack - 0x200))

.cybootloader   0x00000000     0x1400
 *(.cybootloader)
 .cybootloader  0x00000000     0x1400 C:\Users\victo\AppData\Local\Temp\ccGOozWa.ltrans0.ltrans.o
                0x00000000                cy_bootloader
                0x00001400                appl1_start = CY_APPL_ORIGIN?CY_APPL_ORIGIN:ALIGN (CY_FLASH_ROW_SIZE)
                0x00010000                appl2_start = (CY_FLASH_SIZE / 0x2)
                0x00001400                appl_start = (CY_APPL_NUM == 0x1)?appl1_start:appl2_start
                0x00000000                cy_project_type_bootloader = (appl_start == 0x0)?0x1:0x0
                0x00000000                cy_project_type_app_for_stack_and_copier = (CY_APP_FOR_STACK_AND_COPIER == 0x1)?0x1:0x0

.text           0x00001400     0xd382
 CREATE_OBJECT_SYMBOLS
                0x00000000                PROVIDE (__cy_interrupt_vector, RomVectors)
 *(.romvectors)
 .romvectors    0x00001400       0x10 C:\Users\victo\AppData\Local\Temp\ccGOozWa.ltrans6.ltrans.o
                0x00000001                ASSERT ((. != __cy_interrupt_vector), No interrupt vector)
                0x00000001                ASSERT (CY_APPL_ORIGIN?(SIZEOF (.cybootloader) <= CY_APPL_ORIGIN):0x1, Wrong image location)
                0x000000c0                . = 0xc0
 *fill*         0x00001410       0xb0 
 *(.customer_region)
 .customer_region
                0x000014c0       0x20 C:\Users\victo\AppData\Local\Temp\ccGOozWa.ltrans0.ltrans.o
                0x000014c0                customer_info
 *(.base_version)
 .base_version  0x000014e0        0x4 C:\Users\victo\AppData\Local\Temp\ccGOozWa.ltrans1.ltrans.o
                0x000014e0                base_version
 *(.app_version)
 .app_version   0x000014e4        0x4 C:\Users\victo\AppData\Local\Temp\ccGOozWa.ltrans0.ltrans.o
                0x000014e4                app_version
 *(.dev_siliconid)
 .dev_siliconid
                0x000014e8        0x4 C:\Users\victo\AppData\Local\Temp\ccGOozWa.ltrans0.ltrans.o
                0x000014e8                ccg_silicon_id
 *(.fw_reserved)
 .fw_reserved   0x000014ec       0x14 C:\Users\victo\AppData\Local\Temp\ccGOozWa.ltrans0.ltrans.o
                0x000014ec                reserved_buf
 *(.configSection)
 .configSection
                0x00001500      0x400 C:\Users\victo\AppData\Local\Temp\ccGOozWa.ltrans6.ltrans.o
                0x00001500                gl_config_table
                0x00001900                PROVIDE (__cy_reset, Reset)
 *(.text.Reset)
 .text.Reset    0x00001900       0x20 C:\Users\victo\AppData\Local\Temp\ccGOozWa.ltrans6.ltrans.o
                0x00001900                Reset
                0x00000001                ASSERT ((. != __cy_reset), No reset code)
 *(.psocinit)
 *(.text .text.* .gnu.linkonce.t.*)
 .text          0x00001920       0x60 c:/program files (x86)/cypress/psoc creator/3.3/psoc creator/import/gnu/arm/4.9.3/bin/../lib/gcc/arm-none-eabi/4.9.3/armv6-m/crtbegin.o
 .text.form_alt_mode_event
                0x00001980       0x38 C:\Users\victo\AppData\Local\Temp\ccGOozWa.ltrans0.ltrans.o
 .text.get_next_alt_mode
                0x000019b8       0x50 C:\Users\victo\AppData\Local\Temp\ccGOozWa.ltrans0.ltrans.o
 .text.wait_ec_trigger.lto_priv.31
                0x00001a08        0x4 C:\Users\victo\AppData\Local\Temp\ccGOozWa.ltrans0.ltrans.o
                0x00001a08                wait_ec_trigger.lto_priv.31
 .text.set_disc_mode_params
                0x00001a0c       0x30 C:\Users\victo\AppData\Local\Temp\ccGOozWa.ltrans0.ltrans.o
 .text.send_sln_app_evt.part.0
                0x00001a3c       0x30 C:\Users\victo\AppData\Local\Temp\ccGOozWa.ltrans0.ltrans.o
 .text.fail_alt_modes.lto_priv.34
                0x00001a6c       0x80 C:\Users\victo\AppData\Local\Temp\ccGOozWa.ltrans0.ltrans.o
                0x00001a6c                fail_alt_modes.lto_priv.34
 .text.run_disc_mode.lto_priv.27
                0x00001aec       0xb0 C:\Users\victo\AppData\Local\Temp\ccGOozWa.ltrans0.ltrans.o
                0x00001aec                run_disc_mode.lto_priv.27
 .text.dp_src_hpd_cbk
                0x00001b9c       0x40 C:\Users\victo\AppData\Local\Temp\ccGOozWa.ltrans0.ltrans.o
 .text.alt_mode_mngr_deinit.lto_priv.30
                0x00001bdc       0x7c C:\Users\victo\AppData\Local\Temp\ccGOozWa.ltrans0.ltrans.o
                0x00001bdc                alt_mode_mngr_deinit.lto_priv.30
 .text.move_to_vdm_info
                0x00001c58       0x6c C:\Users\victo\AppData\Local\Temp\ccGOozWa.ltrans0.ltrans.o
 .text.eval_alt_modes.lto_priv.33
                0x00001cc4      0x178 C:\Users\victo\AppData\Local\Temp\ccGOozWa.ltrans0.ltrans.o
                0x00001cc4                eval_alt_modes.lto_priv.33
 .text.handle_cbl_disc_mode
                0x00001e3c       0xec C:\Users\victo\AppData\Local\Temp\ccGOozWa.ltrans0.ltrans.o
 .text.disc_mode_fail.lto_priv.29
                0x00001f28       0x34 C:\Users\victo\AppData\Local\Temp\ccGOozWa.ltrans0.ltrans.o
                0x00001f28                disc_mode_fail.lto_priv.29
 .text.eval_disc_mode.lto_priv.28
                0x00001f5c      0x178 C:\Users\victo\AppData\Local\Temp\ccGOozWa.ltrans0.ltrans.o
                0x00001f5c                eval_disc_mode.lto_priv.28
 .text.reset_dp_var.lto_priv.60
                0x000020d4       0x40 C:\Users\victo\AppData\Local\Temp\ccGOozWa.ltrans0.ltrans.o
                0x000020d4                reset_dp_var.lto_priv.60
 .text.dp_exit  0x00002114       0x38 C:\Users\victo\AppData\Local\Temp\ccGOozWa.ltrans0.ltrans.o
 .text.is_prtnr_ccg_consistent.lto_priv.64
                0x0000214c       0x28 C:\Users\victo\AppData\Local\Temp\ccGOozWa.ltrans0.ltrans.o
                0x0000214c                is_prtnr_ccg_consistent.lto_priv.64
 .text.send_cmd.lto_priv.63
                0x00002174       0x44 C:\Users\victo\AppData\Local\Temp\ccGOozWa.ltrans0.ltrans.o
                0x00002174                send_cmd.lto_priv.63
 .text.analyse_dp_sink_vdo.lto_priv.61
                0x000021b8       0xa4 C:\Users\victo\AppData\Local\Temp\ccGOozWa.ltrans0.ltrans.o
                0x000021b8                analyse_dp_sink_vdo.lto_priv.61
 .text.eval_app_alt_mode_cmd
                0x0000225c      0x158 C:\Users\victo\AppData\Local\Temp\ccGOozWa.ltrans0.ltrans.o
                0x0000225c                eval_app_alt_mode_cmd
 .text.set_mux.part.1.lto_priv.59
                0x000023b4       0x70 C:\Users\victo\AppData\Local\Temp\ccGOozWa.ltrans0.ltrans.o
                0x000023b4                set_mux.part.1.lto_priv.59
 .text.analyse_status_update_vdo
                0x00002424      0x114 C:\Users\victo\AppData\Local\Temp\ccGOozWa.ltrans0.ltrans.o
 .text.monitor_alt_modes.lto_priv.32
                0x00002538      0x11c C:\Users\victo\AppData\Local\Temp\ccGOozWa.ltrans0.ltrans.o
                0x00002538                monitor_alt_modes.lto_priv.32
 .text.eval_hpd_cmd
                0x00002654      0x144 C:\Users\victo\AppData\Local\Temp\ccGOozWa.ltrans0.ltrans.o
 .text.dp_dfp_dequeue_hpd
                0x00002798       0x2c C:\Users\victo\AppData\Local\Temp\ccGOozWa.ltrans0.ltrans.o
 .text.dp_src_hpd_resp_cbk
                0x000027c4       0x30 C:\Users\victo\AppData\Local\Temp\ccGOozWa.ltrans0.ltrans.o
 .text.dp_dfp_enqueue_hpd
                0x000027f4       0x74 C:\Users\victo\AppData\Local\Temp\ccGOozWa.ltrans0.ltrans.o
 .text.dp_dfp_run.lto_priv.62
                0x00002868      0x21c C:\Users\victo\AppData\Local\Temp\ccGOozWa.ltrans0.ltrans.o
                0x00002868                dp_dfp_run.lto_priv.62
 .text.eval_app_alt_hw_cmd
                0x00002a84       0x50 C:\Users\victo\AppData\Local\Temp\ccGOozWa.ltrans0.ltrans.o
                0x00002a84                eval_app_alt_hw_cmd
 .text.startup.main
                0x00002ad4      0xaf8 C:\Users\victo\AppData\Local\Temp\ccGOozWa.ltrans1.ltrans.o
                0x00002ad4                main
 .text.vconn_disable
                0x000035cc       0x24 C:\Users\victo\AppData\Local\Temp\ccGOozWa.ltrans2.ltrans.o
                0x000035cc                vconn_disable
 .text.set_vdm_failed
                0x000035f0       0x34 C:\Users\victo\AppData\Local\Temp\ccGOozWa.ltrans2.ltrans.o
 .text.eval_rdo
                0x00003624       0x30 C:\Users\victo\AppData\Local\Temp\ccGOozWa.ltrans2.ltrans.o
                0x00003624                eval_rdo
 .text.form_rdo
                0x00003654       0x80 C:\Users\victo\AppData\Local\Temp\ccGOozWa.ltrans2.ltrans.o
 .text.eval_src_cap
                0x000036d4      0x40c C:\Users\victo\AppData\Local\Temp\ccGOozWa.ltrans2.ltrans.o
                0x000036d4                eval_src_cap
 .text.vconn_is_present
                0x00003ae0       0x30 C:\Users\victo\AppData\Local\Temp\ccGOozWa.ltrans2.ltrans.o
                0x00003ae0                vconn_is_present
 .text.vconn_enable
                0x00003b10       0x38 C:\Users\victo\AppData\Local\Temp\ccGOozWa.ltrans2.ltrans.o
                0x00003b10                vconn_enable
 .text.dp_eval_app_cmd.lto_priv.65
                0x00003b48       0xe0 C:\Users\victo\AppData\Local\Temp\ccGOozWa.ltrans2.ltrans.o
                0x00003b48                dp_eval_app_cmd.lto_priv.65
 .text.app_ovp_enable.part.2.lto_priv.53
                0x00003c28       0x44 C:\Users\victo\AppData\Local\Temp\ccGOozWa.ltrans2.ltrans.o
                0x00003c28                app_ovp_enable.part.2.lto_priv.53
 .text.reset_vdm_mngr.lto_priv.35
                0x00003c6c       0x30 C:\Users\victo\AppData\Local\Temp\ccGOozWa.ltrans2.ltrans.o
                0x00003c6c                reset_vdm_mngr.lto_priv.35
 .text.vdm_task_mngr_deinit
                0x00003c9c       0x84 C:\Users\victo\AppData\Local\Temp\ccGOozWa.ltrans2.ltrans.o
                0x00003c9c                vdm_task_mngr_deinit
 .text.app_event_handler
                0x00003d20      0x1d4 C:\Users\victo\AppData\Local\Temp\ccGOozWa.ltrans2.ltrans.o
                0x00003d20                app_event_handler
 .text.snk_vbus_ovp
                0x00003ef4       0x2c C:\Users\victo\AppData\Local\Temp\ccGOozWa.ltrans2.ltrans.o
                0x00003ef4                snk_vbus_ovp
 .text.reg_dp_modes.part.2.lto_priv.69
                0x00003f20       0xd8 C:\Users\victo\AppData\Local\Temp\ccGOozWa.ltrans2.ltrans.o
                0x00003f20                reg_dp_modes.part.2.lto_priv.69
 .text.vbus_is_present
                0x00003ff8       0x90 C:\Users\victo\AppData\Local\Temp\ccGOozWa.ltrans2.ltrans.o
                0x00003ff8                vbus_is_present
 .text.vdm_rec_cbk.lto_priv.25
                0x00004088      0x13c C:\Users\victo\AppData\Local\Temp\ccGOozWa.ltrans2.ltrans.o
                0x00004088                vdm_rec_cbk.lto_priv.25
 .text.mux_xfer_timer_cb.lto_priv.21
                0x000041c4        0xc C:\Users\victo\AppData\Local\Temp\ccGOozWa.ltrans3.ltrans.o
                0x000041c4                mux_xfer_timer_cb.lto_priv.21
 .text.timer_stop_internal
                0x000041d0       0x54 C:\Users\victo\AppData\Local\Temp\ccGOozWa.ltrans3.ltrans.o
 .text.my_pd_callback
                0x00004224       0x38 C:\Users\victo\AppData\Local\Temp\ccGOozWa.ltrans3.ltrans.o
                0x00004224                my_pd_callback
 .text.my_pd_phy_callback
                0x0000425c       0x4c C:\Users\victo\AppData\Local\Temp\ccGOozWa.ltrans3.ltrans.o
                0x0000425c                my_pd_phy_callback
 .text.eval_vdm
                0x000042a8      0x2e0 C:\Users\victo\AppData\Local\Temp\ccGOozWa.ltrans3.ltrans.o
                0x000042a8                eval_vdm
 .text.eval_vconn_swap
                0x00004588       0x38 C:\Users\victo\AppData\Local\Temp\ccGOozWa.ltrans3.ltrans.o
                0x00004588                eval_vconn_swap
 .text.choose_status
                0x000045c0       0xbc C:\Users\victo\AppData\Local\Temp\ccGOozWa.ltrans3.ltrans.o
                0x000045c0                choose_status
 .text.get_pd_port_config
                0x0000467c       0x10 C:\Users\victo\AppData\Local\Temp\ccGOozWa.ltrans3.ltrans.o
                0x0000467c                get_pd_port_config
 .text.get_pd_config
                0x0000468c        0x8 C:\Users\victo\AppData\Local\Temp\ccGOozWa.ltrans3.ltrans.o
                0x0000468c                get_pd_config
 .text.mem_copy_word
                0x00004694       0x14 C:\Users\victo\AppData\Local\Temp\ccGOozWa.ltrans3.ltrans.o
                0x00004694                mem_copy_word
 .text.timer_stop_range.part.3.lto_priv.54
                0x000046a8       0x4c C:\Users\victo\AppData\Local\Temp\ccGOozWa.ltrans3.ltrans.o
                0x000046a8                timer_stop_range.part.3.lto_priv.54
 .text.timer_is_running
                0x000046f4       0x38 C:\Users\victo\AppData\Local\Temp\ccGOozWa.ltrans3.ltrans.o
                0x000046f4                timer_is_running
 .text.timer_stop_range
                0x0000472c       0x10 C:\Users\victo\AppData\Local\Temp\ccGOozWa.ltrans3.ltrans.o
                0x0000472c                timer_stop_range
 .text.timer_stop
                0x0000473c       0x48 C:\Users\victo\AppData\Local\Temp\ccGOozWa.ltrans3.ltrans.o
                0x0000473c                timer_stop
 .text.sys_get_custom_info_addr
                0x00004784       0x48 C:\Users\victo\AppData\Local\Temp\ccGOozWa.ltrans3.ltrans.o
                0x00004784                sys_get_custom_info_addr
 .text.sys_get_silicon_id
                0x000047cc       0x10 C:\Users\victo\AppData\Local\Temp\ccGOozWa.ltrans3.ltrans.o
                0x000047cc                sys_get_silicon_id
 .text.sys_get_device_mode
                0x000047dc        0xc C:\Users\victo\AppData\Local\Temp\ccGOozWa.ltrans3.ltrans.o
                0x000047dc                sys_get_device_mode
 .text.gpio_set_lvttl_mode
                0x000047e8       0x18 C:\Users\victo\AppData\Local\Temp\ccGOozWa.ltrans3.ltrans.o
                0x000047e8                gpio_set_lvttl_mode
 .text.hsiom_set_config
                0x00004800       0x24 C:\Users\victo\AppData\Local\Temp\ccGOozWa.ltrans3.ltrans.o
                0x00004800                hsiom_set_config
 .text.gpio_int_set_config
                0x00004824       0x2c C:\Users\victo\AppData\Local\Temp\ccGOozWa.ltrans3.ltrans.o
                0x00004824                gpio_int_set_config
 .text.gpio_set_value
                0x00004850       0x30 C:\Users\victo\AppData\Local\Temp\ccGOozWa.ltrans3.ltrans.o
                0x00004850                gpio_set_value
 .text.flash_set_app_priority
                0x00004880       0x32 C:\Users\victo\AppData\Local\Temp\ccGOozWa.ltrans3.ltrans.o
                0x00004880                flash_set_app_priority
 *fill*         0x000048b2        0x2 
 .text.flash_row_read
                0x000048b4       0x40 C:\Users\victo\AppData\Local\Temp\ccGOozWa.ltrans3.ltrans.o
                0x000048b4                flash_row_read
 .text.flash_row_clear
                0x000048f4       0x28 C:\Users\victo\AppData\Local\Temp\ccGOozWa.ltrans3.ltrans.o
                0x000048f4                flash_row_clear
 .text.flash_access_get_status
                0x0000491c       0x14 C:\Users\victo\AppData\Local\Temp\ccGOozWa.ltrans3.ltrans.o
                0x0000491c                flash_access_get_status
 .text.flash_enter_mode
                0x00004930       0x18 C:\Users\victo\AppData\Local\Temp\ccGOozWa.ltrans3.ltrans.o
                0x00004930                flash_enter_mode
 .text.boot_validate_configtable
                0x00004948       0x60 C:\Users\victo\AppData\Local\Temp\ccGOozWa.ltrans3.ltrans.o
                0x00004948                boot_validate_configtable
 .text.boot_validate_fw
                0x000049a8       0xbc C:\Users\victo\AppData\Local\Temp\ccGOozWa.ltrans3.ltrans.o
                0x000049a8                boot_validate_fw
 .text.flash_row_write
                0x00004a64       0xac C:\Users\victo\AppData\Local\Temp\ccGOozWa.ltrans3.ltrans.o
                0x00004a64                flash_row_write
 .text.boot_handle_validate_fw_cmd
                0x00004b10       0x38 C:\Users\victo\AppData\Local\Temp\ccGOozWa.ltrans3.ltrans.o
                0x00004b10                boot_handle_validate_fw_cmd
 .text.hw_timer_load_period
                0x00004b48       0x28 C:\Users\victo\AppData\Local\Temp\ccGOozWa.ltrans3.ltrans.o
 .text.wdt_interrupt_handler.lto_priv.26
                0x00004b70      0x15c C:\Users\victo\AppData\Local\Temp\ccGOozWa.ltrans3.ltrans.o
                0x00004b70                wdt_interrupt_handler.lto_priv.26
 .text.timer_start
                0x00004ccc      0x174 C:\Users\victo\AppData\Local\Temp\ccGOozWa.ltrans3.ltrans.o
                0x00004ccc                timer_start
 .text.led_timer_cb
                0x00004e40       0x2c C:\Users\victo\AppData\Local\Temp\ccGOozWa.ltrans3.ltrans.o
                0x00004e40                led_timer_cb
 .text.pd_phy_load_data_in_mem
                0x00004e6c       0x8c C:\Users\victo\AppData\Local\Temp\ccGOozWa.ltrans4.ltrans.o
 .text.pd_get_vbus_adc_level
                0x00004ef8       0x58 C:\Users\victo\AppData\Local\Temp\ccGOozWa.ltrans4.ltrans.o
                0x00004ef8                pd_get_vbus_adc_level
 .text.hpd_deinit
                0x00004f50       0x98 C:\Users\victo\AppData\Local\Temp\ccGOozWa.ltrans4.ltrans.o
                0x00004f50                hpd_deinit
 .text.pd_typec_set_polarity
                0x00004fe8       0x24 C:\Users\victo\AppData\Local\Temp\ccGOozWa.ltrans4.ltrans.o
                0x00004fe8                pd_typec_set_polarity
 .text.pd_typec_dis_rd
                0x0000500c       0x3c C:\Users\victo\AppData\Local\Temp\ccGOozWa.ltrans4.ltrans.o
                0x0000500c                pd_typec_dis_rd
 .text.pd_typec_en_rd
                0x00005048       0x2c C:\Users\victo\AppData\Local\Temp\ccGOozWa.ltrans4.ltrans.o
                0x00005048                pd_typec_en_rd
 .text.pd_typec_dis_rp
                0x00005074       0x28 C:\Users\victo\AppData\Local\Temp\ccGOozWa.ltrans4.ltrans.o
                0x00005074                pd_typec_dis_rp
 .text.pd_typec_en_rp
                0x0000509c       0x4c C:\Users\victo\AppData\Local\Temp\ccGOozWa.ltrans4.ltrans.o
                0x0000509c                pd_typec_en_rp
 .text.pd_typec_snk_update_trim
                0x000050e8       0x38 C:\Users\victo\AppData\Local\Temp\ccGOozWa.ltrans4.ltrans.o
                0x000050e8                pd_typec_snk_update_trim
 .text.pd_typec_stop
                0x00005120        0x4 C:\Users\victo\AppData\Local\Temp\ccGOozWa.ltrans4.ltrans.o
                0x00005120                pd_typec_stop
 .text.pd_typec_start
                0x00005124       0x1c C:\Users\victo\AppData\Local\Temp\ccGOozWa.ltrans4.ltrans.o
                0x00005124                pd_typec_start
 .text.pd_typec_init
                0x00005140       0x50 C:\Users\victo\AppData\Local\Temp\ccGOozWa.ltrans4.ltrans.o
                0x00005140                pd_typec_init
 .text.pd_phy_is_busy
                0x00005190       0x28 C:\Users\victo\AppData\Local\Temp\ccGOozWa.ltrans4.ltrans.o
                0x00005190                pd_phy_is_busy
 .text.pd_phy_get_rx_packet
                0x000051b8       0x14 C:\Users\victo\AppData\Local\Temp\ccGOozWa.ltrans4.ltrans.o
                0x000051b8                pd_phy_get_rx_packet
 .text.pd_phy_send_reset
                0x000051cc       0x3c C:\Users\victo\AppData\Local\Temp\ccGOozWa.ltrans4.ltrans.o
                0x000051cc                pd_phy_send_reset
 .text.pd_phy_abort_tx_msg
                0x00005208       0x3c C:\Users\victo\AppData\Local\Temp\ccGOozWa.ltrans4.ltrans.o
                0x00005208                pd_phy_abort_tx_msg
 .text.pd_phy_abort_bist_cm2
                0x00005244       0x28 C:\Users\victo\AppData\Local\Temp\ccGOozWa.ltrans4.ltrans.o
                0x00005244                pd_phy_abort_bist_cm2
 .text.pd_prot_rx_dis
                0x0000526c       0x5c C:\Users\victo\AppData\Local\Temp\ccGOozWa.ltrans4.ltrans.o
                0x0000526c                pd_prot_rx_dis
 .text.pd_prot_rx_en
                0x000052c8       0x3c C:\Users\victo\AppData\Local\Temp\ccGOozWa.ltrans4.ltrans.o
                0x000052c8                pd_prot_rx_en
 .text.pd_prot_stop
                0x00005304       0x30 C:\Users\victo\AppData\Local\Temp\ccGOozWa.ltrans4.ltrans.o
                0x00005304                pd_prot_stop
 .text.pd_phy_send_msg
                0x00005334      0x10c C:\Users\victo\AppData\Local\Temp\ccGOozWa.ltrans4.ltrans.o
                0x00005334                pd_phy_send_msg
 .text.pd_phy_load_msg
                0x00005440       0x64 C:\Users\victo\AppData\Local\Temp\ccGOozWa.ltrans4.ltrans.o
                0x00005440                pd_phy_load_msg
 .text.pd_phy_dis_unchunked_tx
                0x000054a4       0x14 C:\Users\victo\AppData\Local\Temp\ccGOozWa.ltrans4.ltrans.o
                0x000054a4                pd_phy_dis_unchunked_tx
 .text.pd_phy_refresh_roles
                0x000054b8       0x68 C:\Users\victo\AppData\Local\Temp\ccGOozWa.ltrans4.ltrans.o
                0x000054b8                pd_phy_refresh_roles
 .text.pd_phy_init
                0x00005520       0x90 C:\Users\victo\AppData\Local\Temp\ccGOozWa.ltrans4.ltrans.o
                0x00005520                pd_phy_init
 .text.pd_adc_comparator_ctrl
                0x000055b0      0x148 C:\Users\victo\AppData\Local\Temp\ccGOozWa.ltrans4.ltrans.o
                0x000055b0                pd_adc_comparator_ctrl
 .text.pd_typec_get_rp_rd_status
                0x000056f8       0xf8 C:\Users\victo\AppData\Local\Temp\ccGOozWa.ltrans4.ltrans.o
 .text.pd_typec_get_cc_status
                0x000057f0       0xc4 C:\Users\victo\AppData\Local\Temp\ccGOozWa.ltrans4.ltrans.o
                0x000057f0                pd_typec_get_cc_status
 .text.pdss_intr0_handler
                0x000058b4      0x34c C:\Users\victo\AppData\Local\Temp\ccGOozWa.ltrans4.ltrans.o
                0x000058b4                pdss_intr0_handler
 .text.pd_phy_send_bist_cm2
                0x00005c00       0x2c C:\Users\victo\AppData\Local\Temp\ccGOozWa.ltrans4.ltrans.o
                0x00005c00                pd_phy_send_bist_cm2
 .text.psrc_set_current
                0x00005c2c        0x2 C:\Users\victo\AppData\Local\Temp\ccGOozWa.ltrans5.ltrans.o
                0x00005c2c                psrc_set_current
 *fill*         0x00005c2e        0x2 
 .text.vbus_discharge_off
                0x00005c30       0x24 C:\Users\victo\AppData\Local\Temp\ccGOozWa.ltrans5.ltrans.o
                0x00005c30                vbus_discharge_off
 .text.vbus_discharge_on
                0x00005c54       0x28 C:\Users\victo\AppData\Local\Temp\ccGOozWa.ltrans5.ltrans.o
                0x00005c54                vbus_discharge_on
 .text.psnk_set_current
                0x00005c7c        0x2 C:\Users\victo\AppData\Local\Temp\ccGOozWa.ltrans5.ltrans.o
                0x00005c7c                psnk_set_current
 *fill*         0x00005c7e        0x2 
 .text.eval_pr_swap
                0x00005c80       0x64 C:\Users\victo\AppData\Local\Temp\ccGOozWa.ltrans5.ltrans.o
                0x00005c80                eval_pr_swap
 .text.eval_dr_swap
                0x00005ce4       0x48 C:\Users\victo\AppData\Local\Temp\ccGOozWa.ltrans5.ltrans.o
                0x00005ce4                eval_dr_swap
 .text.psrc_en_ovp
                0x00005d2c       0x34 C:\Users\victo\AppData\Local\Temp\ccGOozWa.ltrans5.ltrans.o
 .text.psnk_set_voltage
                0x00005d60       0x24 C:\Users\victo\AppData\Local\Temp\ccGOozWa.ltrans5.ltrans.o
                0x00005d60                psnk_set_voltage
 .text.psrc_shutdown
                0x00005d84       0x68 C:\Users\victo\AppData\Local\Temp\ccGOozWa.ltrans5.ltrans.o
 .text.app_psrc_vbus_ovp_cbk
                0x00005dec       0x1c C:\Users\victo\AppData\Local\Temp\ccGOozWa.ltrans5.ltrans.o
 .text.app_psrc_vbus_ocp_cbk
                0x00005e08       0x1c C:\Users\victo\AppData\Local\Temp\ccGOozWa.ltrans5.ltrans.o
 .text.psrc_set_voltage
                0x00005e24       0xb8 C:\Users\victo\AppData\Local\Temp\ccGOozWa.ltrans5.ltrans.o
                0x00005e24                psrc_set_voltage
 .text.psnk_enable
                0x00005edc       0x34 C:\Users\victo\AppData\Local\Temp\ccGOozWa.ltrans5.ltrans.o
                0x00005edc                psnk_enable
 .text.app_snk_db_fet_off_delay_expire
                0x00005f10        0x8 C:\Users\victo\AppData\Local\Temp\ccGOozWa.ltrans5.ltrans.o
 .text.psrc_disable
                0x00005f18       0x7c C:\Users\victo\AppData\Local\Temp\ccGOozWa.ltrans5.ltrans.o
                0x00005f18                psrc_disable
 .text.psnk_disable
                0x00005f94       0x84 C:\Users\victo\AppData\Local\Temp\ccGOozWa.ltrans5.ltrans.o
                0x00005f94                psnk_disable
 .text.app_psnk_vbus_ovp_cbk
                0x00006018       0x38 C:\Users\victo\AppData\Local\Temp\ccGOozWa.ltrans5.ltrans.o
 .text.app_psrc_tmr_cbk
                0x00006050      0x138 C:\Users\victo\AppData\Local\Temp\ccGOozWa.ltrans5.ltrans.o
 .text.app_psnk_tmr_cbk
                0x00006188       0x60 C:\Users\victo\AppData\Local\Temp\ccGOozWa.ltrans5.ltrans.o
 .text.psrc_enable
                0x000061e8       0xf0 C:\Users\victo\AppData\Local\Temp\ccGOozWa.ltrans5.ltrans.o
                0x000061e8                psrc_enable
 .text.IntDefaultHandler
                0x000062d8        0x2 C:\Users\victo\AppData\Local\Temp\ccGOozWa.ltrans6.ltrans.o
 *fill*         0x000062da        0x2 
 .text.save_svids.constprop.13
                0x000062dc       0xc0 C:\Users\victo\AppData\Local\Temp\ccGOozWa.ltrans6.ltrans.o
                0x000062dc                save_svids.constprop.13
 .text.app_ovp_disable.constprop.11
                0x0000639c       0x28 C:\Users\victo\AppData\Local\Temp\ccGOozWa.ltrans6.ltrans.o
                0x0000639c                app_ovp_disable.constprop.11
 .text.I2C_CFG_Read
                0x000063c4       0x10 C:\Users\victo\AppData\Local\Temp\ccGOozWa.ltrans6.ltrans.o
                0x000063c4                I2C_CFG_Read
 .text.I2C_CFG_Write
                0x000063d4       0x18 C:\Users\victo\AppData\Local\Temp\ccGOozWa.ltrans6.ltrans.o
                0x000063d4                I2C_CFG_Write
 .text.I2C_CFG_SetDriveMode
                0x000063ec       0x18 C:\Users\victo\AppData\Local\Temp\ccGOozWa.ltrans6.ltrans.o
                0x000063ec                I2C_CFG_SetDriveMode
 .text.EC_INT_Write
                0x00006404       0x18 C:\Users\victo\AppData\Local\Temp\ccGOozWa.ltrans6.ltrans.o
                0x00006404                EC_INT_Write
 .text.UART_PutCRLF
                0x0000641c       0x10 C:\Users\victo\AppData\Local\Temp\ccGOozWa.ltrans6.ltrans.o
                0x0000641c                UART_PutCRLF
 .text.UART_PutString
                0x0000642c       0x1a C:\Users\victo\AppData\Local\Temp\ccGOozWa.ltrans6.ltrans.o
                0x0000642c                UART_PutString
 .text.CyDelayUs
                0x00006446        0xc C:\Users\victo\AppData\Local\Temp\ccGOozWa.ltrans6.ltrans.o
                0x00006446                CyDelayUs
 *fill*         0x00006452        0x2 
 .text.CySoftwareReset
                0x00006454       0x18 C:\Users\victo\AppData\Local\Temp\ccGOozWa.ltrans6.ltrans.o
                0x00006454                CySoftwareReset
 .text.CyIntEnable
                0x0000646c       0x14 C:\Users\victo\AppData\Local\Temp\ccGOozWa.ltrans6.ltrans.o
                0x0000646c                CyIntEnable
 .text.CyIntSetVector
                0x00006480       0x18 C:\Users\victo\AppData\Local\Temp\ccGOozWa.ltrans6.ltrans.o
                0x00006480                CyIntSetVector
 .text.CySysFlashWriteRow
                0x00006498      0x170 C:\Users\victo\AppData\Local\Temp\ccGOozWa.ltrans6.ltrans.o
                0x00006498                CySysFlashWriteRow
 .text.startup.initialize_psoc
                0x00006608      0x248 C:\Users\victo\AppData\Local\Temp\ccGOozWa.ltrans6.ltrans.o
 .text.pdss_intr1_handler
                0x00006850       0xd8 C:\Users\victo\AppData\Local\Temp\ccGOozWa.ltrans6.ltrans.o
                0x00006850                pdss_intr1_handler
 .text.pd_adc_calibrate
                0x00006928       0xfc C:\Users\victo\AppData\Local\Temp\ccGOozWa.ltrans6.ltrans.o
                0x00006928                pd_adc_calibrate
 .text.PS8740_I2C_Write.constprop.20
                0x00006a24       0xe4 C:\Users\victo\AppData\Local\Temp\ccGOozWa.ltrans6.ltrans.o
                0x00006a24                PS8740_I2C_Write.constprop.20
 .text.Start_c  0x00006b08       0x48 C:\Users\victo\AppData\Local\Temp\ccGOozWa.ltrans6.ltrans.o
 .text.pd_phy_vbus_detach_cbk
                0x00006b50        0x2 C:\Users\victo\AppData\Local\Temp\ccGOozWa.ltrans7.ltrans.o
 *fill*         0x00006b52        0x2 
 .text.vbus_ocp_handler
                0x00006b54       0x38 C:\Users\victo\AppData\Local\Temp\ccGOozWa.ltrans7.ltrans.o
 .text.vbus_ocp_port1_handler
                0x00006b8c        0xa C:\Users\victo\AppData\Local\Temp\ccGOozWa.ltrans7.ltrans.o
                0x00006b8c                vbus_ocp_port1_handler
 .text.vbus_ocp_port0_handler
                0x00006b96        0xa C:\Users\victo\AppData\Local\Temp\ccGOozWa.ltrans7.ltrans.o
                0x00006b96                vbus_ocp_port0_handler
 .text.pdss_port0_intr0_handler
                0x00006ba0        0xa C:\Users\victo\AppData\Local\Temp\ccGOozWa.ltrans7.ltrans.o
 .text.pdss_port1_intr0_handler
                0x00006baa        0xa C:\Users\victo\AppData\Local\Temp\ccGOozWa.ltrans7.ltrans.o
 .text.pdss_port0_intr1_handler
                0x00006bb4        0xa C:\Users\victo\AppData\Local\Temp\ccGOozWa.ltrans7.ltrans.o
 .text.pdss_port1_intr1_handler
                0x00006bbe        0xa C:\Users\victo\AppData\Local\Temp\ccGOozWa.ltrans7.ltrans.o
 .text.pd_phy_wakeup
                0x00006bc8       0x58 C:\Users\victo\AppData\Local\Temp\ccGOozWa.ltrans7.ltrans.o
                0x00006bc8                pd_phy_wakeup
 .text.pd_phy_deepsleep
                0x00006c20      0x2b8 C:\Users\victo\AppData\Local\Temp\ccGOozWa.ltrans7.ltrans.o
                0x00006c20                pd_phy_deepsleep
 .text.pd_hal_init
                0x00006ed8      0x114 C:\Users\victo\AppData\Local\Temp\ccGOozWa.ltrans7.ltrans.o
                0x00006ed8                pd_hal_init
 *fill*         0x00006fec        0x4 
 .text          0x00006ff0       0x28 .\CortexM0\ARM_GCC_493\Debug\CYPD4225-40LQXI_notebook01_1.a(CyBootAsmGnu.o)
                0x00006ff0                CyDelayCycles
                0x00007004                CyEnterCriticalSection
                0x0000700c                CyExitCriticalSection
 *fill*         0x00007018        0x8 
 .text          0x00007020       0xe0 .\CortexM0\ARM_GCC_493\Debug\CYPD4225-40LQXI_notebook01_1.a(UART_AsmGnu.o)
                0x00007020                UART_PutChar
 .text.hpi_reg_handle_queue
                0x00007100       0x8c .\lib\ccg4_dualport\libccgx_hpi.a(hpi.o)
 .text.hpi_reg_handle_intr_write
                0x0000718c       0x7c .\lib\ccg4_dualport\libccgx_hpi.a(hpi.o)
 .text.hpi_initiate_dpm_command
                0x00007208       0x94 .\lib\ccg4_dualport\libccgx_hpi.a(hpi.o)
 .text.hpi_reset_dev
                0x0000729c       0x54 .\lib\ccg4_dualport\libccgx_hpi.a(hpi.o)
 .text.hpi_i2c_cmd_callback
                0x000072f0      0x368 .\lib\ccg4_dualport\libccgx_hpi.a(hpi.o)
 .text.hpi_queue_pd_msg.constprop.5
                0x00007658       0xcc .\lib\ccg4_dualport\libccgx_hpi.a(hpi.o)
 .text.hpi_is_ec_ready
                0x00007724        0xc .\lib\ccg4_dualport\libccgx_hpi.a(hpi.o)
                0x00007724                hpi_is_ec_ready
 .text.hpi_is_vdm_ec_ctrl_enabled
                0x00007730       0x18 .\lib\ccg4_dualport\libccgx_hpi.a(hpi.o)
                0x00007730                hpi_is_vdm_ec_ctrl_enabled
 .text.hpi_set_mode_regs
                0x00007748       0x10 .\lib\ccg4_dualport\libccgx_hpi.a(hpi.o)
                0x00007748                hpi_set_mode_regs
 .text.hpi_update_versions
                0x00007758       0x38 .\lib\ccg4_dualport\libccgx_hpi.a(hpi.o)
                0x00007758                hpi_update_versions
 .text.hpi_update_fw_locations
                0x00007790       0x14 .\lib\ccg4_dualport\libccgx_hpi.a(hpi.o)
                0x00007790                hpi_update_fw_locations
 .text.hpi_reg_enqueue_event
                0x000077a4       0xb4 .\lib\ccg4_dualport\libccgx_hpi.a(hpi.o)
                0x000077a4                hpi_reg_enqueue_event
 .text.hpi_abort_pd_retry
                0x00007858       0x2c .\lib\ccg4_dualport\libccgx_hpi.a(hpi.o)
 .text.hpi_pd_event_handler
                0x00007884      0x320 .\lib\ccg4_dualport\libccgx_hpi.a(hpi.o)
                0x00007884                hpi_pd_event_handler
 .text.hpi_dpm_cb
                0x00007ba4       0x2c .\lib\ccg4_dualport\libccgx_hpi.a(hpi.o)
 .text.hpi_pd_port_disable_cb
                0x00007bd0       0x3c .\lib\ccg4_dualport\libccgx_hpi.a(hpi.o)
 .text.hpi_typec_cmd_cb
                0x00007c0c       0x30 .\lib\ccg4_dualport\libccgx_hpi.a(hpi.o)
 .text.hpi_get_port_enable
                0x00007c3c        0xc .\lib\ccg4_dualport\libccgx_hpi.a(hpi.o)
                0x00007c3c                hpi_get_port_enable
 .text.hpi_task
                0x00007c48      0xa20 .\lib\ccg4_dualport\libccgx_hpi.a(hpi.o)
                0x00007c48                hpi_task
 .text.hpi_send_fw_ready_event
                0x00008668       0x10 .\lib\ccg4_dualport\libccgx_hpi.a(hpi.o)
                0x00008668                hpi_send_fw_ready_event
 .text.hpi_init
                0x00008678      0x184 .\lib\ccg4_dualport\libccgx_hpi.a(hpi.o)
                0x00008678                hpi_init
 .text.hpi_sleep_allowed
                0x000087fc       0x48 .\lib\ccg4_dualport\libccgx_hpi.a(hpi.o)
                0x000087fc                hpi_sleep_allowed
 .text.hpi_sleep
                0x00008844       0x30 .\lib\ccg4_dualport\libccgx_hpi.a(hpi.o)
                0x00008844                hpi_sleep
 .text.i2c_scb_read.constprop.0
                0x00008874       0x70 .\lib\ccg4_dualport\libccgx_hpi.a(i2c.o)
 .text.i2c_slave_ack_ctrl
                0x000088e4       0x2c .\lib\ccg4_dualport\libccgx_hpi.a(i2c.o)
                0x000088e4                i2c_slave_ack_ctrl
 .text.i2c_reset
                0x00008910       0x60 .\lib\ccg4_dualport\libccgx_hpi.a(i2c.o)
                0x00008910                i2c_reset
 .text.i2c_scb_intr_handler
                0x00008970      0x260 .\lib\ccg4_dualport\libccgx_hpi.a(i2c.o)
 .text.i2c_scb_3_intr_handler
                0x00008bd0        0xa .\lib\ccg4_dualport\libccgx_hpi.a(i2c.o)
 .text.i2c_scb_2_intr_handler
                0x00008bda        0xa .\lib\ccg4_dualport\libccgx_hpi.a(i2c.o)
 .text.i2c_scb_1_intr_handler
                0x00008be4        0xa .\lib\ccg4_dualport\libccgx_hpi.a(i2c.o)
 .text.i2c_scb_0_intr_handler
                0x00008bee        0xa .\lib\ccg4_dualport\libccgx_hpi.a(i2c.o)
 .text.i2c_timer_cb
                0x00008bf8       0x28 .\lib\ccg4_dualport\libccgx_hpi.a(i2c.o)
 .text.i2c_scb_is_idle
                0x00008c20       0x2c .\lib\ccg4_dualport\libccgx_hpi.a(i2c.o)
                0x00008c20                i2c_scb_is_idle
 .text.i2c_scb_enable_wakeup
                0x00008c4c       0x1c .\lib\ccg4_dualport\libccgx_hpi.a(i2c.o)
                0x00008c4c                i2c_scb_enable_wakeup
 .text.i2c_scb_init
                0x00008c68      0x148 .\lib\ccg4_dualport\libccgx_hpi.a(i2c.o)
                0x00008c68                i2c_scb_init
 .text.i2c_scb_write
                0x00008db0       0x4c .\lib\ccg4_dualport\libccgx_hpi.a(i2c.o)
                0x00008db0                i2c_scb_write
 .text.do_nothing
                0x00008dfc        0x2 .\lib\ccg4_dualport\libccgx_pd.a(pd_policy_engine.o)
 .text.gn_ams_ready__entry
                0x00008dfe        0x2 .\lib\ccg4_dualport\libccgx_pd.a(pd_policy_engine.o)
 .text.gn_ams_ready__timeout
                0x00008e00        0x2 .\lib\ccg4_dualport\libccgx_pd.a(pd_policy_engine.o)
 .text.gn_ams_ready__fr_signal_rcvd
                0x00008e02        0x2 .\lib\ccg4_dualport\libccgx_pd.a(pd_policy_engine.o)
 .text.gn_ams_reject__fr_signal_rcvd
                0x00008e04        0x2 .\lib\ccg4_dualport\libccgx_pd.a(pd_policy_engine.o)
 .text.gn_ams_send_sr_sp_dp__fr_signal_rcvd
                0x00008e06        0x2 .\lib\ccg4_dualport\libccgx_pd.a(pd_policy_engine.o)
 .text.gn_ams_send_cbl_reset__fr_signal_rcvd
                0x00008e08        0x2 .\lib\ccg4_dualport\libccgx_pd.a(pd_policy_engine.o)
 .text.gn_ams_eval_vdm__fr_signal_rcvd
                0x00008e0a        0x2 .\lib\ccg4_dualport\libccgx_pd.a(pd_policy_engine.o)
 .text.gn_ams_send_vdm__fr_signal_rcvd
                0x00008e0c        0x2 .\lib\ccg4_dualport\libccgx_pd.a(pd_policy_engine.o)
 .text.pe_dpm_cmd_clear
                0x00008e0e       0x14 .\lib\ccg4_dualport\libccgx_pd.a(pd_policy_engine.o)
 *fill*         0x00008e22        0x2 
 .text.vs_ams_eval_vconn_swap__entry
                0x00008e24       0x1c .\lib\ccg4_dualport\libccgx_pd.a(pd_policy_engine.o)
 .text.check_vconn_swap_required
                0x00008e40       0x94 .\lib\ccg4_dualport\libccgx_pd.a(pd_policy_engine.o)
 .text.dr_ams_eval_dr_swap__entry
                0x00008ed4       0x1c .\lib\ccg4_dualport\libccgx_pd.a(pd_policy_engine.o)
 .text.pr_ams_eval_pr_swap__entry
                0x00008ef0       0x1c .\lib\ccg4_dualport\libccgx_pd.a(pd_policy_engine.o)
 .text.src_ams_neg_cap__entry
                0x00008f0c       0x30 .\lib\ccg4_dualport\libccgx_pd.a(pd_policy_engine.o)
 .text.pe_dpm_cmd_response
                0x00008f3c       0x68 .\lib\ccg4_dualport\libccgx_pd.a(pd_policy_engine.o)
 .text.pe_ams__dpm_cmd_unexpected
                0x00008fa4        0xc .\lib\ccg4_dualport\libccgx_pd.a(pd_policy_engine.o)
 .text.src_ams_pd_connected
                0x00008fb0       0x40 .\lib\ccg4_dualport\libccgx_pd.a(pd_policy_engine.o)
 .text.pe_ams_send_hr
                0x00008ff0       0x4a .\lib\ccg4_dualport\libccgx_pd.a(pd_policy_engine.o)
 *fill*         0x0000903a        0x2 
 .text.snk_ams_snk_trans_snk__timeout
                0x0000903c       0x48 .\lib\ccg4_dualport\libccgx_pd.a(pd_policy_engine.o)
 .text.snk_ams_snk_sel_cap__timeout
                0x00009084       0x1e .\lib\ccg4_dualport\libccgx_pd.a(pd_policy_engine.o)
 .text.src_ams_src_send_cap__timeout
                0x000090a2       0x1e .\lib\ccg4_dualport\libccgx_pd.a(pd_policy_engine.o)
 .text.sr_ams_send_sr__timeout
                0x000090c0       0x28 .\lib\ccg4_dualport\libccgx_pd.a(pd_policy_engine.o)
 .text.sr_ams_send_sr__tx_fail
                0x000090e8       0x14 .\lib\ccg4_dualport\libccgx_pd.a(pd_policy_engine.o)
 .text.sr_ams_send_sr__tx_discarded
                0x000090fc       0x14 .\lib\ccg4_dualport\libccgx_pd.a(pd_policy_engine.o)
 .text.pe_ams__hr_rcvd
                0x00009110       0x5a .\lib\ccg4_dualport\libccgx_pd.a(pd_policy_engine.o)
 *fill*         0x0000916a        0x2 
 .text.gn_ams_eval_vdm__entry
                0x0000916c       0x54 .\lib\ccg4_dualport\libccgx_pd.a(pd_policy_engine.o)
 .text.gn_ams_send_sr_sp_dp__tx_success
                0x000091c0       0x34 .\lib\ccg4_dualport\libccgx_pd.a(pd_policy_engine.o)
 .text.gn_ams_get_resp__tx_success
                0x000091f4       0x20 .\lib\ccg4_dualport\libccgx_pd.a(pd_policy_engine.o)
 .text.vs_ams_turn_off_vconn__entry
                0x00009214       0x14 .\lib\ccg4_dualport\libccgx_pd.a(pd_policy_engine.o)
 .text.vs_ams_turn_on_vconn__entry
                0x00009228       0x2c .\lib\ccg4_dualport\libccgx_pd.a(pd_policy_engine.o)
 .text.vs_ams_send_vconn_swap__tx_success
                0x00009254       0x20 .\lib\ccg4_dualport\libccgx_pd.a(pd_policy_engine.o)
 .text.dr_ams_send_dr_swap__tx_success
                0x00009274       0x20 .\lib\ccg4_dualport\libccgx_pd.a(pd_policy_engine.o)
 .text.pr_ams_snk_src_wait_ps_rdy__entry
                0x00009294       0x34 .\lib\ccg4_dualport\libccgx_pd.a(pd_policy_engine.o)
 .text.pr_ams_src_snk_wait_ps_rdy__entry
                0x000092c8       0x14 .\lib\ccg4_dualport\libccgx_pd.a(pd_policy_engine.o)
 .text.pr_ams_src_snk_remove_vbus__entry
                0x000092dc       0x30 .\lib\ccg4_dualport\libccgx_pd.a(pd_policy_engine.o)
 .text.pr_ams_src_snk_trans__entry
                0x0000930c       0x14 .\lib\ccg4_dualport\libccgx_pd.a(pd_policy_engine.o)
 .text.pr_ams_send_pr_swap__tx_success
                0x00009320       0x20 .\lib\ccg4_dualport\libccgx_pd.a(pd_policy_engine.o)
 .text.snk_ams_snk_trans_snk__entry
                0x00009340      0x174 .\lib\ccg4_dualport\libccgx_pd.a(pd_policy_engine.o)
 .text.snk_ams_snk_sel_cap__entry
                0x000094b4       0x14 .\lib\ccg4_dualport\libccgx_pd.a(pd_policy_engine.o)
 .text.snk_ams_snk_wait_for_cap__entry
                0x000094c8       0x14 .\lib\ccg4_dualport\libccgx_pd.a(pd_policy_engine.o)
 .text.src_ams_send_ps_rdy__entry
                0x000094dc      0x124 .\lib\ccg4_dualport\libccgx_pd.a(pd_policy_engine.o)
 .text.src_ams_trans_supply__tx_success
                0x00009600       0x24 .\lib\ccg4_dualport\libccgx_pd.a(pd_policy_engine.o)
 .text.src_ams_src_send_cap__tx_success
                0x00009624       0x1c .\lib\ccg4_dualport\libccgx_pd.a(pd_policy_engine.o)
 .text.src_ams_src_snd_cbl_dscid__tx_success
                0x00009640       0x14 .\lib\ccg4_dualport\libccgx_pd.a(pd_policy_engine.o)
 .text.src_ams_src_send_cbl_sr__tx_success
                0x00009654       0x14 .\lib\ccg4_dualport\libccgx_pd.a(pd_policy_engine.o)
 .text.sr_ams_send_sr__tx_success
                0x00009668       0x50 .\lib\ccg4_dualport\libccgx_pd.a(pd_policy_engine.o)
 .text.hr_ams_src_apply_vbus__entry
                0x000096b8       0x50 .\lib\ccg4_dualport\libccgx_pd.a(pd_policy_engine.o)
 .text.hr_ams_src_recover__entry
                0x00009708       0x18 .\lib\ccg4_dualport\libccgx_pd.a(pd_policy_engine.o)
 .text.vs_cbk   0x00009720       0x7c .\lib\ccg4_dualport\libccgx_pd.a(pd_policy_engine.o)
 .text.pe_tmr_cbk
                0x0000979c       0x24 .\lib\ccg4_dualport\libccgx_pd.a(pd_policy_engine.o)
 .text.pe_vdm_resp_cbk
                0x000097c0       0x28 .\lib\ccg4_dualport\libccgx_pd.a(pd_policy_engine.o)
 .text.gn_ams_send_sr_sp_dp__timeout
                0x000097e8       0x34 .\lib\ccg4_dualport\libccgx_pd.a(pd_policy_engine.o)
 .text.gn_ams_jump_to_ready
                0x0000981c       0x18 .\lib\ccg4_dualport\libccgx_pd.a(pd_policy_engine.o)
 .text.gn_ams_send_vdm__timeout
                0x00009834       0x28 .\lib\ccg4_dualport\libccgx_pd.a(pd_policy_engine.o)
 .text.gn_ams_send_vdm__tx_discarded
                0x0000985c       0x14 .\lib\ccg4_dualport\libccgx_pd.a(pd_policy_engine.o)
 .text.gn_ams_send_cbl_reset__tx_fail
                0x00009870       0x14 .\lib\ccg4_dualport\libccgx_pd.a(pd_policy_engine.o)
 .text.gn_ams_send_cbl_reset__tx_discarded
                0x00009884       0x14 .\lib\ccg4_dualport\libccgx_pd.a(pd_policy_engine.o)
 .text.gn_ams_send_cbl_reset__tx_success
                0x00009898       0x2e .\lib\ccg4_dualport\libccgx_pd.a(pd_policy_engine.o)
 .text.gn_ams_send_sr_sp_dp__tx_fail
                0x000098c6       0x14 .\lib\ccg4_dualport\libccgx_pd.a(pd_policy_engine.o)
 .text.gn_ams_send_sr_sp_dp__tx_discarded
                0x000098da       0x14 .\lib\ccg4_dualport\libccgx_pd.a(pd_policy_engine.o)
 .text.gn_ams_get_resp__timeout
                0x000098ee       0x28 .\lib\ccg4_dualport\libccgx_pd.a(pd_policy_engine.o)
 .text.gn_ams_get_resp__tx_discarded
                0x00009916       0x14 .\lib\ccg4_dualport\libccgx_pd.a(pd_policy_engine.o)
 .text.jump_to_generic_ams
                0x0000992a       0x20 .\lib\ccg4_dualport\libccgx_pd.a(pd_policy_engine.o)
 .text.vs_ams_vs_swap_fail
                0x0000994a       0x14 .\lib\ccg4_dualport\libccgx_pd.a(pd_policy_engine.o)
 *fill*         0x0000995e        0x2 
 .text.vs_ams_turn_on_vconn__tx_success
                0x00009960       0x50 .\lib\ccg4_dualport\libccgx_pd.a(pd_policy_engine.o)
 .text.vs_ams_send_vconn_swap__timeout
                0x000099b0       0x28 .\lib\ccg4_dualport\libccgx_pd.a(pd_policy_engine.o)
 .text.vs_ams_send_vconn_swap__tx_discarded
                0x000099d8       0x14 .\lib\ccg4_dualport\libccgx_pd.a(pd_policy_engine.o)
 .text.dr_ams_send_dr_swap__timeout
                0x000099ec       0x28 .\lib\ccg4_dualport\libccgx_pd.a(pd_policy_engine.o)
 .text.dr_ams_send_dr_swap__tx_discarded
                0x00009a14       0x14 .\lib\ccg4_dualport\libccgx_pd.a(pd_policy_engine.o)
 .text.pr_ams_send_pr_swap__timeout
                0x00009a28       0x28 .\lib\ccg4_dualport\libccgx_pd.a(pd_policy_engine.o)
 .text.pr_ams_send_pr_swap__tx_discarded
                0x00009a50       0x14 .\lib\ccg4_dualport\libccgx_pd.a(pd_policy_engine.o)
 .text.vs_ams_vs_swap_accepted
                0x00009a64       0x26 .\lib\ccg4_dualport\libccgx_pd.a(pd_policy_engine.o)
 *fill*         0x00009a8a        0x2 
 .text.vs_ams_eval_vconn_swap__tx_success
                0x00009a8c       0x48 .\lib\ccg4_dualport\libccgx_pd.a(pd_policy_engine.o)
 .text.pe_app_resp_cbk
                0x00009ad4       0x28 .\lib\ccg4_dualport\libccgx_pd.a(pd_policy_engine.o)
 .text.dr_ams_eval_dr_swap__tx_success
                0x00009afc       0x50 .\lib\ccg4_dualport\libccgx_pd.a(pd_policy_engine.o)
 .text.pr_ams_snk_src_apply_vbus__tx_success
                0x00009b4c       0x58 .\lib\ccg4_dualport\libccgx_pd.a(pd_policy_engine.o)
 .text.pe_pwr_ready_cbk
                0x00009ba4        0xa .\lib\ccg4_dualport\libccgx_pd.a(pd_policy_engine.o)
 .text.pr_ams_src_snk_remove_vbus__tx_success
                0x00009bae       0x16 .\lib\ccg4_dualport\libccgx_pd.a(pd_policy_engine.o)
 .text.pr_ams_src_snk_trans__timeout
                0x00009bc4       0x18 .\lib\ccg4_dualport\libccgx_pd.a(pd_policy_engine.o)
 .text.pr_ams_pr_swap_accepted
                0x00009bdc       0x2c .\lib\ccg4_dualport\libccgx_pd.a(pd_policy_engine.o)
 .text.pr_ams_eval_pr_swap__tx_success
                0x00009c08       0x48 .\lib\ccg4_dualport\libccgx_pd.a(pd_policy_engine.o)
 .text.snk_ams_snk_eval_cap__tx_success
                0x00009c50       0x18 .\lib\ccg4_dualport\libccgx_pd.a(pd_policy_engine.o)
 .text.src_ams_wait_new_cap__dpm_cmd_rcvd
                0x00009c68       0x22 .\lib\ccg4_dualport\libccgx_pd.a(pd_policy_engine.o)
 .text.src_ams_trans_supply__timeout
                0x00009c8a       0x18 .\lib\ccg4_dualport\libccgx_pd.a(pd_policy_engine.o)
 *fill*         0x00009ca2        0x2 
 .text.src_ams_discovery__entry
                0x00009ca4       0x54 .\lib\ccg4_dualport\libccgx_pd.a(pd_policy_engine.o)
 .text.src_ams_src_send_cbl_sr_cbl_fail
                0x00009cf8       0x2c .\lib\ccg4_dualport\libccgx_pd.a(pd_policy_engine.o)
 .text.src_ams_src_send_cbl_sr__timeout
                0x00009d24       0x1e .\lib\ccg4_dualport\libccgx_pd.a(pd_policy_engine.o)
 *fill*         0x00009d42        0x2 
 .text.src_ams_src_startup__timeout
                0x00009d44       0x4c .\lib\ccg4_dualport\libccgx_pd.a(pd_policy_engine.o)
 .text.pe_ams_send_sr
                0x00009d90       0x60 .\lib\ccg4_dualport\libccgx_pd.a(pd_policy_engine.o)
 .text.gn_ams_send_vdm__tx_fail
                0x00009df0       0x2c .\lib\ccg4_dualport\libccgx_pd.a(pd_policy_engine.o)
 .text.gn_ams_get_resp__tx_fail
                0x00009e1c       0x14 .\lib\ccg4_dualport\libccgx_pd.a(pd_policy_engine.o)
 .text.vs_ams_send_vconn_swap__tx_fail
                0x00009e30       0x14 .\lib\ccg4_dualport\libccgx_pd.a(pd_policy_engine.o)
 .text.vs_ams_eval_vconn_swap__tx_discarded
                0x00009e44        0x8 .\lib\ccg4_dualport\libccgx_pd.a(pd_policy_engine.o)
 .text.dr_ams_send_dr_swap__tx_fail
                0x00009e4c       0x14 .\lib\ccg4_dualport\libccgx_pd.a(pd_policy_engine.o)
 .text.pr_ams_send_pr_swap__tx_fail
                0x00009e60       0x14 .\lib\ccg4_dualport\libccgx_pd.a(pd_policy_engine.o)
 .text.snk_ams_snk_eval_cap__tx_discarded
                0x00009e74       0x22 .\lib\ccg4_dualport\libccgx_pd.a(pd_policy_engine.o)
 .text.src_ams_trans_supply__tx_fail
                0x00009e96       0x14 .\lib\ccg4_dualport\libccgx_pd.a(pd_policy_engine.o)
 .text.src_ams_trans_supply__tx_discarded
                0x00009eaa       0x14 .\lib\ccg4_dualport\libccgx_pd.a(pd_policy_engine.o)
 *fill*         0x00009ebe        0x2 
 .text.gn_ams_ready__dpm_cmd_rcvd
                0x00009ec0       0xec .\lib\ccg4_dualport\libccgx_pd.a(pd_policy_engine.o)
 .text.src_ams_src_send_cap__tx_failed
                0x00009fac       0x58 .\lib\ccg4_dualport\libccgx_pd.a(pd_policy_engine.o)
 .text.src_ams_src_send_cap__tx_discarded
                0x0000a004       0x48 .\lib\ccg4_dualport\libccgx_pd.a(pd_policy_engine.o)
 .text.sr_ams_exit
                0x0000a04c       0x3e .\lib\ccg4_dualport\libccgx_pd.a(pd_policy_engine.o)
 .text.sr_ams_rcvd_sr__tx_success
                0x0000a08a        0x8 .\lib\ccg4_dualport\libccgx_pd.a(pd_policy_engine.o)
 *fill*         0x0000a092        0x2 
 .text.pe_ams__sr_rcvd
                0x0000a094       0x54 .\lib\ccg4_dualport\libccgx_pd.a(pd_policy_engine.o)
 .text.hr_ams_hr_reset_complete
                0x0000a0e8       0x8c .\lib\ccg4_dualport\libccgx_pd.a(pd_policy_engine.o)
 .text.hr_ams_snk_wait_vbus_on__timeout
                0x0000a174        0x8 .\lib\ccg4_dualport\libccgx_pd.a(pd_policy_engine.o)
 .text.hr_ams_src_apply_vbus__pwr_rdy
                0x0000a17c       0x30 .\lib\ccg4_dualport\libccgx_pd.a(pd_policy_engine.o)
 .text.hr_ams_jump_to_snk_wait_vbus_on
                0x0000a1ac       0x40 .\lib\ccg4_dualport\libccgx_pd.a(pd_policy_engine.o)
 .text.hr_ams_src_recover__timeout
                0x0000a1ec       0x18 .\lib\ccg4_dualport\libccgx_pd.a(pd_policy_engine.o)
 .text.hr_ams_src_tran_to_dflt__pwr_rdy
                0x0000a204       0x2c .\lib\ccg4_dualport\libccgx_pd.a(pd_policy_engine.o)
 .text.hr_ams_send_hr__tx_over
                0x0000a230       0x44 .\lib\ccg4_dualport\libccgx_pd.a(pd_policy_engine.o)
 .text.pd_cbk   0x0000a274        0x8 .\lib\ccg4_dualport\libccgx_pd.a(pd_policy_engine.o)
 .text.gn_ams_send_vdm__entry
                0x0000a27c       0x1e .\lib\ccg4_dualport\libccgx_pd.a(pd_policy_engine.o)
 *fill*         0x0000a29a        0x2 
 .text.gn_ams_eval_vdm__vdm_resp_rcvd
                0x0000a29c       0x4c .\lib\ccg4_dualport\libccgx_pd.a(pd_policy_engine.o)
 .text.snk_ams_snk_eval_cap__app_resp_rcvd
                0x0000a2e8       0x4c .\lib\ccg4_dualport\libccgx_pd.a(pd_policy_engine.o)
 .text.src_ams_src_snd_cbl_dscid__entry
                0x0000a334       0x40 .\lib\ccg4_dualport\libccgx_pd.a(pd_policy_engine.o)
 .text.gn_ams_send_cbl_reset__entry
                0x0000a374       0x1a .\lib\ccg4_dualport\libccgx_pd.a(pd_policy_engine.o)
 .text.gn_ams_send_sr_sp_dp__entry
                0x0000a38e       0x24 .\lib\ccg4_dualport\libccgx_pd.a(pd_policy_engine.o)
 *fill*         0x0000a3b2        0x2 
 .text.gn_ams_get_resp__entry
                0x0000a3b4       0x2c .\lib\ccg4_dualport\libccgx_pd.a(pd_policy_engine.o)
 .text.gn_ams_reject__entry
                0x0000a3e0        0xc .\lib\ccg4_dualport\libccgx_pd.a(pd_policy_engine.o)
 .text.vs_ams_send_vconn_swap__entry
                0x0000a3ec        0xc .\lib\ccg4_dualport\libccgx_pd.a(pd_policy_engine.o)
 .text.vs_ams_eval_vconn__app_resp_rcvd
                0x0000a3f8       0x3c .\lib\ccg4_dualport\libccgx_pd.a(pd_policy_engine.o)
 .text.dr_ams_send_dr_swap__entry
                0x0000a434        0xc .\lib\ccg4_dualport\libccgx_pd.a(pd_policy_engine.o)
 .text.dr_ams_eval_dr_swap__app_resp_rcvd
                0x0000a440       0x4c .\lib\ccg4_dualport\libccgx_pd.a(pd_policy_engine.o)
 .text.pr_ams_snk_src_apply_vbus__pwr_rdy
                0x0000a48c       0x20 .\lib\ccg4_dualport\libccgx_pd.a(pd_policy_engine.o)
 .text.pr_ams_send_pr_swap__entry
                0x0000a4ac        0xc .\lib\ccg4_dualport\libccgx_pd.a(pd_policy_engine.o)
 .text.pr_ams_eval_pr_swap__app_resp_rcvd
                0x0000a4b8       0xe0 .\lib\ccg4_dualport\libccgx_pd.a(pd_policy_engine.o)
 .text.src_ams_send_ps_rdy__pwr_rdy
                0x0000a598       0x20 .\lib\ccg4_dualport\libccgx_pd.a(pd_policy_engine.o)
 .text.src_ams_trans_supply__entry
                0x0000a5b8       0x38 .\lib\ccg4_dualport\libccgx_pd.a(pd_policy_engine.o)
 .text.src_ams_neg_cap__app_resp_rcvd
                0x0000a5f0       0x3c .\lib\ccg4_dualport\libccgx_pd.a(pd_policy_engine.o)
 .text.src_ams_src_send_cbl_sr__entry
                0x0000a62c       0x16 .\lib\ccg4_dualport\libccgx_pd.a(pd_policy_engine.o)
 .text.sr_ams_rcvd_sr__entry
                0x0000a642       0x16 .\lib\ccg4_dualport\libccgx_pd.a(pd_policy_engine.o)
 .text.sr_ams_send_sr__entry
                0x0000a658       0x1e .\lib\ccg4_dualport\libccgx_pd.a(pd_policy_engine.o)
 .text.gn_ams_give_snk_cap__entry
                0x0000a676       0x28 .\lib\ccg4_dualport\libccgx_pd.a(pd_policy_engine.o)
 *fill*         0x0000a69e        0x2 
 .text.snk_ams_snk_eval_cap__entry
                0x0000a6a0       0x40 .\lib\ccg4_dualport\libccgx_pd.a(pd_policy_engine.o)
 .text.gn_ams_give_src_cap__entry
                0x0000a6e0       0x28 .\lib\ccg4_dualport\libccgx_pd.a(pd_policy_engine.o)
 .text.src_ams_src_send_cap__entry
                0x0000a708       0x28 .\lib\ccg4_dualport\libccgx_pd.a(pd_policy_engine.o)
 .text.src_ams_src_snd_cbl_dscid__exit
                0x0000a730       0x40 .\lib\ccg4_dualport\libccgx_pd.a(pd_policy_engine.o)
 .text.dr_ams_chng_data_role__entry
                0x0000a770       0x88 .\lib\ccg4_dualport\libccgx_pd.a(pd_policy_engine.o)
 .text.pr_ams_snk_src_apply_vbus__entry
                0x0000a7f8       0x78 .\lib\ccg4_dualport\libccgx_pd.a(pd_policy_engine.o)
 .text.pr_ams_src_snk_remove_vbus__pwr_rdy
                0x0000a870       0x68 .\lib\ccg4_dualport\libccgx_pd.a(pd_policy_engine.o)
 .text.pe_ams_pe_disabled
                0x0000a8d8       0x46 .\lib\ccg4_dualport\libccgx_pd.a(pd_policy_engine.o)
 *fill*         0x0000a91e        0x2 
 .text.src_ams_discovery__timeout
                0x0000a920       0x3c .\lib\ccg4_dualport\libccgx_pd.a(pd_policy_engine.o)
 .text.snk_ams_snk_startup__entry
                0x0000a95c       0x54 .\lib\ccg4_dualport\libccgx_pd.a(pd_policy_engine.o)
 .text.src_ams_send_ps_rdy__tx_success
                0x0000a9b0       0xa4 .\lib\ccg4_dualport\libccgx_pd.a(pd_policy_engine.o)
 .text.src_ams_neg_cap__tx_success
                0x0000aa54       0x98 .\lib\ccg4_dualport\libccgx_pd.a(pd_policy_engine.o)
 .text.bcm2_ams_enabled__timeout
                0x0000aaec       0x10 .\lib\ccg4_dualport\libccgx_pd.a(pd_policy_engine.o)
 .text.bcm2_ams_enabled__entry
                0x0000aafc       0x24 .\lib\ccg4_dualport\libccgx_pd.a(pd_policy_engine.o)
 .text.btd_ams_enabled__entry
                0x0000ab20        0x8 .\lib\ccg4_dualport\libccgx_pd.a(pd_policy_engine.o)
 .text.pe_ams_reset_flags_on_hr
                0x0000ab28       0x54 .\lib\ccg4_dualport\libccgx_pd.a(pd_policy_engine.o)
 .text.pe_ams_reset_on_hr
                0x0000ab7c       0x44 .\lib\ccg4_dualport\libccgx_pd.a(pd_policy_engine.o)
 .text.hr_ams_snk_tran_to_dflt__entry
                0x0000abc0       0x68 .\lib\ccg4_dualport\libccgx_pd.a(pd_policy_engine.o)
 .text.hr_ams_src_tran_to_dflt__entry
                0x0000ac28       0x34 .\lib\ccg4_dualport\libccgx_pd.a(pd_policy_engine.o)
 .text.pe_reset_flags
                0x0000ac5c       0x74 .\lib\ccg4_dualport\libccgx_pd.a(pd_policy_engine.o)
 .text.gn_ams_send_vdm__tx_success
                0x0000acd0       0x40 .\lib\ccg4_dualport\libccgx_pd.a(pd_policy_engine.o)
 .text.vs_ams_turn_on_vconn__timeout
                0x0000ad10       0x2a .\lib\ccg4_dualport\libccgx_pd.a(pd_policy_engine.o)
 .text.hr_ams_snk_wait_vbus_on__entry
                0x0000ad3a       0x4e .\lib\ccg4_dualport\libccgx_pd.a(pd_policy_engine.o)
 .text.src_ams_src_startup__entry
                0x0000ad88       0x90 .\lib\ccg4_dualport\libccgx_pd.a(pd_policy_engine.o)
 .text.pe_init  0x0000ae18       0x20 .\lib\ccg4_dualport\libccgx_pd.a(pd_policy_engine.o)
                0x0000ae18                pe_init
 .text.pe_start
                0x0000ae38       0x40 .\lib\ccg4_dualport\libccgx_pd.a(pd_policy_engine.o)
                0x0000ae38                pe_start
 .text.pe_stop  0x0000ae78       0x14 .\lib\ccg4_dualport\libccgx_pd.a(pd_policy_engine.o)
                0x0000ae78                pe_stop
 .text.pe_ams_err_recovery
                0x0000ae8c       0x38 .\lib\ccg4_dualport\libccgx_pd.a(pd_policy_engine.o)
 .text.gn_ams_get_resp__fr_signal_rcvd
                0x0000aec4        0x8 .\lib\ccg4_dualport\libccgx_pd.a(pd_policy_engine.o)
 .text.gn_ams_give_snk_cap__fr_signal_rcvd
                0x0000aecc        0x8 .\lib\ccg4_dualport\libccgx_pd.a(pd_policy_engine.o)
 .text.gn_ams_give_src_cap__fr_signal_rcvd
                0x0000aed4        0x8 .\lib\ccg4_dualport\libccgx_pd.a(pd_policy_engine.o)
 .text.pr_ams_snk_src_apply_vbus__timeout
                0x0000aedc        0x8 .\lib\ccg4_dualport\libccgx_pd.a(pd_policy_engine.o)
 .text.pr_ams_src_snk_remove_vbus__timeout
                0x0000aee4        0x8 .\lib\ccg4_dualport\libccgx_pd.a(pd_policy_engine.o)
 .text.src_ams_send_ps_rdy__timeout
                0x0000aeec       0x44 .\lib\ccg4_dualport\libccgx_pd.a(pd_policy_engine.o)
 .text.hr_ams_snk_wait_vbus_off__timeout
                0x0000af30       0x42 .\lib\ccg4_dualport\libccgx_pd.a(pd_policy_engine.o)
 .text.hr_ams_snk_wait_vbus_off__entry
                0x0000af72       0x40 .\lib\ccg4_dualport\libccgx_pd.a(pd_policy_engine.o)
 .text.hr_ams_src_apply_vbus__timeout
                0x0000afb2        0x8 .\lib\ccg4_dualport\libccgx_pd.a(pd_policy_engine.o)
 *fill*         0x0000afba        0x2 
 .text.hr_ams_src_tran_to_dflt__timeout
                0x0000afbc       0x54 .\lib\ccg4_dualport\libccgx_pd.a(pd_policy_engine.o)
 .text.hr_ams_send_hr__entry
                0x0000b010       0x78 .\lib\ccg4_dualport\libccgx_pd.a(pd_policy_engine.o)
 .text.pe_is_busy
                0x0000b088       0x4e .\lib\ccg4_dualport\libccgx_pd.a(pd_policy_engine.o)
                0x0000b088                pe_is_busy
 *fill*         0x0000b0d6        0x2 
 .text.pd_is_msg
                0x0000b0d8       0x74 .\lib\ccg4_dualport\libccgx_pd.a(pd_policy_engine.o)
                0x0000b0d8                pd_is_msg
 .text.gn_ams_get_resp__pkt_rcvd
                0x0000b14c      0x114 .\lib\ccg4_dualport\libccgx_pd.a(pd_policy_engine.o)
 .text.gn_ams_pkt_rcvd
                0x0000b260      0x250 .\lib\ccg4_dualport\libccgx_pd.a(pd_policy_engine.o)
 .text.gn_ams_send_cbl_reset__pkt_rcvd
                0x0000b4b0       0x14 .\lib\ccg4_dualport\libccgx_pd.a(pd_policy_engine.o)
 .text.gn_ams_ready__pkt_rcvd
                0x0000b4c4        0x8 .\lib\ccg4_dualport\libccgx_pd.a(pd_policy_engine.o)
 .text.gn_ams_send_vdm__pkt_rcvd
                0x0000b4cc       0x6c .\lib\ccg4_dualport\libccgx_pd.a(pd_policy_engine.o)
 .text.gn_ams_send_sr_sp_dp__pkt_rcvd
                0x0000b538       0x64 .\lib\ccg4_dualport\libccgx_pd.a(pd_policy_engine.o)
 .text.vs_ams_turn_off_vconn__pkt_rcvd
                0x0000b59c       0x98 .\lib\ccg4_dualport\libccgx_pd.a(pd_policy_engine.o)
 .text.vs_ams_send_vconn_swap__pkt_rcvd
                0x0000b634       0x80 .\lib\ccg4_dualport\libccgx_pd.a(pd_policy_engine.o)
 .text.dr_ams_send_dr_swap__pkt_rcvd
                0x0000b6b4       0x8c .\lib\ccg4_dualport\libccgx_pd.a(pd_policy_engine.o)
 .text.pr_ams_snk_src_wait_ps_rdy__pkt_rcvd
                0x0000b740       0x68 .\lib\ccg4_dualport\libccgx_pd.a(pd_policy_engine.o)
 .text.pr_ams_send_pr_swap__pkt_rcvd
                0x0000b7a8       0x88 .\lib\ccg4_dualport\libccgx_pd.a(pd_policy_engine.o)
 .text.snk_ams_snk_trans_snk__pkt_rcvd
                0x0000b830      0x104 .\lib\ccg4_dualport\libccgx_pd.a(pd_policy_engine.o)
 .text.snk_ams_snk_sel_cap__pkt_rcvd
                0x0000b934       0xc8 .\lib\ccg4_dualport\libccgx_pd.a(pd_policy_engine.o)
 .text.snk_ams_snk_wait_for_cap__pkt_rcvd
                0x0000b9fc       0x78 .\lib\ccg4_dualport\libccgx_pd.a(pd_policy_engine.o)
 .text.src_ams_discovery__pkt_rcvd
                0x0000ba74       0x50 .\lib\ccg4_dualport\libccgx_pd.a(pd_policy_engine.o)
 .text.src_ams_src_send_cap__pkt_rcvd
                0x0000bac4       0x54 .\lib\ccg4_dualport\libccgx_pd.a(pd_policy_engine.o)
 .text.validate_n_store_cbl_vdo
                0x0000bb18       0x8a .\lib\ccg4_dualport\libccgx_pd.a(pd_policy_engine.o)
 *fill*         0x0000bba2        0x2 
 .text.src_ams_src_snd_cbl_dscid__pkt_rcvd
                0x0000bba4       0x20 .\lib\ccg4_dualport\libccgx_pd.a(pd_policy_engine.o)
 .text.cbl_cbk  0x0000bbc4      0x10c .\lib\ccg4_dualport\libccgx_pd.a(pd_policy_engine.o)
 .text.src_ams_src_send_cbl_sr__pkt_rcvd
                0x0000bcd0       0x54 .\lib\ccg4_dualport\libccgx_pd.a(pd_policy_engine.o)
 .text.sr_ams_send_sr__pkt_rcvd
                0x0000bd24       0x44 .\lib\ccg4_dualport\libccgx_pd.a(pd_policy_engine.o)
 .text.pr_ams_src_snk_wait_ps_rdy__pkt_rcvd
                0x0000bd68       0x88 .\lib\ccg4_dualport\libccgx_pd.a(pd_policy_engine.o)
 .text.pe_fsm   0x0000bdf0      0x3a8 .\lib\ccg4_dualport\libccgx_pd.a(pd_policy_engine.o)
                0x0000bdf0                pe_fsm
 .text.analyze_rx
                0x0000c198      0x160 .\lib\ccg4_dualport\libccgx_pd.a(pd_protocol.o)
 .text.pd_prot_init
                0x0000c2f8       0x2c .\lib\ccg4_dualport\libccgx_pd.a(pd_protocol.o)
                0x0000c2f8                pd_prot_init
 .text.pd_prot_start
                0x0000c324       0x20 .\lib\ccg4_dualport\libccgx_pd.a(pd_protocol.o)
                0x0000c324                pd_prot_start
 .text.pd_prot_refresh_roles
                0x0000c344       0x12 .\lib\ccg4_dualport\libccgx_pd.a(pd_protocol.o)
                0x0000c344                pd_prot_refresh_roles
 *fill*         0x0000c356        0x2 
 .text.pd_prot_reset
                0x0000c358       0x2c .\lib\ccg4_dualport\libccgx_pd.a(pd_protocol.o)
                0x0000c358                pd_prot_reset
 .text.pd_prot_reset_all
                0x0000c384       0x4c .\lib\ccg4_dualport\libccgx_pd.a(pd_protocol.o)
                0x0000c384                pd_prot_reset_all
 .text.pd_prot_reset_rx
                0x0000c3d0       0x24 .\lib\ccg4_dualport\libccgx_pd.a(pd_protocol.o)
                0x0000c3d0                pd_prot_reset_rx
 .text.pd_prot_is_busy
                0x0000c3f4       0x48 .\lib\ccg4_dualport\libccgx_pd.a(pd_protocol.o)
                0x0000c3f4                pd_prot_is_busy
 .text.tx_msg_over
                0x0000c43c       0x68 .\lib\ccg4_dualport\libccgx_pd.a(pd_protocol.o)
                0x0000c43c                tx_msg_over
 .text.check_collision
                0x0000c4a4       0x3c .\lib\ccg4_dualport\libccgx_pd.a(pd_protocol.o)
                0x0000c4a4                check_collision
 .text.phy_cbk  0x0000c4e0      0x1cc .\lib\ccg4_dualport\libccgx_pd.a(pd_protocol.o)
 .text.prl_tmr_cbk
                0x0000c6ac       0x74 .\lib\ccg4_dualport\libccgx_pd.a(pd_protocol.o)
 .text.pd_send_msg
                0x0000c720      0x128 .\lib\ccg4_dualport\libccgx_pd.a(pd_protocol.o)
                0x0000c720                pd_send_msg
 .text.pd_register_msg
                0x0000c848       0x58 .\lib\ccg4_dualport\libccgx_pd.a(pd_protocol.o)
                0x0000c848                pd_register_msg
 .text.pd_prot_send_ctrl_msg
                0x0000c8a0       0x14 .\lib\ccg4_dualport\libccgx_pd.a(pd_protocol.o)
                0x0000c8a0                pd_prot_send_ctrl_msg
 .text.pd_prot_send_data_msg
                0x0000c8b4       0x1a .\lib\ccg4_dualport\libccgx_pd.a(pd_protocol.o)
                0x0000c8b4                pd_prot_send_data_msg
 *fill*         0x0000c8ce        0x2 
 .text.pd_prot_send_hard_reset
                0x0000c8d0       0x80 .\lib\ccg4_dualport\libccgx_pd.a(pd_protocol.o)
                0x0000c8d0                pd_prot_send_hard_reset
 .text.pd_prot_send_cable_reset
                0x0000c950       0x58 .\lib\ccg4_dualport\libccgx_pd.a(pd_protocol.o)
                0x0000c950                pd_prot_send_cable_reset
 .text.pd_prot_en_bist_cm2
                0x0000c9a8        0x8 .\lib\ccg4_dualport\libccgx_pd.a(pd_protocol.o)
                0x0000c9a8                pd_prot_en_bist_cm2
 .text.pd_prot_dis_bist_cm2
                0x0000c9b0        0x8 .\lib\ccg4_dualport\libccgx_pd.a(pd_protocol.o)
                0x0000c9b0                pd_prot_dis_bist_cm2
 .text.pd_prot_en_bist_test_data
                0x0000c9b8       0x24 .\lib\ccg4_dualport\libccgx_pd.a(pd_protocol.o)
                0x0000c9b8                pd_prot_en_bist_test_data
 .text.pd_prot_dis_bist_test_data
                0x0000c9dc       0x20 .\lib\ccg4_dualport\libccgx_pd.a(pd_protocol.o)
                0x0000c9dc                pd_prot_dis_bist_test_data
 .text.pd_prot_get_rx_packet
                0x0000c9fc       0x14 .\lib\ccg4_dualport\libccgx_pd.a(pd_protocol.o)
                0x0000c9fc                pd_prot_get_rx_packet
 .text.typec_do_nothing
                0x0000ca10        0x2 .\lib\ccg4_dualport\libccgx_pd.a(typec_manager.o)
 *fill*         0x0000ca12        0x2 
 .text.typec_debounce_reset
                0x0000ca14       0x68 .\lib\ccg4_dualport\libccgx_pd.a(typec_manager.o)
 .text.typec_is_connection_detected
                0x0000ca7c       0x76 .\lib\ccg4_dualport\libccgx_pd.a(typec_manager.o)
 .text.typec_gn_fsm_dpm_resp
                0x0000caf2       0x2c .\lib\ccg4_dualport\libccgx_pd.a(typec_manager.o)
 .text.typec_gn_fsm_attached_snk_detach_transition
                0x0000cb1e       0x2a .\lib\ccg4_dualport\libccgx_pd.a(typec_manager.o)
 .text.typec_gn_fsm_attached_snk__pwr_rdy
                0x0000cb48       0x1a .\lib\ccg4_dualport\libccgx_pd.a(typec_manager.o)
 .text.typec_gn_fsm_attached_snk__timeout
                0x0000cb62        0x8 .\lib\ccg4_dualport\libccgx_pd.a(typec_manager.o)
 .text.typec_pwr_ready_cbk
                0x0000cb6a        0xa .\lib\ccg4_dualport\libccgx_pd.a(typec_manager.o)
 .text.typec_tmr_cbk
                0x0000cb74       0x20 .\lib\ccg4_dualport\libccgx_pd.a(typec_manager.o)
 .text.typec_gn_fsm_src_detach
                0x0000cb94       0x38 .\lib\ccg4_dualport\libccgx_pd.a(typec_manager.o)
 .text.typec_gn_fsm_attached_src__timeout
                0x0000cbcc       0x3c .\lib\ccg4_dualport\libccgx_pd.a(typec_manager.o)
 .text.typec_gn_fsm_acc_detach
                0x0000cc08       0x46 .\lib\ccg4_dualport\libccgx_pd.a(typec_manager.o)
 .text.typec_gn_fsm_unattached_snk__timeout
                0x0000cc4e       0x22 .\lib\ccg4_dualport\libccgx_pd.a(typec_manager.o)
 .text.typec_gn_fsm_unattached_src__timeout
                0x0000cc70       0x22 .\lib\ccg4_dualport\libccgx_pd.a(typec_manager.o)
 .text.typec_gn_fsm_try_src__timeout
                0x0000cc92       0x32 .\lib\ccg4_dualport\libccgx_pd.a(typec_manager.o)
 .text.typec_gn_fsm_err_recov_trans
                0x0000ccc4       0x2a .\lib\ccg4_dualport\libccgx_pd.a(typec_manager.o)
 .text.typec_gn_fsm_attach_evt
                0x0000ccee      0x11a .\lib\ccg4_dualport\libccgx_pd.a(typec_manager.o)
 .text.typec_gn_fsm_err_recov
                0x0000ce08       0x22 .\lib\ccg4_dualport\libccgx_pd.a(typec_manager.o)
 .text.typec_gn_fsm_detach
                0x0000ce2a       0x2e .\lib\ccg4_dualport\libccgx_pd.a(typec_manager.o)
 .text.typec_gn_fsm_attached_snk__detach
                0x0000ce58       0x50 .\lib\ccg4_dualport\libccgx_pd.a(typec_manager.o)
 .text.typec_gn_fsm_attach
                0x0000cea8       0x4a .\lib\ccg4_dualport\libccgx_pd.a(typec_manager.o)
 .text.typec_gn_fsm_attached_snk__entry
                0x0000cef2       0x34 .\lib\ccg4_dualport\libccgx_pd.a(typec_manager.o)
 *fill*         0x0000cf26        0x2 
 .text.typec_gn_fsm_attached_src__pwr_rdy
                0x0000cf28       0x34 .\lib\ccg4_dualport\libccgx_pd.a(typec_manager.o)
 .text.typec_gn_fsm_attached_src__detach
                0x0000cf5c       0x88 .\lib\ccg4_dualport\libccgx_pd.a(typec_manager.o)
 .text.typec_gn_fsm_attached_src__entry
                0x0000cfe4       0x70 .\lib\ccg4_dualport\libccgx_pd.a(typec_manager.o)
 .text.debounce
                0x0000d054       0xb8 .\lib\ccg4_dualport\libccgx_pd.a(typec_manager.o)
 .text.typec_init
                0x0000d10c       0x10 .\lib\ccg4_dualport\libccgx_pd.a(typec_manager.o)
                0x0000d10c                typec_init
 .text.typec_start
                0x0000d11c       0x96 .\lib\ccg4_dualport\libccgx_pd.a(typec_manager.o)
                0x0000d11c                typec_start
 .text.typec_gn_fsm_err_recov_cmplt__timeout
                0x0000d1b2        0x8 .\lib\ccg4_dualport\libccgx_pd.a(typec_manager.o)
 *fill*         0x0000d1ba        0x2 
 .text.typec_is_busy
                0x0000d1bc       0x78 .\lib\ccg4_dualport\libccgx_pd.a(typec_manager.o)
                0x0000d1bc                typec_is_busy
 .text.typec_sync_toggle
                0x0000d234       0x94 .\lib\ccg4_dualport\libccgx_pd.a(typec_manager.o)
                0x0000d234                typec_sync_toggle
 .text.typec_deepsleep
                0x0000d2c8        0x8 .\lib\ccg4_dualport\libccgx_pd.a(typec_manager.o)
                0x0000d2c8                typec_deepsleep
 .text.typec_wakeup
                0x0000d2d0        0x8 .\lib\ccg4_dualport\libccgx_pd.a(typec_manager.o)
                0x0000d2d0                typec_wakeup
 .text.typec_change_rp
                0x0000d2d8       0x44 .\lib\ccg4_dualport\libccgx_pd.a(typec_manager.o)
                0x0000d2d8                typec_change_rp
 .text.typec_gn_fsm_acc_attach
                0x0000d31c       0x58 .\lib\ccg4_dualport\libccgx_pd.a(typec_manager.o)
 .text.typec_gn_fsm_dbg_acc__entry
                0x0000d374        0x8 .\lib\ccg4_dualport\libccgx_pd.a(typec_manager.o)
 .text.typec_gn_fsm_aud_acc__entry
                0x0000d37c        0x8 .\lib\ccg4_dualport\libccgx_pd.a(typec_manager.o)
 .text.typec_gn_fsm_dpm_cmd
                0x0000d384       0x58 .\lib\ccg4_dualport\libccgx_pd.a(typec_manager.o)
 .text.typec_assert_rp
                0x0000d3dc       0x30 .\lib\ccg4_dualport\libccgx_pd.a(typec_manager.o)
                0x0000d3dc                typec_assert_rp
 .text.typec_assert_rd
                0x0000d40c       0x28 .\lib\ccg4_dualport\libccgx_pd.a(typec_manager.o)
                0x0000d40c                typec_assert_rd
 .text.typec_reset
                0x0000d434       0x84 .\lib\ccg4_dualport\libccgx_pd.a(typec_manager.o)
 .text.typec_gn_unattached
                0x0000d4b8       0xac .\lib\ccg4_dualport\libccgx_pd.a(typec_manager.o)
 .text.typec_gn_fsm_unattached_snk__entry
                0x0000d564        0xa .\lib\ccg4_dualport\libccgx_pd.a(typec_manager.o)
 .text.typec_gn_fsm_unattached_src__entry
                0x0000d56e        0xa .\lib\ccg4_dualport\libccgx_pd.a(typec_manager.o)
 .text.typec_gn_fsm_try_wait_snk__entry
                0x0000d578       0x1c .\lib\ccg4_dualport\libccgx_pd.a(typec_manager.o)
 .text.typec_gn_fsm_try_src__entry
                0x0000d594       0x30 .\lib\ccg4_dualport\libccgx_pd.a(typec_manager.o)
 .text.dpm_typec_deassert_rp_rd
                0x0000d5c4       0x1e .\lib\ccg4_dualport\libccgx_pd.a(typec_manager.o)
                0x0000d5c4                dpm_typec_deassert_rp_rd
 .text.typec_disable
                0x0000d5e2       0x3a .\lib\ccg4_dualport\libccgx_pd.a(typec_manager.o)
 .text.typec_gn_fsm_err_recov_cmplt__entry
                0x0000d61c       0x58 .\lib\ccg4_dualport\libccgx_pd.a(typec_manager.o)
 .text.typec_stop
                0x0000d674       0x4a .\lib\ccg4_dualport\libccgx_pd.a(typec_manager.o)
                0x0000d674                typec_stop
 *fill*         0x0000d6be        0x2 
 .text.typec_gn_fsm_err_recov__entry
                0x0000d6c0       0xa0 .\lib\ccg4_dualport\libccgx_pd.a(typec_manager.o)
 .text.typec_fsm
                0x0000d760      0x3cc .\lib\ccg4_dualport\libccgx_pd.a(typec_manager.o)
                0x0000d760                typec_fsm
 .text.dpm_init
                0x0000db2c       0x64 .\lib\ccg4_dualport\libccgx_pd.a(dpm.o)
                0x0000db2c                dpm_init
 .text.dpm_start
                0x0000db90       0x3c .\lib\ccg4_dualport\libccgx_pd.a(dpm.o)
                0x0000db90                dpm_start
 .text.dpm_stop
                0x0000dbcc       0x38 .\lib\ccg4_dualport\libccgx_pd.a(dpm.o)
                0x0000dbcc                dpm_stop
 .text.dpm_deepsleep
                0x0000dc04       0x68 .\lib\ccg4_dualport\libccgx_pd.a(dpm.o)
                0x0000dc04                dpm_deepsleep
 .text.dpm_wakeup
                0x0000dc6c        0xa .\lib\ccg4_dualport\libccgx_pd.a(dpm.o)
                0x0000dc6c                dpm_wakeup
 *fill*         0x0000dc76        0x2 
 .text.dpm_task
                0x0000dc78       0x44 .\lib\ccg4_dualport\libccgx_pd.a(dpm.o)
                0x0000dc78                dpm_task
 .text.dpm_get_info
                0x0000dcbc       0x10 .\lib\ccg4_dualport\libccgx_pd.a(dpm.o)
                0x0000dcbc                dpm_get_info
 .text.dpm_update_swap_response
                0x0000dccc       0x1c .\lib\ccg4_dualport\libccgx_pd.a(dpm.o)
                0x0000dccc                dpm_update_swap_response
 .text.dpm_update_src_cap
                0x0000dce8       0x40 .\lib\ccg4_dualport\libccgx_pd.a(dpm.o)
                0x0000dce8                dpm_update_src_cap
 .text.dpm_update_src_cap_mask
                0x0000dd28       0x1c .\lib\ccg4_dualport\libccgx_pd.a(dpm.o)
                0x0000dd28                dpm_update_src_cap_mask
 .text.dpm_update_snk_cap
                0x0000dd44       0x40 .\lib\ccg4_dualport\libccgx_pd.a(dpm.o)
                0x0000dd44                dpm_update_snk_cap
 .text.dpm_update_snk_cap_mask
                0x0000dd84       0x1c .\lib\ccg4_dualport\libccgx_pd.a(dpm.o)
                0x0000dd84                dpm_update_snk_cap_mask
 .text.dpm_update_snk_max_min
                0x0000dda0       0x34 .\lib\ccg4_dualport\libccgx_pd.a(dpm.o)
                0x0000dda0                dpm_update_snk_max_min
 .text.dpm_update_port_config
                0x0000ddd4       0x4c .\lib\ccg4_dualport\libccgx_pd.a(dpm.o)
                0x0000ddd4                dpm_update_port_config
 .text.dpm_is_rdo_valid
                0x0000de20       0x5c .\lib\ccg4_dualport\libccgx_pd.a(dpm.o)
                0x0000de20                dpm_is_rdo_valid
 .text.dpm_get_polarity
                0x0000de7c       0x14 .\lib\ccg4_dualport\libccgx_pd.a(dpm.o)
                0x0000de7c                dpm_get_polarity
 .text.dpm_get_status
                0x0000de90       0x10 .\lib\ccg4_dualport\libccgx_pd.a(dpm.o)
                0x0000de90                dpm_get_status
 .text.dpm_refresh_src_cap
                0x0000dea0      0x1a0 .\lib\ccg4_dualport\libccgx_pd.a(dpm.o)
                0x0000dea0                dpm_refresh_src_cap
 .text.dpm_refresh_snk_cap
                0x0000e040       0x7c .\lib\ccg4_dualport\libccgx_pd.a(dpm.o)
                0x0000e040                dpm_refresh_snk_cap
 .text.dpm_is_prev_contract_valid
                0x0000e0bc       0x1c .\lib\ccg4_dualport\libccgx_pd.a(dpm.o)
                0x0000e0bc                dpm_is_prev_contract_valid
 .text.dpm_get_evtno_n_clear
                0x0000e0d8       0x34 .\lib\ccg4_dualport\libccgx_pd.a(dpm.o)
                0x0000e0d8                dpm_get_evtno_n_clear
 .text.dpm_get_sink_detach_voltage
                0x0000e10c       0x30 .\lib\ccg4_dualport\libccgx_pd.a(dpm.o)
                0x0000e10c                dpm_get_sink_detach_voltage
 .text.dpm_get_sink_detach_margin
                0x0000e13c       0x12 .\lib\ccg4_dualport\libccgx_pd.a(dpm.o)
                0x0000e13c                dpm_get_sink_detach_margin
 *fill*         0x0000e14e        0x2 
 .text.dpm_set_pe_evt
                0x0000e150       0x28 .\lib\ccg4_dualport\libccgx_pd.a(dpm.o)
                0x0000e150                dpm_set_pe_evt
 .text.dpm_pd_command_ec
                0x0000e178       0x98 .\lib\ccg4_dualport\libccgx_pd.a(dpm.o)
                0x0000e178                dpm_pd_command_ec
 .text.dpm_pd_command
                0x0000e210       0x2c .\lib\ccg4_dualport\libccgx_pd.a(dpm.o)
                0x0000e210                dpm_pd_command
 .text.dpm_clear_pe_evt
                0x0000e23c       0x28 .\lib\ccg4_dualport\libccgx_pd.a(dpm.o)
                0x0000e23c                dpm_clear_pe_evt
 .text.dpm_set_typec_evt
                0x0000e264       0x28 .\lib\ccg4_dualport\libccgx_pd.a(dpm.o)
                0x0000e264                dpm_set_typec_evt
 .text.dpm_typec_command
                0x0000e28c       0x44 .\lib\ccg4_dualport\libccgx_pd.a(dpm.o)
                0x0000e28c                dpm_typec_command
 .text.dpm_clear_typec_evt
                0x0000e2d0       0x28 .\lib\ccg4_dualport\libccgx_pd.a(dpm.o)
                0x0000e2d0                dpm_clear_typec_evt
 .text.dpm_update_port_status
                0x0000e2f8       0x1c .\lib\ccg4_dualport\libccgx_pd.a(dpm.o)
                0x0000e2f8                dpm_update_port_status
 .text.dpm_get_pd_port_status
                0x0000e314       0xc8 .\lib\ccg4_dualport\libccgx_pd.a(dpm.o)
                0x0000e314                dpm_get_pd_port_status
 .text.dpm_update_frs_enable
                0x0000e3dc        0x2 .\lib\ccg4_dualport\libccgx_pd.a(dpm.o)
                0x0000e3dc                dpm_update_frs_enable
 .text.dpm_update_ext_src_cap
                0x0000e3de        0x2 .\lib\ccg4_dualport\libccgx_pd.a(dpm.o)
                0x0000e3de                dpm_update_ext_src_cap
 .text.dpm_prot_reset_rx
                0x0000e3e0        0x8 .\lib\ccg4_dualport\libccgx_pd.a(dpm.o)
                0x0000e3e0                dpm_prot_reset_rx
 .text          0x0000e3e8       0x14 c:/program files (x86)/cypress/psoc creator/3.3/psoc creator/import/gnu/arm/4.9.3/bin/../lib/gcc/arm-none-eabi/4.9.3/armv6-m\libgcc.a(_thumb1_case_uqi.o)
                0x0000e3e8                __gnu_thumb1_case_uqi
 .text          0x0000e3fc       0x14 c:/program files (x86)/cypress/psoc creator/3.3/psoc creator/import/gnu/arm/4.9.3/bin/../lib/gcc/arm-none-eabi/4.9.3/armv6-m\libgcc.a(_thumb1_case_uhi.o)
                0x0000e3fc                __gnu_thumb1_case_uhi
 .text          0x0000e410      0x120 c:/program files (x86)/cypress/psoc creator/3.3/psoc creator/import/gnu/arm/4.9.3/bin/../lib/gcc/arm-none-eabi/4.9.3/armv6-m\libgcc.a(_udivsi3.o)
                0x0000e410                __aeabi_uidiv
                0x0000e410                __udivsi3
                0x0000e51c                __aeabi_uidivmod
 .text          0x0000e530      0x1e0 c:/program files (x86)/cypress/psoc creator/3.3/psoc creator/import/gnu/arm/4.9.3/bin/../lib/gcc/arm-none-eabi/4.9.3/armv6-m\libgcc.a(_divsi3.o)
                0x0000e530                __divsi3
                0x0000e530                __aeabi_idiv
                0x0000e6fc                __aeabi_idivmod
 .text          0x0000e710        0x4 c:/program files (x86)/cypress/psoc creator/3.3/psoc creator/import/gnu/arm/4.9.3/bin/../lib/gcc/arm-none-eabi/4.9.3/armv6-m\libgcc.a(_dvmd_tls.o)
                0x0000e710                __aeabi_idiv0
                0x0000e710                __aeabi_ldiv0
 .text.__libc_init_array
                0x0000e714       0x4c c:/program files (x86)/cypress/psoc creator/3.3/psoc creator/import/gnu/arm/4.9.3/bin/../lib/gcc/arm-none-eabi/4.9.3/../../../../arm-none-eabi/lib/armv6-m\libg_nano.a(lib_a-init.o)
                0x0000e714                __libc_init_array
 .text.memcpy   0x0000e760       0x12 c:/program files (x86)/cypress/psoc creator/3.3/psoc creator/import/gnu/arm/4.9.3/bin/../lib/gcc/arm-none-eabi/4.9.3/../../../../arm-none-eabi/lib/armv6-m\libg_nano.a(lib_a-memcpy.o)
                0x0000e760                memcpy
 .text.memset   0x0000e772       0x10 c:/program files (x86)/cypress/psoc creator/3.3/psoc creator/import/gnu/arm/4.9.3/bin/../lib/gcc/arm-none-eabi/4.9.3/../../../../arm-none-eabi/lib/armv6-m\libg_nano.a(lib_a-memset.o)
                0x0000e772                memset
 *(.plt)
 *(.gnu.warning)
 *(.glue_7t)
 .glue_7t       0x00000000        0x0 linker stubs
 *(.glue_7)
 .glue_7        0x00000000        0x0 linker stubs
 *(.vfp11_veneer)
 .vfp11_veneer  0x00000000        0x0 linker stubs
 *(.bootloader)
 *(.ARM.extab* .gnu.linkonce.armextab.*)
 *(.gcc_except_table)

.v4_bx          0x0000e784        0x0
 .v4_bx         0x00000000        0x0 linker stubs

.iplt           0x0000e784        0x0
 .iplt          0x00000000        0x0 c:/program files (x86)/cypress/psoc creator/3.3/psoc creator/import/gnu/arm/4.9.3/bin/../lib/gcc/arm-none-eabi/4.9.3/armv6-m/crtbegin.o

.eh_frame_hdr
 *(.eh_frame_hdr)

.eh_frame       0x0000e784        0x4
 *(.eh_frame)
 .eh_frame      0x0000e784        0x0 c:/program files (x86)/cypress/psoc creator/3.3/psoc creator/import/gnu/arm/4.9.3/bin/../lib/gcc/arm-none-eabi/4.9.3/armv6-m/crtbegin.o
 .eh_frame      0x0000e784        0x4 c:/program files (x86)/cypress/psoc creator/3.3/psoc creator/import/gnu/arm/4.9.3/bin/../lib/gcc/arm-none-eabi/4.9.3/armv6-m/crtend.o
                0x0000e788                PROVIDE (__exidx_start, .)

.ARM.exidx
 *(.ARM.exidx* .gnu.linkonce.armexidx.*)
                0x0000e788                __exidx_end = .

.rodata         0x0000e788      0x9f8
 *(.rodata .rodata.* .gnu.linkonce.r.*)
 .rodata        0x0000e788       0x9c C:\Users\victo\AppData\Local\Temp\ccGOozWa.ltrans1.ltrans.o
                0x0000e7e0                alt_mode_ams_table.lto_priv.55
                0x0000e820                gl_img2_fw_metadata
 .rodata.str1.1
                0x0000e824        0xb C:\Users\victo\AppData\Local\Temp\ccGOozWa.ltrans1.ltrans.o
 .rodata        0x0000e82f        0xe C:\Users\victo\AppData\Local\Temp\ccGOozWa.ltrans2.ltrans.o
                0x0000e82f                mux_ps8740_address.lto_priv.67
 *fill*         0x0000e83d        0x3 
 .rodata        0x0000e840       0x14 C:\Users\victo\AppData\Local\Temp\ccGOozWa.ltrans3.ltrans.o
 .rodata.str1.1
                0x0000e854      0x1ac C:\Users\victo\AppData\Local\Temp\ccGOozWa.ltrans3.ltrans.o
 .rodata        0x0000ea00       0x2c C:\Users\victo\AppData\Local\Temp\ccGOozWa.ltrans4.ltrans.o
                0x0000ea1c                thresholds
 .rodata        0x0000ea2c        0xc C:\Users\victo\AppData\Local\Temp\ccGOozWa.ltrans6.ltrans.o
                0x0000ea2c                gl_pdss.lto_priv.22
                0x0000ea34                dfp_compatibility_mode_table
 .rodata        0x0000ea38       0x18 C:\Users\victo\AppData\Local\Temp\ccGOozWa.ltrans7.ltrans.o
                0x0000ea38                hal_ocp_fault_pin.lto_priv.52
                0x0000ea3c                GPIO
 .rodata        0x0000ea50      0x100 .\lib\ccg4_dualport\libccgx_hpi.a(hpi.o)
                0x0000eb08                hpi_pdcmd_rp_map
                0x0000eb0b                hpi_to_dpm_pkt_map
                0x0000eb2b                hpi_to_dpm_cmd_map
                0x0000eb4b                gl_hpi_scb_port_map
 .rodata        0x0000eb50       0x10 .\lib\ccg4_dualport\libccgx_hpi.a(i2c.o)
                0x0000eb50                SCB_PRT
 .rodata        0x0000eb60      0x514 .\lib\ccg4_dualport\libccgx_pd.a(pd_policy_engine.o)
                0x0000eb60                CUR_TABLE
                0x0000eb86                hr_ams_table
                0x0000ebcc                btd_ams_table
                0x0000ebd6                bcm2_ams_table
                0x0000ebe0                sr_ams_table
                0x0000ebf4                src_ams_table
                0x0000ec72                snk_ams_table
                0x0000eca9                pr_ams_table
                0x0000ecf6                dr_ams_table
                0x0000ed17                vs_ams_table
                0x0000ed43                gn_ams_table
                0x0000edcc                pe_ams_funcs
 .rodata        0x0000f074       0xd8 .\lib\ccg4_dualport\libccgx_pd.a(typec_manager.o)
                0x0000f074                typec_dpmcmd_rp_map
                0x0000f078                typec_gn_fsm_funcs
                0x0000f14c                . = ALIGN (0x4)
 *(.init)
 .init          0x0000f14c        0x4 c:/program files (x86)/cypress/psoc creator/3.3/psoc creator/import/gnu/arm/4.9.3/bin/../lib/gcc/arm-none-eabi/4.9.3/armv6-m/crti.o
                0x0000f14c                _init
 .init          0x0000f150        0x8 c:/program files (x86)/cypress/psoc creator/3.3/psoc creator/import/gnu/arm/4.9.3/bin/../lib/gcc/arm-none-eabi/4.9.3/armv6-m/crtn.o
                0x0000f158                . = ALIGN (0x4)
                0x0000f158                __preinit_array_start = .
 *(.preinit_array)
                0x0000f158                __preinit_array_end = .
                0x0000f158                . = ALIGN (0x4)
                0x0000f158                __init_array_start = .
 *(SORT(.init_array.*))
 *(.init_array)
 .init_array    0x0000f158        0x4 c:/program files (x86)/cypress/psoc creator/3.3/psoc creator/import/gnu/arm/4.9.3/bin/../lib/gcc/arm-none-eabi/4.9.3/armv6-m/crtbegin.o
 .init_array    0x0000f15c        0x4 C:\Users\victo\AppData\Local\Temp\ccGOozWa.ltrans6.ltrans.o
                0x0000f160                __init_array_end = .
                0x0000f160                . = ALIGN (0x4)
 *(.fini)
 .fini          0x0000f160        0x4 c:/program files (x86)/cypress/psoc creator/3.3/psoc creator/import/gnu/arm/4.9.3/bin/../lib/gcc/arm-none-eabi/4.9.3/armv6-m/crti.o
                0x0000f160                _fini
 .fini          0x0000f164        0x8 c:/program files (x86)/cypress/psoc creator/3.3/psoc creator/import/gnu/arm/4.9.3/bin/../lib/gcc/arm-none-eabi/4.9.3/armv6-m/crtn.o
                0x0000f16c                . = ALIGN (0x4)
                0x0000f16c                __fini_array_start = .
 *(.fini_array)
 .fini_array    0x0000f16c        0x4 c:/program files (x86)/cypress/psoc creator/3.3/psoc creator/import/gnu/arm/4.9.3/bin/../lib/gcc/arm-none-eabi/4.9.3/armv6-m/crtbegin.o
 *(SORT(.fini_array.*))
                0x0000f170                __fini_array_end = .
                0x0000f170                . = ALIGN (0x4)
 *crtbegin.o(.ctors)
 *(EXCLUDE_FILE(*crtend.o) .ctors)
 *(SORT(.ctors.*))
 *crtend.o(.ctors)
                0x0000f170                . = ALIGN (0x4)
 *crtbegin.o(.dtors)
 *(EXCLUDE_FILE(*crtend.o) .dtors)
 *(SORT(.dtors.*))
 *crtend.o(.dtors)
                0x0000f170                . = ALIGN (0x4)
                0x0000f170                __cy_regions = .
                0x0000f170        0x4 LONG 0xf180 __cy_region_init_ram
                0x0000f174        0x4 LONG 0x200000a0 __cy_region_start_data
                0x0000f178        0x4 LONG 0x40 __cy_region_init_size_ram
                0x0000f17c        0x4 LONG 0x1ba8 __cy_region_zero_size_ram
                0x0000f180                __cy_regions_end = .
                0x0000f180                . = ALIGN (0x8)
                0x0000f180                _etext = .

.ramvectors     0x20000000       0x90
                0x20000000                __cy_region_start_ram = .
 *(.ramvectors)
 .ramvectors    0x20000000       0x90 C:\Users\victo\AppData\Local\Temp\ccGOozWa.ltrans6.ltrans.o

.btldr_run      0x20000090        0x4
 *(.bootloaderruntype)
 .bootloaderruntype
                0x20000090        0x4 C:\Users\victo\AppData\Local\Temp\ccGOozWa.ltrans6.ltrans.o
                0x20000090                cyBtldrRunType

.noinit         0x20000098        0x4
 *(.noinit)
 .noinit        0x20000098        0x4 C:\Users\victo\AppData\Local\Temp\ccGOozWa.ltrans6.ltrans.o

.data           0x200000a0       0x40 load address 0x0000f180
                0x200000a0                __cy_region_start_data = .
 *(.jcr)
 .jcr           0x200000a0        0x0 c:/program files (x86)/cypress/psoc creator/3.3/psoc creator/import/gnu/arm/4.9.3/bin/../lib/gcc/arm-none-eabi/4.9.3/armv6-m/crtbegin.o